INFO: [VRFC 10-2263] Analyzing Verilog file "/home/telmo/Desktop/Vivado/8051/custom_bus/custom_bus.sim/sim_1/impl/func/xsim/top_tb_func_impl.v" into library xil_defaultlib
INFO: [VRFC 10-311] analyzing module BaudRateGenerator
INFO: [VRFC 10-311] analyzing module UART
INFO: [VRFC 10-311] analyzing module UART_RX
INFO: [VRFC 10-311] analyzing module UART_Simple_Protocol_Wrapper
INFO: [VRFC 10-311] analyzing module UART_TX
INFO: [VRFC 10-311] analyzing module blk_mem_gen_0
INFO: [VRFC 10-311] analyzing module clk_wiz_0
INFO: [VRFC 10-311] analyzing module clk_wiz_0_clk_wiz
INFO: [VRFC 10-311] analyzing module custom_bus
INFO: [VRFC 10-311] analyzing module dist_mem_gen_0
INFO: [VRFC 10-311] analyzing module dist_mem_gen_1
INFO: [VRFC 10-311] analyzing module dummy_peripheral1
INFO: [VRFC 10-311] analyzing module fifo_generator_0
INFO: [VRFC 10-311] analyzing module fifo_generator_0_HD2
INFO: [VRFC 10-311] analyzing module horizontal_counter
INFO: [VRFC 10-311] analyzing module image
INFO: [VRFC 10-311] analyzing module ps2_keyboard
INFO: [VRFC 10-311] analyzing module ps2_peripheral
INFO: [VRFC 10-311] analyzing module text_mod
INFO: [VRFC 10-311] analyzing module timer0
INFO: [VRFC 10-311] analyzing module timer_wrapper
INFO: [VRFC 10-311] analyzing module top
INFO: [VRFC 10-311] analyzing module vertical_counter
INFO: [VRFC 10-311] analyzing module vga_controller
INFO: [VRFC 10-311] analyzing module dist_mem_gen_0_dist_mem_gen_v8_0_15
INFO: [VRFC 10-311] analyzing module dist_mem_gen_0_dist_mem_gen_v8_0_15_synth
INFO: [VRFC 10-311] analyzing module dist_mem_gen_0_sdpram
INFO: [VRFC 10-311] analyzing module dist_mem_gen_1_dist_mem_gen_v8_0_15
INFO: [VRFC 10-311] analyzing module dist_mem_gen_1_dist_mem_gen_v8_0_15_synth
INFO: [VRFC 10-311] analyzing module dist_mem_gen_1_rom
INFO: [VRFC 10-311] analyzing module blk_mem_gen_0_bindec
INFO: [VRFC 10-311] analyzing module blk_mem_gen_0_blk_mem_gen_generic_cstr
INFO: [VRFC 10-311] analyzing module blk_mem_gen_0_blk_mem_gen_mux
INFO: [VRFC 10-311] analyzing module blk_mem_gen_0_blk_mem_gen_prim_width
INFO: [VRFC 10-311] analyzing module blk_mem_gen_0_blk_mem_gen_prim_width__parameterized0
INFO: [VRFC 10-311] analyzing module blk_mem_gen_0_blk_mem_gen_prim_width__parameterized1
INFO: [VRFC 10-311] analyzing module blk_mem_gen_0_blk_mem_gen_prim_width__parameterized2
INFO: [VRFC 10-311] analyzing module blk_mem_gen_0_blk_mem_gen_prim_width__parameterized3
INFO: [VRFC 10-311] analyzing module blk_mem_gen_0_blk_mem_gen_prim_width__parameterized4
INFO: [VRFC 10-311] analyzing module blk_mem_gen_0_blk_mem_gen_prim_width__parameterized5
INFO: [VRFC 10-311] analyzing module blk_mem_gen_0_blk_mem_gen_prim_width__parameterized6
INFO: [VRFC 10-311] analyzing module blk_mem_gen_0_blk_mem_gen_prim_width__parameterized7
INFO: [VRFC 10-311] analyzing module blk_mem_gen_0_blk_mem_gen_prim_width__parameterized8
INFO: [VRFC 10-311] analyzing module blk_mem_gen_0_blk_mem_gen_prim_wrapper_init
INFO: [VRFC 10-311] analyzing module blk_mem_gen_0_blk_mem_gen_prim_wrapper_init__parameterized0
INFO: [VRFC 10-311] analyzing module blk_mem_gen_0_blk_mem_gen_prim_wrapper_init__parameterized1
INFO: [VRFC 10-311] analyzing module blk_mem_gen_0_blk_mem_gen_prim_wrapper_init__parameterized2
INFO: [VRFC 10-311] analyzing module blk_mem_gen_0_blk_mem_gen_prim_wrapper_init__parameterized3
INFO: [VRFC 10-311] analyzing module blk_mem_gen_0_blk_mem_gen_prim_wrapper_init__parameterized4
INFO: [VRFC 10-311] analyzing module blk_mem_gen_0_blk_mem_gen_prim_wrapper_init__parameterized5
INFO: [VRFC 10-311] analyzing module blk_mem_gen_0_blk_mem_gen_prim_wrapper_init__parameterized6
INFO: [VRFC 10-311] analyzing module blk_mem_gen_0_blk_mem_gen_prim_wrapper_init__parameterized7
INFO: [VRFC 10-311] analyzing module blk_mem_gen_0_blk_mem_gen_prim_wrapper_init__parameterized8
INFO: [VRFC 10-311] analyzing module blk_mem_gen_0_blk_mem_gen_top
INFO: [VRFC 10-311] analyzing module blk_mem_gen_0_blk_mem_gen_v8_4_9
INFO: [VRFC 10-311] analyzing module blk_mem_gen_0_blk_mem_gen_v8_4_9_synth
INFO: [VRFC 10-311] analyzing module fifo_generator_0_blk_mem_gen_generic_cstr
INFO: [VRFC 10-311] analyzing module fifo_generator_0_blk_mem_gen_generic_cstr_HD17
INFO: [VRFC 10-311] analyzing module fifo_generator_0_blk_mem_gen_prim_width
INFO: [VRFC 10-311] analyzing module fifo_generator_0_blk_mem_gen_prim_width_HD18
INFO: [VRFC 10-311] analyzing module fifo_generator_0_blk_mem_gen_prim_wrapper
INFO: [VRFC 10-311] analyzing module fifo_generator_0_blk_mem_gen_prim_wrapper_HD19
INFO: [VRFC 10-311] analyzing module fifo_generator_0_blk_mem_gen_top
INFO: [VRFC 10-311] analyzing module fifo_generator_0_blk_mem_gen_top_HD16
INFO: [VRFC 10-311] analyzing module fifo_generator_0_blk_mem_gen_v8_4_9
INFO: [VRFC 10-311] analyzing module fifo_generator_0_blk_mem_gen_v8_4_9_HD14
INFO: [VRFC 10-311] analyzing module fifo_generator_0_blk_mem_gen_v8_4_9_synth
INFO: [VRFC 10-311] analyzing module fifo_generator_0_blk_mem_gen_v8_4_9_synth_HD15
INFO: [VRFC 10-311] analyzing module fifo_generator_0_fifo_generator_ramfifo
INFO: [VRFC 10-311] analyzing module fifo_generator_0_fifo_generator_ramfifo_HD6
INFO: [VRFC 10-311] analyzing module fifo_generator_0_fifo_generator_top
INFO: [VRFC 10-311] analyzing module fifo_generator_0_fifo_generator_top_HD5
INFO: [VRFC 10-311] analyzing module fifo_generator_0_fifo_generator_v13_2_11
INFO: [VRFC 10-311] analyzing module fifo_generator_0_fifo_generator_v13_2_11_HD3
INFO: [VRFC 10-311] analyzing module fifo_generator_0_fifo_generator_v13_2_11_synth
INFO: [VRFC 10-311] analyzing module fifo_generator_0_fifo_generator_v13_2_11_synth_HD4
INFO: [VRFC 10-311] analyzing module fifo_generator_0_memory
INFO: [VRFC 10-311] analyzing module fifo_generator_0_memory_HD13
INFO: [VRFC 10-311] analyzing module fifo_generator_0_rd_bin_cntr
INFO: [VRFC 10-311] analyzing module fifo_generator_0_rd_logic
INFO: [VRFC 10-311] analyzing module fifo_generator_0_rd_status_flags_ss
INFO: [VRFC 10-311] analyzing module fifo_generator_0_wr_bin_cntr
INFO: [VRFC 10-311] analyzing module fifo_generator_0_wr_logic
INFO: [VRFC 10-311] analyzing module fifo_generator_0_wr_logic_HD10
INFO: [VRFC 10-311] analyzing module fifo_generator_0_wr_status_flags_ss
INFO: [VRFC 10-311] analyzing module glbl
INFO: [VRFC 10-2263] Analyzing Verilog file "/home/telmo/Desktop/Vivado/8051/custom_bus/custom_bus.srcs/sim_1/new/top_tb.v" into library xil_defaultlib
INFO: [VRFC 10-311] analyzing module top_tb
