\BOOKMARK [0][-]{chapter.1}{\376\377\000I\000n\000t\000r\000o\000d\000u\000c\000t\000i\000o\000n}{}% 1
\BOOKMARK [1][-]{section.1.1}{\376\377\000P\000r\000o\000b\000l\000e\000m\000\040\000S\000t\000a\000t\000m\000e\000n\000t}{chapter.1}% 2
\BOOKMARK [0][-]{chapter.2}{\376\377\000A\000n\000a\000l\000y\000s\000i\000s}{}% 3
\BOOKMARK [1][-]{section.2.1}{\376\377\000F\000S\000M}{chapter.2}% 4
\BOOKMARK [1][-]{section.2.2}{\376\377\000P\000r\000o\000g\000r\000a\000m\000\040\000C\000o\000u\000n\000t\000e\000r}{chapter.2}% 5
\BOOKMARK [1][-]{section.2.3}{\376\377\000F\000e\000t\000c\000h}{chapter.2}% 6
\BOOKMARK [1][-]{section.2.4}{\376\377\000D\000e\000c\000o\000d\000e}{chapter.2}% 7
\BOOKMARK [1][-]{section.2.5}{\376\377\000M\000e\000m\000o\000r\000y\000\040\000A\000c\000c\000e\000s\000s}{chapter.2}% 8
\BOOKMARK [1][-]{section.2.6}{\376\377\000E\000x\000e\000c\000u\000t\000e}{chapter.2}% 9
\BOOKMARK [1][-]{section.2.7}{\376\377\000W\000r\000i\000t\000e\000b\000a\000c\000k}{chapter.2}% 10
\BOOKMARK [1][-]{section.2.8}{\376\377\000P\000e\000r\000i\000p\000h\000e\000r\000a\000l\000s}{chapter.2}% 11
\BOOKMARK [2][-]{subsection.2.8.1}{\376\377\000I\000n\000t\000e\000r\000r\000u\000p\000t\000\040\000C\000o\000n\000t\000r\000o\000l\000e\000r}{section.2.8}% 12
\BOOKMARK [2][-]{subsection.2.8.2}{\376\377\000G\000P\000I\000O}{section.2.8}% 13
\BOOKMARK [2][-]{subsection.2.8.3}{\376\377\000P\000S\0002}{section.2.8}% 14
\BOOKMARK [2][-]{subsection.2.8.4}{\376\377\000T\000i\000m\000e\000r}{section.2.8}% 15
\BOOKMARK [2][-]{subsection.2.8.5}{\376\377\000U\000A\000R\000T}{section.2.8}% 16
\BOOKMARK [2][-]{subsection.2.8.6}{\376\377\000V\000G\000A}{section.2.8}% 17
\BOOKMARK [1][-]{section.2.9}{\376\377\000P\000i\000p\000e\000l\000i\000n\000e}{chapter.2}% 18
\BOOKMARK [2][-]{subsection.2.9.1}{\376\377\000C\000a\000c\000h\000e}{section.2.9}% 19
\BOOKMARK [2][-]{subsection.2.9.2}{\376\377\000H\000a\000z\000a\000r\000d\000\040\000C\000o\000n\000t\000r\000o\000l}{section.2.9}% 20
\BOOKMARK [0][-]{chapter.3}{\376\377\000D\000e\000s\000i\000g\000n}{}% 21
\BOOKMARK [1][-]{section.3.1}{\376\377\000F\000S\000M}{chapter.3}% 22
\BOOKMARK [1][-]{section.3.2}{\376\377\000P\000r\000o\000g\000r\000a\000m\000\040\000C\000o\000u\000n\000t\000e\000r}{chapter.3}% 23
\BOOKMARK [1][-]{section.3.3}{\376\377\000F\000e\000t\000c\000h}{chapter.3}% 24
\BOOKMARK [1][-]{section.3.4}{\376\377\000D\000e\000c\000o\000d\000e}{chapter.3}% 25
\BOOKMARK [1][-]{section.3.5}{\376\377\000M\000e\000m\000o\000r\000y\000\040\000A\000c\000c\000e\000s\000s}{chapter.3}% 26
\BOOKMARK [1][-]{section.3.6}{\376\377\000E\000x\000e\000c\000u\000t\000e}{chapter.3}% 27
\BOOKMARK [1][-]{section.3.7}{\376\377\000W\000r\000i\000t\000e\000b\000a\000c\000k}{chapter.3}% 28
\BOOKMARK [1][-]{section.3.8}{\376\377\000P\000e\000r\000i\000p\000h\000e\000r\000a\000l\000s}{chapter.3}% 29
\BOOKMARK [2][-]{subsection.3.8.1}{\376\377\000I\000n\000t\000e\000r\000r\000u\000p\000t\000\040\000C\000o\000n\000t\000r\000o\000l\000e\000r}{section.3.8}% 30
\BOOKMARK [2][-]{subsection.3.8.2}{\376\377\000G\000P\000I\000O}{section.3.8}% 31
\BOOKMARK [2][-]{subsection.3.8.3}{\376\377\000P\000S\0002}{section.3.8}% 32
\BOOKMARK [2][-]{subsection.3.8.4}{\376\377\000T\000i\000m\000e\000r}{section.3.8}% 33
\BOOKMARK [2][-]{subsection.3.8.5}{\376\377\000U\000A\000R\000T}{section.3.8}% 34
\BOOKMARK [2][-]{subsection.3.8.6}{\376\377\000V\000G\000A}{section.3.8}% 35
\BOOKMARK [1][-]{section.3.9}{\376\377\000P\000i\000p\000e\000l\000i\000n\000e}{chapter.3}% 36
\BOOKMARK [2][-]{subsection.3.9.1}{\376\377\000C\000a\000c\000h\000e}{section.3.9}% 37
\BOOKMARK [2][-]{subsection.3.9.2}{\376\377\000H\000a\000z\000a\000r\000d\000\040\000C\000o\000n\000t\000r\000o\000l}{section.3.9}% 38
\BOOKMARK [0][-]{chapter.4}{\376\377\000I\000m\000p\000l\000e\000m\000e\000n\000t\000a\000t\000i\000o\000n}{}% 39
\BOOKMARK [1][-]{section.4.1}{\376\377\000F\000S\000M}{chapter.4}% 40
\BOOKMARK [1][-]{section.4.2}{\376\377\000P\000r\000o\000g\000r\000a\000m\000\040\000C\000o\000u\000n\000t\000e\000r}{chapter.4}% 41
\BOOKMARK [1][-]{section.4.3}{\376\377\000F\000e\000t\000c\000h}{chapter.4}% 42
\BOOKMARK [1][-]{section.4.4}{\376\377\000D\000e\000c\000o\000d\000e}{chapter.4}% 43
\BOOKMARK [1][-]{section.4.5}{\376\377\000M\000e\000m\000o\000r\000y\000\040\000A\000c\000e\000s\000s}{chapter.4}% 44
\BOOKMARK [1][-]{section.4.6}{\376\377\000E\000x\000e\000c\000u\000t\000e}{chapter.4}% 45
\BOOKMARK [1][-]{section.4.7}{\376\377\000W\000r\000i\000t\000e\000b\000a\000c\000k}{chapter.4}% 46
\BOOKMARK [1][-]{section.4.8}{\376\377\000P\000e\000r\000i\000p\000h\000e\000r\000a\000l\000s}{chapter.4}% 47
\BOOKMARK [2][-]{subsection.4.8.1}{\376\377\000I\000n\000t\000e\000r\000r\000u\000p\000t\000\040\000C\000o\000n\000t\000r\000o\000l\000e\000r}{section.4.8}% 48
\BOOKMARK [2][-]{subsection.4.8.2}{\376\377\000G\000P\000I\000O}{section.4.8}% 49
\BOOKMARK [2][-]{subsection.4.8.3}{\376\377\000P\000S\0002}{section.4.8}% 50
\BOOKMARK [2][-]{subsection.4.8.4}{\376\377\000T\000i\000m\000e\000r}{section.4.8}% 51
\BOOKMARK [2][-]{subsection.4.8.5}{\376\377\000U\000A\000R\000T}{section.4.8}% 52
\BOOKMARK [2][-]{subsection.4.8.6}{\376\377\000V\000G\000A}{section.4.8}% 53
\BOOKMARK [1][-]{section.4.9}{\376\377\000P\000i\000p\000e\000l\000i\000n\000e}{chapter.4}% 54
\BOOKMARK [2][-]{subsection.4.9.1}{\376\377\000C\000a\000c\000h\000e}{section.4.9}% 55
\BOOKMARK [2][-]{subsection.4.9.2}{\376\377\000H\000a\000z\000a\000r\000d\000\040\000C\000o\000n\000t\000r\000o\000l}{section.4.9}% 56
\BOOKMARK [0][-]{chapter.5}{\376\377\000C\000o\000n\000c\000l\000u\000s\000i\000o\000n}{}% 57
