
*** Running vivado
    with args -log top.vds -m64 -product Vivado -mode batch -messageDb vivado.pb -notrace -source top.tcl


****** Vivado v2024.2 (64-bit)
  **** SW Build 5239630 on Fri Nov 08 22:34:34 MST 2024
  **** IP Build 5239520 on Sun Nov 10 16:12:51 MST 2024
  **** SharedData Build 5239561 on Fri Nov 08 14:39:27 MST 2024
  **** Start of session at: Thu Jun 12 19:19:26 2025
    ** Copyright 1986-2022 Xilinx, Inc. All Rights Reserved.
    ** Copyright 2022-2024 Advanced Micro Devices, Inc. All Rights Reserved.

source top.tcl -notrace
Command: read_checkpoint -auto_incremental -incremental /home/telmo/Desktop/Vivado/8051/custom_bus/custom_bus.srcs/utils_1/imports/synth_1/custom_bus.dcp
INFO: [Vivado 12-5825] Read reference checkpoint from /home/telmo/Desktop/Vivado/8051/custom_bus/custom_bus.srcs/utils_1/imports/synth_1/custom_bus.dcp for incremental synthesis
INFO: [Vivado 12-7989] Please ensure there are no constraint changes
Command: synth_design -top top -part xc7z010clg400-1
Starting synth_design
Attempting to get a license for feature 'Synthesis' and/or device 'xc7z010'
INFO: [Common 17-349] Got license for feature 'Synthesis' and/or device 'xc7z010'
INFO: [Device 21-403] Loading part xc7z010clg400-1
INFO: [Designutils 20-5440] No compile time benefit to using incremental synthesis; A full resynthesis will be run
INFO: [Designutils 20-4379] Flow is switching to default flow due to incremental criteria not met. If you would like to alter this behaviour and have the flow terminate instead, please set the following parameter config_implementation {autoIncr.Synth.RejectBehavior Terminate}
INFO: [Synth 8-7079] Multithreading enabled for synth_design using a maximum of 7 processes.
INFO: [Synth 8-7078] Launching helper process for spawning children vivado processes
INFO: [Synth 8-7075] Helper process launched with PID 31795
---------------------------------------------------------------------------------
Starting RTL Elaboration : Time (s): cpu = 00:00:04 ; elapsed = 00:00:05 . Memory (MB): peak = 1974.922 ; gain = 419.828 ; free physical = 1342 ; free virtual = 8722
---------------------------------------------------------------------------------
INFO: [Synth 8-11241] undeclared symbol 'test', assumed default net type 'wire' [/home/telmo/Desktop/Vivado/8051/custom_bus/custom_bus.srcs/sources_1/new/ps2_bus.v:76]
INFO: [Synth 8-11241] undeclared symbol 'h16', assumed default net type 'wire' [/home/telmo/Desktop/Vivado/8051/custom_bus/custom_bus.srcs/sources_1/new/ps2_keyboard.v:43]
INFO: [Synth 8-11241] undeclared symbol 'h0', assumed default net type 'wire' [/home/telmo/Desktop/Vivado/8051/custom_bus/custom_bus.srcs/sources_1/new/ps2_keyboard.v:44]
INFO: [Synth 8-11241] undeclared symbol 'out_TH0', assumed default net type 'wire' [/home/telmo/Desktop/Vivado/8051/custom_bus/custom_bus.srcs/sources_1/new/timer_wrapper.v:74]
INFO: [Synth 8-11241] undeclared symbol 'out_TL0', assumed default net type 'wire' [/home/telmo/Desktop/Vivado/8051/custom_bus/custom_bus.srcs/sources_1/new/timer_wrapper.v:75]
INFO: [Synth 8-6157] synthesizing module 'top' [/home/telmo/Desktop/Vivado/8051/custom_bus/custom_bus.srcs/sources_1/new/top.v:3]
INFO: [Synth 8-6157] synthesizing module 'custom_bus' [/home/telmo/Desktop/Vivado/8051/custom_bus/custom_bus.srcs/sources_1/new/custom_bus.v:3]
INFO: [Synth 8-6155] done synthesizing module 'custom_bus' (0#1) [/home/telmo/Desktop/Vivado/8051/custom_bus/custom_bus.srcs/sources_1/new/custom_bus.v:3]
INFO: [Synth 8-6157] synthesizing module 'dummy_peripheral1' [/home/telmo/Desktop/Vivado/8051/custom_bus/custom_bus.srcs/sources_1/new/dummy_peripheral1.v:3]
INFO: [Synth 8-6155] done synthesizing module 'dummy_peripheral1' (0#1) [/home/telmo/Desktop/Vivado/8051/custom_bus/custom_bus.srcs/sources_1/new/dummy_peripheral1.v:3]
INFO: [Synth 8-6157] synthesizing module 'UART_Simple_Protocol_Wrapper' [/home/telmo/Desktop/Vivado/8051/custom_bus/custom_bus.srcs/sources_1/new/uart_wrapper.v:1]
INFO: [Synth 8-6157] synthesizing module 'UART' [/home/telmo/Desktop/Vivado/8051/custom_bus/custom_bus.srcs/sources_1/new/base_uart.v:187]
INFO: [Synth 8-6157] synthesizing module 'BaudRateGenerator' [/home/telmo/Desktop/Vivado/8051/custom_bus/custom_bus.srcs/sources_1/new/base_uart.v:8]
INFO: [Synth 8-6155] done synthesizing module 'BaudRateGenerator' (0#1) [/home/telmo/Desktop/Vivado/8051/custom_bus/custom_bus.srcs/sources_1/new/base_uart.v:8]
WARNING: [Synth 8-589] replacing case/wildcard equality operator !== with logical equality operator != [/home/telmo/Desktop/Vivado/8051/custom_bus/custom_bus.srcs/sources_1/new/base_uart.v:236]
INFO: [Synth 8-6157] synthesizing module 'UART_TX' [/home/telmo/Desktop/Vivado/8051/custom_bus/custom_bus.srcs/sources_1/new/base_uart.v:55]
INFO: [Synth 8-6155] done synthesizing module 'UART_TX' (0#1) [/home/telmo/Desktop/Vivado/8051/custom_bus/custom_bus.srcs/sources_1/new/base_uart.v:55]
INFO: [Synth 8-6157] synthesizing module 'UART_RX' [/home/telmo/Desktop/Vivado/8051/custom_bus/custom_bus.srcs/sources_1/new/base_uart.v:125]
INFO: [Synth 8-155] case statement is not full and has no default [/home/telmo/Desktop/Vivado/8051/custom_bus/custom_bus.srcs/sources_1/new/base_uart.v:150]
INFO: [Synth 8-6155] done synthesizing module 'UART_RX' (0#1) [/home/telmo/Desktop/Vivado/8051/custom_bus/custom_bus.srcs/sources_1/new/base_uart.v:125]
INFO: [Synth 8-6155] done synthesizing module 'UART' (0#1) [/home/telmo/Desktop/Vivado/8051/custom_bus/custom_bus.srcs/sources_1/new/base_uart.v:187]
INFO: [Synth 8-155] case statement is not full and has no default [/home/telmo/Desktop/Vivado/8051/custom_bus/custom_bus.srcs/sources_1/new/uart_wrapper.v:72]
INFO: [Synth 8-6155] done synthesizing module 'UART_Simple_Protocol_Wrapper' (0#1) [/home/telmo/Desktop/Vivado/8051/custom_bus/custom_bus.srcs/sources_1/new/uart_wrapper.v:1]
INFO: [Synth 8-6157] synthesizing module 'timer_wrapper' [/home/telmo/Desktop/Vivado/8051/custom_bus/custom_bus.srcs/sources_1/new/timer_wrapper.v:10]
INFO: [Synth 8-6157] synthesizing module 'timer0' [/home/telmo/Desktop/Vivado/8051/custom_bus/custom_bus.srcs/sources_1/new/timer0.v:22]
INFO: [Synth 8-226] default block is never used [/home/telmo/Desktop/Vivado/8051/custom_bus/custom_bus.srcs/sources_1/new/timer0.v:156]
INFO: [Synth 8-6155] done synthesizing module 'timer0' (0#1) [/home/telmo/Desktop/Vivado/8051/custom_bus/custom_bus.srcs/sources_1/new/timer0.v:22]
WARNING: [Synth 8-6104] Input port 'TimerOverflow' has an internal driver [/home/telmo/Desktop/Vivado/8051/custom_bus/custom_bus.srcs/sources_1/new/timer_wrapper.v:72]
WARNING: [Synth 8-6104] Input port 'TimerOverflow_extra' has an internal driver [/home/telmo/Desktop/Vivado/8051/custom_bus/custom_bus.srcs/sources_1/new/timer_wrapper.v:73]
WARNING: [Synth 8-689] width (1) of port connection 'o_TH0' does not match port width (8) of module 'timer0' [/home/telmo/Desktop/Vivado/8051/custom_bus/custom_bus.srcs/sources_1/new/timer_wrapper.v:74]
WARNING: [Synth 8-689] width (1) of port connection 'o_TL0' does not match port width (8) of module 'timer0' [/home/telmo/Desktop/Vivado/8051/custom_bus/custom_bus.srcs/sources_1/new/timer_wrapper.v:75]
INFO: [Synth 8-6155] done synthesizing module 'timer_wrapper' (0#1) [/home/telmo/Desktop/Vivado/8051/custom_bus/custom_bus.srcs/sources_1/new/timer_wrapper.v:10]
WARNING: [Synth 8-7071] port 'TimerOverflow' of module 'timer_wrapper' is unconnected for instance 't0' [/home/telmo/Desktop/Vivado/8051/custom_bus/custom_bus.srcs/sources_1/new/top.v:88]
WARNING: [Synth 8-7071] port 'TimerOverflow_extra' of module 'timer_wrapper' is unconnected for instance 't0' [/home/telmo/Desktop/Vivado/8051/custom_bus/custom_bus.srcs/sources_1/new/top.v:88]
WARNING: [Synth 8-7023] instance 't0' of module 'timer_wrapper' has 9 connections declared, but only 7 given [/home/telmo/Desktop/Vivado/8051/custom_bus/custom_bus.srcs/sources_1/new/top.v:88]
INFO: [Synth 8-6157] synthesizing module 'vga_controller' [/home/telmo/Desktop/Vivado/8051/custom_bus/custom_bus.srcs/sources_1/new/vga_controller.v:23]
	Parameter VGA_CONF_ADDR bound to: 8'b10011010 
	Parameter VGA_DATA_ADDR bound to: 8'b10011011 
	Parameter VGA_ADDR_H_ADDR bound to: 8'b10011100 
	Parameter VGA_ADDR_L_ADDR bound to: 8'b10011101 
INFO: [Synth 8-6157] synthesizing module 'clk_wiz_0' [/home/telmo/Desktop/Vivado/8051/custom_bus/custom_bus.runs/synth_1/.Xil/Vivado-31700-telmo-pc/realtime/clk_wiz_0_stub.v:6]
INFO: [Synth 8-6155] done synthesizing module 'clk_wiz_0' (0#1) [/home/telmo/Desktop/Vivado/8051/custom_bus/custom_bus.runs/synth_1/.Xil/Vivado-31700-telmo-pc/realtime/clk_wiz_0_stub.v:6]
INFO: [Synth 8-6157] synthesizing module 'horizontal_counter' [/home/telmo/Desktop/Vivado/8051/custom_bus/custom_bus.srcs/sources_1/new/horizontal_counter.v:3]
INFO: [Synth 8-6155] done synthesizing module 'horizontal_counter' (0#1) [/home/telmo/Desktop/Vivado/8051/custom_bus/custom_bus.srcs/sources_1/new/horizontal_counter.v:3]
INFO: [Synth 8-6157] synthesizing module 'vertical_counter' [/home/telmo/Desktop/Vivado/8051/custom_bus/custom_bus.srcs/sources_1/new/vertical_counter.v:3]
INFO: [Synth 8-6155] done synthesizing module 'vertical_counter' (0#1) [/home/telmo/Desktop/Vivado/8051/custom_bus/custom_bus.srcs/sources_1/new/vertical_counter.v:3]
INFO: [Synth 8-6157] synthesizing module 'image' [/home/telmo/Desktop/Vivado/8051/custom_bus/custom_bus.srcs/sources_1/new/image.v:3]
INFO: [Synth 8-6157] synthesizing module 'blk_mem_gen_0' [/home/telmo/Desktop/Vivado/8051/custom_bus/custom_bus.runs/synth_1/.Xil/Vivado-31700-telmo-pc/realtime/blk_mem_gen_0_stub.v:6]
INFO: [Synth 8-6155] done synthesizing module 'blk_mem_gen_0' (0#1) [/home/telmo/Desktop/Vivado/8051/custom_bus/custom_bus.runs/synth_1/.Xil/Vivado-31700-telmo-pc/realtime/blk_mem_gen_0_stub.v:6]
INFO: [Synth 8-6157] synthesizing module 'dist_mem_gen_0' [/home/telmo/Desktop/Vivado/8051/custom_bus/custom_bus.runs/synth_1/.Xil/Vivado-31700-telmo-pc/realtime/dist_mem_gen_0_stub.v:6]
INFO: [Synth 8-6155] done synthesizing module 'dist_mem_gen_0' (0#1) [/home/telmo/Desktop/Vivado/8051/custom_bus/custom_bus.runs/synth_1/.Xil/Vivado-31700-telmo-pc/realtime/dist_mem_gen_0_stub.v:6]
INFO: [Synth 8-6155] done synthesizing module 'image' (0#1) [/home/telmo/Desktop/Vivado/8051/custom_bus/custom_bus.srcs/sources_1/new/image.v:3]
INFO: [Synth 8-6157] synthesizing module 'text_mod' [/home/telmo/Desktop/Vivado/8051/custom_bus/custom_bus.srcs/sources_1/new/text_mod.v:23]
INFO: [Synth 8-6157] synthesizing module 'fifo_generator_0' [/home/telmo/Desktop/Vivado/8051/custom_bus/custom_bus.runs/synth_1/.Xil/Vivado-31700-telmo-pc/realtime/fifo_generator_0_stub.v:6]
INFO: [Synth 8-6155] done synthesizing module 'fifo_generator_0' (0#1) [/home/telmo/Desktop/Vivado/8051/custom_bus/custom_bus.runs/synth_1/.Xil/Vivado-31700-telmo-pc/realtime/fifo_generator_0_stub.v:6]
INFO: [Synth 8-6157] synthesizing module 'dist_mem_gen_1' [/home/telmo/Desktop/Vivado/8051/custom_bus/custom_bus.runs/synth_1/.Xil/Vivado-31700-telmo-pc/realtime/dist_mem_gen_1_stub.v:6]
INFO: [Synth 8-6155] done synthesizing module 'dist_mem_gen_1' (0#1) [/home/telmo/Desktop/Vivado/8051/custom_bus/custom_bus.runs/synth_1/.Xil/Vivado-31700-telmo-pc/realtime/dist_mem_gen_1_stub.v:6]
INFO: [Synth 8-6155] done synthesizing module 'text_mod' (0#1) [/home/telmo/Desktop/Vivado/8051/custom_bus/custom_bus.srcs/sources_1/new/text_mod.v:23]
WARNING: [Synth 8-689] width (16) of port connection 'new_address' does not match port width (14) of module 'text_mod' [/home/telmo/Desktop/Vivado/8051/custom_bus/custom_bus.srcs/sources_1/new/vga_controller.v:102]
INFO: [Synth 8-6155] done synthesizing module 'vga_controller' (0#1) [/home/telmo/Desktop/Vivado/8051/custom_bus/custom_bus.srcs/sources_1/new/vga_controller.v:23]
INFO: [Synth 8-6157] synthesizing module 'ps2_peripheral' [/home/telmo/Desktop/Vivado/8051/custom_bus/custom_bus.srcs/sources_1/new/ps2_bus.v:23]
INFO: [Synth 8-6157] synthesizing module 'ps2_keyboard' [/home/telmo/Desktop/Vivado/8051/custom_bus/custom_bus.srcs/sources_1/new/ps2_keyboard.v:22]
INFO: [Synth 8-6155] done synthesizing module 'ps2_keyboard' (0#1) [/home/telmo/Desktop/Vivado/8051/custom_bus/custom_bus.srcs/sources_1/new/ps2_keyboard.v:22]
INFO: [Synth 8-6155] done synthesizing module 'ps2_peripheral' (0#1) [/home/telmo/Desktop/Vivado/8051/custom_bus/custom_bus.srcs/sources_1/new/ps2_bus.v:23]
INFO: [Synth 8-6155] done synthesizing module 'top' (0#1) [/home/telmo/Desktop/Vivado/8051/custom_bus/custom_bus.srcs/sources_1/new/top.v:3]
WARNING: [Synth 8-6014] Unused sequential element counterAUX_reg was removed.  [/home/telmo/Desktop/Vivado/8051/custom_bus/custom_bus.srcs/sources_1/new/base_uart.v:24]
WARNING: [Synth 8-7137] Register TL1_OUT_reg in module BaudRateGenerator has both Set and reset with same priority. This may cause simulation mismatches. Consider rewriting code  [/home/telmo/Desktop/Vivado/8051/custom_bus/custom_bus.srcs/sources_1/new/base_uart.v:25]
WARNING: [Synth 8-7137] Register shift_reg_reg in module UART_RX has both Set and reset with same priority. This may cause simulation mismatches. Consider rewriting code  [/home/telmo/Desktop/Vivado/8051/custom_bus/custom_bus.srcs/sources_1/new/base_uart.v:160]
WARNING: [Synth 8-7137] Register data_out_reg in module UART_RX has both Set and reset with same priority. This may cause simulation mismatches. Consider rewriting code  [/home/telmo/Desktop/Vivado/8051/custom_bus/custom_bus.srcs/sources_1/new/base_uart.v:168]
WARNING: [Synth 8-7137] Register rx9bit_reg in module UART_RX has both Set and reset with same priority. This may cause simulation mismatches. Consider rewriting code  [/home/telmo/Desktop/Vivado/8051/custom_bus/custom_bus.srcs/sources_1/new/base_uart.v:169]
WARNING: [Synth 8-7137] Register last_SCON_write_reg in module UART has both Set and reset with same priority. This may cause simulation mismatches. Consider rewriting code  [/home/telmo/Desktop/Vivado/8051/custom_bus/custom_bus.srcs/sources_1/new/base_uart.v:301]
WARNING: [Synth 8-7137] Register reg_SCON0_WRITE_reg in module UART_Simple_Protocol_Wrapper has both Set and reset with same priority. This may cause simulation mismatches. Consider rewriting code  [/home/telmo/Desktop/Vivado/8051/custom_bus/custom_bus.srcs/sources_1/new/uart_wrapper.v:48]
WARNING: [Synth 8-6014] Unused sequential element re_prev_reg was removed.  [/home/telmo/Desktop/Vivado/8051/custom_bus/custom_bus.srcs/sources_1/new/ps2_bus.v:60]
---------------------------------------------------------------------------------
Finished RTL Elaboration : Time (s): cpu = 00:00:06 ; elapsed = 00:00:06 . Memory (MB): peak = 2058.859 ; gain = 503.766 ; free physical = 1320 ; free virtual = 8702
---------------------------------------------------------------------------------
---------------------------------------------------------------------------------
Start Handling Custom Attributes
---------------------------------------------------------------------------------
---------------------------------------------------------------------------------
Finished Handling Custom Attributes : Time (s): cpu = 00:00:06 ; elapsed = 00:00:06 . Memory (MB): peak = 2076.672 ; gain = 521.578 ; free physical = 1320 ; free virtual = 8702
---------------------------------------------------------------------------------
---------------------------------------------------------------------------------
Finished RTL Optimization Phase 1 : Time (s): cpu = 00:00:06 ; elapsed = 00:00:06 . Memory (MB): peak = 2076.672 ; gain = 521.578 ; free physical = 1320 ; free virtual = 8702
---------------------------------------------------------------------------------
Netlist sorting complete. Time (s): cpu = 00:00:00.01 ; elapsed = 00:00:00.01 . Memory (MB): peak = 2082.609 ; gain = 0.000 ; free physical = 1312 ; free virtual = 8694
INFO: [Project 1-570] Preparing netlist for logic optimization

Processing XDC Constraints
Initializing timing engine
Parsing XDC File [/home/telmo/Desktop/Vivado/8051/custom_bus/PLLtest.gen/sources_1/ip/fifo_generator_0/fifo_generator_0/fifo_generator_0_in_context.xdc] for cell 'vga/text_mod_inst/fifo_inst'
Finished Parsing XDC File [/home/telmo/Desktop/Vivado/8051/custom_bus/PLLtest.gen/sources_1/ip/fifo_generator_0/fifo_generator_0/fifo_generator_0_in_context.xdc] for cell 'vga/text_mod_inst/fifo_inst'
Parsing XDC File [/home/telmo/Desktop/Vivado/8051/custom_bus/PLLtest.gen/sources_1/ip/fifo_generator_0/fifo_generator_0/fifo_generator_0_in_context.xdc] for cell 'ps2/fifo'
Finished Parsing XDC File [/home/telmo/Desktop/Vivado/8051/custom_bus/PLLtest.gen/sources_1/ip/fifo_generator_0/fifo_generator_0/fifo_generator_0_in_context.xdc] for cell 'ps2/fifo'
Parsing XDC File [/home/telmo/Desktop/Vivado/8051/custom_bus/PLLtest.gen/sources_1/ip/dist_mem_gen_1_1/dist_mem_gen_1/dist_mem_gen_1_in_context.xdc] for cell 'vga/text_mod_inst/char_mem'
Finished Parsing XDC File [/home/telmo/Desktop/Vivado/8051/custom_bus/PLLtest.gen/sources_1/ip/dist_mem_gen_1_1/dist_mem_gen_1/dist_mem_gen_1_in_context.xdc] for cell 'vga/text_mod_inst/char_mem'
Parsing XDC File [/home/telmo/Desktop/Vivado/8051/custom_bus/PLLtest.gen/sources_1/ip/dist_mem_gen_0/dist_mem_gen_0/dist_mem_gen_0_in_context.xdc] for cell 'vga/img_mem/monoram'
Finished Parsing XDC File [/home/telmo/Desktop/Vivado/8051/custom_bus/PLLtest.gen/sources_1/ip/dist_mem_gen_0/dist_mem_gen_0/dist_mem_gen_0_in_context.xdc] for cell 'vga/img_mem/monoram'
Parsing XDC File [/home/telmo/Desktop/Vivado/8051/custom_bus/PLLtest.gen/sources_1/ip/blk_mem_gen_0/blk_mem_gen_0/blk_mem_gen_0_in_context.xdc] for cell 'vga/img_mem/mem'
Finished Parsing XDC File [/home/telmo/Desktop/Vivado/8051/custom_bus/PLLtest.gen/sources_1/ip/blk_mem_gen_0/blk_mem_gen_0/blk_mem_gen_0_in_context.xdc] for cell 'vga/img_mem/mem'
Parsing XDC File [/home/telmo/Desktop/Vivado/8051/custom_bus/PLLtest.gen/sources_1/ip/clk_wiz_0/clk_wiz_0/clk_wiz_0_in_context.xdc] for cell 'vga/pll_inst'
Finished Parsing XDC File [/home/telmo/Desktop/Vivado/8051/custom_bus/PLLtest.gen/sources_1/ip/clk_wiz_0/clk_wiz_0/clk_wiz_0_in_context.xdc] for cell 'vga/pll_inst'
Completed Processing XDC Constraints

Netlist sorting complete. Time (s): cpu = 00:00:00 ; elapsed = 00:00:00 . Memory (MB): peak = 2195.410 ; gain = 0.000 ; free physical = 1303 ; free virtual = 8685
INFO: [Project 1-111] Unisim Transformation Summary:
No Unisim elements were transformed.

Constraint Validation Runtime : Time (s): cpu = 00:00:00.01 ; elapsed = 00:00:00.01 . Memory (MB): peak = 2195.410 ; gain = 0.000 ; free physical = 1303 ; free virtual = 8685
WARNING: [Timing 38-316] Clock period '10.000' specified during out-of-context synthesis of instance 'ps2/fifo' at clock pin 'clk' is different from the actual clock period '8.000', this can lead to different synthesis results.
WARNING: [Timing 38-316] Clock period '20.000' specified during out-of-context synthesis of instance 'vga/img_mem/monoram' at clock pin 'clk' is different from the actual clock period '8.000', this can lead to different synthesis results.
WARNING: [Timing 38-316] Clock period '10.000' specified during out-of-context synthesis of instance 'vga/text_mod_inst/fifo_inst' at clock pin 'clk' is different from the actual clock period '8.000', this can lead to different synthesis results.
INFO: [Designutils 20-5440] No compile time benefit to using incremental synthesis; A full resynthesis will be run
INFO: [Designutils 20-4379] Flow is switching to default flow due to incremental criteria not met. If you would like to alter this behaviour and have the flow terminate instead, please set the following parameter config_implementation {autoIncr.Synth.RejectBehavior Terminate}
---------------------------------------------------------------------------------
Finished Constraint Validation : Time (s): cpu = 00:00:12 ; elapsed = 00:00:13 . Memory (MB): peak = 2195.410 ; gain = 640.316 ; free physical = 1319 ; free virtual = 8705
---------------------------------------------------------------------------------
---------------------------------------------------------------------------------
Start Loading Part and Timing Information
---------------------------------------------------------------------------------
Loading part: xc7z010clg400-1
---------------------------------------------------------------------------------
Finished Loading Part and Timing Information : Time (s): cpu = 00:00:12 ; elapsed = 00:00:13 . Memory (MB): peak = 2203.414 ; gain = 648.320 ; free physical = 1319 ; free virtual = 8705
---------------------------------------------------------------------------------
---------------------------------------------------------------------------------
Start Applying 'set_property' XDC Constraints
---------------------------------------------------------------------------------
Applied set_property IO_BUFFER_TYPE = NONE for clk. (constraint file  /home/telmo/Desktop/Vivado/8051/custom_bus/PLLtest.gen/sources_1/ip/clk_wiz_0/clk_wiz_0/clk_wiz_0_in_context.xdc, line 3).
Applied set_property CLOCK_BUFFER_TYPE = NONE for clk. (constraint file  /home/telmo/Desktop/Vivado/8051/custom_bus/PLLtest.gen/sources_1/ip/clk_wiz_0/clk_wiz_0/clk_wiz_0_in_context.xdc, line 4).
Applied set_property KEEP_HIERARCHY = SOFT for ps2/fifo. (constraint file  auto generated constraint).
Applied set_property KEEP_HIERARCHY = SOFT for vga/text_mod_inst/fifo_inst. (constraint file  auto generated constraint).
Applied set_property KEEP_HIERARCHY = SOFT for vga/text_mod_inst/char_mem. (constraint file  auto generated constraint).
Applied set_property KEEP_HIERARCHY = SOFT for vga/img_mem/monoram. (constraint file  auto generated constraint).
Applied set_property KEEP_HIERARCHY = SOFT for vga/img_mem/mem. (constraint file  auto generated constraint).
Applied set_property KEEP_HIERARCHY = SOFT for vga/pll_inst. (constraint file  auto generated constraint).
---------------------------------------------------------------------------------
Finished applying 'set_property' XDC Constraints : Time (s): cpu = 00:00:12 ; elapsed = 00:00:13 . Memory (MB): peak = 2203.414 ; gain = 648.320 ; free physical = 1319 ; free virtual = 8705
---------------------------------------------------------------------------------
INFO: [Synth 8-802] inferred FSM for state register 'state_reg' in module 'UART_TX'
INFO: [Synth 8-802] inferred FSM for state register 'state_reg' in module 'UART_RX'
---------------------------------------------------------------------------------------------------
                   State |                     New Encoding |                Previous Encoding 
---------------------------------------------------------------------------------------------------
                    IDLE |                             0001 |                               00
                   START |                             0010 |                               01
                    DATA |                             0100 |                               10
                    STOP |                             1000 |                               11
---------------------------------------------------------------------------------------------------
INFO: [Synth 8-3354] encoded FSM with state register 'state_reg' using encoding 'one-hot' in module 'UART_TX'
---------------------------------------------------------------------------------------------------
                   State |                     New Encoding |                Previous Encoding 
---------------------------------------------------------------------------------------------------
                    IDLE |                              001 |                               00
                    DATA |                              010 |                               01
                    STOP |                              100 |                               10
---------------------------------------------------------------------------------------------------
INFO: [Synth 8-3354] encoded FSM with state register 'state_reg' using encoding 'one-hot' in module 'UART_RX'
---------------------------------------------------------------------------------
Finished RTL Optimization Phase 2 : Time (s): cpu = 00:00:13 ; elapsed = 00:00:14 . Memory (MB): peak = 2203.414 ; gain = 648.320 ; free physical = 1319 ; free virtual = 8703
---------------------------------------------------------------------------------
---------------------------------------------------------------------------------
Start RTL Component Statistics 
---------------------------------------------------------------------------------
Detailed RTL Component Info : 
+---Adders : 
	   2 Input   16 Bit       Adders := 1     
	   2 Input   15 Bit       Adders := 2     
	   2 Input   14 Bit       Adders := 2     
	   2 Input   13 Bit       Adders := 1     
	   2 Input   10 Bit       Adders := 2     
	   3 Input   10 Bit       Adders := 1     
	   2 Input    9 Bit       Adders := 1     
	   2 Input    8 Bit       Adders := 4     
	   2 Input    6 Bit       Adders := 2     
	   2 Input    5 Bit       Adders := 1     
	   2 Input    4 Bit       Adders := 4     
	   2 Input    3 Bit       Adders := 1     
	   2 Input    2 Bit       Adders := 1     
+---XORs : 
	                8 Bit    Wide XORs := 1     
+---Registers : 
	               16 Bit    Registers := 1     
	               14 Bit    Registers := 1     
	               13 Bit    Registers := 1     
	               10 Bit    Registers := 2     
	                9 Bit    Registers := 4     
	                8 Bit    Registers := 21    
	                6 Bit    Registers := 1     
	                5 Bit    Registers := 1     
	                4 Bit    Registers := 7     
	                3 Bit    Registers := 2     
	                2 Bit    Registers := 3     
	                1 Bit    Registers := 25    
+---Muxes : 
	   2 Input   16 Bit        Muxes := 2     
	   2 Input   15 Bit        Muxes := 3     
	   2 Input   14 Bit        Muxes := 4     
	   2 Input   13 Bit        Muxes := 2     
	   2 Input    9 Bit        Muxes := 1     
	   4 Input    9 Bit        Muxes := 2     
	   2 Input    8 Bit        Muxes := 37    
	   4 Input    8 Bit        Muxes := 3     
	   2 Input    5 Bit        Muxes := 2     
	   4 Input    4 Bit        Muxes := 2     
	   3 Input    4 Bit        Muxes := 1     
	   2 Input    4 Bit        Muxes := 14    
	   2 Input    3 Bit        Muxes := 1     
	   2 Input    2 Bit        Muxes := 1     
	   4 Input    2 Bit        Muxes := 1     
	   4 Input    1 Bit        Muxes := 13    
	   3 Input    1 Bit        Muxes := 6     
	   2 Input    1 Bit        Muxes := 21    
	   6 Input    1 Bit        Muxes := 5     
---------------------------------------------------------------------------------
Finished RTL Component Statistics 
---------------------------------------------------------------------------------
---------------------------------------------------------------------------------
Start Part Resource Summary
---------------------------------------------------------------------------------
Part Resources:
DSPs: 80 (col length:40)
BRAMs: 120 (col length: RAMB18 40 RAMB36 20)
---------------------------------------------------------------------------------
Finished Part Resource Summary
---------------------------------------------------------------------------------
---------------------------------------------------------------------------------
Start Cross Boundary and Area Optimization
---------------------------------------------------------------------------------
---------------------------------------------------------------------------------
Finished Cross Boundary and Area Optimization : Time (s): cpu = 00:00:17 ; elapsed = 00:00:18 . Memory (MB): peak = 2203.414 ; gain = 648.320 ; free physical = 1288 ; free virtual = 8684
---------------------------------------------------------------------------------
---------------------------------------------------------------------------------
Start Applying XDC Timing Constraints
---------------------------------------------------------------------------------
---------------------------------------------------------------------------------
Finished Applying XDC Timing Constraints : Time (s): cpu = 00:00:24 ; elapsed = 00:00:25 . Memory (MB): peak = 2228.414 ; gain = 673.320 ; free physical = 1359 ; free virtual = 8754
---------------------------------------------------------------------------------
---------------------------------------------------------------------------------
Start Timing Optimization
---------------------------------------------------------------------------------
---------------------------------------------------------------------------------
Finished Timing Optimization : Time (s): cpu = 00:00:26 ; elapsed = 00:00:27 . Memory (MB): peak = 2292.023 ; gain = 736.930 ; free physical = 1302 ; free virtual = 8701
---------------------------------------------------------------------------------
---------------------------------------------------------------------------------
Start Technology Mapping
---------------------------------------------------------------------------------
---------------------------------------------------------------------------------
Finished Technology Mapping : Time (s): cpu = 00:00:26 ; elapsed = 00:00:27 . Memory (MB): peak = 2308.039 ; gain = 752.945 ; free physical = 1292 ; free virtual = 8691
---------------------------------------------------------------------------------
---------------------------------------------------------------------------------
Start IO Insertion
---------------------------------------------------------------------------------
---------------------------------------------------------------------------------
Start Flattening Before IO Insertion
---------------------------------------------------------------------------------
---------------------------------------------------------------------------------
Finished Flattening Before IO Insertion
---------------------------------------------------------------------------------
---------------------------------------------------------------------------------
Start Final Netlist Cleanup
---------------------------------------------------------------------------------
---------------------------------------------------------------------------------
Finished Final Netlist Cleanup
---------------------------------------------------------------------------------
---------------------------------------------------------------------------------
Finished IO Insertion : Time (s): cpu = 00:00:30 ; elapsed = 00:00:31 . Memory (MB): peak = 2432.852 ; gain = 877.758 ; free physical = 1193 ; free virtual = 8587
---------------------------------------------------------------------------------
---------------------------------------------------------------------------------
Start Renaming Generated Instances
---------------------------------------------------------------------------------
---------------------------------------------------------------------------------
Finished Renaming Generated Instances : Time (s): cpu = 00:00:30 ; elapsed = 00:00:31 . Memory (MB): peak = 2432.852 ; gain = 877.758 ; free physical = 1193 ; free virtual = 8587
---------------------------------------------------------------------------------
---------------------------------------------------------------------------------
Start Rebuilding User Hierarchy
---------------------------------------------------------------------------------
---------------------------------------------------------------------------------
Finished Rebuilding User Hierarchy : Time (s): cpu = 00:00:30 ; elapsed = 00:00:31 . Memory (MB): peak = 2432.852 ; gain = 877.758 ; free physical = 1193 ; free virtual = 8587
---------------------------------------------------------------------------------
---------------------------------------------------------------------------------
Start Renaming Generated Ports
---------------------------------------------------------------------------------
---------------------------------------------------------------------------------
Finished Renaming Generated Ports : Time (s): cpu = 00:00:30 ; elapsed = 00:00:31 . Memory (MB): peak = 2432.852 ; gain = 877.758 ; free physical = 1193 ; free virtual = 8587
---------------------------------------------------------------------------------
---------------------------------------------------------------------------------
Start Handling Custom Attributes
---------------------------------------------------------------------------------
---------------------------------------------------------------------------------
Finished Handling Custom Attributes : Time (s): cpu = 00:00:30 ; elapsed = 00:00:31 . Memory (MB): peak = 2432.852 ; gain = 877.758 ; free physical = 1193 ; free virtual = 8587
---------------------------------------------------------------------------------
---------------------------------------------------------------------------------
Start Renaming Generated Nets
---------------------------------------------------------------------------------
---------------------------------------------------------------------------------
Finished Renaming Generated Nets : Time (s): cpu = 00:00:30 ; elapsed = 00:00:31 . Memory (MB): peak = 2432.852 ; gain = 877.758 ; free physical = 1193 ; free virtual = 8587
---------------------------------------------------------------------------------
---------------------------------------------------------------------------------
Start Writing Synthesis Report
---------------------------------------------------------------------------------

Report BlackBoxes: 
+------+-----------------+----------+
|      |BlackBox name    |Instances |
+------+-----------------+----------+
|1     |fifo_generator_0 |         2|
|2     |clk_wiz_0        |         1|
|3     |blk_mem_gen_0    |         1|
|4     |dist_mem_gen_0   |         1|
|5     |dist_mem_gen_1   |         1|
+------+-----------------+----------+

Report Cell Usage: 
+------+-----------------+------+
|      |Cell             |Count |
+------+-----------------+------+
|1     |blk_mem_gen      |     1|
|2     |clk_wiz          |     1|
|3     |dist_mem_gen     |     2|
|5     |fifo_generator   |     1|
|6     |fifo_generator_0 |     1|
|7     |BUFG             |     2|
|8     |CARRY4           |    43|
|9     |LUT1             |    25|
|10    |LUT2             |    89|
|11    |LUT3             |   160|
|12    |LUT4             |    73|
|13    |LUT5             |   147|
|14    |LUT6             |   241|
|15    |MUXF7            |     1|
|16    |FDCE             |   115|
|17    |FDPE             |    12|
|18    |FDRE             |   212|
|19    |FDSE             |     2|
|20    |LDC              |     8|
|21    |IBUF             |    22|
|22    |OBUF             |    26|
+------+-----------------+------+
---------------------------------------------------------------------------------
Finished Writing Synthesis Report : Time (s): cpu = 00:00:30 ; elapsed = 00:00:31 . Memory (MB): peak = 2432.852 ; gain = 877.758 ; free physical = 1193 ; free virtual = 8587
---------------------------------------------------------------------------------
Synthesis finished with 0 errors, 0 critical warnings and 1 warnings.
Synthesis Optimization Runtime : Time (s): cpu = 00:00:29 ; elapsed = 00:00:29 . Memory (MB): peak = 2432.852 ; gain = 759.020 ; free physical = 1193 ; free virtual = 8587
Synthesis Optimization Complete : Time (s): cpu = 00:00:30 ; elapsed = 00:00:31 . Memory (MB): peak = 2432.859 ; gain = 877.758 ; free physical = 1193 ; free virtual = 8587
INFO: [Project 1-571] Translating synthesized netlist
Netlist sorting complete. Time (s): cpu = 00:00:00.01 ; elapsed = 00:00:00 . Memory (MB): peak = 2432.859 ; gain = 0.000 ; free physical = 1193 ; free virtual = 8587
INFO: [Netlist 29-17] Analyzing 52 Unisim elements for replacement
INFO: [Netlist 29-28] Unisim Transformation completed in 0 CPU seconds
INFO: [Project 1-570] Preparing netlist for logic optimization
INFO: [Opt 31-140] Inserted 1 IBUFs to IO ports without IO buffers.
INFO: [Opt 31-138] Pushed 0 inverter(s) to 0 load pin(s).
Netlist sorting complete. Time (s): cpu = 00:00:00 ; elapsed = 00:00:00 . Memory (MB): peak = 2488.879 ; gain = 0.000 ; free physical = 1359 ; free virtual = 8753
INFO: [Project 1-111] Unisim Transformation Summary:
  A total of 8 instances were transformed.
  LDC => LDCE: 8 instances

Synth Design complete | Checksum: 31c89791
INFO: [Common 17-83] Releasing license: Synthesis
77 Infos, 20 Warnings, 0 Critical Warnings and 0 Errors encountered.
synth_design completed successfully
synth_design: Time (s): cpu = 00:00:39 ; elapsed = 00:00:37 . Memory (MB): peak = 2488.879 ; gain = 1114.387 ; free physical = 1360 ; free virtual = 8754
INFO: [Common 17-2834] synth_design peak Physical Memory [PSS] (MB): overall = 1742.144; main = 1561.345; forked = 241.499
INFO: [Common 17-2834] synth_design peak Virtual Memory [VSS] (MB): overall = 3299.723; main = 2488.883; forked = 916.680
Write ShapeDB Complete: Time (s): cpu = 00:00:00.01 ; elapsed = 00:00:00.01 . Memory (MB): peak = 2512.891 ; gain = 0.000 ; free physical = 1358 ; free virtual = 8752
INFO: [Common 17-1381] The checkpoint '/home/telmo/Desktop/Vivado/8051/custom_bus/custom_bus.runs/synth_1/top.dcp' has been generated.
INFO: [Vivado 12-24828] Executing command : report_utilization -file top_utilization_synth.rpt -pb top_utilization_synth.pb
INFO: [Common 17-206] Exiting Vivado at Thu Jun 12 19:20:11 2025...
