#-----------------------------------------------------------
# Vivado v2024.2 (64-bit)
# SW Build 5239630 on Fri Nov 08 22:34:34 MST 2024
# IP Build 5239520 on Sun Nov 10 16:12:51 MST 2024
# SharedData Build 5239561 on Fri Nov 08 14:39:27 MST 2024
# Start of session at: Tue May 27 14:10:33 2025
# Process ID         : 26454
# Current directory  : /home/diana/Downloads/PS2_keyboardbus/PS2_keyboard/project_1.runs/synth_1
# Command line       : vivado -log ps2_peripherals_showcase.vds -product Vivado -mode batch -messageDb vivado.pb -notrace -source ps2_peripherals_showcase.tcl
# Log file           : /home/diana/Downloads/PS2_keyboardbus/PS2_keyboard/project_1.runs/synth_1/ps2_peripherals_showcase.vds
# Journal file       : /home/diana/Downloads/PS2_keyboardbus/PS2_keyboard/project_1.runs/synth_1/vivado.jou
# Running On         : diana
# Platform           : Ubuntu
# Operating System   : Ubuntu 24.04.2 LTS
# Processor Detail   : Intel(R) Core(TM) i7-8550U CPU @ 1.80GHz
# CPU Frequency      : 3985.395 MHz
# CPU Physical cores : 4
# CPU Logical cores  : 8
# Host memory        : 16649 MB
# Swap memory        : 4294 MB
# Total Virtual      : 20944 MB
# Available Virtual  : 14838 MB
#-----------------------------------------------------------
source ps2_peripherals_showcase.tcl -notrace
