muxpart__81: CPU8051__GC0, 
muxpart__183: RAM__GB3, 
muxpart__621: RAM__GB4, 
reg__294: RAM__GB2, 
logic__331: CPU8051__GC0, 
logic__315: CPU8051__GC0, 
muxpart__133: CPU8051__GC0, 
logic__433: CPU8051__GC0, 
logic__2230: RAM__GB1, 
muxpart__472: RAM__GB4, 
muxpart__186: RAM__GB3, 
case__163: RAM__GB2, 
muxpart__56: CPU8051__GC0, 
logic__2348: RAM__GB2, 
logic__1620: RAM__GB2, 
logic__2629: RAM__GB1, 
case__121: RAM__GB2, 
logic__277: CPU8051__GC0, 
reg__277: RAM__GB2, 
reg__201: RAM__GB2, 
reg__296: RAM__GB3, 
case__204: RAM__GB2, 
case__194: RAM__GB2, 
reg__11: CPU8051__GC0, 
case__226: RAM__GB2, 
muxpart__55: CPU8051__GC0, 
logic__1775: RAM__GB1, 
logic__483: CPU8051__GC0, 
muxpart__29: CPU8051__GC0, 
reg__290: RAM__GB2, 
muxpart__345: RAM__GB1, 
reg__19: CPU8051__GC0, 
case__390: RAM__GB2, 
case__288: RAM__GB1, 
logic__280: CPU8051__GC0, 
logic__1562: RAM__GB2, 
muxpart__26: CPU8051__GC0, 
muxpart__664: RAM__GB4, 
logic__998: RAM__GB2, 
logic__2032: RAM__GB2, 
logic__182: CPU8051__GC0, 
reg__335: RAM__GB1, 
muxpart__138: CPU8051__GC0, 
muxpart__366: RAM__GB3, 
logic__2596: RAM__GB2, 
logic__2600: RAM__GB2, 
case__407: RAM__GB2, 
logic__926: RAM__GB2, 
case__192: RAM__GB1, 
case__323: RAM__GB1, 
logic__505: CPU8051__GC0, 
logic__141: CPU8051__GC0, 
case__297: RAM__GB2, 
logic__208: CPU8051__GC0, 
muxpart__10: CPU8051__GC0, 
muxpart__490: RAM__GB4, 
case__131: RAM__GB2, 
logic__2220: RAM__GB2, 
logic__515: CPU8051__GC0, 
muxpart__654: RAM__GB4, 
muxpart__347: RAM__GB3, 
case__324: RAM__GB2, 
reg__180: RAM__GB2, 
case__22: CPU8051__GC0, 
reg__211: RAM__GB2, 
muxpart__217: RAM__GB2, 
muxpart__575: RAM__GB4, 
case__74: RAM__GB2, 
muxpart__402: RAM__GB2, 
muxpart__146: RAM__GB2, 
logic__1673: RAM__GB1, 
muxpart__42: CPU8051__GC0, 
logic__1381: RAM__GB1, 
logic__2657: RAM__GB1, 
muxpart__595: RAM__GB4, 
muxpart__644: RAM__GB4, 
muxpart__191: RAM__GB2, 
logic__353: CPU8051__GC0, 
muxpart__483: RAM__GB4, 
logic__2069: RAM__GB2, 
muxpart__86: CPU8051__GC0, 
muxpart__67: CPU8051__GC0, 
case__382: RAM__GB2, 
logic__2679: RAM__GB2, 
muxpart__255: RAM__GB3, 
logic__2393: RAM__GB1, 
logic__902: RAM__GB2, 
muxpart__316: RAM__GB1, 
muxpart__80: CPU8051__GC0, 
logic__6: CPU8051__GC0, 
muxpart__238: RAM__GB1, 
muxpart__243: RAM__GB1, 
case__129: RAM__GB1, 
logic__2136: RAM__GB2, 
reg__99: RAM__GB2, 
case__181: RAM__GB1, 
muxpart__214: RAM__GB2, 
muxpart__369: RAM__GB1, 
case__246: RAM__GB1, 
case__291: RAM__GB2, 
case__426: RAM__GB3, 
logic__1319: RAM__GB2, 
case__239: RAM__GB2, 
muxpart__656: RAM__GB4, 
case__369: RAM__GB1, 
muxpart__283: RAM__GB1, 
logic__2417: RAM__GB1, 
logic__1563: RAM__GB1, 
muxpart__667: RAM__GB4, 
logic__1890: RAM__GB2, 
muxpart__329: RAM__GB1, 
muxpart__34: CPU8051__GC0, 
reg__149: RAM__GB2, 
logic__2501: RAM__GB2, 
reg__137: RAM__GB2, 
logic__985: RAM__GB2, 
logic__2437: RAM__GB2, 
logic__1586: RAM__GB1, 
muxpart__134: CPU8051__GC0, 
case__108: RAM__GB1, 
reg__76: CPU8051__GC0, 
muxpart__317: RAM__GB1, 
case__266: RAM__GB1, 
logic__2502: RAM__GB1, 
logic__1535: RAM__GB2, 
reg__168: RAM__GB2, 
case__67: RAM__GB2, 
reg__245: RAM__GB1, 
logic__342: CPU8051__GC0, 
reg__10: CPU8051__GC0, 
muxpart__349: RAM__GB3, 
muxpart__38: CPU8051__GC0, 
case__173: RAM__GB2, 
logic__1214: RAM__GB2, 
logic__430: CPU8051__GC0, 
logic__2312: RAM__GB2, 
reg__159: RAM__GB2, 
reg__203: RAM__GB2, 
logic__1306: RAM__GB1, 
reg__134: RAM__GB2, 
case__265: RAM__GB2, 
reg__329: RAM__GB2, 
muxpart__22: CPU8051__GC0, 
logic__2192: RAM__GB2, 
muxpart__136: CPU8051__GC0, 
logic__460: CPU8051__GC0, 
case__26: CPU8051__GC0, 
case__386: RAM__GB2, 
muxpart__420: RAM__GB2, 
logic__271: CPU8051__GC0, 
reg__46: CPU8051__GC0, 
reg__17: CPU8051__GC0, 
muxpart__679: RAM__GB4, 
muxpart__201: RAM__GB2, 
case__303: RAM__GB2, 
reg__242: RAM__GB2, 
logic__1544: RAM__GB1, 
reg__128: RAM__GB2, 
muxpart__491: RAM__GB4, 
muxpart__549: RAM__GB4, 
muxpart__384: RAM__GB1, 
logic__2491: RAM__GB1, 
muxpart__509: RAM__GB4, 
logic__867: RAM__GB2, 
muxpart__320: RAM__GB3, 
logic__1709: RAM__GB1, 
reg__124: RAM__GB2, 
reg__251: RAM__GB1, 
muxpart__286: RAM__GB1, 
muxpart__125: CPU8051__GC0, 
muxpart__657: RAM__GB4, 
muxpart__129: CPU8051__GC0, 
case__329: RAM__GB1, 
logic__1945: RAM__GB2, 
muxpart__28: CPU8051__GC0, 
logic__1980: RAM__GB2, 
muxpart__215: RAM__GB3, 
case__253: RAM__GB2, 
case__123: RAM__GB2, 
logic__2238: RAM__GB1, 
logic__250: CPU8051__GC0, 
logic__2436: RAM__GB1, 
muxpart__623: RAM__GB4, 
muxpart__617: RAM__GB4, 
case__425: RAM__GB3, 
reg__106: RAM__GB2, 
logic__2583: RAM__GB1, 
reg__12: CPU8051__GC0, 
reg__325: RAM__GB2, 
muxpart__543: RAM__GB4, 
logic__799: RAM__GB2, 
case__272: RAM__GB1, 
muxpart__321: RAM__GB1, 
logic__1417: RAM__GB1, 
case__411: RAM__GB4, 
logic__2001: RAM__GB2, 
logic__326: CPU8051__GC0, 
logic__2046: RAM__GB2, 
case__268: RAM__GB1, 
reg__342: RAM__GB2, 
logic__199: CPU8051__GC0, 
logic__510: CPU8051__GC0, 
case__287: RAM__GB2, 
case__305: RAM__GB2, 
reg__230: RAM__GB2, 
case__304: RAM__GB1, 
case__224: RAM__GB1, 
decode: CPU8051__GC0, 
case__326: RAM__GB1, 
muxpart__169: RAM__GB2, 
reg__297: RAM__GB2, 
logic__2161: RAM__GB1, 
muxpart__228: RAM__GB3, 
muxpart__84: CPU8051__GC0, 
logic__1237: RAM__GB1, 
case__119: RAM__GB2, 
reg__271: RAM__GB1, 
logic__159: CPU8051__GC0, 
muxpart__173: RAM__GB3, 
logic__2066: RAM__GB2, 
reg__348: RAM__GB2, 
case__180: RAM__GB2, 
reg__43: CPU8051__GC0, 
case__80: RAM__GB2, 
muxpart__636: RAM__GB4, 
logic__1921: RAM__GB2, 
muxpart__344: RAM__GB1, 
case__254: RAM__GB2, 
muxpart__338: RAM__GB3, 
case__355: RAM__GB2, 
logic__885: RAM__GB2, 
case__232: RAM__GB1, 
muxpart__63: CPU8051__GC0, 
muxpart__271: RAM__GB1, 
reg__8: CPU8051__GC0, 
muxpart__439: RAM__GB4, 
muxpart__177: RAM__GB1, 
case__148: RAM__GB2, 
muxpart__267: RAM__GB3, 
case__58: CPU8051__GC0, 
reg__111: RAM__GB2, 
logic__2123: RAM__GB2, 
muxpart__683: RAM__GB4, 
case__23: CPU8051__GC0, 
logic__982: RAM__GB2, 
case__249: RAM__GB1, 
case__222: RAM__GB1, 
muxpart__45: CPU8051__GC0, 
logic__1261: RAM__GB2, 
case__338: RAM__GB1, 
case__315: RAM__GB1, 
case__28: CPU8051__GC0, 
case__376: RAM__GB2, 
sfr: CPU8051__GC0, 
reg__187: RAM__GB2, 
logic__1964: RAM__GB2, 
reg__239: RAM__GB1, 
reg__171: RAM__GB2, 
muxpart__360: RAM__GB3, 
muxpart__425: RAM__GB2, 
muxpart__477: RAM__GB4, 
muxpart__303: RAM__GB3, 
case__84: RAM__GB2, 
muxpart__27: CPU8051__GC0, 
muxpart__340: RAM__GB3, 
case__389: RAM__GB1, 
muxpart__568: RAM__GB4, 
logic__2445: RAM__GB2, 
logic__1770: RAM__GB1, 
muxpart__356: RAM__GB3, 
logic__1371: RAM__GB2, 
case__403: RAM__GB2, 
reg__183: RAM__GB2, 
case__88: RAM__GB2, 
muxpart__600: RAM__GB4, 
muxpart__162: RAM__GB3, 
logic__968: RAM__GB2, 
logic__2212: RAM__GB1, 
muxpart__235: RAM__GB3, 
logic__1181: RAM__GB2, 
logic__1150: RAM__GB2, 
case__298: RAM__GB2, 
reg__113: RAM__GB2, 
logic__47: CPU8051__GC0, 
muxpart__468: RAM__GB4, 
reg__264: RAM__GB2, 
muxpart__92: CPU8051__GC0, 
logic__196: CPU8051__GC0, 
case__316: RAM__GB1, 
logic__466: CPU8051__GC0, 
muxpart__96: CPU8051__GC0, 
logic__2536: RAM__GB1, 
reg__179: RAM__GB2, 
muxpart__586: RAM__GB4, 
muxpart__274: RAM__GB3, 
reg__303: RAM__GB1, 
logic__2361: RAM__GB2, 
muxpart__143: RAM__GB2, 
case__198: RAM__GB1, 
case__379: RAM__GB2, 
case__302: RAM__GB2, 
reg__343: RAM__GB2, 
reg__310: RAM__GB2, 
reg__126: RAM__GB2, 
reg__178: RAM__GB2, 
muxpart__609: RAM__GB4, 
reg__50: CPU8051__GC0, 
reg__170: RAM__GB2, 
logic__283: CPU8051__GC0, 
reg__241: RAM__GB1, 
logic__235: CPU8051__GC0, 
muxpart__437: RAM__GB4, 
case__331: RAM__GB2, 
reg__47: CPU8051__GC0, 
muxpart__582: RAM__GB4, 
muxpart__237: RAM__GB3, 
logic__1778: RAM__GB2, 
case__393: RAM__GB1, 
reg__98: RAM__GB2, 
muxpart__544: RAM__GB4, 
logic__2141: RAM__GB2, 
case__179: RAM__GB1, 
case__189: RAM__GB2, 
logic__2554: RAM__GB2, 
reg__97: RAM__GB2, 
reg__298: RAM__GB2, 
logic__1028: RAM__GB2, 
reg__2: CPU8051__GC0, 
case__60: RAM__GB3, 
muxpart__99: CPU8051__GC0, 
logic__1104: RAM__GB2, 
logic__2045: RAM__GB1, 
case__380: RAM__GB2, 
logic__2607: RAM__GB1, 
logic__398: CPU8051__GC0, 
reg__88: CPU8051__GC0, 
case__32: CPU8051__GC0, 
muxpart__250: RAM__GB3, 
muxpart__374: RAM__GB3, 
case__388: RAM__GB2, 
logic__1018: RAM__GB1, 
reg__41: CPU8051__GC0, 
logic__2486: RAM__GB1, 
logic__1754: RAM__GB1, 
muxpart__473: RAM__GB4, 
muxpart__117: CPU8051__GC0, 
logic__2237: RAM__GB2, 
logic__1481: RAM__GB2, 
logic__1678: RAM__GB1, 
logic__1343: RAM__GB2, 
logic__415: CPU8051__GC0, 
muxpart__30: CPU8051__GC0, 
muxpart__591: RAM__GB4, 
muxpart__355: RAM__GB3, 
reg__53: CPU8051__GC0, 
datapath__14: CPU8051__GC0, 
muxpart__578: RAM__GB4, 
reg__131: RAM__GB2, 
reg__80: CPU8051__GC0, 
logic__808: RAM__GB2, 
reg__140: RAM__GB2, 
case__353: RAM__GB1, 
logic__1526: RAM__GB2, 
logic__456: CPU8051__GC0, 
reg__133: RAM__GB2, 
logic__2354: RAM__GB1, 
reg__320: RAM__GB2, 
logic__1503: RAM__GB1, 
muxpart__207: RAM__GB1, 
logic__1397: RAM__GB1, 
muxpart__123: CPU8051__GC0, 
case__412: RAM__GB2, 
reg__112: RAM__GB2, 
muxpart__682: RAM__GB4, 
muxpart__298: RAM__GB3, 
reg__21: CPU8051__GC0, 
case__34: CPU8051__GC0, 
muxpart__662: RAM__GB4, 
muxpart__603: RAM__GB4, 
reg__130: RAM__GB2, 
reg__231: RAM__GB1, 
muxpart__555: RAM__GB4, 
muxpart__383: RAM__GB1, 
muxpart__357: RAM__GB1, 
muxpart__126: CPU8051__GC0, 
logic__2273: RAM__GB1, 
muxpart__435: RAM__GB4, 
muxpart__596: RAM__GB4, 
reg__60: CPU8051__GC0, 
logic__1853: RAM__GB2, 
muxpart__157: RAM__GB3, 
muxpart__224: RAM__GB3, 
case__124: RAM__GB2, 
muxpart__234: RAM__GB3, 
logic__1439: RAM__GB2, 
case__375: RAM__GB2, 
muxpart__73: CPU8051__GC0, 
logic: CPU8051__GC0, 
muxpart__380: RAM__GB3, 
case__104: RAM__GB2, 
reg__270: RAM__GB2, 
logic__1197: RAM__GB2, 
muxpart__204: RAM__GB3, 
muxpart__354: RAM__GB3, 
muxpart__572: RAM__GB4, 
case__72: RAM__GB2, 
muxpart__418: RAM__GB2, 
reg__262: RAM__GB2, 
reg__151: RAM__GB2, 
muxpart__11: CPU8051__GC0, 
muxpart__176: RAM__GB2, 
logic__1558: RAM__GB2, 
logic__1407: RAM__GB1, 
muxpart__426: RAM__GB2, 
logic__1794: RAM__GB1, 
muxpart__598: RAM__GB4, 
logic__66: CPU8051__GC0, 
muxpart__192: RAM__GB2, 
datapath__12: CPU8051__GC0, 
logic__365: CPU8051__GC0, 
muxpart__43: CPU8051__GC0, 
logic__1667: RAM__GB2, 
reg__116: RAM__GB2, 
reg__141: RAM__GB2, 
muxpart__584: RAM__GB4, 
dist_mem_gen_0: CPU8051__GC0, 
logic__2291: RAM__GB1, 
reg__190: RAM__GB2, 
case__112: RAM__GB1, 
muxpart__631: RAM__GB4, 
muxpart__645: RAM__GB4, 
muxpart__218: RAM__GB3, 
muxpart__493: RAM__GB4, 
logic__1394: RAM__GB2, 
muxpart__471: RAM__GB4, 
case__345: RAM__GB1, 
muxpart__594: RAM__GB4, 
muxpart__194: RAM__GB2, 
case__116: RAM__GB2, 
logic__1424: RAM__GB1, 
logic__1245: RAM__GB2, 
reg__40: CPU8051__GC0, 
case__306: RAM__GB2, 
muxpart__301: RAM__GB1, 
case__262: RAM__GB2, 
reg__45: CPU8051__GC0, 
reg__192: RAM__GB2, 
muxpart__33: CPU8051__GC0, 
reg__162: RAM__GB2, 
logic__211: CPU8051__GC0, 
case__384: RAM__GB1, 
logic__1685: RAM__GB2, 
logic__1430: RAM__GB1, 
logic__920: RAM__GB2, 
logic__478: CPU8051__GC0, 
reg__181: RAM__GB2, 
logic__289: CPU8051__GC0, 
muxpart__655: RAM__GB4, 
logic__1826: RAM__GB1, 
muxpart__627: RAM__GB4, 
logic__947: RAM__GB2, 
logic__1459: RAM__GB2, 
reg__274: RAM__GB2, 
muxpart__342: RAM__GB3, 
case__92: RAM__GB1, 
logic__2649: RAM__GB1, 
logic__2450: RAM__GB1, 
logic__2621: RAM__GB2, 
reg__265: RAM__GB2, 
logic__1961: RAM__GB2, 
muxpart__14: CPU8051__GC0, 
reg__322: RAM__GB2, 
case__339: RAM__GB1, 
case__122: RAM__GB2, 
logic__2686: RAM__GB2, 
muxpart__111: CPU8051__GC0, 
reg__62: CPU8051__GC0, 
reg__93: CPU8051__GC0, 
muxpart__622: RAM__GB4, 
muxpart__501: RAM__GB4, 
reg__109: RAM__GB2, 
reg__157: RAM__GB2, 
case__299: RAM__GB1, 
logic__1260: RAM__GB2, 
case__294: RAM__GB1, 
muxpart__674: RAM__GB4, 
muxpart__668: RAM__GB4, 
muxpart__553: RAM__GB4, 
muxpart__500: RAM__GB4, 
case__416: RAM__GB3, 
muxpart__172: RAM__GB3, 
muxpart__336: RAM__GB1, 
logic__913: RAM__GB2, 
logic__1742: RAM__GB1, 
logic__2100: RAM__GB2, 
logic__1086: RAM__GB2, 
reg__119: RAM__GB2, 
reg__42: CPU8051__GC0, 
logic__179: CPU8051__GC0, 
reg__70: CPU8051__GC0, 
reg__307: RAM__GB2, 
logic__2203: RAM__GB2, 
muxpart__188: RAM__GB3, 
reg__346: RAM__GB3, 
logic__807: RAM__GB2, 
reg__219: RAM__GB2, 
muxpart__480: RAM__GB4, 
logic__1720: RAM__GB2, 
reg__196: RAM__GB2, 
muxpart__687: RAM__GB3, 
reg__228: RAM__GB2, 
muxpart__562: RAM__GB4, 
case__19: CPU8051__GC0, 
case__183: RAM__GB1, 
logic__2663: RAM__GB2, 
case__29: CPU8051__GC0, 
case__191: RAM__GB1, 
case__20: CPU8051__GC0, 
logic__388: CPU8051__GC0, 
logic__827: RAM__GB2, 
logic__302: CPU8051__GC0, 
reg__355: RAM__GB3, 
case__200: RAM__GB2, 
logic__1298: RAM__GB2, 
case__350: RAM__GB2, 
case__33: CPU8051__GC0, 
logic__1037: RAM__GB2, 
reg__293: RAM__GB1, 
reg__114: RAM__GB2, 
logic__2084: RAM__GB1, 
muxpart__151: RAM__GB2, 
logic__856: RAM__GB2, 
logic__2118: RAM__GB2, 
case__175: RAM__GB1, 
reg__260: RAM__GB2, 
reg__226: RAM__GB2, 
muxpart__534: RAM__GB4, 
logic__354: CPU8051__GC0, 
logic__896: RAM__GB2, 
reg__139: RAM__GB2, 
logic__1378: RAM__GB2, 
reg__243: RAM__GB2, 
logic__1034: RAM__GB2, 
muxpart__601: RAM__GB4, 
muxpart__198: RAM__GB1, 
muxpart__244: RAM__GB3, 
logic__1699: RAM__GB1, 
case__55: CPU8051__GC0, 
case__106: RAM__GB1, 
reg__101: RAM__GB2, 
logic__1454: RAM__GB2, 
reg__64: CPU8051__GC0, 
case__341: RAM__GB2, 
logic__974: RAM__GB2, 
muxpart__184: RAM__GB2, 
muxpart__135: CPU8051__GC0, 
muxpart__566: RAM__GB4, 
reg__20: CPU8051__GC0, 
muxpart__165: RAM__GB2, 
logic__1640: RAM__GB2, 
logic__1326: RAM__GB2, 
logic__1478: RAM__GB2, 
muxpart__505: RAM__GB4, 
case__182: RAM__GB1, 
muxpart__294: RAM__GB1, 
muxpart__593: RAM__GB4, 
reg__221: RAM__GB2, 
reg__96: CPU8051__GC0, 
case__220: RAM__GB1, 
logic__1113: RAM__GB1, 
muxpart__19: CPU8051__GC0, 
logic__1641: RAM__GB2, 
muxpart__518: RAM__GB4, 
reg__79: CPU8051__GC0, 
logic__226: CPU8051__GC0, 
case__374: RAM__GB2, 
muxpart__225: RAM__GB2, 
case__286: RAM__GB2, 
case__120: RAM__GB2, 
case__352: RAM__GB1, 
muxpart__113: CPU8051__GC0, 
muxpart__529: RAM__GB4, 
logic__1205: RAM__GB3, 
muxpart__203: RAM__GB2, 
case__154: RAM__GB2, 
logic__1438: RAM__GB2, 
reg__305: RAM__GB1, 
logic__2572: RAM__GB2, 
muxpart__166: RAM__GB3, 
muxpart__624: RAM__GB4, 
case__141: RAM__GB1, 
case__418: RAM__GB3, 
logic__1006: RAM__GB1, 
case__292: RAM__GB2, 
muxpart__409: RAM__GB1, 
logic__2652: RAM__GB1, 
reg__349: RAM__GB2, 
muxpart__364: RAM__GB3, 
reg__54: CPU8051__GC0, 
logic__170: CPU8051__GC0, 
logic__1364: RAM__GB2, 
case__372: RAM__GB2, 
logic__205: CPU8051__GC0, 
reg__256: RAM__GB2, 
datapath: CPU8051__GC0, 
reg__37: CPU8051__GC0, 
case__199: RAM__GB2, 
case__63: RAM__GB2, 
reg__189: RAM__GB2, 
case__18: CPU8051__GC0, 
muxpart__652: RAM__GB4, 
case__257: RAM__GB1, 
muxpart__69: CPU8051__GC0, 
logic__324: CPU8051__GC0, 
reg__18: CPU8051__GC0, 
muxpart__610: RAM__GB4, 
logic__1523: RAM__GB2, 
reg__144: RAM__GB2, 
muxpart__240: RAM__GB1, 
muxpart__62: CPU8051__GC0, 
muxpart__469: RAM__GB4, 
reg__287: RAM__GB2, 
logic__341: CPU8051__GC0, 
muxpart__35: CPU8051__GC0, 
logic__2723: RAM__GB3, 
reg__158: RAM__GB2, 
logic__2319: RAM__GB2, 
logic__531: CPU8051__GC0, 
muxpart__443: RAM__GB4, 
muxpart__278: RAM__GB3, 
reg__326: RAM__GB1, 
muxpart__102: CPU8051__GC0, 
muxpart__535: RAM__GB4, 
logic__1130: RAM__GB1, 
reg__121: RAM__GB2, 
case__166: RAM__GB2, 
logic__469: CPU8051__GC0, 
case__158: RAM__GB1, 
logic__2541: RAM__GB1, 
reg__90: CPU8051__GC0, 
logic__2449: RAM__GB2, 
case__57: CPU8051__GC0, 
logic__2675: RAM__GB2, 
muxpart__105: CPU8051__GC0, 
logic__239: CPU8051__GC0, 
logic__1576: RAM__GB1, 
muxpart__465: RAM__GB4, 
muxpart__389: RAM__GB3, 
logic__1836: RAM__GB2, 
logic__2642: RAM__GB2, 
logic__2495: RAM__GB1, 
case__109: RAM__GB1, 
muxpart__90: CPU8051__GC0, 
reg__92: CPU8051__GC0, 
case__363: RAM__GB2, 
muxpart__211: RAM__GB3, 
logic__294: CPU8051__GC0, 
muxpart__557: RAM__GB4, 
muxpart__223: RAM__GB3, 
logic__2463: RAM__GB1, 
muxpart__398: RAM__GB2, 
muxpart__608: RAM__GB4, 
logic__403: CPU8051__GC0, 
muxpart__266: RAM__GB3, 
reg__223: RAM__GB2, 
case__260: RAM__GB1, 
muxpart__482: RAM__GB4, 
logic__2284: RAM__GB2, 
logic__2156: RAM__GB1, 
case__137: RAM__GB2, 
logic__2414: RAM__GB1, 
case__274: RAM__GB1, 
logic__1971: RAM__GB2, 
logic__2129: RAM__GB1, 
case__413: RAM__GB3, 
muxpart__507: RAM__GB4, 
logic__2563: RAM__GB2, 
muxpart__605: RAM__GB4, 
muxpart__253: RAM__GB1, 
reg__49: CPU8051__GC0, 
case__309: RAM__GB2, 
reg__63: CPU8051__GC0, 
case__38: CPU8051__GC0, 
muxpart__362: RAM__GB3, 
muxpart__144: RAM__GB2, 
case__126: RAM__GB2, 
case__184: RAM__GB1, 
muxpart__309: RAM__GB3, 
reg__328: RAM__GB2, 
muxpart__538: RAM__GB4, 
case__335: RAM__GB3, 
datapath__10: CPU8051__GC0, 
logic__2575: RAM__GB1, 
case__216: RAM__GB3, 
logic__1829: RAM__GB2, 
logic__1818: RAM__GB1, 
muxpart__115: CPU8051__GC0, 
muxpart__677: RAM__GB4, 
muxpart__548: RAM__GB4, 
case__281: RAM__GB2, 
reg__217: RAM__GB1, 
case__91: RAM__GB2, 
logic__1402: RAM__GB1, 
muxpart__97: CPU8051__GC0, 
muxpart__588: RAM__GB4, 
muxpart__467: RAM__GB4, 
logic__965: RAM__GB1, 
case__358: RAM__GB1, 
muxpart__466: RAM__GB4, 
muxpart__44: CPU8051__GC0, 
muxpart__226: RAM__GB1, 
reg__15: CPU8051__GC0, 
logic__2667: RAM__GB1, 
reg__48: CPU8051__GC0, 
case__351: RAM__GB1, 
logic__1723: RAM__GB3, 
muxpart__393: RAM__GB1, 
logic__1900: RAM__GB2, 
logic__312: CPU8051__GC0, 
muxpart__15: CPU8051__GC0, 
case__421: RAM__GB3, 
case__378: RAM__GB1, 
muxpart__463: RAM__GB4, 
muxpart__458: RAM__GB4, 
case__149: RAM__GB2, 
logic__256: CPU8051__GC0, 
muxpart__13: CPU8051__GC0, 
case__243: RAM__GB2, 
logic__1518: RAM__GB2, 
reg__304: RAM__GB2, 
logic__1188: RAM__GB2, 
muxpart__635: RAM__GB4, 
logic__1301: RAM__GB1, 
muxpart__526: RAM__GB4, 
reg__102: RAM__GB2, 
datapath__6: CPU8051__GC0, 
reg__285: RAM__GB2, 
muxpart__128: CPU8051__GC0, 
muxpart__322: RAM__GB1, 
case__165: RAM__GB2, 
muxpart__565: RAM__GB4, 
logic__2547: RAM__GB2, 
case__366: RAM__GB2, 
muxpart__484: RAM__GB4, 
logic__2375: RAM__GB3, 
logic__1311: RAM__GB1, 
logic__412: CPU8051__GC0, 
muxpart__54: CPU8051__GC0, 
case__101: RAM__GB2, 
reg__295: RAM__GB1, 
logic__1854: RAM__GB2, 
logic__168: CPU8051__GC0, 
muxpart__514: RAM__GB4, 
datapath__13: CPU8051__GC0, 
logic__2225: RAM__GB1, 
case__86: RAM__GB2, 
muxpart__318: RAM__GB3, 
logic__1992: RAM__GB1, 
reg__204: RAM__GB2, 
muxpart__628: RAM__GB4, 
muxpart__620: RAM__GB4, 
case__269: RAM__GB2, 
muxpart__685: RAM__GB3, 
muxpart__486: RAM__GB4, 
reg__336: RAM__GB2, 
reg__174: RAM__GB2, 
muxpart__415: RAM__GB2, 
logic__2009: RAM__GB2, 
reg__86: CPU8051__GC0, 
muxpart__449: RAM__GB4, 
muxpart__288: RAM__GB3, 
muxpart__430: RAM__GB4, 
muxpart__528: RAM__GB4, 
muxpart__531: RAM__GB4, 
muxpart__121: CPU8051__GC0, 
muxpart__498: RAM__GB4, 
reg__69: CPU8051__GC0, 
logic__106: CPU8051__GC0, 
case__241: RAM__GB1, 
case__342: RAM__GB2, 
logic__299: CPU8051__GC0, 
reg__258: RAM__GB2, 
muxpart__550: RAM__GB4, 
case__208: RAM__GB2, 
logic__1318: RAM__GB2, 
muxpart__462: RAM__GB4, 
logic__2174: RAM__GB1, 
muxpart__502: RAM__GB4, 
logic__2287: RAM__GB2, 
reg__324: RAM__GB2, 
muxpart__614: RAM__GB4, 
muxpart__414: RAM__GB2, 
muxpart__485: RAM__GB4, 
logic__2428: RAM__GB2, 
logic__465: CPU8051__GC0, 
muxpart__530: RAM__GB4, 
logic__2519: RAM__GB2, 
case__394: RAM__GB1, 
reg__89: CPU8051__GC0, 
muxpart__87: CPU8051__GC0, 
datapath__1: CPU8051__GC0, 
muxpart__388: RAM__GB1, 
reg__58: CPU8051__GC0, 
case__17: CPU8051__GC0, 
logic__2467: RAM__GB1, 
muxpart__626: RAM__GB4, 
muxpart__328: RAM__GB1, 
logic__1672: RAM__GB2, 
case__401: RAM__GB2, 
muxpart__496: RAM__GB4, 
logic__1057: RAM__GB2, 
reg__30: CPU8051__GC0, 
case__114: RAM__GB1, 
logic__1196: RAM__GB2, 
logic__383: CPU8051__GC0, 
reg__214: RAM__GB2, 
logic__2399: RAM__GB1, 
reg__163: RAM__GB2, 
muxpart__275: RAM__GB3, 
reg__247: RAM__GB1, 
muxpart__280: RAM__GB3, 
reg__331: RAM__GB2, 
logic__364: CPU8051__GC0, 
muxpart__406: RAM__GB1, 
muxpart__436: RAM__GB4, 
reg__288: RAM__GB2, 
reg__14: CPU8051__GC0, 
logic__1488: RAM__GB2, 
case__150: RAM__GB2, 
reg__232: RAM__GB2, 
logic__1995: RAM__GB2, 
logic__1292: RAM__GB2, 
reg__266: RAM__GB2, 
reg__108: RAM__GB2, 
logic__191: CPU8051__GC0, 
reg__32: CPU8051__GC0, 
muxpart__421: RAM__GB2, 
logic__1353: RAM__GB2, 
muxpart__257: RAM__GB3, 
logic__2578: RAM__GB1, 
muxpart__291: RAM__GB1, 
case__336: RAM__GB3, 
logic__2685: RAM__GB2, 
logic__2653: RAM__GB1, 
case__69: RAM__GB2, 
muxpart__504: RAM__GB4, 
logic__2357: RAM__GB2, 
logic__2108: RAM__GB1, 
logic__1580: RAM__GB1, 
logic__2266: RAM__GB2, 
case__176: RAM__GB1, 
reg__127: RAM__GB2, 
reg__117: RAM__GB2, 
logic__2660: RAM__GB2, 
case__365: RAM__GB2, 
reg__309: RAM__GB2, 
case__368: RAM__GB1, 
logic__1252: RAM__GB1, 
case__318: RAM__GB1, 
muxpart__159: RAM__GB2, 
muxpart__556: RAM__GB4, 
reg__16: CPU8051__GC0, 
muxpart__37: CPU8051__GC0, 
reg__104: RAM__GB2, 
logic__2381: RAM__GB1, 
case__314: RAM__GB3, 
reg__330: RAM__GB2, 
logic__1931: RAM__GB2, 
muxpart__658: RAM__GB4, 
muxpart__545: RAM__GB4, 
muxpart__516: RAM__GB4, 
case__138: RAM__GB2, 
logic__1240: RAM__GB2, 
logic__438: CPU8051__GC0, 
datapath__3: CPU8051__GC0, 
muxpart__675: RAM__GB4, 
case__322: RAM__GB2, 
muxpart__195: RAM__GB2, 
reg__94: CPU8051__GC0, 
reg__208: RAM__GB3, 
muxpart__114: CPU8051__GC0, 
muxpart__422: RAM__GB2, 
logic__1880: RAM__GB2, 
case__87: RAM__GB2, 
logic__2516: RAM__GB2, 
logic__2389: RAM__GB1, 
logic__526: CPU8051__GC0, 
dsp48e1: CPU8051__GC0, 
case__313: RAM__GB3, 
logic__5: CPU8051__GC0, 
muxpart__581: RAM__GB4, 
case__170: RAM__GB2, 
muxpart__512: RAM__GB4, 
muxpart__103: CPU8051__GC0, 
case__383: RAM__GB2, 
case__308: RAM__GB2, 
muxpart__583: RAM__GB4, 
muxpart__324: RAM__GB1, 
logic__846: RAM__GB2, 
logic__1653: RAM__GB1, 
logic__2603: RAM__GB2, 
logic__286: CPU8051__GC0, 
muxpart__616: RAM__GB4, 
muxpart__525: RAM__GB4, 
muxpart__376: RAM__GB1, 
muxpart__615: RAM__GB4, 
case__399: RAM__GB2, 
reg__39: CPU8051__GC0, 
case__37: CPU8051__GC0, 
logic__1361: RAM__GB1, 
logic__2719: RAM__GB3, 
logic__1131: RAM__GB2, 
muxpart__124: CPU8051__GC0, 
muxpart__189: RAM__GB2, 
reg__352: RAM__GB2, 
reg__67: CPU8051__GC0, 
muxpart__179: RAM__GB2, 
muxpart__455: RAM__GB4, 
reg__240: RAM__GB2, 
case__128: RAM__GB1, 
logic__1913: RAM__GB2, 
case__156: RAM__GB1, 
muxpart__205: RAM__GB2, 
muxpart__489: RAM__GB4, 
muxpart__456: RAM__GB4, 
muxpart__339: RAM__GB3, 
reg__252: RAM__GB2, 
logic__1517: RAM__GB1, 
muxpart__372: RAM__GB1, 
case__1: CPU8051__GC0, 
logic__1787: RAM__GB2, 
datapath__11: CPU8051__GC0, 
logic__2058: RAM__GB2, 
muxpart__523: RAM__GB4, 
logic__2490: RAM__GB1, 
logic__1601: RAM__GB2, 
logic__1448: RAM__GB2, 
muxpart__306: RAM__GB1, 
muxpart__112: CPU8051__GC0, 
muxpart__400: RAM__GB3, 
muxpart__41: CPU8051__GC0, 
reg__24: CPU8051__GC0, 
reg__31: CPU8051__GC0, 
logic__1804: RAM__GB1, 
case__139: RAM__GB2, 
muxpart__412: RAM__GB2, 
muxpart__77: CPU8051__GC0, 
muxpart__401: RAM__GB2, 
case__164: RAM__GB2, 
logic__2051: RAM__GB2, 
reg__91: CPU8051__GC0, 
logic__1954: RAM__GB2, 
muxpart__375: RAM__GB1, 
logic__939: RAM__GB2, 
reg: CPU8051__GC0, 
Interrupt_Controler: CPU8051__GC0, 
logic__2455: RAM__GB1, 
reg__156: RAM__GB2, 
muxpart__32: CPU8051__GC0, 
logic__2253: RAM__GB2, 
reg__225: RAM__GB2, 
logic__1698: RAM__GB1, 
case__397: RAM__GB2, 
muxpart__618: RAM__GB4, 
logic__105: CPU8051__GC0, 
logic__442: CPU8051__GC0, 
logic__2000: RAM__GB2, 
logic__1729: RAM__GB1, 
logic__1354: RAM__GB1, 
logic__2276: RAM__GB1, 
reg__55: CPU8051__GC0, 
reg__299: RAM__GB2, 
muxpart__59: CPU8051__GC0, 
muxpart__216: RAM__GB2, 
muxpart__23: CPU8051__GC0, 
case__261: RAM__GB2, 
logic__1423: RAM__GB1, 
muxpart__292: RAM__GB3, 
reg__142: RAM__GB2, 
muxpart__131: CPU8051__GC0, 
logic__1221: RAM__GB2, 
logic__2617: RAM__GB2, 
logic__2093: RAM__GB2, 
reg__13: CPU8051__GC0, 
case__337: RAM__GB1, 
case__236: RAM__GB2, 
muxpart__577: RAM__GB4, 
reg__175: RAM__GB2, 
logic__1790: RAM__GB2, 
case__73: RAM__GB2, 
reg__103: RAM__GB2, 
logic__1314: RAM__GB2, 
muxpart__259: RAM__GB1, 
case__48: CPU8051__GC0, 
muxpart__432: RAM__GB4, 
muxpart__541: RAM__GB4, 
muxpart__520: RAM__GB4, 
logic__542: RAM__GB3, 
muxpart__313: RAM__GB3, 
muxpart__296: RAM__GB1, 
muxpart__252: RAM__GB3, 
muxpart__264: RAM__GB3, 
case__245: RAM__GB2, 
case__371: RAM__GB2, 
case__310: RAM__GB1, 
case__190: RAM__GB1, 
reg__87: CPU8051__GC0, 
muxpart__639: RAM__GB4, 
case__311: RAM__GB2, 
logic__1759: RAM__GB1, 
reg__182: RAM__GB2, 
reg__268: RAM__GB2, 
muxpart__429: RAM__GB4, 
case__295: RAM__GB1, 
case__169: RAM__GB2, 
muxpart__50: CPU8051__GC0, 
case__276: RAM__GB2, 
case: CPU8051__GC0, 
logic__1541: RAM__GB2, 
muxpart__16: CPU8051__GC0, 
muxpart__231: RAM__GB1, 
reg__301: RAM__GB2, 
case__66: RAM__GB2, 
logic__1906: RAM__GB2, 
case__151: RAM__GB1, 
case__90: RAM__GB2, 
muxpart__256: RAM__GB1, 
muxpart__351: RAM__GB3, 
muxpart__666: RAM__GB4, 
muxpart__478: RAM__GB4, 
logic__2533: RAM__GB1, 
muxpart__434: RAM__GB4, 
muxpart__561: RAM__GB4, 
case__118: RAM__GB2, 
muxpart__190: RAM__GB3, 
datapath__9: CPU8051__GC0, 
reg__29: CPU8051__GC0, 
muxpart__359: RAM__GB3, 
muxpart__276: RAM__GB3, 
muxpart__634: RAM__GB4, 
muxpart__31: CPU8051__GC0, 
case__161: RAM__GB1, 
case__321: RAM__GB1, 
case__273: RAM__GB1, 
case__188: RAM__GB2, 
logic__1649: RAM__GB1, 
muxpart__391: RAM__GB1, 
case__214: RAM__GB1, 
muxpart__187: RAM__GB3, 
reg__340: RAM__GB2, 
case__172: RAM__GB2, 
reg__33: CPU8051__GC0, 
muxpart__411: RAM__GB2, 
reg__65: CPU8051__GC0, 
muxpart__200: RAM__GB3, 
muxpart__290: RAM__GB3, 
case__334: RAM__GB1, 
muxpart__445: RAM__GB4, 
logic__57: CPU8051__GC0, 
muxpart__270: RAM__GB1, 
muxpart__686: RAM__GB3, 
case__343: RAM__GB1, 
logic__496: CPU8051__GC0, 
case__428: RAM__GB3, 
logic__1782: RAM__GB2, 
logic__1070: RAM__GB2, 
logic__1287: RAM__GB2, 
case__113: RAM__GB2, 
logic__1568: RAM__GB1, 
case__307: RAM__GB1, 
reg__347: RAM__GB2, 
muxpart__532: RAM__GB4, 
case__59: RAM__GB3, 
case__206: RAM__GB1, 
muxpart__312: RAM__GB1, 
reg__354: RAM__GB3, 
logic__1897: RAM__GB2, 
logic__63: CPU8051__GC0, 
muxpart__403: RAM__GB1, 
case__193: RAM__GB2, 
reg__138: RAM__GB2, 
muxpart__47: CPU8051__GC0, 
muxpart__506: RAM__GB4, 
muxpart__52: CPU8051__GC0, 
case__125: RAM__GB3, 
muxpart__261: RAM__GB1, 
logic__2182: RAM__GB1, 
reg__209: RAM__GB2, 
muxpart__185: RAM__GB1, 
reg__5: CPU8051__GC0, 
reg__110: RAM__GB2, 
logic__1089: RAM__GB1, 
logic__1466: RAM__GB2, 
muxpart__671: RAM__GB4, 
case__155: RAM__GB1, 
muxpart__637: RAM__GB4, 
logic__1686: RAM__GB1, 
case__76: RAM__GB2, 
logic__274: CPU8051__GC0, 
muxpart__213: RAM__GB2, 
logic__25: CPU8051__GC0, 
muxpart__233: RAM__GB3, 
logic__2147: RAM__GB2, 
muxpart__158: RAM__GB2, 
logic__321: CPU8051__GC0, 
muxpart__567: RAM__GB4, 
muxpart__88: CPU8051__GC0, 
logic__2542: RAM__GB2, 
case__409: RAM__GB2, 
logic__85: CPU8051__GC0, 
case__278: RAM__GB2, 
muxpart__408: RAM__GB1, 
reg__56: CPU8051__GC0, 
reg__350: RAM__GB2, 
reg__164: RAM__GB2, 
muxpart__39: CPU8051__GC0, 
muxpart__118: CPU8051__GC0, 
reg__7: CPU8051__GC0, 
muxpart__590: RAM__GB4, 
muxpart__499: RAM__GB4, 
case__203: RAM__GB1, 
logic__255: CPU8051__GC0, 
logic__439: CPU8051__GC0, 
case__415: RAM__GB3, 
muxpart__494: RAM__GB4, 
reg__224: RAM__GB2, 
logic__541: RAM__GB3, 
muxpart__230: RAM__GB3, 
datapath__15: RAM__GB3, 
reg__341: RAM__GB2, 
muxpart__597: RAM__GB4, 
case__81: RAM__GB3, 
reg__259: RAM__GB1, 
reg__357: RAM__GB3, 
case__405: RAM__GB3, 
muxpart__378: RAM__GB1, 
logic__307: CPU8051__GC0, 
muxpart__625: RAM__GB4, 
logic__534: RAM__GB3, 
case__221: RAM__GB1, 
reg__34: CPU8051__GC0, 
logic__826: RAM__GB3, 
logic__2664: RAM__GB1, 
logic__2059: RAM__GB2, 
reg__146: RAM__GB2, 
muxpart__182: RAM__GB2, 
case__410: RAM__GB1, 
case__159: RAM__GB1, 
muxpart__85: CPU8051__GC0, 
muxpart__68: CPU8051__GC0, 
muxpart__262: RAM__GB3, 
logic__1346: RAM__GB2, 
logic__1783: RAM__GB2, 
logic__2407: RAM__GB1, 
muxpart__263: RAM__GB1, 
reg__25: CPU8051__GC0, 
muxpart__559: RAM__GB4, 
case__387: RAM__GB2, 
muxpart__308: RAM__GB1, 
muxpart__64: CPU8051__GC0, 
muxpart__361: RAM__GB1, 
case__258: RAM__GB2, 
muxpart__57: CPU8051__GC0, 
case__153: RAM__GB2, 
logic__1066: RAM__GB2, 
muxpart__279: RAM__GB1, 
logic__1985: RAM__GB2, 
muxpart__661: RAM__GB4, 
logic__1107: RAM__GB1, 
logic__1864: RAM__GB2, 
reg__263: RAM__GB1, 
muxpart__107: CPU8051__GC0, 
muxpart__48: CPU8051__GC0, 
case__105: RAM__GB1, 
case__140: RAM__GB2, 
logic__363: CPU8051__GC0, 
muxpart__519: RAM__GB4, 
muxpart__106: CPU8051__GC0, 
logic__1370: RAM__GB2, 
case__102: RAM__GB1, 
muxpart__448: RAM__GB4, 
case__344: RAM__GB1, 
logic__447: CPU8051__GC0, 
muxpart__307: RAM__GB3, 
muxpart__611: RAM__GB4, 
case__145: RAM__GB2, 
case__255: RAM__GB1, 
reg__57: CPU8051__GC0, 
case__354: RAM__GB1, 
logic__419: CPU8051__GC0, 
muxpart__104: CPU8051__GC0, 
logic__1977: RAM__GB2, 
logic__492: CPU8051__GC0, 
logic__1801: RAM__GB1, 
case__197: RAM__GB2, 
muxpart__110: CPU8051__GC0, 
logic__2611: RAM__GB1, 
RAM__GB2: RAM__GB2, 
muxpart__515: RAM__GB4, 
case__171: RAM__GB2, 
case__44: CPU8051__GC0, 
reg__249: RAM__GB2, 
case__332: RAM__GB1, 
logic__1626: RAM__GB2, 
muxpart__649: RAM__GB4, 
muxpart__272: RAM__GB3, 
muxpart__335: RAM__GB1, 
logic__2442: RAM__GB2, 
logic__975: RAM__GB2, 
logic__2281: RAM__GB1, 
case__134: RAM__GB2, 
datapath__8: CPU8051__GC0, 
reg__197: RAM__GB1, 
muxpart__66: CPU8051__GC0, 
muxpart__444: RAM__GB4, 
muxpart__193: RAM__GB3, 
muxpart__370: RAM__GB3, 
case__162: RAM__GB1, 
logic__11: CPU8051__GC0, 
case__107: RAM__GB2, 
alu_unit: CPU8051__GC0, 
logic__2041: RAM__GB1, 
muxpart__161: RAM__GB1, 
reg__145: RAM__GB2, 
reg__85: CPU8051__GC0, 
logic__1414: RAM__GB1, 
case__54: CPU8051__GC0, 
case__53: CPU8051__GC0, 
case__51: CPU8051__GC0, 
reg__316: RAM__GB2, 
muxpart__396: RAM__GB3, 
case__264: RAM__GB2, 
case__395: RAM__GB1, 
logic__1703: RAM__GB1, 
logic__893: RAM__GB2, 
logic__1937: RAM__GB2, 
case__218: RAM__GB2, 
muxpart__7: CPU8051__GC0, 
logic__2568: RAM__GB2, 
logic__124: CPU8051__GC0, 
logic__2077: RAM__GB1, 
logic__2211: RAM__GB2, 
muxpart__156: RAM__GB3, 
muxpart__174: RAM__GB3, 
muxpart__352: RAM__GB3, 
logic__1140: RAM__GB1, 
reg__279: RAM__GB1, 
case__168: RAM__GB2, 
muxpart__82: CPU8051__GC0, 
reg__172: RAM__GB2, 
reg__292: RAM__GB2, 
logic__2693: RAM__GB1, 
logic__2168: RAM__GB1, 
reg__136: RAM__GB2, 
case__133: RAM__GB2, 
muxpart__141: RAM__GB2, 
case__31: CPU8051__GC0, 
muxpart__305: RAM__GB3, 
muxpart__424: RAM__GB2, 
muxpart__337: RAM__GB3, 
muxpart__612: RAM__GB4, 
logic__2696: RAM__GB1, 
muxpart__392: RAM__GB1, 
logic__2094: RAM__GB2, 
reg__160: RAM__GB2, 
logic__393: CPU8051__GC0, 
reg__44: CPU8051__GC0, 
reg__9: CPU8051__GC0, 
muxpart__242: RAM__GB3, 
logic__1728: RAM__GB3, 
muxpart__533: RAM__GB4, 
logic__2038: RAM__GB1, 
logic__2513: RAM__GB2, 
reg__51: CPU8051__GC0, 
muxpart__219: RAM__GB3, 
muxpart__619: RAM__GB4, 
case__247: RAM__GB2, 
reg__344: RAM__GB2, 
case__61: RAM__GB2, 
logic__838: RAM__GB2, 
muxpart__563: RAM__GB4, 
RAM__GB1: RAM__GB1, 
muxpart__413: RAM__GB2, 
case__377: RAM__GB1, 
case__98: RAM__GB2, 
logic__2682: RAM__GB2, 
logic__2606: RAM__GB2, 
case__39: CPU8051__GC0, 
logic__845: RAM__GB2, 
case__177: RAM__GB1, 
muxpart__152: RAM__GB2, 
muxpart__397: RAM__GB1, 
muxpart__522: RAM__GB4, 
logic__2498: RAM__GB2, 
logic__1166: RAM__GB2, 
logic__2333: RAM__GB2, 
logic__2483: RAM__GB1, 
muxpart__232: RAM__GB3, 
muxpart__551: RAM__GB4, 
logic__2422: RAM__GB2, 
logic__1273: RAM__GB2, 
logic__2699: RAM__GB2, 
case__21: CPU8051__GC0, 
case__317: RAM__GB1, 
muxpart__440: RAM__GB4, 
case__219: RAM__GB2, 
logic__2402: RAM__GB2, 
logic__427: CPU8051__GC0, 
muxpart__350: RAM__GB3, 
muxpart__517: RAM__GB4, 
muxpart__170: RAM__GB2, 
case__111: RAM__GB1, 
muxpart__116: CPU8051__GC0, 
logic__60: CPU8051__GC0, 
case__414: RAM__GB3, 
muxpart__206: RAM__GB3, 
muxpart__163: RAM__GB1, 
case__279: RAM__GB1, 
case__174: RAM__GB1, 
logic__1058: RAM__GB1, 
execute: CPU8051__GC0, 
logic__2372: RAM__GB2, 
case__207: RAM__GB2, 
reg__71: CPU8051__GC0, 
logic__2224: RAM__GB2, 
case__27: CPU8051__GC0, 
reg__27: CPU8051__GC0, 
logic__2614: RAM__GB2, 
logic__1445: RAM__GB2, 
logic__2634: RAM__GB1, 
muxpart__199: RAM__GB2, 
muxpart__459: RAM__GB4, 
logic__816: RAM__GB2, 
case__364: RAM__GB2, 
muxpart__602: RAM__GB4, 
reg__315: RAM__GB2, 
logic__957: RAM__GB2, 
case__77: RAM__GB2, 
muxpart__196: RAM__GB2, 
muxpart__452: RAM__GB4, 
logic__1837: RAM__GB1, 
muxpart__587: RAM__GB4, 
datapath__4: CPU8051__GC0, 
logic__2258: RAM__GB2, 
muxpart__168: RAM__GB3, 
muxpart__247: RAM__GB3, 
muxpart__265: RAM__GB3, 
case__283: RAM__GB1, 
muxpart__140: RAM__GB2, 
muxpart__120: CPU8051__GC0, 
muxpart__319: RAM__GB1, 
logic__382: CPU8051__GC0, 
logic__1681: RAM__GB2, 
logic__1530: RAM__GB2, 
logic__2506: RAM__GB1, 
logic__2380: RAM__GB3, 
muxpart__546: RAM__GB4, 
muxpart__492: RAM__GB4, 
muxpart__387: RAM__GB1, 
muxpart__536: RAM__GB4, 
logic__1575: RAM__GB2, 
muxpart__573: RAM__GB4, 
case__392: RAM__GB2, 
muxpart__269: RAM__GB3, 
logic__2270: RAM__GB2, 
logic__1433: RAM__GB2, 
case__117: RAM__GB2, 
logic__2150: RAM__GB2, 
reg__167: RAM__GB2, 
reg__314: RAM__GB2, 
reg__153: RAM__GB2, 
reg__152: RAM__GB2, 
case__333: RAM__GB2, 
logic__2637: RAM__GB2, 
logic__2366: RAM__GB2, 
case__234: RAM__GB1, 
reg__273: RAM__GB2, 
muxpart__585: RAM__GB4, 
case__213: RAM__GB1, 
logic__1635: RAM__GB2, 
reg__35: CPU8051__GC0, 
logic__2411: RAM__GB1, 
reg__323: RAM__GB2, 
ROM: CPU8051__GC0, 
muxpart__630: RAM__GB4, 
muxpart__333: RAM__GB3, 
reg__215: RAM__GB2, 
case__229: RAM__GB2, 
case__284: RAM__GB1, 
logic__1798: RAM__GB1, 
case__398: RAM__GB1, 
case__16: CPU8051__GC0, 
muxpart__589: RAM__GB4, 
logic__1617: RAM__GB2, 
reg__227: RAM__GB1, 
case__135: RAM__GB2, 
muxpart__684: RAM__GB3, 
case__423: RAM__GB3, 
logic__2325: RAM__GB2, 
logic__1121: RAM__GB2, 
muxpart__74: CPU8051__GC0, 
muxpart__607: RAM__GB4, 
case__100: RAM__GB2, 
muxpart__287: RAM__GB1, 
muxpart__281: RAM__GB1, 
CPU8051__GC0: CPU8051__GC0, 
case__205: RAM__GB2, 
muxpart__289: RAM__GB3, 
muxpart__669: RAM__GB4, 
muxpart__343: RAM__GB3, 
muxpart__503: RAM__GB4, 
logic__2349: RAM__GB1, 
muxpart__212: RAM__GB3, 
logic__1124: RAM__GB1, 
logic__1323: RAM__GB2, 
logic__2595: RAM__GB2, 
logic__1706: RAM__GB1, 
reg__38: CPU8051__GC0, 
logic__2560: RAM__GB1, 
logic__1691: RAM__GB1, 
case__240: RAM__GB2, 
muxpart__407: RAM__GB1, 
reg__212: RAM__GB2, 
logic__240: CPU8051__GC0, 
logic__2177: RAM__GB2, 
muxpart__395: RAM__GB2, 
reg__253: RAM__GB1, 
logic__2265: RAM__GB3, 
case__408: RAM__GB2, 
logic__1625: RAM__GB2, 
logic__2555: RAM__GB1, 
muxpart__314: RAM__GB3, 
reg__199: RAM__GB1, 
muxpart__326: RAM__GB3, 
reg__222: RAM__GB2, 
logic__1049: RAM__GB1, 
muxpart__332: RAM__GB3, 
muxpart__334: RAM__GB3, 
muxpart__642: RAM__GB4, 
logic__2242: RAM__GB1, 
logic__903: RAM__GB2, 
case__373: RAM__GB1, 
case__97: RAM__GB2, 
logic__1078: RAM__GB2, 
logic__835: RAM__GB2, 
case__349: RAM__GB2, 
case__217: RAM__GB1, 
muxpart__239: RAM__GB1, 
reg__23: CPU8051__GC0, 
muxpart__433: RAM__GB4, 
muxpart__8: CPU8051__GC0, 
logic__1255: RAM__GB2, 
logic__875: RAM__GB2, 
case__250: RAM__GB2, 
logic__1885: RAM__GB2, 
case__93: RAM__GB1, 
logic__1861: RAM__GB2, 
muxpart__130: CPU8051__GC0, 
logic__81: CPU8051__GC0, 
logic__2302: RAM__GB1, 
muxpart__171: RAM__GB1, 
reg__238: RAM__GB2, 
case__360: RAM__GB2, 
logic__1714: RAM__GB2, 
muxpart__137: CPU8051__GC0, 
muxpart__109: CPU8051__GC0, 
muxpart__446: RAM__GB4, 
logic__1877: RAM__GB1, 
reg__95: CPU8051__GC0, 
case__103: RAM__GB2, 
logic__1471: RAM__GB2, 
case__83: RAM__GB2, 
reg__66: CPU8051__GC0, 
muxpart__537: RAM__GB4, 
case__75: RAM__GB2, 
reg__291: RAM__GB2, 
logic__1907: RAM__GB2, 
case__196: RAM__GB2, 
case__115: RAM__GB2, 
reg__122: RAM__GB2, 
case__144: RAM__GB2, 
logic__1027: RAM__GB1, 
reg__302: RAM__GB2, 
RAM__GB4: RAM__GB4, 
reg__177: RAM__GB2, 
reg__206: RAM__GB2, 
case__325: RAM__GB2, 
case__347: RAM__GB1, 
reg__306: RAM__GB2, 
logic__1453: RAM__GB2, 
muxpart__399: RAM__GB1, 
logic__1870: RAM__GB2, 
muxpart__246: RAM__GB3, 
logic__2527: RAM__GB1, 
logic__1284: RAM__GB2, 
muxpart__21: CPU8051__GC0, 
muxpart__633: RAM__GB4, 
muxpart__327: RAM__GB3, 
case__233: RAM__GB1, 
logic__1266: RAM__GB2, 
case__271: RAM__GB1, 
muxpart__438: RAM__GB4, 
muxpart__304: RAM__GB3, 
case__152: RAM__GB2, 
case__319: RAM__GB2, 
muxpart__580: RAM__GB4, 
muxpart__521: RAM__GB4, 
reg__200: RAM__GB2, 
case__146: RAM__GB2, 
logic__1512: RAM__GB1, 
case__427: RAM__GB3, 
logic__2063: RAM__GB2, 
muxpart__574: RAM__GB4, 
reg__281: RAM__GB1, 
muxpart__495: RAM__GB4, 
logic__1269: RAM__GB2, 
muxpart__646: RAM__GB4, 
muxpart__558: RAM__GB4, 
logic__1202: RAM__GB2, 
reg__235: RAM__GB2, 
muxpart__647: RAM__GB4, 
logic__1509: RAM__GB1, 
muxpart__299: RAM__GB1, 
case__320: RAM__GB2, 
reg__261: RAM__GB2, 
logic__336: CPU8051__GC0, 
muxpart__282: RAM__GB3, 
logic__1928: RAM__GB1, 
muxpart__442: RAM__GB4, 
reg__125: RAM__GB2, 
muxpart__58: CPU8051__GC0, 
case__160: RAM__GB1, 
muxpart__119: CPU8051__GC0, 
muxpart__341: RAM__GB1, 
logic__1278: RAM__GB2, 
logic__2722: RAM__GB3, 
logic__1916: RAM__GB2, 
logic__1942: RAM__GB2, 
case__275: RAM__GB2, 
muxpart__632: RAM__GB4, 
logic__2473: RAM__GB2, 
logic__185: CPU8051__GC0, 
case__282: RAM__GB1, 
reg__213: RAM__GB2, 
case__391: RAM__GB2, 
logic__1173: RAM__GB2, 
case__212: RAM__GB1, 
muxpart__78: CPU8051__GC0, 
reg__308: RAM__GB2, 
case__187: RAM__GB1, 
logic__261: CPU8051__GC0, 
muxpart__248: RAM__GB3, 
logic__2318: RAM__GB2, 
program_counter: CPU8051__GC0, 
muxpart__258: RAM__GB3, 
logic__1388: RAM__GB2, 
logic__929: RAM__GB3, 
reg__100: RAM__GB2, 
reg__161: RAM__GB2, 
muxpart__510: RAM__GB4, 
case__417: RAM__GB3, 
logic__1191: RAM__GB2, 
muxpart__145: RAM__GB2, 
logic__501: CPU8051__GC0, 
logic__2462: RAM__GB1, 
muxpart__390: RAM__GB1, 
muxpart__447: RAM__GB4, 
case__300: RAM__GB2, 
case__230: RAM__GB2, 
logic__1096: RAM__GB1, 
logic__266: CPU8051__GC0, 
case__237: RAM__GB2, 
reg__300: RAM__GB2, 
muxpart__554: RAM__GB4, 
logic__2206: RAM__GB2, 
case__215: RAM__GB3, 
muxpart__202: RAM__GB2, 
muxpart__641: RAM__GB4, 
logic__2164: RAM__GB1, 
reg__173: RAM__GB2, 
logic__1583: RAM__GB1, 
case__41: CPU8051__GC0, 
case__132: RAM__GB1, 
muxpart__539: RAM__GB4, 
reg__218: RAM__GB2, 
blk_mem_gen_0: RAM__GB3, 
reg__332: RAM__GB2, 
logic__150: CPU8051__GC0, 
logic__2033: RAM__GB1, 
muxpart__65: CPU8051__GC0, 
case__312: RAM__GB1, 
muxpart__680: RAM__GB4, 
case__270: RAM__GB2, 
muxpart__49: CPU8051__GC0, 
reg__276: RAM__GB2, 
muxpart__20: CPU8051__GC0, 
case__136: RAM__GB2, 
reg__327: RAM__GB2, 
logic__1137: RAM__GB2, 
logic__1610: RAM__GB2, 
reg__207: RAM__GB1, 
logic__487: CPU8051__GC0, 
case__36: CPU8051__GC0, 
muxpart__53: CPU8051__GC0, 
muxpart__663: RAM__GB4, 
muxpart__672: RAM__GB4, 
logic__1549: RAM__GB1, 
case__2: CPU8051__GC0, 
muxpart__229: RAM__GB1, 
muxpart__599: RAM__GB4, 
reg__284: RAM__GB2, 
muxpart__365: RAM__GB3, 
logic__1231: RAM__GB1, 
case__3: CPU8051__GC0, 
logic__1063: RAM__GB1, 
muxpart__260: RAM__GB1, 
case__82: RAM__GB2, 
logic__1230: RAM__GB1, 
case__43: CPU8051__GC0, 
reg__312: RAM__GB2, 
logic__1694: RAM__GB1, 
logic__1747: RAM__GB1, 
reg__72: CPU8051__GC0, 
RAM__GB3: RAM__GB3, 
case__256: RAM__GB2, 
logic__202: CPU8051__GC0, 
logic__2217: RAM__GB1, 
muxpart__368: RAM__GB1, 
case__201: RAM__GB1, 
datapath__7: CPU8051__GC0, 
muxpart__353: RAM__GB1, 
logic__1922: RAM__GB1, 
logic__217: CPU8051__GC0, 
muxpart__564: RAM__GB4, 
case__79: RAM__GB2, 
reg__132: RAM__GB2, 
muxpart__122: CPU8051__GC0, 
case__328: RAM__GB2, 
logic__2103: RAM__GB1, 
muxpart__249: RAM__GB3, 
logic__2458: RAM__GB1, 
case__280: RAM__GB2, 
muxpart__678: RAM__GB4, 
muxpart__508: RAM__GB4, 
case__330: RAM__GB2, 
logic__1182: RAM__GB2, 
muxpart__363: RAM__GB3, 
case__259: RAM__GB2, 
reg__319: RAM__GB2, 
reg__28: CPU8051__GC0, 
logic__1793: RAM__GB2, 
reg__255: RAM__GB2, 
logic__1755: RAM__GB1, 
reg__275: RAM__GB2, 
muxpart__454: RAM__GB4, 
reg__286: RAM__GB2, 
muxpart__613: RAM__GB4, 
logic__2624: RAM__GB2, 
reg__311: RAM__GB2, 
reg__78: CPU8051__GC0, 
logic__1160: RAM__GB2, 
case__127: RAM__GB1, 
logic__1737: RAM__GB2, 
muxpart__461: RAM__GB4, 
reg__313: RAM__GB2, 
logic__360: CPU8051__GC0, 
case__359: RAM__GB1, 
muxpart__648: RAM__GB4, 
case__422: RAM__GB3, 
muxpart__227: RAM__GB3, 
muxpart__149: RAM__GB2, 
logic__2132: RAM__GB2, 
muxpart__83: CPU8051__GC0, 
muxpart__60: CPU8051__GC0, 
muxpart__153: RAM__GB1, 
muxpart__251: RAM__GB3, 
logic__2670: RAM__GB2, 
case__185: RAM__GB2, 
muxpart__385: RAM__GB3, 
muxpart__71: CPU8051__GC0, 
case__35: CPU8051__GC0, 
muxpart__540: RAM__GB4, 
logic__1936: RAM__GB2, 
reg__61: CPU8051__GC0, 
muxpart__197: RAM__GB3, 
muxpart__222: RAM__GB3, 
muxpart__373: RAM__GB1, 
case__143: RAM__GB1, 
muxpart__653: RAM__GB4, 
muxpart__479: RAM__GB4, 
muxpart__236: RAM__GB3, 
logic__1555: RAM__GB1, 
muxpart__147: RAM__GB2, 
reg__188: RAM__GB2, 
reg__147: RAM__GB2, 
logic__176: CPU8051__GC0, 
muxpart__25: CPU8051__GC0, 
logic__2726: RAM__GB4, 
muxpart__297: RAM__GB1, 
muxpart__488: RAM__GB4, 
case__30: CPU8051__GC0, 
muxpart__670: RAM__GB4, 
muxpart__40: CPU8051__GC0, 
muxpart__381: RAM__GB3, 
case__56: CPU8051__GC0, 
logic__2646: RAM__GB2, 
logic__853: RAM__GB2, 
reg__202: RAM__GB2, 
datapath__5: CPU8051__GC0, 
muxpart__245: RAM__GB1, 
reg__280: RAM__GB3, 
muxpart__79: CPU8051__GC0, 
logic__188: CPU8051__GC0, 
muxpart__427_RAM: muxpart__427_RAM, 
case__225: RAM__GB1, 
muxpart__72: CPU8051__GC0, 
muxpart__382: RAM__GB3, 
case__195: RAM__GB1, 
logic__474: CPU8051__GC0, 
muxpart__94: CPU8051__GC0, 
logic__1021: RAM__GB1, 
muxpart__311: RAM__GB1, 
logic__1167: RAM__GB2, 
logic__1011: RAM__GB1, 
reg__269: RAM__GB2, 
case__293: RAM__GB1, 
logic__1042: RAM__GB2, 
muxpart__70: CPU8051__GC0, 
muxpart__513: RAM__GB4, 
reg__105: RAM__GB2, 
logic__2109: RAM__GB2, 
muxpart__410: RAM__GB1, 
muxpart__164: RAM__GB2, 
muxpart__210: RAM__GB1, 
case__238: RAM__GB1, 
logic__384: CPU8051__GC0, 
case__406: RAM__GB1, 
muxpart__300: RAM__GB1, 
muxpart__673: RAM__GB4, 
reg__118: RAM__GB2, 
logic__1844: RAM__GB1, 
logic__1487: RAM__GB2, 
case__68: RAM__GB2, 
logic__238: CPU8051__GC0, 
reg__254: RAM__GB2, 
case__167: RAM__GB2, 
muxpart__178: RAM__GB2, 
muxpart__394: RAM__GB1, 
logic__2386: RAM__GB1, 
reg__353: RAM__GB3, 
logic__2309: RAM__GB1, 
muxpart__404: RAM__GB2, 
reg__194: RAM__GB2, 
muxpart__93: CPU8051__GC0, 
logic__2027: RAM__GB2, 
muxpart__542: RAM__GB4, 
logic__2334: RAM__GB1, 
logic__2006: RAM__GB2, 
reg__155: RAM__GB2, 
case__424: RAM__GB3, 
logic__1246: RAM__GB1, 
muxpart__441: RAM__GB4, 
logic__2710: RAM__GB3, 
logic__457: CPU8051__GC0, 
muxpart__75: CPU8051__GC0, 
muxpart__579: RAM__GB4, 
registers: CPU8051__GC0, 
logic__1114: RAM__GB2, 
muxpart__160: RAM__GB3, 
logic__1808: RAM__GB1, 
logic__919: RAM__GB2, 
logic__448: CPU8051__GC0, 
case__420: RAM__GB3, 
reg__81: CPU8051__GC0, 
logic__2186: RAM__GB1, 
case__267: RAM__GB2, 
logic__475: CPU8051__GC0, 
reg__73: CPU8051__GC0, 
logic__223: CPU8051__GC0, 
muxpart__293: RAM__GB1, 
logic__1847: RAM__GB2, 
case__95: RAM__GB1, 
logic__2169: RAM__GB1, 
logic__2512: RAM__GB2, 
logic__2470: RAM__GB2, 
reg__278: RAM__GB2, 
logic__521: CPU8051__GC0, 
case__296: RAM__GB1, 
logic__1387: RAM__GB1, 
case__244: RAM__GB1, 
logic__173: CPU8051__GC0, 
case__130: RAM__GB2, 
logic__484: CPU8051__GC0, 
muxpart__676: RAM__GB4, 
muxpart__277: RAM__GB1, 
case__381: RAM__GB2, 
case__231: RAM__GB1, 
case__64: RAM__GB2, 
logic__992: RAM__GB2, 
logic__1494: RAM__GB2, 
case__147: RAM__GB2, 
case__277: RAM__GB1, 
muxpart__285: RAM__GB3, 
case__289: RAM__GB2, 
reg__186: RAM__GB2, 
reg__1: CPU8051__GC0, 
case__223: RAM__GB1, 
reg__339: RAM__GB2, 
reg__345: RAM__GB2, 
logic__107: CPU8051__GC0, 
logic__193: CPU8051__GC0, 
case__96: RAM__GB2, 
logic__878: RAM__GB2, 
logic__1762: RAM__GB1, 
logic__2155: RAM__GB2, 
case__396: RAM__GB2, 
reg__59: CPU8051__GC0, 
logic__1594: RAM__GB2, 
cpu_fsm: CPU8051__GC0, 
muxpart__638: RAM__GB4, 
reg__198: RAM__GB2, 
reg__84: CPU8051__GC0, 
muxpart__552: RAM__GB4, 
muxpart__474: RAM__GB4, 
reg__169: RAM__GB2, 
muxpart__576: RAM__GB4, 
muxpart__379: RAM__GB3, 
reg__250: RAM__GB2, 
case__340: RAM__GB1, 
reg__82: CPU8051__GC0, 
reg__244: RAM__GB2, 
muxpart__476: RAM__GB4, 
logic__958: RAM__GB1, 
logic__2550: RAM__GB2, 
reg__135: RAM__GB2, 
case__62: RAM__GB2, 
logic__2692: RAM__GB3, 
case__370: RAM__GB2, 
reg__154: RAM__GB2, 
muxpart__367: RAM__GB1, 
logic__2024: RAM__GB2, 
muxpart__346: RAM__GB1, 
case__52: CPU8051__GC0, 
logic__378: CPU8051__GC0, 
muxpart__681: RAM__GB4, 
muxpart__659: RAM__GB4, 
reg__321: RAM__GB2, 
muxpart__9: CPU8051__GC0, 
logic__1001: RAM__GB1, 
logic__1664: RAM__GB2, 
case__348: RAM__GB1, 
case__357: RAM__GB1, 
logic__1462: RAM__GB2, 
muxpart__127: CPU8051__GC0, 
case__361: RAM__GB2, 
case__78: RAM__GB2, 
case__248: RAM__GB2, 
logic__330: CPU8051__GC0, 
logic__2245: RAM__GB2, 
case__251: RAM__GB2, 
reg__77: CPU8051__GC0, 
logic__214: CPU8051__GC0, 
muxpart__208: RAM__GB2, 
reg__272: RAM__GB2, 
reg__22: CPU8051__GC0, 
muxpart__154: RAM__GB2, 
case__400: RAM__GB2, 
muxpart__527: RAM__GB4, 
reg__176: RAM__GB2, 
case__178: RAM__GB1, 
logic__2013: RAM__GB2, 
muxpart__221: RAM__GB3, 
case__290: RAM__GB1, 
logic__1871: RAM__GB1, 
logic__2394: RAM__GB1, 
logic__1293: RAM__GB2, 
logic__1949: RAM__GB2, 
logic__2618: RAM__GB2, 
logic__1224: RAM__GB1, 
case__263: RAM__GB1, 
logic__1986: RAM__GB1, 
case__367: RAM__GB1, 
reg__334: RAM__GB2, 
logic__133: CPU8051__GC0, 
logic__220: CPU8051__GC0, 
muxpart__51: CPU8051__GC0, 
logic__2115: RAM__GB2, 
muxpart__643: RAM__GB4, 
muxpart__629: RAM__GB4, 
logic__538: RAM__GB3, 
reg__120: RAM__GB2, 
logic__991: RAM__GB2, 
muxpart__302: RAM__GB3, 
case__346: RAM__GB1, 
reg__166: RAM__GB2, 
muxpart__560: RAM__GB4, 
case__50: CPU8051__GC0, 
reg__210: RAM__GB2, 
reg__74: CPU8051__GC0, 
logic__343: CPU8051__GC0, 
muxpart__209: RAM__GB1, 
logic__2641: RAM__GB2, 
logic__2087: RAM__GB2, 
muxpart__295: RAM__GB3, 
muxpart__386: RAM__GB1, 
case__252: RAM__GB1, 
case__70: RAM__GB2, 
reg__205: RAM__GB2, 
muxpart__150: RAM__GB2, 
muxpart__284: RAM__GB1, 
logic__422: CPU8051__GC0, 
logic__1145: RAM__GB1, 
muxpart__241: RAM__GB1, 
reg__36: CPU8051__GC0, 
logic__1765: RAM__GB1, 
logic__318: CPU8051__GC0, 
muxpart__175: RAM__GB3, 
logic__2189: RAM__GB2, 
muxpart__416: RAM__GB2, 
logic__104: CPU8051__GC0, 
logic__1805: RAM__GB1, 
logic__2567: RAM__GB2, 
logic__2261: RAM__GB3, 
reg__220: RAM__GB2, 
case__85: RAM__GB1, 
reg__115: RAM__GB2, 
case__210: RAM__GB1, 
muxpart__428: RAM__GB4, 
logic__1052: RAM__GB2, 
reg__351: RAM__GB1, 
muxpart__423: RAM__GB1, 
logic__2328: RAM__GB2, 
logic__451: CPU8051__GC0, 
muxpart__457: RAM__GB4, 
reg__237: RAM__GB1, 
muxpart__377: RAM__GB1, 
muxpart__108: CPU8051__GC0, 
logic__2288: RAM__GB1, 
reg__234: RAM__GB2, 
reg__257: RAM__GB1, 
muxpart__470: RAM__GB4, 
case__285: RAM__GB1, 
logic__116: CPU8051__GC0, 
muxpart__371: RAM__GB3, 
logic__1734: RAM__GB1, 
logic__229: CPU8051__GC0, 
muxpart__451: RAM__GB4, 
reg__68: CPU8051__GC0, 
muxpart__325: RAM__GB3, 
reg__233: RAM__GB1, 
muxpart__132: CPU8051__GC0, 
case__65: RAM__GB2, 
case__356: RAM__GB1, 
case__228: RAM__GB1, 
muxpart__100: CPU8051__GC0, 
case__24: CPU8051__GC0, 
muxpart__460: RAM__GB4, 
logic__1571: RAM__GB2, 
reg__338: RAM__GB2, 
reg__195: RAM__GB1, 
logic__1305: RAM__GB1, 
muxpart__91: CPU8051__GC0, 
case__235: RAM__GB1, 
logic__2689: RAM__GB2, 
muxpart__61: CPU8051__GC0, 
muxpart__331: RAM__GB1, 
case__94: RAM__GB1, 
logic__1097: RAM__GB2, 
muxpart__101: CPU8051__GC0, 
logic__1497: RAM__GB1, 
muxpart__487: RAM__GB4, 
muxpart__273: RAM__GB1, 
logic__1750: RAM__GB1, 
logic__2197: RAM__GB2, 
muxpart__650: RAM__GB4, 
logic__1209: RAM__GB3, 
logic__1550: RAM__GB1, 
fetch: CPU8051__GC0, 
reg__358: RAM__GB3, 
logic__493: CPU8051__GC0, 
reg__26: CPU8051__GC0, 
case__25: CPU8051__GC0, 
muxpart__310: RAM__GB3, 
muxpart__315: RAM__GB3, 
logic__2340: RAM__GB1, 
logic__910: RAM__GB2, 
logic__1632: RAM__GB2, 
reg__283: RAM__GB2, 
logic__2181: RAM__GB2, 
muxpart__139: RAM__GB2, 
case__211: RAM__GB1, 
case__186: RAM__GB2, 
case__49: CPU8051__GC0, 
muxpart__17: CPU8051__GC0, 
muxpart__330: RAM__GB1, 
logic__54: CPU8051__GC0, 
case__110: RAM__GB2, 
reg__267: RAM__GB2, 
muxpart__665: RAM__GB4, 
muxpart__268: RAM__GB3, 
case__385: RAM__GB2, 
logic__950: RAM__GB2, 
logic__2248: RAM__GB2, 
reg__246: RAM__GB2, 
logic__2478: RAM__GB1, 
muxpart__660: RAM__GB4, 
logic__1176: RAM__GB2, 
reg__229: RAM__GB2, 
muxpart__36: CPU8051__GC0, 
logic__862: RAM__GB2, 
logic__2509: RAM__GB2, 
muxpart__524: RAM__GB4, 
logic__2588: RAM__GB1, 
logic__886: RAM__GB2, 
case__157: RAM__GB2, 
reg__289: RAM__GB1, 
case__202: RAM__GB1, 
reg__318: RAM__GB2, 
logic__1658: RAM__GB2, 
muxpart__142: RAM__GB2, 
muxpart__254: RAM__GB1, 
reg__129: RAM__GB2, 
reg__83: CPU8051__GC0, 
muxpart__220: RAM__GB2, 
logic__1157: RAM__GB2, 
logic__1741: RAM__GB2, 
muxpart__76: CPU8051__GC0, 
muxpart__24: CPU8051__GC0, 
muxpart__450: RAM__GB4, 
case__89: RAM__GB2, 
reg__148: RAM__GB2, 
muxpart__592: RAM__GB4, 
case__402: RAM__GB2, 
logic__2277: RAM__GB1, 
reg__6: CPU8051__GC0, 
reg__52: CPU8051__GC0, 
muxpart__604: RAM__GB4, 
muxpart__323: RAM__GB3, 
reg__191: RAM__GB1, 
reg__282: RAM__GB2, 
logic__1502: RAM__GB1, 
case__42: CPU8051__GC0, 
case__242: RAM__GB2, 
logic__243: CPU8051__GC0, 
reg__75: CPU8051__GC0, 
logic__2591: RAM__GB2, 
logic__1335: RAM__GB2, 
logic__934: RAM__GB3, 
case__142: RAM__GB1, 
case__301: RAM__GB1, 
muxpart__569: RAM__GB4, 
reg__317: RAM__GB2, 
muxpart__6: CPU8051__GC0, 
reg__333: RAM__GB2, 
logic__1611: RAM__GB2, 
reg__184: RAM__GB2, 
reg__143: RAM__GB2, 
logic__2018: RAM__GB2, 
muxpart__651: RAM__GB4, 
case__99: RAM__GB1, 
reg__150: RAM__GB2, 
case__404: RAM__GB3, 
muxpart__155: RAM__GB3, 
reg__248: RAM__GB2, 
muxpart__180: RAM__GB2, 
logic__1646: RAM__GB2, 
case__209: RAM__GB1, 
muxpart__481: RAM__GB4, 
muxpart__181: RAM__GB3, 
muxpart__358: RAM__GB3, 
muxpart__46: CPU8051__GC0, 
muxpart__453: RAM__GB4, 
case__327: RAM__GB2, 
muxpart__417: RAM__GB2, 
muxpart__148: RAM__GB2, 
reg__216: RAM__GB2, 
muxpart__497: RAM__GB4, 
logic__4: CPU8051__GC0, 
case__71: RAM__GB2, 
logic__232: CPU8051__GC0, 
reg__107: RAM__GB2, 
case__362: RAM__GB1, 
logic__1604: RAM__GB2, 
muxpart__89: CPU8051__GC0, 
muxpart__405: RAM__GB2, 
muxpart__419: RAM__GB2, 
logic__2054: RAM__GB2, 
datapath__2: CPU8051__GC0, 
muxpart__475: RAM__GB4, 
muxpart__606: RAM__GB4, 
muxpart__167: RAM__GB3, 
muxpart__640: RAM__GB4, 
reg__356: RAM__GB3, 
logic__2700: RAM__GB2, 
reg__236: RAM__GB2, 
logic__1970: RAM__GB2, 
muxpart__547: RAM__GB4, 
muxpart__511: RAM__GB4, 
muxpart__464: RAM__GB4, 
reg__337: RAM__GB2, 
reg__193: RAM__GB1, 
logic__2124: RAM__GB1, 
case__40: CPU8051__GC0, 
case__227: RAM__GB2, 
logic__381: CPU8051__GC0, 
logic__2233: RAM__GB2, 
logic__30: CPU8051__GC0, 
muxpart__431: RAM__GB4, 
logic__2406: RAM__GB2, 
logic__1043: RAM__GB1, 
logic__2343: RAM__GB2, 
muxpart__18: CPU8051__GC0, 
muxpart__571: RAM__GB4, 
muxpart: CPU8051__GC0, 
logic__535: RAM__GB3, 
muxpart__348: RAM__GB3, 
logic__2431: RAM__GB1, 
reg__123: RAM__GB2, 
reg__185: RAM__GB2, 
muxpart__570: RAM__GB4, 
reg__165: RAM__GB2, 
muxpart__12: CPU8051__GC0, 
logic__819: RAM__GB3, 
