Vivado Simulator v2024.2.0
Copyright 1986-2022 Xilinx, Inc. All Rights Reserved.
Copyright 2022-2024 Advanced Micro Devices, Inc. All Rights Reserved.
Running: /tools/Vivado/2024.2/bin/unwrapped/lnx64.o/xelab --incr --debug typical --relax --mt 8 -L xil_defaultlib -L fifo_generator_v13_2_11 -L unisims_ver -L unimacro_ver -L secureip -L xpm --snapshot ps2bus_behav xil_defaultlib.ps2bus xil_defaultlib.glbl -log elaborate.log 
Using 8 slave threads.
Starting static elaboration
Pass Through NonSizing Optimizer
WARNING: [VRFC 10-3091] actual bit length 8 differs from formal bit length 1 for port 'ps2_data' [/home/diana/Downloads/PS2_keyboardbus/PS2_keyboard/project_1.srcs/sim_1/new/ps2bus.v:24]
WARNING: [VRFC 10-3091] actual bit length 1 differs from formal bit length 8 for port 'data' [/home/diana/Downloads/PS2_keyboardbus/PS2_keyboard/project_1.srcs/sources_1/new/ps2_peripherals_showcase.v:42]
Completed static elaboration
Starting simulation data flow analysis
Completed simulation data flow analysis
Time Resolution for simulation is 1ps
Compiling module xil_defaultlib.custom_bus
Compiling module xil_defaultlib.ps2_keyboard
Compiling module fifo_generator_v13_2_11.fifo_generator_v13_2_11_bhv_ver_...
Compiling module fifo_generator_v13_2_11.fifo_generator_v13_2_11_CONV_VER...
Compiling module fifo_generator_v13_2_11.fifo_generator_vlog_beh(C_COMMON...
Compiling module xil_defaultlib.fifo_generator_0
Compiling module xil_defaultlib.ps2_peripheral
Compiling module xil_defaultlib.ps2_peripherals_showcase
Compiling module xil_defaultlib.ps2bus
Compiling module xil_defaultlib.glbl
Built simulation snapshot ps2bus_behav
