Time resolution is 1 ps
Stopped at time : 125 ns : File "/home/diana/Downloads/PS2_keyboardbus/PS2_keyboard/project_1.srcs/sources_1/new/ps2_bus.v" Line 84
Stopped at time : 135 ns : File "/home/diana/Downloads/PS2_keyboardbus/PS2_keyboard/project_1.srcs/sources_1/new/ps2_bus.v" Line 84
IDLE: Bit Count:  0, ps2_data: 0, Shift Reg: 000000000
CAPTURE: Bit Count:  0, ps2_data: 0, Shift Reg: 000000000
CAPTURE: Bit Count:  1, ps2_data: 0, Shift Reg: 000000000
CAPTURE: Bit Count:  2, ps2_data: 0, Shift Reg: 000000000
CAPTURE: Bit Count:  3, ps2_data: 0, Shift Reg: 000000000
CAPTURE: Bit Count:  4, ps2_data: 1, Shift Reg: 000000000
CAPTURE: Bit Count:  5, ps2_data: 1, Shift Reg: 100000000
CAPTURE: Bit Count:  6, ps2_data: 1, Shift Reg: 110000000
CAPTURE: Bit Count:  7, ps2_data: 1, Shift Reg: 111000000
Captured Shift Register: 111000000
PARITY: Bit Count:  0, ps2_data: 1, Shift Reg: 111100000
Parity Check Passed
IDLE: Bit Count:  0, ps2_data: 0, Shift Reg: 111100000
CAPTURE: Bit Count:  0, ps2_data: 0, Shift Reg: 000000000
CAPTURE: Bit Count:  1, ps2_data: 0, Shift Reg: 000000000
CAPTURE: Bit Count:  2, ps2_data: 1, Shift Reg: 000000000
CAPTURE: Bit Count:  3, ps2_data: 1, Shift Reg: 100000000
CAPTURE: Bit Count:  4, ps2_data: 1, Shift Reg: 110000000
CAPTURE: Bit Count:  5, ps2_data: 0, Shift Reg: 111000000
CAPTURE: Bit Count:  6, ps2_data: 0, Shift Reg: 011100000
CAPTURE: Bit Count:  7, ps2_data: 0, Shift Reg: 001110000
Captured Shift Register: 001110000
PARITY: Bit Count:  0, ps2_data: 0, Shift Reg: 000111000
Parity Check Passed
IDLE: Bit Count:  0, ps2_data: 0, Shift Reg: 000111000
CAPTURE: Bit Count:  0, ps2_data: 0, Shift Reg: 000000000
CAPTURE: Bit Count:  1, ps2_data: 0, Shift Reg: 000000000
CAPTURE: Bit Count:  2, ps2_data: 0, Shift Reg: 000000000
CAPTURE: Bit Count:  3, ps2_data: 0, Shift Reg: 000000000
CAPTURE: Bit Count:  4, ps2_data: 0, Shift Reg: 000000000
CAPTURE: Bit Count:  5, ps2_data: 1, Shift Reg: 000000000
CAPTURE: Bit Count:  6, ps2_data: 0, Shift Reg: 100000000
CAPTURE: Bit Count:  7, ps2_data: 1, Shift Reg: 010000000
Captured Shift Register: 010000000
PARITY: Bit Count:  0, ps2_data: 1, Shift Reg: 101000000
Parity Check Passed
IDLE: Bit Count:  0, ps2_data: 0, Shift Reg: 101000000
CAPTURE: Bit Count:  0, ps2_data: 0, Shift Reg: 000000000
CAPTURE: Bit Count:  1, ps2_data: 0, Shift Reg: 000000000
CAPTURE: Bit Count:  2, ps2_data: 1, Shift Reg: 000000000
CAPTURE: Bit Count:  3, ps2_data: 1, Shift Reg: 100000000
CAPTURE: Bit Count:  4, ps2_data: 1, Shift Reg: 110000000
CAPTURE: Bit Count:  5, ps2_data: 1, Shift Reg: 111000000
CAPTURE: Bit Count:  6, ps2_data: 0, Shift Reg: 111100000
CAPTURE: Bit Count:  7, ps2_data: 1, Shift Reg: 011110000
Captured Shift Register: 011110000
PARITY: Bit Count:  0, ps2_data: 0, Shift Reg: 101111000
Parity Check Passed
$finish called at time : 11870 ns : File "/home/diana/Downloads/PS2_keyboardbus/PS2_keyboard/project_1.srcs/sim_1/new/ps2bus.v" Line 107
