Vivado Simulator v2024.2.0
Copyright 1986-2022 Xilinx, Inc. All Rights Reserved.
Copyright 2022-2024 Advanced Micro Devices, Inc. All Rights Reserved.
Running: /tools/Xilinx/Vivado/2024.2/bin/unwrapped/lnx64.o/xelab --incr --debug typical --relax --mt 8 --maxdelay -L xil_defaultlib -L simprims_ver -L secureip --snapshot top_tb_time_synth -transport_int_delays -pulse_r 0 -pulse_int_r 0 -pulse_e 0 -pulse_int_e 0 xil_defaultlib.top_tb xil_defaultlib.glbl -log elaborate.log 
Using 8 slave threads.
Starting static elaboration
Pass Through NonSizing Optimizer
Completed static elaboration
Starting simulation data flow analysis
Completed simulation data flow analysis
INFO: [XSIM 43-3451] SDF backannotation process started with SDF file "top_tb_time_synth.sdf", for root module "top_tb/top_sim".
INFO: [XSIM 43-3452] SDF backannotation was successful for SDF file "top_tb_time_synth.sdf", for root module "top_tb/top_sim".
Time Resolution for simulation is 1ps
Compiling module simprims_ver.BUFG
Compiling module simprims_ver.IBUF
Compiling module simprims_ver.OBUF
Compiling module simprims_ver.LUT6
Compiling module simprims_ver.LUT5
Compiling module simprims_ver.FDCE_default
Compiling module simprims_ver.FDPE_default
Compiling module xil_defaultlib.dummy_peripheral1
Compiling module simprims_ver.GND
Compiling module simprims_ver.x_lut3_mux8
Compiling module simprims_ver.LUT3
Compiling module simprims_ver.x_lut2_mux4
Compiling module simprims_ver.LUT2
Compiling module simprims_ver.FDSE_default
Compiling module simprims_ver.x_lut1_mux2
Compiling module simprims_ver.LUT1
Compiling module simprims_ver.LUT4
Compiling module simprims_ver.FDRE_default
Compiling module simprims_ver.RB18_INTERNAL_VLOG(RAM_MODE="SDP...
Compiling module simprims_ver.RAMB18E1(RAM_MODE="SDP",READ_WID...
Compiling module xil_defaultlib.fifo_generator_0
Compiling module xil_defaultlib.ps2_keyboard
Compiling module xil_defaultlib.ps2_peripheral
Compiling module simprims_ver.CARRY4
Compiling module xil_defaultlib.timer0
Compiling module xil_defaultlib.timer_wrapper
Compiling module simprims_ver.latchsre_ldce
Compiling module simprims_ver.LDCE
Compiling module xil_defaultlib.BaudRateGenerator
Compiling module xil_defaultlib.UART_RX
Compiling module xil_defaultlib.UART_TX
Compiling module xil_defaultlib.UART
Compiling module xil_defaultlib.UART_Simple_Protocol_Wrapper
Compiling module xil_defaultlib.horizontal_counter
Compiling module xil_defaultlib.vertical_counter
Compiling module simprims_ver.RB36_INTERNAL_VLOG(DOA_REG=1,RAM...
Compiling module simprims_ver.RAMB36E1(DOA_REG=1,INIT_00=256'b...
Compiling module simprims_ver.RB36_INTERNAL_VLOG(DOA_REG=1,RAM...
Compiling module simprims_ver.RAMB36E1(DOA_REG=1,INIT_00=256'b...
Compiling module simprims_ver.RB18_INTERNAL_VLOG(DOA_REG=1,RDA...
Compiling module simprims_ver.RAMB18E1(DOA_REG=1,INIT_00=256'b...
Compiling module simprims_ver.RB18_INTERNAL_VLOG(DOA_REG=1,RDA...
Compiling module simprims_ver.RAMB18E1(DOA_REG=1,INIT_00=256'b...
Compiling module simprims_ver.RB36_INTERNAL_VLOG(DOA_REG=1,RAM...
Compiling module simprims_ver.RAMB36E1(DOA_REG=1,INIT_00=256'b...
Compiling module simprims_ver.RB36_INTERNAL_VLOG(DOA_REG=1,RAM...
Compiling module simprims_ver.RAMB36E1(DOA_REG=1,INIT_00=256'b...
Compiling module simprims_ver.RB36_INTERNAL_VLOG(DOA_REG=1,RAM...
Compiling module simprims_ver.RAMB36E1(DOA_REG=1,INIT_00=256'b...
Compiling module simprims_ver.RB36_INTERNAL_VLOG(DOA_REG=1,RAM...
Compiling module simprims_ver.RAMB36E1(DOA_REG=1,INIT_00=256'b...
Compiling module simprims_ver.RB18_INTERNAL_VLOG(DOA_REG=1,RDA...
Compiling module simprims_ver.RAMB18E1(DOA_REG=1,INIT_00=256'b...
Compiling module simprims_ver.RB36_INTERNAL_VLOG(DOA_REG=1,RAM...
Compiling module simprims_ver.RAMB36E1(DOA_REG=1,INIT_00=256'b...
Compiling module simprims_ver.RB36_INTERNAL_VLOG(DOA_REG=1,RAM...
Compiling module simprims_ver.RAMB36E1(DOA_REG=1,INIT_00=256'b...
Compiling module simprims_ver.RB36_INTERNAL_VLOG(DOA_REG=1,RAM...
Compiling module simprims_ver.RAMB36E1(DOA_REG=1,INIT_00=256'b...
Compiling module simprims_ver.RB36_INTERNAL_VLOG(DOA_REG=1,RAM...
Compiling module simprims_ver.RAMB36E1(DOA_REG=1,INIT_00=256'b...
Compiling module simprims_ver.RB36_INTERNAL_VLOG(DOA_REG=1,RDA...
Compiling module simprims_ver.RAMB36E1(DOA_REG=1,INIT_00=256'b...
Compiling module simprims_ver.RB36_INTERNAL_VLOG(DOA_REG=1,RAM...
Compiling module simprims_ver.RAMB36E1(DOA_REG=1,INIT_00=256'b...
Compiling module simprims_ver.RB36_INTERNAL_VLOG(DOA_REG=1,RAM...
Compiling module simprims_ver.RAMB36E1(DOA_REG=1,INIT_00=256'b...
Compiling module xil_defaultlib.blk_mem_gen_0
Compiling module simprims_ver.MUXF8
Compiling module simprims_ver.MUXF7
Compiling module simprims_ver.RAMD64E
Compiling module xil_defaultlib.RAM64M_UNIQ_BASE_
Compiling module xil_defaultlib.RAM64M_HD959
Compiling module xil_defaultlib.RAM64M_HD960
Compiling module xil_defaultlib.RAM64M_HD961
Compiling module xil_defaultlib.RAM64M_HD962
Compiling module xil_defaultlib.RAM64M_HD963
Compiling module xil_defaultlib.RAM64M_HD964
Compiling module xil_defaultlib.RAM64M_HD965
Compiling module xil_defaultlib.RAM64M_HD966
Compiling module xil_defaultlib.RAM64M_HD967
Compiling module xil_defaultlib.RAM64M_HD968
Compiling module xil_defaultlib.RAM64M_HD969
Compiling module xil_defaultlib.RAM64M_HD970
Compiling module xil_defaultlib.RAM64M_HD971
Compiling module xil_defaultlib.RAM64M_HD972
Compiling module xil_defaultlib.RAM64M_HD973
Compiling module xil_defaultlib.RAM64M_HD974
Compiling module xil_defaultlib.RAM64M_HD975
Compiling module xil_defaultlib.RAM64M_HD976
Compiling module xil_defaultlib.RAM64M_HD977
Compiling module xil_defaultlib.RAM64M_HD978
Compiling module xil_defaultlib.RAM64M_HD979
Compiling module xil_defaultlib.RAM64M_HD980
Compiling module xil_defaultlib.RAM64M_HD981
Compiling module xil_defaultlib.RAM64M_HD982
Compiling module xil_defaultlib.RAM64M_HD983
Compiling module xil_defaultlib.RAM64M_HD984
Compiling module xil_defaultlib.RAM64M_HD985
Compiling module xil_defaultlib.RAM64M_HD986
Compiling module xil_defaultlib.RAM64M_HD987
Compiling module xil_defaultlib.RAM64M_HD988
Compiling module xil_defaultlib.RAM64M_HD989
Compiling module xil_defaultlib.RAM64M_HD990
Compiling module xil_defaultlib.RAM64M_HD991
Compiling module xil_defaultlib.RAM64M_HD992
Compiling module xil_defaultlib.RAM64M_HD993
Compiling module xil_defaultlib.RAM64M_HD994
Compiling module xil_defaultlib.RAM64M_HD995
Compiling module xil_defaultlib.RAM64M_HD996
Compiling module xil_defaultlib.RAM64M_HD997
Compiling module xil_defaultlib.RAM64M_HD998
Compiling module xil_defaultlib.RAM64M_HD999
Compiling module xil_defaultlib.RAM64M_HD1000
Compiling module xil_defaultlib.RAM64M_HD1001
Compiling module xil_defaultlib.RAM64M_HD1002
Compiling module xil_defaultlib.RAM64M_HD1003
Compiling module xil_defaultlib.RAM64M_HD1004
Compiling module xil_defaultlib.RAM64M_HD1005
Compiling module xil_defaultlib.RAM64M_HD1006
Compiling module xil_defaultlib.RAM64M_HD1007
Compiling module xil_defaultlib.RAM64M_HD1008
Compiling module xil_defaultlib.RAM64M_HD1009
Compiling module xil_defaultlib.RAM64M_HD1010
Compiling module xil_defaultlib.RAM64M_HD1011
Compiling module xil_defaultlib.RAM64M_HD1012
Compiling module xil_defaultlib.RAM64M_HD1013
Compiling module xil_defaultlib.RAM64M_HD1014
Compiling module xil_defaultlib.RAM64M_HD1015
Compiling module xil_defaultlib.RAM64M_HD1016
Compiling module xil_defaultlib.RAM64M_HD1017
Compiling module xil_defaultlib.RAM64M_HD1018
Compiling module xil_defaultlib.RAM64M_HD1019
Compiling module xil_defaultlib.RAM64M_HD1020
Compiling module xil_defaultlib.RAM64M_HD1021
Compiling module xil_defaultlib.RAM64M_HD1022
Compiling module xil_defaultlib.RAM64M_HD1023
Compiling module xil_defaultlib.RAM64M_HD1024
Compiling module xil_defaultlib.RAM64M_HD1025
Compiling module xil_defaultlib.RAM64M_HD1026
Compiling module xil_defaultlib.RAM64M_HD1027
Compiling module xil_defaultlib.RAM64M_HD1028
Compiling module xil_defaultlib.RAM64M_HD1029
Compiling module xil_defaultlib.RAM64M_HD1030
Compiling module xil_defaultlib.RAM64M_HD1031
Compiling module xil_defaultlib.RAM64M_HD1032
Compiling module xil_defaultlib.RAM64M_HD1033
Compiling module xil_defaultlib.RAM64M_HD1034
Compiling module xil_defaultlib.RAM64M_HD1035
Compiling module xil_defaultlib.RAM64M_HD1036
Compiling module xil_defaultlib.RAM64M_HD1037
Compiling module xil_defaultlib.RAM64M_HD1038
Compiling module xil_defaultlib.RAM64M_HD1039
Compiling module xil_defaultlib.RAM64M_HD1040
Compiling module xil_defaultlib.RAM64M_HD1041
Compiling module xil_defaultlib.RAM64M_HD1042
Compiling module xil_defaultlib.RAM64M_HD1043
Compiling module xil_defaultlib.RAM64M_HD1044
Compiling module xil_defaultlib.RAM64M_HD1045
Compiling module xil_defaultlib.RAM64M_HD1046
Compiling module xil_defaultlib.RAM64M_HD1047
Compiling module xil_defaultlib.RAM64M_HD1048
Compiling module xil_defaultlib.RAM64M_HD1049
Compiling module xil_defaultlib.RAM64M_HD1050
Compiling module xil_defaultlib.RAM64M_HD1051
Compiling module xil_defaultlib.RAM64M_HD1052
Compiling module xil_defaultlib.RAM64M_HD1053
Compiling module xil_defaultlib.RAM64M_HD1054
Compiling module xil_defaultlib.RAM64M_HD1055
Compiling module xil_defaultlib.RAM64M_HD1056
Compiling module xil_defaultlib.RAM64M_HD1057
Compiling module xil_defaultlib.RAM64M_HD1058
Compiling module xil_defaultlib.RAM64M_HD1059
Compiling module xil_defaultlib.RAM64M_HD1060
Compiling module xil_defaultlib.RAM64M_HD1061
Compiling module xil_defaultlib.RAM64M_HD1062
Compiling module xil_defaultlib.RAM64M_HD1063
Compiling module xil_defaultlib.RAM64M_HD1064
Compiling module xil_defaultlib.RAM64M_HD1065
Compiling module xil_defaultlib.RAM64M_HD1066
Compiling module xil_defaultlib.RAM64M_HD1067
Compiling module xil_defaultlib.RAM64M_HD1068
Compiling module xil_defaultlib.RAM64M_HD1069
Compiling module xil_defaultlib.RAM64M_HD1070
Compiling module xil_defaultlib.RAM64M_HD1071
Compiling module xil_defaultlib.RAM64M_HD1072
Compiling module xil_defaultlib.RAM64M_HD1073
Compiling module xil_defaultlib.RAM64M_HD1074
Compiling module xil_defaultlib.RAM64M_HD1075
Compiling module xil_defaultlib.RAM64M_HD1076
Compiling module xil_defaultlib.RAM64M_HD1077
Compiling module xil_defaultlib.RAM64M_HD1078
Compiling module xil_defaultlib.RAM64M_HD1079
Compiling module xil_defaultlib.RAM64M_HD1080
Compiling module xil_defaultlib.RAM64M_HD1081
Compiling module xil_defaultlib.RAM64M_HD1082
Compiling module xil_defaultlib.RAM64M_HD1083
Compiling module xil_defaultlib.RAM64M_HD1084
Compiling module xil_defaultlib.RAM64M_HD1085
Compiling module xil_defaultlib.RAM64M_HD1086
Compiling module xil_defaultlib.RAM64M_HD1087
Compiling module xil_defaultlib.RAM64M_HD1088
Compiling module xil_defaultlib.RAM64M_HD1089
Compiling module xil_defaultlib.RAM64M_HD1090
Compiling module xil_defaultlib.RAM64M_HD1091
Compiling module xil_defaultlib.RAM64M_HD1092
Compiling module xil_defaultlib.RAM64M_HD1093
Compiling module xil_defaultlib.RAM64M_HD1094
Compiling module xil_defaultlib.RAM64M_HD1095
Compiling module xil_defaultlib.RAM64M_HD1096
Compiling module xil_defaultlib.RAM64M_HD1097
Compiling module xil_defaultlib.RAM64M_HD1098
Compiling module xil_defaultlib.RAM64M_HD1099
Compiling module xil_defaultlib.RAM64M_HD1100
Compiling module xil_defaultlib.RAM64M_HD1101
Compiling module xil_defaultlib.RAM64M_HD1102
Compiling module xil_defaultlib.RAM64M_HD1103
Compiling module xil_defaultlib.RAM64M_HD1104
Compiling module xil_defaultlib.RAM64M_HD1105
Compiling module xil_defaultlib.RAM64M_HD1106
Compiling module xil_defaultlib.RAM64M_HD1107
Compiling module xil_defaultlib.RAM64M_HD1108
Compiling module xil_defaultlib.RAM64M_HD1109
Compiling module xil_defaultlib.RAM64M_HD1110
Compiling module xil_defaultlib.RAM64M_HD1111
Compiling module xil_defaultlib.RAM64M_HD1112
Compiling module xil_defaultlib.RAM64M_HD1113
Compiling module xil_defaultlib.RAM64M_HD1114
Compiling module xil_defaultlib.RAM64M_HD1115
Compiling module xil_defaultlib.RAM64M_HD1116
Compiling module xil_defaultlib.RAM64M_HD1117
Compiling module xil_defaultlib.RAM64M_HD1118
Compiling module xil_defaultlib.RAM64M_HD1119
Compiling module xil_defaultlib.RAM64M_HD1120
Compiling module xil_defaultlib.RAM64M_HD1121
Compiling module xil_defaultlib.RAM64M_HD1122
Compiling module xil_defaultlib.RAM64M_HD1123
Compiling module xil_defaultlib.RAM64M_HD1124
Compiling module xil_defaultlib.RAM64M_HD1125
Compiling module xil_defaultlib.RAM64M_HD1126
Compiling module xil_defaultlib.RAM64M_HD1127
Compiling module xil_defaultlib.RAM64M_HD1128
Compiling module xil_defaultlib.RAM64M_HD1129
Compiling module xil_defaultlib.RAM64M_HD1130
Compiling module xil_defaultlib.RAM64M_HD1131
Compiling module xil_defaultlib.RAM64M_HD1132
Compiling module xil_defaultlib.RAM64M_HD1133
Compiling module xil_defaultlib.RAM64M_HD1134
Compiling module xil_defaultlib.RAM64M_HD1135
Compiling module xil_defaultlib.RAM64M_HD1136
Compiling module xil_defaultlib.RAM64M_HD1137
Compiling module xil_defaultlib.RAM64M_HD1138
Compiling module xil_defaultlib.RAM64M_HD1139
Compiling module xil_defaultlib.RAM64M_HD1140
Compiling module xil_defaultlib.RAM64M_HD1141
Compiling module xil_defaultlib.RAM64M_HD1142
Compiling module xil_defaultlib.RAM64M_HD1143
Compiling module xil_defaultlib.RAM64M_HD1144
Compiling module xil_defaultlib.RAM64M_HD1145
Compiling module xil_defaultlib.RAM64M_HD1146
Compiling module xil_defaultlib.RAM64M_HD1147
Compiling module xil_defaultlib.RAM64M_HD1148
Compiling module xil_defaultlib.RAM64M_HD1149
Compiling module xil_defaultlib.RAM64M_HD1150
Compiling module xil_defaultlib.RAM64M_HD1151
Compiling module xil_defaultlib.RAM64M_HD1152
Compiling module xil_defaultlib.RAM64M_HD1153
Compiling module xil_defaultlib.RAM64M_HD1154
Compiling module xil_defaultlib.RAM64M_HD1155
Compiling module xil_defaultlib.RAM64M_HD1156
Compiling module xil_defaultlib.RAM64M_HD1157
Compiling module xil_defaultlib.RAM64M_HD1158
Compiling module xil_defaultlib.RAM64M_HD1159
Compiling module xil_defaultlib.RAM64M_HD1160
Compiling module xil_defaultlib.RAM64M_HD1161
Compiling module xil_defaultlib.RAM64M_HD1162
Compiling module xil_defaultlib.RAM64M_HD1163
Compiling module xil_defaultlib.RAM64M_HD1164
Compiling module xil_defaultlib.RAM64M_HD1165
Compiling module xil_defaultlib.RAM64M_HD1166
Compiling module xil_defaultlib.RAM64M_HD1167
Compiling module xil_defaultlib.RAM64M_HD1168
Compiling module xil_defaultlib.RAM64M_HD1169
Compiling module xil_defaultlib.RAM64M_HD1170
Compiling module xil_defaultlib.RAM64M_HD1171
Compiling module xil_defaultlib.RAM64M_HD1172
Compiling module xil_defaultlib.RAM64M_HD1173
Compiling module xil_defaultlib.RAM64M_HD1174
Compiling module xil_defaultlib.RAM64M_HD1175
Compiling module xil_defaultlib.RAM64M_HD1176
Compiling module xil_defaultlib.RAM64M_HD1177
Compiling module xil_defaultlib.RAM64M_HD1178
Compiling module xil_defaultlib.RAM64M_HD1179
Compiling module xil_defaultlib.RAM64M_HD1180
Compiling module xil_defaultlib.RAM64M_HD1181
Compiling module xil_defaultlib.RAM64M_HD1182
Compiling module xil_defaultlib.RAM64M_HD1183
Compiling module xil_defaultlib.RAM64M_HD1184
Compiling module xil_defaultlib.RAM64M_HD1185
Compiling module xil_defaultlib.RAM64M_HD1186
Compiling module xil_defaultlib.RAM64M_HD1187
Compiling module xil_defaultlib.RAM64M_HD1188
Compiling module xil_defaultlib.RAM64M_HD1189
Compiling module xil_defaultlib.RAM64M_HD1190
Compiling module xil_defaultlib.RAM64M_HD1191
Compiling module xil_defaultlib.RAM64M_HD1192
Compiling module xil_defaultlib.RAM64M_HD1193
Compiling module xil_defaultlib.RAM64M_HD1194
Compiling module xil_defaultlib.RAM64M_HD1195
Compiling module xil_defaultlib.RAM64M_HD1196
Compiling module xil_defaultlib.RAM64M_HD1197
Compiling module xil_defaultlib.RAM64M_HD1198
Compiling module xil_defaultlib.RAM64M_HD1199
Compiling module xil_defaultlib.RAM64M_HD1200
Compiling module xil_defaultlib.RAM64M_HD1201
Compiling module xil_defaultlib.RAM64M_HD1202
Compiling module xil_defaultlib.RAM64M_HD1203
Compiling module xil_defaultlib.RAM64M_HD1204
Compiling module xil_defaultlib.RAM64M_HD1205
Compiling module xil_defaultlib.RAM64M_HD1206
Compiling module xil_defaultlib.RAM64M_HD1207
Compiling module xil_defaultlib.RAM64M_HD1208
Compiling module xil_defaultlib.RAM64M_HD1209
Compiling module xil_defaultlib.RAM64M_HD1210
Compiling module xil_defaultlib.RAM64M_HD1211
Compiling module xil_defaultlib.RAM64M_HD1212
Compiling module xil_defaultlib.RAM64M_HD1213
Compiling module xil_defaultlib.RAM64M_HD1214
Compiling module xil_defaultlib.RAM64M_HD1215
Compiling module xil_defaultlib.RAM64M_HD1216
Compiling module xil_defaultlib.RAM64M_HD1217
Compiling module xil_defaultlib.RAM64M_HD1218
Compiling module xil_defaultlib.RAM64M_HD1219
Compiling module xil_defaultlib.RAM64M_HD1220
Compiling module xil_defaultlib.RAM64M_HD1221
Compiling module xil_defaultlib.RAM64M_HD1222
Compiling module xil_defaultlib.RAM64M_HD1223
Compiling module xil_defaultlib.RAM64M_HD1224
Compiling module xil_defaultlib.RAM64M_HD1225
Compiling module xil_defaultlib.RAM64M_HD1226
Compiling module xil_defaultlib.RAM64M_HD1227
Compiling module xil_defaultlib.RAM64M_HD1228
Compiling module xil_defaultlib.RAM64M_HD1229
Compiling module xil_defaultlib.RAM64M_HD1230
Compiling module xil_defaultlib.RAM64M_HD1231
Compiling module xil_defaultlib.RAM64M_HD1232
Compiling module xil_defaultlib.RAM64M_HD1233
Compiling module xil_defaultlib.RAM64M_HD1234
Compiling module xil_defaultlib.RAM64M_HD1235
Compiling module xil_defaultlib.RAM64M_HD1236
Compiling module xil_defaultlib.RAM64M_HD1237
Compiling module xil_defaultlib.RAM64M_HD1238
Compiling module xil_defaultlib.RAM64M_HD1239
Compiling module xil_defaultlib.RAM64M_HD1240
Compiling module xil_defaultlib.RAM64M_HD1241
Compiling module xil_defaultlib.RAM64M_HD1242
Compiling module xil_defaultlib.RAM64M_HD1243
Compiling module xil_defaultlib.RAM64M_HD1244
Compiling module xil_defaultlib.RAM64M_HD1245
Compiling module xil_defaultlib.RAM64M_HD1246
Compiling module xil_defaultlib.RAM64M_HD1247
Compiling module xil_defaultlib.RAM64M_HD1248
Compiling module xil_defaultlib.RAM64M_HD1249
Compiling module xil_defaultlib.RAM64M_HD1250
Compiling module xil_defaultlib.RAM64M_HD1251
Compiling module xil_defaultlib.RAM64M_HD1252
Compiling module xil_defaultlib.RAM64M_HD1253
Compiling module xil_defaultlib.RAM64M_HD1254
Compiling module xil_defaultlib.RAM64M_HD1255
Compiling module xil_defaultlib.RAM64M_HD1256
Compiling module xil_defaultlib.RAM64M_HD1257
Compiling module xil_defaultlib.RAM64M_HD1258
Compiling module xil_defaultlib.RAM64M_HD1259
Compiling module xil_defaultlib.RAM64M_HD1260
Compiling module xil_defaultlib.RAM64M_HD1261
Compiling module xil_defaultlib.RAM64M_HD1262
Compiling module xil_defaultlib.RAM64M_HD1263
Compiling module xil_defaultlib.RAM64M_HD1264
Compiling module xil_defaultlib.RAM64M_HD1265
Compiling module xil_defaultlib.RAM64M_HD1266
Compiling module xil_defaultlib.RAM64M_HD1267
Compiling module xil_defaultlib.RAM64M_HD1268
Compiling module xil_defaultlib.RAM64M_HD1269
Compiling module xil_defaultlib.RAM64M_HD1270
Compiling module xil_defaultlib.RAM64M_HD1271
Compiling module xil_defaultlib.RAM64M_HD1272
Compiling module xil_defaultlib.RAM64M_HD1273
Compiling module xil_defaultlib.RAM64M_HD1274
Compiling module xil_defaultlib.RAM64M_HD1275
Compiling module xil_defaultlib.RAM64M_HD1276
Compiling module xil_defaultlib.RAM64M_HD1277
Compiling module xil_defaultlib.RAM64M_HD1278
Compiling module xil_defaultlib.RAM64M_HD1279
Compiling module xil_defaultlib.RAM64M_HD1280
Compiling module xil_defaultlib.RAM64M_HD1281
Compiling module xil_defaultlib.RAM64M_HD1282
Compiling module xil_defaultlib.RAM64M_HD1283
Compiling module xil_defaultlib.RAM64M_HD1284
Compiling module xil_defaultlib.RAM64M_HD1285
Compiling module xil_defaultlib.RAM64M_HD1286
Compiling module xil_defaultlib.RAM64M_HD1287
Compiling module xil_defaultlib.RAM64M_HD1288
Compiling module xil_defaultlib.RAM64M_HD1289
Compiling module xil_defaultlib.RAM64M_HD1290
Compiling module xil_defaultlib.RAM64M_HD1291
Compiling module xil_defaultlib.RAM64M_HD1292
Compiling module xil_defaultlib.RAM64M_HD1293
Compiling module xil_defaultlib.RAM64M_HD1294
Compiling module xil_defaultlib.RAM64M_HD1295
Compiling module xil_defaultlib.RAM64M_HD1296
Compiling module xil_defaultlib.RAM64M_HD1297
Compiling module xil_defaultlib.RAM64M_HD1298
Compiling module xil_defaultlib.RAM64M_HD1299
Compiling module xil_defaultlib.RAM64M_HD1300
Compiling module xil_defaultlib.RAM64M_HD1301
Compiling module xil_defaultlib.RAM64M_HD1302
Compiling module xil_defaultlib.RAM64M_HD1303
Compiling module xil_defaultlib.RAM64M_HD1304
Compiling module xil_defaultlib.RAM64M_HD1305
Compiling module xil_defaultlib.RAM64M_HD1306
Compiling module xil_defaultlib.RAM64M_HD1307
Compiling module xil_defaultlib.RAM64M_HD1308
Compiling module xil_defaultlib.RAM64M_HD1309
Compiling module xil_defaultlib.RAM64M_HD1310
Compiling module xil_defaultlib.RAM64M_HD1311
Compiling module xil_defaultlib.RAM64M_HD1312
Compiling module xil_defaultlib.RAM64M_HD1313
Compiling module xil_defaultlib.RAM64M_HD1314
Compiling module xil_defaultlib.RAM64M_HD1315
Compiling module xil_defaultlib.RAM64M_HD1316
Compiling module xil_defaultlib.RAM64M_HD1317
Compiling module xil_defaultlib.RAM64M_HD1318
Compiling module xil_defaultlib.RAM64M_HD1319
Compiling module xil_defaultlib.RAM64M_HD1320
Compiling module xil_defaultlib.RAM64M_HD1321
Compiling module xil_defaultlib.RAM64M_HD1322
Compiling module xil_defaultlib.RAM64M_HD1323
Compiling module xil_defaultlib.RAM64M_HD1324
Compiling module xil_defaultlib.RAM64M_HD1325
Compiling module xil_defaultlib.RAM64M_HD1326
Compiling module xil_defaultlib.RAM64M_HD1327
Compiling module xil_defaultlib.RAM64M_HD1328
Compiling module xil_defaultlib.RAM64M_HD1329
Compiling module xil_defaultlib.RAM64M_HD1330
Compiling module xil_defaultlib.RAM64M_HD1331
Compiling module xil_defaultlib.RAM64M_HD1332
Compiling module xil_defaultlib.RAM64M_HD1333
Compiling module xil_defaultlib.RAM64M_HD1334
Compiling module xil_defaultlib.RAM64M_HD1335
Compiling module xil_defaultlib.RAM64M_HD1336
Compiling module xil_defaultlib.RAM64M_HD1337
Compiling module xil_defaultlib.RAM64M_HD1338
Compiling module xil_defaultlib.RAM64M_HD1339
Compiling module xil_defaultlib.RAM64M_HD1340
Compiling module xil_defaultlib.RAM64M_HD1341
Compiling module xil_defaultlib.RAM64M_HD1342
Compiling module xil_defaultlib.RAM64M_HD1343
Compiling module xil_defaultlib.RAM64M_HD1344
Compiling module xil_defaultlib.RAM64M_HD1345
Compiling module xil_defaultlib.RAM64M_HD1346
Compiling module xil_defaultlib.RAM64M_HD1347
Compiling module xil_defaultlib.RAM64M_HD1348
Compiling module xil_defaultlib.RAM64M_HD1349
Compiling module xil_defaultlib.RAM64M_HD1350
Compiling module xil_defaultlib.RAM64M_HD1351
Compiling module xil_defaultlib.RAM64M_HD1352
Compiling module xil_defaultlib.RAM64M_HD1353
Compiling module xil_defaultlib.RAM64M_HD1354
Compiling module xil_defaultlib.RAM64M_HD1355
Compiling module xil_defaultlib.RAM64M_HD1356
Compiling module xil_defaultlib.RAM64M_HD1357
Compiling module xil_defaultlib.RAM64M_HD1358
Compiling module xil_defaultlib.RAM64M_HD1359
Compiling module xil_defaultlib.RAM64M_HD1360
Compiling module xil_defaultlib.RAM64M_HD1361
Compiling module xil_defaultlib.RAM64M_HD1362
Compiling module xil_defaultlib.RAM64M_HD1363
Compiling module xil_defaultlib.RAM64M_HD1364
Compiling module xil_defaultlib.RAM64M_HD1365
Compiling module xil_defaultlib.RAM64M_HD1366
Compiling module xil_defaultlib.RAM64M_HD1367
Compiling module xil_defaultlib.RAM64M_HD1368
Compiling module xil_defaultlib.RAM64M_HD1369
Compiling module xil_defaultlib.RAM64M_HD1370
Compiling module xil_defaultlib.RAM64M_HD1371
Compiling module xil_defaultlib.RAM64M_HD1372
Compiling module xil_defaultlib.RAM64M_HD1373
Compiling module xil_defaultlib.RAM64M_HD1374
Compiling module xil_defaultlib.RAM64M_HD1375
Compiling module xil_defaultlib.RAM64M_HD1376
Compiling module xil_defaultlib.RAM64M_HD1377
Compiling module xil_defaultlib.RAM64M_HD1378
Compiling module xil_defaultlib.RAM64M_HD1379
Compiling module xil_defaultlib.RAM64M_HD1380
Compiling module xil_defaultlib.RAM64M_HD1381
Compiling module xil_defaultlib.RAM64M_HD1382
Compiling module xil_defaultlib.RAM64M_HD1383
Compiling module xil_defaultlib.RAM64M_HD1384
Compiling module xil_defaultlib.RAM64M_HD1385
Compiling module xil_defaultlib.RAM64M_HD1386
Compiling module xil_defaultlib.RAM64M_HD1387
Compiling module xil_defaultlib.RAM64M_HD1388
Compiling module xil_defaultlib.RAM64M_HD1389
Compiling module xil_defaultlib.RAM64M_HD1390
Compiling module xil_defaultlib.RAM64M_HD1391
Compiling module xil_defaultlib.RAM64M_HD1392
Compiling module xil_defaultlib.RAM64M_HD1393
Compiling module xil_defaultlib.RAM64M_HD1394
Compiling module xil_defaultlib.RAM64M_HD1395
Compiling module xil_defaultlib.RAM64M_HD1396
Compiling module xil_defaultlib.RAM64M_HD1397
Compiling module xil_defaultlib.RAM64M_HD1398
Compiling module xil_defaultlib.RAM64M_HD1399
Compiling module xil_defaultlib.RAM64M_HD1400
Compiling module xil_defaultlib.RAM64M_HD1401
Compiling module xil_defaultlib.RAM64M_HD1402
Compiling module xil_defaultlib.RAM64M_HD1403
Compiling module xil_defaultlib.RAM64M_HD1404
Compiling module xil_defaultlib.RAM64M_HD1405
Compiling module xil_defaultlib.RAM64M_HD1406
Compiling module xil_defaultlib.RAM64M_HD1407
Compiling module xil_defaultlib.dist_mem_gen_0
Compiling module xil_defaultlib.image
Compiling module simprims_ver.MMCME2_ADV(CLKFBOUT_MULT_F=61.5,...
Compiling module xil_defaultlib.clk_wiz_0_clk_wiz
Compiling module xil_defaultlib.clk_wiz_0
Compiling module xil_defaultlib.dist_mem_gen_1
Compiling module xil_defaultlib.fifo_generator_0_HD940
Compiling module xil_defaultlib.text_mod
Compiling module xil_defaultlib.vga_controller
Compiling module xil_defaultlib.top
Compiling module xil_defaultlib.top_tb
Compiling module xil_defaultlib.glbl
Built simulation snapshot top_tb_time_synth
