INFO: [VRFC 10-2263] Analyzing Verilog file "/home/telmo/Desktop/Vivado/8051/custom_bus/custom_bus.sim/sim_1/synth/timing/xsim/top_tb_time_synth.v" into library xil_defaultlib
INFO: [VRFC 10-311] analyzing module RAM64M_UNIQ_BASE_
INFO: [VRFC 10-311] analyzing module RAM64M_HD1000
INFO: [VRFC 10-311] analyzing module RAM64M_HD1001
INFO: [VRFC 10-311] analyzing module RAM64M_HD1002
INFO: [VRFC 10-311] analyzing module RAM64M_HD1003
INFO: [VRFC 10-311] analyzing module RAM64M_HD1004
INFO: [VRFC 10-311] analyzing module RAM64M_HD1005
INFO: [VRFC 10-311] analyzing module RAM64M_HD1006
INFO: [VRFC 10-311] analyzing module RAM64M_HD1007
INFO: [VRFC 10-311] analyzing module RAM64M_HD1008
INFO: [VRFC 10-311] analyzing module RAM64M_HD1009
INFO: [VRFC 10-311] analyzing module RAM64M_HD1010
INFO: [VRFC 10-311] analyzing module RAM64M_HD1011
INFO: [VRFC 10-311] analyzing module RAM64M_HD1012
INFO: [VRFC 10-311] analyzing module RAM64M_HD1013
INFO: [VRFC 10-311] analyzing module RAM64M_HD1014
INFO: [VRFC 10-311] analyzing module RAM64M_HD1015
INFO: [VRFC 10-311] analyzing module RAM64M_HD1016
INFO: [VRFC 10-311] analyzing module RAM64M_HD1017
INFO: [VRFC 10-311] analyzing module RAM64M_HD1018
INFO: [VRFC 10-311] analyzing module RAM64M_HD1019
INFO: [VRFC 10-311] analyzing module RAM64M_HD1020
INFO: [VRFC 10-311] analyzing module RAM64M_HD1021
INFO: [VRFC 10-311] analyzing module RAM64M_HD1022
INFO: [VRFC 10-311] analyzing module RAM64M_HD1023
INFO: [VRFC 10-311] analyzing module RAM64M_HD1024
INFO: [VRFC 10-311] analyzing module RAM64M_HD1025
INFO: [VRFC 10-311] analyzing module RAM64M_HD1026
INFO: [VRFC 10-311] analyzing module RAM64M_HD1027
INFO: [VRFC 10-311] analyzing module RAM64M_HD1028
INFO: [VRFC 10-311] analyzing module RAM64M_HD1029
INFO: [VRFC 10-311] analyzing module RAM64M_HD1030
INFO: [VRFC 10-311] analyzing module RAM64M_HD1031
INFO: [VRFC 10-311] analyzing module RAM64M_HD1032
INFO: [VRFC 10-311] analyzing module RAM64M_HD1033
INFO: [VRFC 10-311] analyzing module RAM64M_HD1034
INFO: [VRFC 10-311] analyzing module RAM64M_HD1035
INFO: [VRFC 10-311] analyzing module RAM64M_HD1036
INFO: [VRFC 10-311] analyzing module RAM64M_HD1037
INFO: [VRFC 10-311] analyzing module RAM64M_HD1038
INFO: [VRFC 10-311] analyzing module RAM64M_HD1039
INFO: [VRFC 10-311] analyzing module RAM64M_HD1040
INFO: [VRFC 10-311] analyzing module RAM64M_HD1041
INFO: [VRFC 10-311] analyzing module RAM64M_HD1042
INFO: [VRFC 10-311] analyzing module RAM64M_HD1043
INFO: [VRFC 10-311] analyzing module RAM64M_HD1044
INFO: [VRFC 10-311] analyzing module RAM64M_HD1045
INFO: [VRFC 10-311] analyzing module RAM64M_HD1046
INFO: [VRFC 10-311] analyzing module RAM64M_HD1047
INFO: [VRFC 10-311] analyzing module RAM64M_HD1048
INFO: [VRFC 10-311] analyzing module RAM64M_HD1049
INFO: [VRFC 10-311] analyzing module RAM64M_HD1050
INFO: [VRFC 10-311] analyzing module RAM64M_HD1051
INFO: [VRFC 10-311] analyzing module RAM64M_HD1052
INFO: [VRFC 10-311] analyzing module RAM64M_HD1053
INFO: [VRFC 10-311] analyzing module RAM64M_HD1054
INFO: [VRFC 10-311] analyzing module RAM64M_HD1055
INFO: [VRFC 10-311] analyzing module RAM64M_HD1056
INFO: [VRFC 10-311] analyzing module RAM64M_HD1057
INFO: [VRFC 10-311] analyzing module RAM64M_HD1058
INFO: [VRFC 10-311] analyzing module RAM64M_HD1059
INFO: [VRFC 10-311] analyzing module RAM64M_HD1060
INFO: [VRFC 10-311] analyzing module RAM64M_HD1061
INFO: [VRFC 10-311] analyzing module RAM64M_HD1062
INFO: [VRFC 10-311] analyzing module RAM64M_HD1063
INFO: [VRFC 10-311] analyzing module RAM64M_HD1064
INFO: [VRFC 10-311] analyzing module RAM64M_HD1065
INFO: [VRFC 10-311] analyzing module RAM64M_HD1066
INFO: [VRFC 10-311] analyzing module RAM64M_HD1067
INFO: [VRFC 10-311] analyzing module RAM64M_HD1068
INFO: [VRFC 10-311] analyzing module RAM64M_HD1069
INFO: [VRFC 10-311] analyzing module RAM64M_HD1070
INFO: [VRFC 10-311] analyzing module RAM64M_HD1071
INFO: [VRFC 10-311] analyzing module RAM64M_HD1072
INFO: [VRFC 10-311] analyzing module RAM64M_HD1073
INFO: [VRFC 10-311] analyzing module RAM64M_HD1074
INFO: [VRFC 10-311] analyzing module RAM64M_HD1075
INFO: [VRFC 10-311] analyzing module RAM64M_HD1076
INFO: [VRFC 10-311] analyzing module RAM64M_HD1077
INFO: [VRFC 10-311] analyzing module RAM64M_HD1078
INFO: [VRFC 10-311] analyzing module RAM64M_HD1079
INFO: [VRFC 10-311] analyzing module RAM64M_HD1080
INFO: [VRFC 10-311] analyzing module RAM64M_HD1081
INFO: [VRFC 10-311] analyzing module RAM64M_HD1082
INFO: [VRFC 10-311] analyzing module RAM64M_HD1083
INFO: [VRFC 10-311] analyzing module RAM64M_HD1084
INFO: [VRFC 10-311] analyzing module RAM64M_HD1085
INFO: [VRFC 10-311] analyzing module RAM64M_HD1086
INFO: [VRFC 10-311] analyzing module RAM64M_HD1087
INFO: [VRFC 10-311] analyzing module RAM64M_HD1088
INFO: [VRFC 10-311] analyzing module RAM64M_HD1089
INFO: [VRFC 10-311] analyzing module RAM64M_HD1090
INFO: [VRFC 10-311] analyzing module RAM64M_HD1091
INFO: [VRFC 10-311] analyzing module RAM64M_HD1092
INFO: [VRFC 10-311] analyzing module RAM64M_HD1093
INFO: [VRFC 10-311] analyzing module RAM64M_HD1094
INFO: [VRFC 10-311] analyzing module RAM64M_HD1095
INFO: [VRFC 10-311] analyzing module RAM64M_HD1096
INFO: [VRFC 10-311] analyzing module RAM64M_HD1097
INFO: [VRFC 10-311] analyzing module RAM64M_HD1098
INFO: [VRFC 10-311] analyzing module RAM64M_HD1099
INFO: [VRFC 10-311] analyzing module RAM64M_HD1100
INFO: [VRFC 10-311] analyzing module RAM64M_HD1101
INFO: [VRFC 10-311] analyzing module RAM64M_HD1102
INFO: [VRFC 10-311] analyzing module RAM64M_HD1103
INFO: [VRFC 10-311] analyzing module RAM64M_HD1104
INFO: [VRFC 10-311] analyzing module RAM64M_HD1105
INFO: [VRFC 10-311] analyzing module RAM64M_HD1106
INFO: [VRFC 10-311] analyzing module RAM64M_HD1107
INFO: [VRFC 10-311] analyzing module RAM64M_HD1108
INFO: [VRFC 10-311] analyzing module RAM64M_HD1109
INFO: [VRFC 10-311] analyzing module RAM64M_HD1110
INFO: [VRFC 10-311] analyzing module RAM64M_HD1111
INFO: [VRFC 10-311] analyzing module RAM64M_HD1112
INFO: [VRFC 10-311] analyzing module RAM64M_HD1113
INFO: [VRFC 10-311] analyzing module RAM64M_HD1114
INFO: [VRFC 10-311] analyzing module RAM64M_HD1115
INFO: [VRFC 10-311] analyzing module RAM64M_HD1116
INFO: [VRFC 10-311] analyzing module RAM64M_HD1117
INFO: [VRFC 10-311] analyzing module RAM64M_HD1118
INFO: [VRFC 10-311] analyzing module RAM64M_HD1119
INFO: [VRFC 10-311] analyzing module RAM64M_HD1120
INFO: [VRFC 10-311] analyzing module RAM64M_HD1121
INFO: [VRFC 10-311] analyzing module RAM64M_HD1122
INFO: [VRFC 10-311] analyzing module RAM64M_HD1123
INFO: [VRFC 10-311] analyzing module RAM64M_HD1124
INFO: [VRFC 10-311] analyzing module RAM64M_HD1125
INFO: [VRFC 10-311] analyzing module RAM64M_HD1126
INFO: [VRFC 10-311] analyzing module RAM64M_HD1127
INFO: [VRFC 10-311] analyzing module RAM64M_HD1128
INFO: [VRFC 10-311] analyzing module RAM64M_HD1129
INFO: [VRFC 10-311] analyzing module RAM64M_HD1130
INFO: [VRFC 10-311] analyzing module RAM64M_HD1131
INFO: [VRFC 10-311] analyzing module RAM64M_HD1132
INFO: [VRFC 10-311] analyzing module RAM64M_HD1133
INFO: [VRFC 10-311] analyzing module RAM64M_HD1134
INFO: [VRFC 10-311] analyzing module RAM64M_HD1135
INFO: [VRFC 10-311] analyzing module RAM64M_HD1136
INFO: [VRFC 10-311] analyzing module RAM64M_HD1137
INFO: [VRFC 10-311] analyzing module RAM64M_HD1138
INFO: [VRFC 10-311] analyzing module RAM64M_HD1139
INFO: [VRFC 10-311] analyzing module RAM64M_HD1140
INFO: [VRFC 10-311] analyzing module RAM64M_HD1141
INFO: [VRFC 10-311] analyzing module RAM64M_HD1142
INFO: [VRFC 10-311] analyzing module RAM64M_HD1143
INFO: [VRFC 10-311] analyzing module RAM64M_HD1144
INFO: [VRFC 10-311] analyzing module RAM64M_HD1145
INFO: [VRFC 10-311] analyzing module RAM64M_HD1146
INFO: [VRFC 10-311] analyzing module RAM64M_HD1147
INFO: [VRFC 10-311] analyzing module RAM64M_HD1148
INFO: [VRFC 10-311] analyzing module RAM64M_HD1149
INFO: [VRFC 10-311] analyzing module RAM64M_HD1150
INFO: [VRFC 10-311] analyzing module RAM64M_HD1151
INFO: [VRFC 10-311] analyzing module RAM64M_HD1152
INFO: [VRFC 10-311] analyzing module RAM64M_HD1153
INFO: [VRFC 10-311] analyzing module RAM64M_HD1154
INFO: [VRFC 10-311] analyzing module RAM64M_HD1155
INFO: [VRFC 10-311] analyzing module RAM64M_HD1156
INFO: [VRFC 10-311] analyzing module RAM64M_HD1157
INFO: [VRFC 10-311] analyzing module RAM64M_HD1158
INFO: [VRFC 10-311] analyzing module RAM64M_HD1159
INFO: [VRFC 10-311] analyzing module RAM64M_HD1160
INFO: [VRFC 10-311] analyzing module RAM64M_HD1161
INFO: [VRFC 10-311] analyzing module RAM64M_HD1162
INFO: [VRFC 10-311] analyzing module RAM64M_HD1163
INFO: [VRFC 10-311] analyzing module RAM64M_HD1164
INFO: [VRFC 10-311] analyzing module RAM64M_HD1165
INFO: [VRFC 10-311] analyzing module RAM64M_HD1166
INFO: [VRFC 10-311] analyzing module RAM64M_HD1167
INFO: [VRFC 10-311] analyzing module RAM64M_HD1168
INFO: [VRFC 10-311] analyzing module RAM64M_HD1169
INFO: [VRFC 10-311] analyzing module RAM64M_HD1170
INFO: [VRFC 10-311] analyzing module RAM64M_HD1171
INFO: [VRFC 10-311] analyzing module RAM64M_HD1172
INFO: [VRFC 10-311] analyzing module RAM64M_HD1173
INFO: [VRFC 10-311] analyzing module RAM64M_HD1174
INFO: [VRFC 10-311] analyzing module RAM64M_HD1175
INFO: [VRFC 10-311] analyzing module RAM64M_HD1176
INFO: [VRFC 10-311] analyzing module RAM64M_HD1177
INFO: [VRFC 10-311] analyzing module RAM64M_HD1178
INFO: [VRFC 10-311] analyzing module RAM64M_HD1179
INFO: [VRFC 10-311] analyzing module RAM64M_HD1180
INFO: [VRFC 10-311] analyzing module RAM64M_HD1181
INFO: [VRFC 10-311] analyzing module RAM64M_HD1182
INFO: [VRFC 10-311] analyzing module RAM64M_HD1183
INFO: [VRFC 10-311] analyzing module RAM64M_HD1184
INFO: [VRFC 10-311] analyzing module RAM64M_HD1185
INFO: [VRFC 10-311] analyzing module RAM64M_HD1186
INFO: [VRFC 10-311] analyzing module RAM64M_HD1187
INFO: [VRFC 10-311] analyzing module RAM64M_HD1188
INFO: [VRFC 10-311] analyzing module RAM64M_HD1189
INFO: [VRFC 10-311] analyzing module RAM64M_HD1190
INFO: [VRFC 10-311] analyzing module RAM64M_HD1191
INFO: [VRFC 10-311] analyzing module RAM64M_HD1192
INFO: [VRFC 10-311] analyzing module RAM64M_HD1193
INFO: [VRFC 10-311] analyzing module RAM64M_HD1194
INFO: [VRFC 10-311] analyzing module RAM64M_HD1195
INFO: [VRFC 10-311] analyzing module RAM64M_HD1196
INFO: [VRFC 10-311] analyzing module RAM64M_HD1197
INFO: [VRFC 10-311] analyzing module RAM64M_HD1198
INFO: [VRFC 10-311] analyzing module RAM64M_HD1199
INFO: [VRFC 10-311] analyzing module RAM64M_HD1200
INFO: [VRFC 10-311] analyzing module RAM64M_HD1201
INFO: [VRFC 10-311] analyzing module RAM64M_HD1202
INFO: [VRFC 10-311] analyzing module RAM64M_HD1203
INFO: [VRFC 10-311] analyzing module RAM64M_HD1204
INFO: [VRFC 10-311] analyzing module RAM64M_HD1205
INFO: [VRFC 10-311] analyzing module RAM64M_HD1206
INFO: [VRFC 10-311] analyzing module RAM64M_HD1207
INFO: [VRFC 10-311] analyzing module RAM64M_HD1208
INFO: [VRFC 10-311] analyzing module RAM64M_HD1209
INFO: [VRFC 10-311] analyzing module RAM64M_HD1210
INFO: [VRFC 10-311] analyzing module RAM64M_HD1211
INFO: [VRFC 10-311] analyzing module RAM64M_HD1212
INFO: [VRFC 10-311] analyzing module RAM64M_HD1213
INFO: [VRFC 10-311] analyzing module RAM64M_HD1214
INFO: [VRFC 10-311] analyzing module RAM64M_HD1215
INFO: [VRFC 10-311] analyzing module RAM64M_HD1216
INFO: [VRFC 10-311] analyzing module RAM64M_HD1217
INFO: [VRFC 10-311] analyzing module RAM64M_HD1218
INFO: [VRFC 10-311] analyzing module RAM64M_HD1219
INFO: [VRFC 10-311] analyzing module RAM64M_HD1220
INFO: [VRFC 10-311] analyzing module RAM64M_HD1221
INFO: [VRFC 10-311] analyzing module RAM64M_HD1222
INFO: [VRFC 10-311] analyzing module RAM64M_HD1223
INFO: [VRFC 10-311] analyzing module RAM64M_HD1224
INFO: [VRFC 10-311] analyzing module RAM64M_HD1225
INFO: [VRFC 10-311] analyzing module RAM64M_HD1226
INFO: [VRFC 10-311] analyzing module RAM64M_HD1227
INFO: [VRFC 10-311] analyzing module RAM64M_HD1228
INFO: [VRFC 10-311] analyzing module RAM64M_HD1229
INFO: [VRFC 10-311] analyzing module RAM64M_HD1230
INFO: [VRFC 10-311] analyzing module RAM64M_HD1231
INFO: [VRFC 10-311] analyzing module RAM64M_HD1232
INFO: [VRFC 10-311] analyzing module RAM64M_HD1233
INFO: [VRFC 10-311] analyzing module RAM64M_HD1234
INFO: [VRFC 10-311] analyzing module RAM64M_HD1235
INFO: [VRFC 10-311] analyzing module RAM64M_HD1236
INFO: [VRFC 10-311] analyzing module RAM64M_HD1237
INFO: [VRFC 10-311] analyzing module RAM64M_HD1238
INFO: [VRFC 10-311] analyzing module RAM64M_HD1239
INFO: [VRFC 10-311] analyzing module RAM64M_HD1240
INFO: [VRFC 10-311] analyzing module RAM64M_HD1241
INFO: [VRFC 10-311] analyzing module RAM64M_HD1242
INFO: [VRFC 10-311] analyzing module RAM64M_HD1243
INFO: [VRFC 10-311] analyzing module RAM64M_HD1244
INFO: [VRFC 10-311] analyzing module RAM64M_HD1245
INFO: [VRFC 10-311] analyzing module RAM64M_HD1246
INFO: [VRFC 10-311] analyzing module RAM64M_HD1247
INFO: [VRFC 10-311] analyzing module RAM64M_HD1248
INFO: [VRFC 10-311] analyzing module RAM64M_HD1249
INFO: [VRFC 10-311] analyzing module RAM64M_HD1250
INFO: [VRFC 10-311] analyzing module RAM64M_HD1251
INFO: [VRFC 10-311] analyzing module RAM64M_HD1252
INFO: [VRFC 10-311] analyzing module RAM64M_HD1253
INFO: [VRFC 10-311] analyzing module RAM64M_HD1254
INFO: [VRFC 10-311] analyzing module RAM64M_HD1255
INFO: [VRFC 10-311] analyzing module RAM64M_HD1256
INFO: [VRFC 10-311] analyzing module RAM64M_HD1257
INFO: [VRFC 10-311] analyzing module RAM64M_HD1258
INFO: [VRFC 10-311] analyzing module RAM64M_HD1259
INFO: [VRFC 10-311] analyzing module RAM64M_HD1260
INFO: [VRFC 10-311] analyzing module RAM64M_HD1261
INFO: [VRFC 10-311] analyzing module RAM64M_HD1262
INFO: [VRFC 10-311] analyzing module RAM64M_HD1263
INFO: [VRFC 10-311] analyzing module RAM64M_HD1264
INFO: [VRFC 10-311] analyzing module RAM64M_HD1265
INFO: [VRFC 10-311] analyzing module RAM64M_HD1266
INFO: [VRFC 10-311] analyzing module RAM64M_HD1267
INFO: [VRFC 10-311] analyzing module RAM64M_HD1268
INFO: [VRFC 10-311] analyzing module RAM64M_HD1269
INFO: [VRFC 10-311] analyzing module RAM64M_HD1270
INFO: [VRFC 10-311] analyzing module RAM64M_HD1271
INFO: [VRFC 10-311] analyzing module RAM64M_HD1272
INFO: [VRFC 10-311] analyzing module RAM64M_HD1273
INFO: [VRFC 10-311] analyzing module RAM64M_HD1274
INFO: [VRFC 10-311] analyzing module RAM64M_HD1275
INFO: [VRFC 10-311] analyzing module RAM64M_HD1276
INFO: [VRFC 10-311] analyzing module RAM64M_HD1277
INFO: [VRFC 10-311] analyzing module RAM64M_HD1278
INFO: [VRFC 10-311] analyzing module RAM64M_HD1279
INFO: [VRFC 10-311] analyzing module RAM64M_HD1280
INFO: [VRFC 10-311] analyzing module RAM64M_HD1281
INFO: [VRFC 10-311] analyzing module RAM64M_HD1282
INFO: [VRFC 10-311] analyzing module RAM64M_HD1283
INFO: [VRFC 10-311] analyzing module RAM64M_HD1284
INFO: [VRFC 10-311] analyzing module RAM64M_HD1285
INFO: [VRFC 10-311] analyzing module RAM64M_HD1286
INFO: [VRFC 10-311] analyzing module RAM64M_HD1287
INFO: [VRFC 10-311] analyzing module RAM64M_HD1288
INFO: [VRFC 10-311] analyzing module RAM64M_HD1289
INFO: [VRFC 10-311] analyzing module RAM64M_HD1290
INFO: [VRFC 10-311] analyzing module RAM64M_HD1291
INFO: [VRFC 10-311] analyzing module RAM64M_HD1292
INFO: [VRFC 10-311] analyzing module RAM64M_HD1293
INFO: [VRFC 10-311] analyzing module RAM64M_HD1294
INFO: [VRFC 10-311] analyzing module RAM64M_HD1295
INFO: [VRFC 10-311] analyzing module RAM64M_HD1296
INFO: [VRFC 10-311] analyzing module RAM64M_HD1297
INFO: [VRFC 10-311] analyzing module RAM64M_HD1298
INFO: [VRFC 10-311] analyzing module RAM64M_HD1299
INFO: [VRFC 10-311] analyzing module RAM64M_HD1300
INFO: [VRFC 10-311] analyzing module RAM64M_HD1301
INFO: [VRFC 10-311] analyzing module RAM64M_HD1302
INFO: [VRFC 10-311] analyzing module RAM64M_HD1303
INFO: [VRFC 10-311] analyzing module RAM64M_HD1304
INFO: [VRFC 10-311] analyzing module RAM64M_HD1305
INFO: [VRFC 10-311] analyzing module RAM64M_HD1306
INFO: [VRFC 10-311] analyzing module RAM64M_HD1307
INFO: [VRFC 10-311] analyzing module RAM64M_HD1308
INFO: [VRFC 10-311] analyzing module RAM64M_HD1309
INFO: [VRFC 10-311] analyzing module RAM64M_HD1310
INFO: [VRFC 10-311] analyzing module RAM64M_HD1311
INFO: [VRFC 10-311] analyzing module RAM64M_HD1312
INFO: [VRFC 10-311] analyzing module RAM64M_HD1313
INFO: [VRFC 10-311] analyzing module RAM64M_HD1314
INFO: [VRFC 10-311] analyzing module RAM64M_HD1315
INFO: [VRFC 10-311] analyzing module RAM64M_HD1316
INFO: [VRFC 10-311] analyzing module RAM64M_HD1317
INFO: [VRFC 10-311] analyzing module RAM64M_HD1318
INFO: [VRFC 10-311] analyzing module RAM64M_HD1319
INFO: [VRFC 10-311] analyzing module RAM64M_HD1320
INFO: [VRFC 10-311] analyzing module RAM64M_HD1321
INFO: [VRFC 10-311] analyzing module RAM64M_HD1322
INFO: [VRFC 10-311] analyzing module RAM64M_HD1323
INFO: [VRFC 10-311] analyzing module RAM64M_HD1324
INFO: [VRFC 10-311] analyzing module RAM64M_HD1325
INFO: [VRFC 10-311] analyzing module RAM64M_HD1326
INFO: [VRFC 10-311] analyzing module RAM64M_HD1327
INFO: [VRFC 10-311] analyzing module RAM64M_HD1328
INFO: [VRFC 10-311] analyzing module RAM64M_HD1329
INFO: [VRFC 10-311] analyzing module RAM64M_HD1330
INFO: [VRFC 10-311] analyzing module RAM64M_HD1331
INFO: [VRFC 10-311] analyzing module RAM64M_HD1332
INFO: [VRFC 10-311] analyzing module RAM64M_HD1333
INFO: [VRFC 10-311] analyzing module RAM64M_HD1334
INFO: [VRFC 10-311] analyzing module RAM64M_HD1335
INFO: [VRFC 10-311] analyzing module RAM64M_HD1336
INFO: [VRFC 10-311] analyzing module RAM64M_HD1337
INFO: [VRFC 10-311] analyzing module RAM64M_HD1338
INFO: [VRFC 10-311] analyzing module RAM64M_HD1339
INFO: [VRFC 10-311] analyzing module RAM64M_HD1340
INFO: [VRFC 10-311] analyzing module RAM64M_HD1341
INFO: [VRFC 10-311] analyzing module RAM64M_HD1342
INFO: [VRFC 10-311] analyzing module RAM64M_HD1343
INFO: [VRFC 10-311] analyzing module RAM64M_HD1344
INFO: [VRFC 10-311] analyzing module RAM64M_HD1345
INFO: [VRFC 10-311] analyzing module RAM64M_HD1346
INFO: [VRFC 10-311] analyzing module RAM64M_HD1347
INFO: [VRFC 10-311] analyzing module RAM64M_HD1348
INFO: [VRFC 10-311] analyzing module RAM64M_HD1349
INFO: [VRFC 10-311] analyzing module RAM64M_HD1350
INFO: [VRFC 10-311] analyzing module RAM64M_HD1351
INFO: [VRFC 10-311] analyzing module RAM64M_HD1352
INFO: [VRFC 10-311] analyzing module RAM64M_HD1353
INFO: [VRFC 10-311] analyzing module RAM64M_HD1354
INFO: [VRFC 10-311] analyzing module RAM64M_HD1355
INFO: [VRFC 10-311] analyzing module RAM64M_HD1356
INFO: [VRFC 10-311] analyzing module RAM64M_HD1357
INFO: [VRFC 10-311] analyzing module RAM64M_HD1358
INFO: [VRFC 10-311] analyzing module RAM64M_HD1359
INFO: [VRFC 10-311] analyzing module RAM64M_HD1360
INFO: [VRFC 10-311] analyzing module RAM64M_HD1361
INFO: [VRFC 10-311] analyzing module RAM64M_HD1362
INFO: [VRFC 10-311] analyzing module RAM64M_HD1363
INFO: [VRFC 10-311] analyzing module RAM64M_HD1364
INFO: [VRFC 10-311] analyzing module RAM64M_HD1365
INFO: [VRFC 10-311] analyzing module RAM64M_HD1366
INFO: [VRFC 10-311] analyzing module RAM64M_HD1367
INFO: [VRFC 10-311] analyzing module RAM64M_HD1368
INFO: [VRFC 10-311] analyzing module RAM64M_HD1369
INFO: [VRFC 10-311] analyzing module RAM64M_HD1370
INFO: [VRFC 10-311] analyzing module RAM64M_HD1371
INFO: [VRFC 10-311] analyzing module RAM64M_HD1372
INFO: [VRFC 10-311] analyzing module RAM64M_HD1373
INFO: [VRFC 10-311] analyzing module RAM64M_HD1374
INFO: [VRFC 10-311] analyzing module RAM64M_HD1375
INFO: [VRFC 10-311] analyzing module RAM64M_HD1376
INFO: [VRFC 10-311] analyzing module RAM64M_HD1377
INFO: [VRFC 10-311] analyzing module RAM64M_HD1378
INFO: [VRFC 10-311] analyzing module RAM64M_HD1379
INFO: [VRFC 10-311] analyzing module RAM64M_HD1380
INFO: [VRFC 10-311] analyzing module RAM64M_HD1381
INFO: [VRFC 10-311] analyzing module RAM64M_HD1382
INFO: [VRFC 10-311] analyzing module RAM64M_HD1383
INFO: [VRFC 10-311] analyzing module RAM64M_HD1384
INFO: [VRFC 10-311] analyzing module RAM64M_HD1385
INFO: [VRFC 10-311] analyzing module RAM64M_HD1386
INFO: [VRFC 10-311] analyzing module RAM64M_HD1387
INFO: [VRFC 10-311] analyzing module RAM64M_HD1388
INFO: [VRFC 10-311] analyzing module RAM64M_HD1389
INFO: [VRFC 10-311] analyzing module RAM64M_HD1390
INFO: [VRFC 10-311] analyzing module RAM64M_HD1391
INFO: [VRFC 10-311] analyzing module RAM64M_HD1392
INFO: [VRFC 10-311] analyzing module RAM64M_HD1393
INFO: [VRFC 10-311] analyzing module RAM64M_HD1394
INFO: [VRFC 10-311] analyzing module RAM64M_HD1395
INFO: [VRFC 10-311] analyzing module RAM64M_HD1396
INFO: [VRFC 10-311] analyzing module RAM64M_HD1397
INFO: [VRFC 10-311] analyzing module RAM64M_HD1398
INFO: [VRFC 10-311] analyzing module RAM64M_HD1399
INFO: [VRFC 10-311] analyzing module RAM64M_HD1400
INFO: [VRFC 10-311] analyzing module RAM64M_HD1401
INFO: [VRFC 10-311] analyzing module RAM64M_HD1402
INFO: [VRFC 10-311] analyzing module RAM64M_HD1403
INFO: [VRFC 10-311] analyzing module RAM64M_HD1404
INFO: [VRFC 10-311] analyzing module RAM64M_HD1405
INFO: [VRFC 10-311] analyzing module RAM64M_HD1406
INFO: [VRFC 10-311] analyzing module RAM64M_HD1407
INFO: [VRFC 10-311] analyzing module RAM64M_HD959
INFO: [VRFC 10-311] analyzing module RAM64M_HD960
INFO: [VRFC 10-311] analyzing module RAM64M_HD961
INFO: [VRFC 10-311] analyzing module RAM64M_HD962
INFO: [VRFC 10-311] analyzing module RAM64M_HD963
INFO: [VRFC 10-311] analyzing module RAM64M_HD964
INFO: [VRFC 10-311] analyzing module RAM64M_HD965
INFO: [VRFC 10-311] analyzing module RAM64M_HD966
INFO: [VRFC 10-311] analyzing module RAM64M_HD967
INFO: [VRFC 10-311] analyzing module RAM64M_HD968
INFO: [VRFC 10-311] analyzing module RAM64M_HD969
INFO: [VRFC 10-311] analyzing module RAM64M_HD970
INFO: [VRFC 10-311] analyzing module RAM64M_HD971
INFO: [VRFC 10-311] analyzing module RAM64M_HD972
INFO: [VRFC 10-311] analyzing module RAM64M_HD973
INFO: [VRFC 10-311] analyzing module RAM64M_HD974
INFO: [VRFC 10-311] analyzing module RAM64M_HD975
INFO: [VRFC 10-311] analyzing module RAM64M_HD976
INFO: [VRFC 10-311] analyzing module RAM64M_HD977
INFO: [VRFC 10-311] analyzing module RAM64M_HD978
INFO: [VRFC 10-311] analyzing module RAM64M_HD979
INFO: [VRFC 10-311] analyzing module RAM64M_HD980
INFO: [VRFC 10-311] analyzing module RAM64M_HD981
INFO: [VRFC 10-311] analyzing module RAM64M_HD982
INFO: [VRFC 10-311] analyzing module RAM64M_HD983
INFO: [VRFC 10-311] analyzing module RAM64M_HD984
INFO: [VRFC 10-311] analyzing module RAM64M_HD985
INFO: [VRFC 10-311] analyzing module RAM64M_HD986
INFO: [VRFC 10-311] analyzing module RAM64M_HD987
INFO: [VRFC 10-311] analyzing module RAM64M_HD988
INFO: [VRFC 10-311] analyzing module RAM64M_HD989
INFO: [VRFC 10-311] analyzing module RAM64M_HD990
INFO: [VRFC 10-311] analyzing module RAM64M_HD991
INFO: [VRFC 10-311] analyzing module RAM64M_HD992
INFO: [VRFC 10-311] analyzing module RAM64M_HD993
INFO: [VRFC 10-311] analyzing module RAM64M_HD994
INFO: [VRFC 10-311] analyzing module RAM64M_HD995
INFO: [VRFC 10-311] analyzing module RAM64M_HD996
INFO: [VRFC 10-311] analyzing module RAM64M_HD997
INFO: [VRFC 10-311] analyzing module RAM64M_HD998
INFO: [VRFC 10-311] analyzing module RAM64M_HD999
INFO: [VRFC 10-311] analyzing module BaudRateGenerator
INFO: [VRFC 10-311] analyzing module UART
INFO: [VRFC 10-311] analyzing module UART_RX
INFO: [VRFC 10-311] analyzing module UART_Simple_Protocol_Wrapper
INFO: [VRFC 10-311] analyzing module UART_TX
INFO: [VRFC 10-311] analyzing module blk_mem_gen_0
INFO: [VRFC 10-311] analyzing module clk_wiz_0
INFO: [VRFC 10-311] analyzing module clk_wiz_0_clk_wiz
INFO: [VRFC 10-311] analyzing module dist_mem_gen_0
INFO: [VRFC 10-311] analyzing module dist_mem_gen_1
INFO: [VRFC 10-311] analyzing module dummy_peripheral1
INFO: [VRFC 10-311] analyzing module fifo_generator_0
INFO: [VRFC 10-311] analyzing module fifo_generator_0_HD940
INFO: [VRFC 10-311] analyzing module horizontal_counter
INFO: [VRFC 10-311] analyzing module image
INFO: [VRFC 10-311] analyzing module ps2_keyboard
INFO: [VRFC 10-311] analyzing module ps2_peripheral
INFO: [VRFC 10-311] analyzing module text_mod
INFO: [VRFC 10-311] analyzing module timer0
INFO: [VRFC 10-311] analyzing module timer_wrapper
INFO: [VRFC 10-311] analyzing module top
INFO: [VRFC 10-311] analyzing module vertical_counter
INFO: [VRFC 10-311] analyzing module vga_controller
INFO: [VRFC 10-311] analyzing module dist_mem_gen_0_dist_mem_gen_v8_0_15
INFO: [VRFC 10-311] analyzing module dist_mem_gen_0_dist_mem_gen_v8_0_15_synth
INFO: [VRFC 10-311] analyzing module dist_mem_gen_0_sdpram
INFO: [VRFC 10-311] analyzing module dist_mem_gen_1_dist_mem_gen_v8_0_15
INFO: [VRFC 10-311] analyzing module dist_mem_gen_1_dist_mem_gen_v8_0_15_synth
INFO: [VRFC 10-311] analyzing module dist_mem_gen_1_rom
INFO: [VRFC 10-311] analyzing module blk_mem_gen_0_bindec
INFO: [VRFC 10-311] analyzing module blk_mem_gen_0_blk_mem_gen_generic_cstr
INFO: [VRFC 10-311] analyzing module blk_mem_gen_0_blk_mem_gen_mux
INFO: [VRFC 10-311] analyzing module blk_mem_gen_0_blk_mem_gen_prim_width
INFO: [VRFC 10-311] analyzing module blk_mem_gen_0_blk_mem_gen_prim_width__parameterized0
INFO: [VRFC 10-311] analyzing module blk_mem_gen_0_blk_mem_gen_prim_width__parameterized1
INFO: [VRFC 10-311] analyzing module blk_mem_gen_0_blk_mem_gen_prim_width__parameterized2
INFO: [VRFC 10-311] analyzing module blk_mem_gen_0_blk_mem_gen_prim_width__parameterized3
INFO: [VRFC 10-311] analyzing module blk_mem_gen_0_blk_mem_gen_prim_width__parameterized4
INFO: [VRFC 10-311] analyzing module blk_mem_gen_0_blk_mem_gen_prim_width__parameterized5
INFO: [VRFC 10-311] analyzing module blk_mem_gen_0_blk_mem_gen_prim_width__parameterized6
INFO: [VRFC 10-311] analyzing module blk_mem_gen_0_blk_mem_gen_prim_width__parameterized7
INFO: [VRFC 10-311] analyzing module blk_mem_gen_0_blk_mem_gen_prim_width__parameterized8
INFO: [VRFC 10-311] analyzing module blk_mem_gen_0_blk_mem_gen_prim_wrapper_init
INFO: [VRFC 10-311] analyzing module blk_mem_gen_0_blk_mem_gen_prim_wrapper_init__parameterized0
INFO: [VRFC 10-311] analyzing module blk_mem_gen_0_blk_mem_gen_prim_wrapper_init__parameterized1
INFO: [VRFC 10-311] analyzing module blk_mem_gen_0_blk_mem_gen_prim_wrapper_init__parameterized2
INFO: [VRFC 10-311] analyzing module blk_mem_gen_0_blk_mem_gen_prim_wrapper_init__parameterized3
INFO: [VRFC 10-311] analyzing module blk_mem_gen_0_blk_mem_gen_prim_wrapper_init__parameterized4
INFO: [VRFC 10-311] analyzing module blk_mem_gen_0_blk_mem_gen_prim_wrapper_init__parameterized5
INFO: [VRFC 10-311] analyzing module blk_mem_gen_0_blk_mem_gen_prim_wrapper_init__parameterized6
INFO: [VRFC 10-311] analyzing module blk_mem_gen_0_blk_mem_gen_prim_wrapper_init__parameterized7
INFO: [VRFC 10-311] analyzing module blk_mem_gen_0_blk_mem_gen_prim_wrapper_init__parameterized8
INFO: [VRFC 10-311] analyzing module blk_mem_gen_0_blk_mem_gen_top
INFO: [VRFC 10-311] analyzing module blk_mem_gen_0_blk_mem_gen_v8_4_9
INFO: [VRFC 10-311] analyzing module blk_mem_gen_0_blk_mem_gen_v8_4_9_synth
INFO: [VRFC 10-311] analyzing module fifo_generator_0_blk_mem_gen_generic_cstr
INFO: [VRFC 10-311] analyzing module fifo_generator_0_blk_mem_gen_generic_cstr_HD955
INFO: [VRFC 10-311] analyzing module fifo_generator_0_blk_mem_gen_prim_width
INFO: [VRFC 10-311] analyzing module fifo_generator_0_blk_mem_gen_prim_width_HD956
INFO: [VRFC 10-311] analyzing module fifo_generator_0_blk_mem_gen_prim_wrapper
INFO: [VRFC 10-311] analyzing module fifo_generator_0_blk_mem_gen_prim_wrapper_HD957
INFO: [VRFC 10-311] analyzing module fifo_generator_0_blk_mem_gen_top
INFO: [VRFC 10-311] analyzing module fifo_generator_0_blk_mem_gen_top_HD954
INFO: [VRFC 10-311] analyzing module fifo_generator_0_blk_mem_gen_v8_4_9
INFO: [VRFC 10-311] analyzing module fifo_generator_0_blk_mem_gen_v8_4_9_HD952
INFO: [VRFC 10-311] analyzing module fifo_generator_0_blk_mem_gen_v8_4_9_synth
INFO: [VRFC 10-311] analyzing module fifo_generator_0_blk_mem_gen_v8_4_9_synth_HD953
INFO: [VRFC 10-311] analyzing module fifo_generator_0_fifo_generator_ramfifo
INFO: [VRFC 10-311] analyzing module fifo_generator_0_fifo_generator_ramfifo_HD944
INFO: [VRFC 10-311] analyzing module fifo_generator_0_fifo_generator_top
INFO: [VRFC 10-311] analyzing module fifo_generator_0_fifo_generator_top_HD943
INFO: [VRFC 10-311] analyzing module fifo_generator_0_fifo_generator_v13_2_11
INFO: [VRFC 10-311] analyzing module fifo_generator_0_fifo_generator_v13_2_11_HD941
INFO: [VRFC 10-311] analyzing module fifo_generator_0_fifo_generator_v13_2_11_synth
INFO: [VRFC 10-311] analyzing module fifo_generator_0_fifo_generator_v13_2_11_synth_HD942
INFO: [VRFC 10-311] analyzing module fifo_generator_0_memory
INFO: [VRFC 10-311] analyzing module fifo_generator_0_memory_HD951
INFO: [VRFC 10-311] analyzing module fifo_generator_0_rd_bin_cntr
INFO: [VRFC 10-311] analyzing module fifo_generator_0_rd_bin_cntr_HD947
INFO: [VRFC 10-311] analyzing module fifo_generator_0_rd_logic
INFO: [VRFC 10-311] analyzing module fifo_generator_0_rd_logic_HD945
INFO: [VRFC 10-311] analyzing module fifo_generator_0_rd_status_flags_ss
INFO: [VRFC 10-311] analyzing module fifo_generator_0_rd_status_flags_ss_HD946
INFO: [VRFC 10-311] analyzing module fifo_generator_0_reset_blk_ramfifo
INFO: [VRFC 10-311] analyzing module fifo_generator_0_reset_blk_ramfifo_HD958
INFO: [VRFC 10-311] analyzing module fifo_generator_0_wr_bin_cntr
INFO: [VRFC 10-311] analyzing module fifo_generator_0_wr_bin_cntr_HD950
INFO: [VRFC 10-311] analyzing module fifo_generator_0_wr_logic
INFO: [VRFC 10-311] analyzing module fifo_generator_0_wr_logic_HD948
INFO: [VRFC 10-311] analyzing module fifo_generator_0_wr_status_flags_ss
INFO: [VRFC 10-311] analyzing module fifo_generator_0_wr_status_flags_ss_HD949
INFO: [VRFC 10-311] analyzing module glbl
INFO: [VRFC 10-2263] Analyzing Verilog file "/home/telmo/Desktop/Vivado/8051/custom_bus/custom_bus.srcs/sim_1/new/top_tb.v" into library xil_defaultlib
INFO: [VRFC 10-311] analyzing module top_tb
