
*** Running vivado
    with args -log CPU8051.vdi -applog -m64 -product Vivado -messageDb vivado.pb -mode batch -source CPU8051.tcl -notrace


****** Vivado v2024.2 (64-bit)
  **** SW Build 5239630 on Fri Nov 08 22:34:34 MST 2024
  **** IP Build 5239520 on Sun Nov 10 16:12:51 MST 2024
  **** SharedData Build 5239561 on Fri Nov 08 14:39:27 MST 2024
  **** Start of session at: Thu May  8 20:03:41 2025
    ** Copyright 1986-2022 Xilinx, Inc. All Rights Reserved.
    ** Copyright 2022-2024 Advanced Micro Devices, Inc. All Rights Reserved.

source CPU8051.tcl -notrace
create_project: Time (s): cpu = 00:00:05 ; elapsed = 00:00:05 . Memory (MB): peak = 1513.980 ; gain = 46.840 ; free physical = 7428 ; free virtual = 14347
Command: link_design -top CPU8051 -part xc7z010clg400-1
Design is defaulting to srcset: sources_1
Design is defaulting to constrset: constrs_1
INFO: [Device 21-403] Loading part xc7z010clg400-1
INFO: [Project 1-454] Reading design checkpoint '/home/viny/Desktop/Final_micro_sempipeline/Final_micro_sempipeline.runs/impl_1/.Xil/Vivado-214422-viny/dist_mem_gen_0/dist_mem_gen_0.dcp' for cell 'fetch_unit/rom_instance/ROM_ip'
INFO: [Project 1-454] Reading design checkpoint '/home/viny/Desktop/Final_micro_sempipeline/Final_micro_sempipeline.gen/sources_1/ip/blk_mem_gen_0/blk_mem_gen_0.dcp' for cell 'ram_inst/RAM_IP'
Netlist sorting complete. Time (s): cpu = 00:00:00.04 ; elapsed = 00:00:00.04 . Memory (MB): peak = 1749.098 ; gain = 0.000 ; free physical = 7192 ; free virtual = 14112
INFO: [Netlist 29-17] Analyzing 1720 Unisim elements for replacement
INFO: [Netlist 29-28] Unisim Transformation completed in 0 CPU seconds
INFO: [Project 1-479] Netlist was created with Vivado 2024.1
INFO: [Project 1-570] Preparing netlist for logic optimization
Parsing XDC File [/home/viny/Desktop/Final_micro_sempipeline/Final_micro_sempipeline.srcs/constrs_1/new/micro.xdc]
WARNING: [Vivado 12-584] No ports matched 'ACC[7]'. [/home/viny/Desktop/Final_micro_sempipeline/Final_micro_sempipeline.srcs/constrs_1/new/micro.xdc:2]
CRITICAL WARNING: [Common 17-55] 'set_property' expects at least one object. [/home/viny/Desktop/Final_micro_sempipeline/Final_micro_sempipeline.srcs/constrs_1/new/micro.xdc:2]
Resolution: If [get_<value>] was used to populate the object, check to make sure this command returns at least one valid object.
WARNING: [Vivado 12-584] No ports matched 'ACC[6]'. [/home/viny/Desktop/Final_micro_sempipeline/Final_micro_sempipeline.srcs/constrs_1/new/micro.xdc:3]
CRITICAL WARNING: [Common 17-55] 'set_property' expects at least one object. [/home/viny/Desktop/Final_micro_sempipeline/Final_micro_sempipeline.srcs/constrs_1/new/micro.xdc:3]
Resolution: If [get_<value>] was used to populate the object, check to make sure this command returns at least one valid object.
WARNING: [Vivado 12-584] No ports matched 'ACC[5]'. [/home/viny/Desktop/Final_micro_sempipeline/Final_micro_sempipeline.srcs/constrs_1/new/micro.xdc:4]
CRITICAL WARNING: [Common 17-55] 'set_property' expects at least one object. [/home/viny/Desktop/Final_micro_sempipeline/Final_micro_sempipeline.srcs/constrs_1/new/micro.xdc:4]
Resolution: If [get_<value>] was used to populate the object, check to make sure this command returns at least one valid object.
WARNING: [Vivado 12-584] No ports matched 'ACC[4]'. [/home/viny/Desktop/Final_micro_sempipeline/Final_micro_sempipeline.srcs/constrs_1/new/micro.xdc:5]
CRITICAL WARNING: [Common 17-55] 'set_property' expects at least one object. [/home/viny/Desktop/Final_micro_sempipeline/Final_micro_sempipeline.srcs/constrs_1/new/micro.xdc:5]
Resolution: If [get_<value>] was used to populate the object, check to make sure this command returns at least one valid object.
WARNING: [Vivado 12-584] No ports matched 'ACC[3]'. [/home/viny/Desktop/Final_micro_sempipeline/Final_micro_sempipeline.srcs/constrs_1/new/micro.xdc:6]
CRITICAL WARNING: [Common 17-55] 'set_property' expects at least one object. [/home/viny/Desktop/Final_micro_sempipeline/Final_micro_sempipeline.srcs/constrs_1/new/micro.xdc:6]
Resolution: If [get_<value>] was used to populate the object, check to make sure this command returns at least one valid object.
WARNING: [Vivado 12-584] No ports matched 'ACC[2]'. [/home/viny/Desktop/Final_micro_sempipeline/Final_micro_sempipeline.srcs/constrs_1/new/micro.xdc:7]
CRITICAL WARNING: [Common 17-55] 'set_property' expects at least one object. [/home/viny/Desktop/Final_micro_sempipeline/Final_micro_sempipeline.srcs/constrs_1/new/micro.xdc:7]
Resolution: If [get_<value>] was used to populate the object, check to make sure this command returns at least one valid object.
WARNING: [Vivado 12-584] No ports matched 'ACC[1]'. [/home/viny/Desktop/Final_micro_sempipeline/Final_micro_sempipeline.srcs/constrs_1/new/micro.xdc:8]
CRITICAL WARNING: [Common 17-55] 'set_property' expects at least one object. [/home/viny/Desktop/Final_micro_sempipeline/Final_micro_sempipeline.srcs/constrs_1/new/micro.xdc:8]
Resolution: If [get_<value>] was used to populate the object, check to make sure this command returns at least one valid object.
WARNING: [Vivado 12-584] No ports matched 'ACC[0]'. [/home/viny/Desktop/Final_micro_sempipeline/Final_micro_sempipeline.srcs/constrs_1/new/micro.xdc:9]
CRITICAL WARNING: [Common 17-55] 'set_property' expects at least one object. [/home/viny/Desktop/Final_micro_sempipeline/Final_micro_sempipeline.srcs/constrs_1/new/micro.xdc:9]
Resolution: If [get_<value>] was used to populate the object, check to make sure this command returns at least one valid object.
WARNING: [Vivado 12-584] No ports matched 'SBUF[7]'. [/home/viny/Desktop/Final_micro_sempipeline/Final_micro_sempipeline.srcs/constrs_1/new/micro.xdc:10]
CRITICAL WARNING: [Common 17-55] 'set_property' expects at least one object. [/home/viny/Desktop/Final_micro_sempipeline/Final_micro_sempipeline.srcs/constrs_1/new/micro.xdc:10]
Resolution: If [get_<value>] was used to populate the object, check to make sure this command returns at least one valid object.
WARNING: [Vivado 12-584] No ports matched 'SBUF[6]'. [/home/viny/Desktop/Final_micro_sempipeline/Final_micro_sempipeline.srcs/constrs_1/new/micro.xdc:11]
CRITICAL WARNING: [Common 17-55] 'set_property' expects at least one object. [/home/viny/Desktop/Final_micro_sempipeline/Final_micro_sempipeline.srcs/constrs_1/new/micro.xdc:11]
Resolution: If [get_<value>] was used to populate the object, check to make sure this command returns at least one valid object.
WARNING: [Vivado 12-584] No ports matched 'SBUF[5]'. [/home/viny/Desktop/Final_micro_sempipeline/Final_micro_sempipeline.srcs/constrs_1/new/micro.xdc:12]
CRITICAL WARNING: [Common 17-55] 'set_property' expects at least one object. [/home/viny/Desktop/Final_micro_sempipeline/Final_micro_sempipeline.srcs/constrs_1/new/micro.xdc:12]
Resolution: If [get_<value>] was used to populate the object, check to make sure this command returns at least one valid object.
WARNING: [Vivado 12-584] No ports matched 'SBUF[4]'. [/home/viny/Desktop/Final_micro_sempipeline/Final_micro_sempipeline.srcs/constrs_1/new/micro.xdc:13]
CRITICAL WARNING: [Common 17-55] 'set_property' expects at least one object. [/home/viny/Desktop/Final_micro_sempipeline/Final_micro_sempipeline.srcs/constrs_1/new/micro.xdc:13]
Resolution: If [get_<value>] was used to populate the object, check to make sure this command returns at least one valid object.
WARNING: [Vivado 12-584] No ports matched 'SBUF[3]'. [/home/viny/Desktop/Final_micro_sempipeline/Final_micro_sempipeline.srcs/constrs_1/new/micro.xdc:14]
CRITICAL WARNING: [Common 17-55] 'set_property' expects at least one object. [/home/viny/Desktop/Final_micro_sempipeline/Final_micro_sempipeline.srcs/constrs_1/new/micro.xdc:14]
Resolution: If [get_<value>] was used to populate the object, check to make sure this command returns at least one valid object.
WARNING: [Vivado 12-584] No ports matched 'SBUF[2]'. [/home/viny/Desktop/Final_micro_sempipeline/Final_micro_sempipeline.srcs/constrs_1/new/micro.xdc:15]
CRITICAL WARNING: [Common 17-55] 'set_property' expects at least one object. [/home/viny/Desktop/Final_micro_sempipeline/Final_micro_sempipeline.srcs/constrs_1/new/micro.xdc:15]
Resolution: If [get_<value>] was used to populate the object, check to make sure this command returns at least one valid object.
WARNING: [Vivado 12-584] No ports matched 'SBUF[1]'. [/home/viny/Desktop/Final_micro_sempipeline/Final_micro_sempipeline.srcs/constrs_1/new/micro.xdc:16]
CRITICAL WARNING: [Common 17-55] 'set_property' expects at least one object. [/home/viny/Desktop/Final_micro_sempipeline/Final_micro_sempipeline.srcs/constrs_1/new/micro.xdc:16]
Resolution: If [get_<value>] was used to populate the object, check to make sure this command returns at least one valid object.
WARNING: [Vivado 12-584] No ports matched 'SBUF[0]'. [/home/viny/Desktop/Final_micro_sempipeline/Final_micro_sempipeline.srcs/constrs_1/new/micro.xdc:17]
CRITICAL WARNING: [Common 17-55] 'set_property' expects at least one object. [/home/viny/Desktop/Final_micro_sempipeline/Final_micro_sempipeline.srcs/constrs_1/new/micro.xdc:17]
Resolution: If [get_<value>] was used to populate the object, check to make sure this command returns at least one valid object.
WARNING: [Vivado 12-584] No ports matched 'SCON[7]'. [/home/viny/Desktop/Final_micro_sempipeline/Final_micro_sempipeline.srcs/constrs_1/new/micro.xdc:18]
CRITICAL WARNING: [Common 17-55] 'set_property' expects at least one object. [/home/viny/Desktop/Final_micro_sempipeline/Final_micro_sempipeline.srcs/constrs_1/new/micro.xdc:18]
Resolution: If [get_<value>] was used to populate the object, check to make sure this command returns at least one valid object.
WARNING: [Vivado 12-584] No ports matched 'SCON[6]'. [/home/viny/Desktop/Final_micro_sempipeline/Final_micro_sempipeline.srcs/constrs_1/new/micro.xdc:19]
CRITICAL WARNING: [Common 17-55] 'set_property' expects at least one object. [/home/viny/Desktop/Final_micro_sempipeline/Final_micro_sempipeline.srcs/constrs_1/new/micro.xdc:19]
Resolution: If [get_<value>] was used to populate the object, check to make sure this command returns at least one valid object.
WARNING: [Vivado 12-584] No ports matched 'SCON[5]'. [/home/viny/Desktop/Final_micro_sempipeline/Final_micro_sempipeline.srcs/constrs_1/new/micro.xdc:20]
CRITICAL WARNING: [Common 17-55] 'set_property' expects at least one object. [/home/viny/Desktop/Final_micro_sempipeline/Final_micro_sempipeline.srcs/constrs_1/new/micro.xdc:20]
Resolution: If [get_<value>] was used to populate the object, check to make sure this command returns at least one valid object.
WARNING: [Vivado 12-584] No ports matched 'SCON[4]'. [/home/viny/Desktop/Final_micro_sempipeline/Final_micro_sempipeline.srcs/constrs_1/new/micro.xdc:21]
CRITICAL WARNING: [Common 17-55] 'set_property' expects at least one object. [/home/viny/Desktop/Final_micro_sempipeline/Final_micro_sempipeline.srcs/constrs_1/new/micro.xdc:21]
Resolution: If [get_<value>] was used to populate the object, check to make sure this command returns at least one valid object.
WARNING: [Vivado 12-584] No ports matched 'SCON[3]'. [/home/viny/Desktop/Final_micro_sempipeline/Final_micro_sempipeline.srcs/constrs_1/new/micro.xdc:22]
CRITICAL WARNING: [Common 17-55] 'set_property' expects at least one object. [/home/viny/Desktop/Final_micro_sempipeline/Final_micro_sempipeline.srcs/constrs_1/new/micro.xdc:22]
Resolution: If [get_<value>] was used to populate the object, check to make sure this command returns at least one valid object.
WARNING: [Vivado 12-584] No ports matched 'SCON[2]'. [/home/viny/Desktop/Final_micro_sempipeline/Final_micro_sempipeline.srcs/constrs_1/new/micro.xdc:23]
CRITICAL WARNING: [Common 17-55] 'set_property' expects at least one object. [/home/viny/Desktop/Final_micro_sempipeline/Final_micro_sempipeline.srcs/constrs_1/new/micro.xdc:23]
Resolution: If [get_<value>] was used to populate the object, check to make sure this command returns at least one valid object.
WARNING: [Vivado 12-584] No ports matched 'SCON[1]'. [/home/viny/Desktop/Final_micro_sempipeline/Final_micro_sempipeline.srcs/constrs_1/new/micro.xdc:24]
CRITICAL WARNING: [Common 17-55] 'set_property' expects at least one object. [/home/viny/Desktop/Final_micro_sempipeline/Final_micro_sempipeline.srcs/constrs_1/new/micro.xdc:24]
Resolution: If [get_<value>] was used to populate the object, check to make sure this command returns at least one valid object.
WARNING: [Vivado 12-584] No ports matched 'SCON[0]'. [/home/viny/Desktop/Final_micro_sempipeline/Final_micro_sempipeline.srcs/constrs_1/new/micro.xdc:25]
CRITICAL WARNING: [Common 17-55] 'set_property' expects at least one object. [/home/viny/Desktop/Final_micro_sempipeline/Final_micro_sempipeline.srcs/constrs_1/new/micro.xdc:25]
Resolution: If [get_<value>] was used to populate the object, check to make sure this command returns at least one valid object.
WARNING: [Vivado 12-584] No ports matched 'TL0[7]'. [/home/viny/Desktop/Final_micro_sempipeline/Final_micro_sempipeline.srcs/constrs_1/new/micro.xdc:26]
CRITICAL WARNING: [Common 17-55] 'set_property' expects at least one object. [/home/viny/Desktop/Final_micro_sempipeline/Final_micro_sempipeline.srcs/constrs_1/new/micro.xdc:26]
Resolution: If [get_<value>] was used to populate the object, check to make sure this command returns at least one valid object.
WARNING: [Vivado 12-584] No ports matched 'TL0[6]'. [/home/viny/Desktop/Final_micro_sempipeline/Final_micro_sempipeline.srcs/constrs_1/new/micro.xdc:27]
CRITICAL WARNING: [Common 17-55] 'set_property' expects at least one object. [/home/viny/Desktop/Final_micro_sempipeline/Final_micro_sempipeline.srcs/constrs_1/new/micro.xdc:27]
Resolution: If [get_<value>] was used to populate the object, check to make sure this command returns at least one valid object.
WARNING: [Vivado 12-584] No ports matched 'TL0[5]'. [/home/viny/Desktop/Final_micro_sempipeline/Final_micro_sempipeline.srcs/constrs_1/new/micro.xdc:28]
CRITICAL WARNING: [Common 17-55] 'set_property' expects at least one object. [/home/viny/Desktop/Final_micro_sempipeline/Final_micro_sempipeline.srcs/constrs_1/new/micro.xdc:28]
Resolution: If [get_<value>] was used to populate the object, check to make sure this command returns at least one valid object.
WARNING: [Vivado 12-584] No ports matched 'TL0[4]'. [/home/viny/Desktop/Final_micro_sempipeline/Final_micro_sempipeline.srcs/constrs_1/new/micro.xdc:29]
CRITICAL WARNING: [Common 17-55] 'set_property' expects at least one object. [/home/viny/Desktop/Final_micro_sempipeline/Final_micro_sempipeline.srcs/constrs_1/new/micro.xdc:29]
Resolution: If [get_<value>] was used to populate the object, check to make sure this command returns at least one valid object.
WARNING: [Vivado 12-584] No ports matched 'TL0[3]'. [/home/viny/Desktop/Final_micro_sempipeline/Final_micro_sempipeline.srcs/constrs_1/new/micro.xdc:30]
CRITICAL WARNING: [Common 17-55] 'set_property' expects at least one object. [/home/viny/Desktop/Final_micro_sempipeline/Final_micro_sempipeline.srcs/constrs_1/new/micro.xdc:30]
Resolution: If [get_<value>] was used to populate the object, check to make sure this command returns at least one valid object.
WARNING: [Vivado 12-584] No ports matched 'TL0[2]'. [/home/viny/Desktop/Final_micro_sempipeline/Final_micro_sempipeline.srcs/constrs_1/new/micro.xdc:31]
CRITICAL WARNING: [Common 17-55] 'set_property' expects at least one object. [/home/viny/Desktop/Final_micro_sempipeline/Final_micro_sempipeline.srcs/constrs_1/new/micro.xdc:31]
Resolution: If [get_<value>] was used to populate the object, check to make sure this command returns at least one valid object.
WARNING: [Vivado 12-584] No ports matched 'TL0[1]'. [/home/viny/Desktop/Final_micro_sempipeline/Final_micro_sempipeline.srcs/constrs_1/new/micro.xdc:32]
CRITICAL WARNING: [Common 17-55] 'set_property' expects at least one object. [/home/viny/Desktop/Final_micro_sempipeline/Final_micro_sempipeline.srcs/constrs_1/new/micro.xdc:32]
Resolution: If [get_<value>] was used to populate the object, check to make sure this command returns at least one valid object.
WARNING: [Vivado 12-584] No ports matched 'TL0[0]'. [/home/viny/Desktop/Final_micro_sempipeline/Final_micro_sempipeline.srcs/constrs_1/new/micro.xdc:33]
CRITICAL WARNING: [Common 17-55] 'set_property' expects at least one object. [/home/viny/Desktop/Final_micro_sempipeline/Final_micro_sempipeline.srcs/constrs_1/new/micro.xdc:33]
Resolution: If [get_<value>] was used to populate the object, check to make sure this command returns at least one valid object.
WARNING: [Vivado 12-584] No ports matched 'ACC[7]'. [/home/viny/Desktop/Final_micro_sempipeline/Final_micro_sempipeline.srcs/constrs_1/new/micro.xdc:39]
CRITICAL WARNING: [Common 17-55] 'set_property' expects at least one object. [/home/viny/Desktop/Final_micro_sempipeline/Final_micro_sempipeline.srcs/constrs_1/new/micro.xdc:39]
Resolution: If [get_<value>] was used to populate the object, check to make sure this command returns at least one valid object.
WARNING: [Vivado 12-584] No ports matched 'ACC[6]'. [/home/viny/Desktop/Final_micro_sempipeline/Final_micro_sempipeline.srcs/constrs_1/new/micro.xdc:40]
CRITICAL WARNING: [Common 17-55] 'set_property' expects at least one object. [/home/viny/Desktop/Final_micro_sempipeline/Final_micro_sempipeline.srcs/constrs_1/new/micro.xdc:40]
Resolution: If [get_<value>] was used to populate the object, check to make sure this command returns at least one valid object.
WARNING: [Vivado 12-584] No ports matched 'ACC[5]'. [/home/viny/Desktop/Final_micro_sempipeline/Final_micro_sempipeline.srcs/constrs_1/new/micro.xdc:41]
CRITICAL WARNING: [Common 17-55] 'set_property' expects at least one object. [/home/viny/Desktop/Final_micro_sempipeline/Final_micro_sempipeline.srcs/constrs_1/new/micro.xdc:41]
Resolution: If [get_<value>] was used to populate the object, check to make sure this command returns at least one valid object.
WARNING: [Vivado 12-584] No ports matched 'ACC[4]'. [/home/viny/Desktop/Final_micro_sempipeline/Final_micro_sempipeline.srcs/constrs_1/new/micro.xdc:42]
CRITICAL WARNING: [Common 17-55] 'set_property' expects at least one object. [/home/viny/Desktop/Final_micro_sempipeline/Final_micro_sempipeline.srcs/constrs_1/new/micro.xdc:42]
Resolution: If [get_<value>] was used to populate the object, check to make sure this command returns at least one valid object.
WARNING: [Vivado 12-584] No ports matched 'ACC[3]'. [/home/viny/Desktop/Final_micro_sempipeline/Final_micro_sempipeline.srcs/constrs_1/new/micro.xdc:43]
CRITICAL WARNING: [Common 17-55] 'set_property' expects at least one object. [/home/viny/Desktop/Final_micro_sempipeline/Final_micro_sempipeline.srcs/constrs_1/new/micro.xdc:43]
Resolution: If [get_<value>] was used to populate the object, check to make sure this command returns at least one valid object.
WARNING: [Vivado 12-584] No ports matched 'ACC[2]'. [/home/viny/Desktop/Final_micro_sempipeline/Final_micro_sempipeline.srcs/constrs_1/new/micro.xdc:44]
CRITICAL WARNING: [Common 17-55] 'set_property' expects at least one object. [/home/viny/Desktop/Final_micro_sempipeline/Final_micro_sempipeline.srcs/constrs_1/new/micro.xdc:44]
Resolution: If [get_<value>] was used to populate the object, check to make sure this command returns at least one valid object.
WARNING: [Vivado 12-584] No ports matched 'ACC[1]'. [/home/viny/Desktop/Final_micro_sempipeline/Final_micro_sempipeline.srcs/constrs_1/new/micro.xdc:45]
CRITICAL WARNING: [Common 17-55] 'set_property' expects at least one object. [/home/viny/Desktop/Final_micro_sempipeline/Final_micro_sempipeline.srcs/constrs_1/new/micro.xdc:45]
Resolution: If [get_<value>] was used to populate the object, check to make sure this command returns at least one valid object.
WARNING: [Vivado 12-584] No ports matched 'ACC[0]'. [/home/viny/Desktop/Final_micro_sempipeline/Final_micro_sempipeline.srcs/constrs_1/new/micro.xdc:46]
CRITICAL WARNING: [Common 17-55] 'set_property' expects at least one object. [/home/viny/Desktop/Final_micro_sempipeline/Final_micro_sempipeline.srcs/constrs_1/new/micro.xdc:46]
Resolution: If [get_<value>] was used to populate the object, check to make sure this command returns at least one valid object.
WARNING: [Vivado 12-584] No ports matched 'SBUF[7]'. [/home/viny/Desktop/Final_micro_sempipeline/Final_micro_sempipeline.srcs/constrs_1/new/micro.xdc:47]
CRITICAL WARNING: [Common 17-55] 'set_property' expects at least one object. [/home/viny/Desktop/Final_micro_sempipeline/Final_micro_sempipeline.srcs/constrs_1/new/micro.xdc:47]
Resolution: If [get_<value>] was used to populate the object, check to make sure this command returns at least one valid object.
WARNING: [Vivado 12-584] No ports matched 'SBUF[6]'. [/home/viny/Desktop/Final_micro_sempipeline/Final_micro_sempipeline.srcs/constrs_1/new/micro.xdc:48]
CRITICAL WARNING: [Common 17-55] 'set_property' expects at least one object. [/home/viny/Desktop/Final_micro_sempipeline/Final_micro_sempipeline.srcs/constrs_1/new/micro.xdc:48]
Resolution: If [get_<value>] was used to populate the object, check to make sure this command returns at least one valid object.
WARNING: [Vivado 12-584] No ports matched 'SBUF[5]'. [/home/viny/Desktop/Final_micro_sempipeline/Final_micro_sempipeline.srcs/constrs_1/new/micro.xdc:49]
CRITICAL WARNING: [Common 17-55] 'set_property' expects at least one object. [/home/viny/Desktop/Final_micro_sempipeline/Final_micro_sempipeline.srcs/constrs_1/new/micro.xdc:49]
Resolution: If [get_<value>] was used to populate the object, check to make sure this command returns at least one valid object.
WARNING: [Vivado 12-584] No ports matched 'SBUF[4]'. [/home/viny/Desktop/Final_micro_sempipeline/Final_micro_sempipeline.srcs/constrs_1/new/micro.xdc:50]
CRITICAL WARNING: [Common 17-55] 'set_property' expects at least one object. [/home/viny/Desktop/Final_micro_sempipeline/Final_micro_sempipeline.srcs/constrs_1/new/micro.xdc:50]
Resolution: If [get_<value>] was used to populate the object, check to make sure this command returns at least one valid object.
WARNING: [Vivado 12-584] No ports matched 'SBUF[3]'. [/home/viny/Desktop/Final_micro_sempipeline/Final_micro_sempipeline.srcs/constrs_1/new/micro.xdc:51]
CRITICAL WARNING: [Common 17-55] 'set_property' expects at least one object. [/home/viny/Desktop/Final_micro_sempipeline/Final_micro_sempipeline.srcs/constrs_1/new/micro.xdc:51]
Resolution: If [get_<value>] was used to populate the object, check to make sure this command returns at least one valid object.
WARNING: [Vivado 12-584] No ports matched 'SBUF[2]'. [/home/viny/Desktop/Final_micro_sempipeline/Final_micro_sempipeline.srcs/constrs_1/new/micro.xdc:52]
CRITICAL WARNING: [Common 17-55] 'set_property' expects at least one object. [/home/viny/Desktop/Final_micro_sempipeline/Final_micro_sempipeline.srcs/constrs_1/new/micro.xdc:52]
Resolution: If [get_<value>] was used to populate the object, check to make sure this command returns at least one valid object.
WARNING: [Vivado 12-584] No ports matched 'SBUF[1]'. [/home/viny/Desktop/Final_micro_sempipeline/Final_micro_sempipeline.srcs/constrs_1/new/micro.xdc:53]
CRITICAL WARNING: [Common 17-55] 'set_property' expects at least one object. [/home/viny/Desktop/Final_micro_sempipeline/Final_micro_sempipeline.srcs/constrs_1/new/micro.xdc:53]
Resolution: If [get_<value>] was used to populate the object, check to make sure this command returns at least one valid object.
WARNING: [Vivado 12-584] No ports matched 'SBUF[0]'. [/home/viny/Desktop/Final_micro_sempipeline/Final_micro_sempipeline.srcs/constrs_1/new/micro.xdc:54]
CRITICAL WARNING: [Common 17-55] 'set_property' expects at least one object. [/home/viny/Desktop/Final_micro_sempipeline/Final_micro_sempipeline.srcs/constrs_1/new/micro.xdc:54]
Resolution: If [get_<value>] was used to populate the object, check to make sure this command returns at least one valid object.
WARNING: [Vivado 12-584] No ports matched 'SCON[7]'. [/home/viny/Desktop/Final_micro_sempipeline/Final_micro_sempipeline.srcs/constrs_1/new/micro.xdc:55]
CRITICAL WARNING: [Common 17-55] 'set_property' expects at least one object. [/home/viny/Desktop/Final_micro_sempipeline/Final_micro_sempipeline.srcs/constrs_1/new/micro.xdc:55]
Resolution: If [get_<value>] was used to populate the object, check to make sure this command returns at least one valid object.
WARNING: [Vivado 12-584] No ports matched 'SCON[6]'. [/home/viny/Desktop/Final_micro_sempipeline/Final_micro_sempipeline.srcs/constrs_1/new/micro.xdc:56]
CRITICAL WARNING: [Common 17-55] 'set_property' expects at least one object. [/home/viny/Desktop/Final_micro_sempipeline/Final_micro_sempipeline.srcs/constrs_1/new/micro.xdc:56]
Resolution: If [get_<value>] was used to populate the object, check to make sure this command returns at least one valid object.
WARNING: [Vivado 12-584] No ports matched 'SCON[5]'. [/home/viny/Desktop/Final_micro_sempipeline/Final_micro_sempipeline.srcs/constrs_1/new/micro.xdc:57]
CRITICAL WARNING: [Common 17-55] 'set_property' expects at least one object. [/home/viny/Desktop/Final_micro_sempipeline/Final_micro_sempipeline.srcs/constrs_1/new/micro.xdc:57]
Resolution: If [get_<value>] was used to populate the object, check to make sure this command returns at least one valid object.
WARNING: [Vivado 12-584] No ports matched 'SCON[4]'. [/home/viny/Desktop/Final_micro_sempipeline/Final_micro_sempipeline.srcs/constrs_1/new/micro.xdc:58]
CRITICAL WARNING: [Common 17-55] 'set_property' expects at least one object. [/home/viny/Desktop/Final_micro_sempipeline/Final_micro_sempipeline.srcs/constrs_1/new/micro.xdc:58]
Resolution: If [get_<value>] was used to populate the object, check to make sure this command returns at least one valid object.
WARNING: [Vivado 12-584] No ports matched 'SCON[3]'. [/home/viny/Desktop/Final_micro_sempipeline/Final_micro_sempipeline.srcs/constrs_1/new/micro.xdc:59]
CRITICAL WARNING: [Common 17-55] 'set_property' expects at least one object. [/home/viny/Desktop/Final_micro_sempipeline/Final_micro_sempipeline.srcs/constrs_1/new/micro.xdc:59]
Resolution: If [get_<value>] was used to populate the object, check to make sure this command returns at least one valid object.
WARNING: [Vivado 12-584] No ports matched 'SCON[2]'. [/home/viny/Desktop/Final_micro_sempipeline/Final_micro_sempipeline.srcs/constrs_1/new/micro.xdc:60]
CRITICAL WARNING: [Common 17-55] 'set_property' expects at least one object. [/home/viny/Desktop/Final_micro_sempipeline/Final_micro_sempipeline.srcs/constrs_1/new/micro.xdc:60]
Resolution: If [get_<value>] was used to populate the object, check to make sure this command returns at least one valid object.
WARNING: [Vivado 12-584] No ports matched 'SCON[1]'. [/home/viny/Desktop/Final_micro_sempipeline/Final_micro_sempipeline.srcs/constrs_1/new/micro.xdc:61]
CRITICAL WARNING: [Common 17-55] 'set_property' expects at least one object. [/home/viny/Desktop/Final_micro_sempipeline/Final_micro_sempipeline.srcs/constrs_1/new/micro.xdc:61]
Resolution: If [get_<value>] was used to populate the object, check to make sure this command returns at least one valid object.
WARNING: [Vivado 12-584] No ports matched 'SCON[0]'. [/home/viny/Desktop/Final_micro_sempipeline/Final_micro_sempipeline.srcs/constrs_1/new/micro.xdc:62]
CRITICAL WARNING: [Common 17-55] 'set_property' expects at least one object. [/home/viny/Desktop/Final_micro_sempipeline/Final_micro_sempipeline.srcs/constrs_1/new/micro.xdc:62]
Resolution: If [get_<value>] was used to populate the object, check to make sure this command returns at least one valid object.
WARNING: [Vivado 12-584] No ports matched 'TL0[7]'. [/home/viny/Desktop/Final_micro_sempipeline/Final_micro_sempipeline.srcs/constrs_1/new/micro.xdc:63]
CRITICAL WARNING: [Common 17-55] 'set_property' expects at least one object. [/home/viny/Desktop/Final_micro_sempipeline/Final_micro_sempipeline.srcs/constrs_1/new/micro.xdc:63]
Resolution: If [get_<value>] was used to populate the object, check to make sure this command returns at least one valid object.
WARNING: [Vivado 12-584] No ports matched 'TL0[6]'. [/home/viny/Desktop/Final_micro_sempipeline/Final_micro_sempipeline.srcs/constrs_1/new/micro.xdc:64]
CRITICAL WARNING: [Common 17-55] 'set_property' expects at least one object. [/home/viny/Desktop/Final_micro_sempipeline/Final_micro_sempipeline.srcs/constrs_1/new/micro.xdc:64]
Resolution: If [get_<value>] was used to populate the object, check to make sure this command returns at least one valid object.
WARNING: [Vivado 12-584] No ports matched 'TL0[5]'. [/home/viny/Desktop/Final_micro_sempipeline/Final_micro_sempipeline.srcs/constrs_1/new/micro.xdc:65]
CRITICAL WARNING: [Common 17-55] 'set_property' expects at least one object. [/home/viny/Desktop/Final_micro_sempipeline/Final_micro_sempipeline.srcs/constrs_1/new/micro.xdc:65]
Resolution: If [get_<value>] was used to populate the object, check to make sure this command returns at least one valid object.
WARNING: [Vivado 12-584] No ports matched 'TL0[4]'. [/home/viny/Desktop/Final_micro_sempipeline/Final_micro_sempipeline.srcs/constrs_1/new/micro.xdc:66]
CRITICAL WARNING: [Common 17-55] 'set_property' expects at least one object. [/home/viny/Desktop/Final_micro_sempipeline/Final_micro_sempipeline.srcs/constrs_1/new/micro.xdc:66]
Resolution: If [get_<value>] was used to populate the object, check to make sure this command returns at least one valid object.
WARNING: [Vivado 12-584] No ports matched 'TL0[3]'. [/home/viny/Desktop/Final_micro_sempipeline/Final_micro_sempipeline.srcs/constrs_1/new/micro.xdc:67]
CRITICAL WARNING: [Common 17-55] 'set_property' expects at least one object. [/home/viny/Desktop/Final_micro_sempipeline/Final_micro_sempipeline.srcs/constrs_1/new/micro.xdc:67]
Resolution: If [get_<value>] was used to populate the object, check to make sure this command returns at least one valid object.
WARNING: [Vivado 12-584] No ports matched 'TL0[2]'. [/home/viny/Desktop/Final_micro_sempipeline/Final_micro_sempipeline.srcs/constrs_1/new/micro.xdc:68]
CRITICAL WARNING: [Common 17-55] 'set_property' expects at least one object. [/home/viny/Desktop/Final_micro_sempipeline/Final_micro_sempipeline.srcs/constrs_1/new/micro.xdc:68]
Resolution: If [get_<value>] was used to populate the object, check to make sure this command returns at least one valid object.
WARNING: [Vivado 12-584] No ports matched 'TL0[1]'. [/home/viny/Desktop/Final_micro_sempipeline/Final_micro_sempipeline.srcs/constrs_1/new/micro.xdc:69]
CRITICAL WARNING: [Common 17-55] 'set_property' expects at least one object. [/home/viny/Desktop/Final_micro_sempipeline/Final_micro_sempipeline.srcs/constrs_1/new/micro.xdc:69]
Resolution: If [get_<value>] was used to populate the object, check to make sure this command returns at least one valid object.
WARNING: [Vivado 12-584] No ports matched 'TL0[0]'. [/home/viny/Desktop/Final_micro_sempipeline/Final_micro_sempipeline.srcs/constrs_1/new/micro.xdc:70]
CRITICAL WARNING: [Common 17-55] 'set_property' expects at least one object. [/home/viny/Desktop/Final_micro_sempipeline/Final_micro_sempipeline.srcs/constrs_1/new/micro.xdc:70]
Resolution: If [get_<value>] was used to populate the object, check to make sure this command returns at least one valid object.
Finished Parsing XDC File [/home/viny/Desktop/Final_micro_sempipeline/Final_micro_sempipeline.srcs/constrs_1/new/micro.xdc]
INFO: [Opt 31-138] Pushed 0 inverter(s) to 0 load pin(s).
Netlist sorting complete. Time (s): cpu = 00:00:00 ; elapsed = 00:00:00 . Memory (MB): peak = 1973.688 ; gain = 0.000 ; free physical = 7089 ; free virtual = 14009
INFO: [Project 1-111] Unisim Transformation Summary:
No Unisim elements were transformed.

9 Infos, 64 Warnings, 64 Critical Warnings and 0 Errors encountered.
link_design completed successfully
Command: opt_design
Attempting to get a license for feature 'Implementation' and/or device 'xc7z010'
INFO: [Common 17-349] Got license for feature 'Implementation' and/or device 'xc7z010'
Running DRC as a precondition to command opt_design

Starting DRC Task
INFO: [DRC 23-27] Running DRC with 8 threads
INFO: [Project 1-461] DRC finished with 0 Errors
INFO: [Project 1-462] Please refer to the DRC report (report_drc) for more information.

Time (s): cpu = 00:00:01 ; elapsed = 00:00:02 . Memory (MB): peak = 2094.625 ; gain = 120.938 ; free physical = 7015 ; free virtual = 13935

Starting Cache Timing Information Task
INFO: [Timing 38-35] Done setting XDC timing constraints.
Ending Cache Timing Information Task | Checksum: 135856763

Time (s): cpu = 00:00:04 ; elapsed = 00:00:05 . Memory (MB): peak = 2509.578 ; gain = 414.953 ; free physical = 6617 ; free virtual = 13551

Starting Logic Optimization Task

Phase 1 Initialization

Phase 1.1 Core Generation And Design Setup
Phase 1.1 Core Generation And Design Setup | Checksum: 135856763

Time (s): cpu = 00:00:00.01 ; elapsed = 00:00:00.01 . Memory (MB): peak = 2845.383 ; gain = 0.000 ; free physical = 6279 ; free virtual = 13213

Phase 1.2 Setup Constraints And Sort Netlist
Phase 1.2 Setup Constraints And Sort Netlist | Checksum: 135856763

Time (s): cpu = 00:00:00.01 ; elapsed = 00:00:00.01 . Memory (MB): peak = 2845.383 ; gain = 0.000 ; free physical = 6279 ; free virtual = 13213
Phase 1 Initialization | Checksum: 135856763

Time (s): cpu = 00:00:00.01 ; elapsed = 00:00:00.01 . Memory (MB): peak = 2845.383 ; gain = 0.000 ; free physical = 6279 ; free virtual = 13213

Phase 2 Timer Update And Timing Data Collection

Phase 2.1 Timer Update
Phase 2.1 Timer Update | Checksum: 135856763

Time (s): cpu = 00:00:00.42 ; elapsed = 00:00:00.1 . Memory (MB): peak = 2845.383 ; gain = 0.000 ; free physical = 6279 ; free virtual = 13213

Phase 2.2 Timing Data Collection
Phase 2.2 Timing Data Collection | Checksum: 135856763

Time (s): cpu = 00:00:00.43 ; elapsed = 00:00:00.4 . Memory (MB): peak = 2845.383 ; gain = 0.000 ; free physical = 6278 ; free virtual = 13212
Phase 2 Timer Update And Timing Data Collection | Checksum: 135856763

Time (s): cpu = 00:00:00.43 ; elapsed = 00:00:00.4 . Memory (MB): peak = 2845.383 ; gain = 0.000 ; free physical = 6278 ; free virtual = 13212

Phase 3 Retarget
INFO: [Opt 31-1851] Number of loadless carry chains removed were: 0
INFO: [Opt 31-1834] Total Chains To Be Transformed Were: 0 AND Number of Transformed insts Created are: 0
INFO: [Opt 31-138] Pushed 0 inverter(s) to 0 load pin(s).
INFO: [Opt 31-49] Retargeted 0 cell(s).
Phase 3 Retarget | Checksum: 135856763

Time (s): cpu = 00:00:00.52 ; elapsed = 00:00:00.5 . Memory (MB): peak = 2845.383 ; gain = 0.000 ; free physical = 6278 ; free virtual = 13212
Retarget | Checksum: 135856763
INFO: [Opt 31-389] Phase Retarget created 0 cells and removed 0 cells

Phase 4 Constant propagation
INFO: [Opt 31-138] Pushed 5 inverter(s) to 9 load pin(s).
Phase 4 Constant propagation | Checksum: 1f57a24e1

Time (s): cpu = 00:00:00.67 ; elapsed = 00:00:00.85 . Memory (MB): peak = 2845.383 ; gain = 0.000 ; free physical = 6277 ; free virtual = 13211
Constant propagation | Checksum: 1f57a24e1
INFO: [Opt 31-389] Phase Constant propagation created 392 cells and removed 558 cells

Phase 5 Sweep
INFO: [Constraints 18-11670] Building netlist checker database with flags, 0x8
Done building netlist checker database: Time (s): cpu = 00:00:00 ; elapsed = 00:00:00 . Memory (MB): peak = 2845.383 ; gain = 0.000 ; free physical = 6277 ; free virtual = 13211
INFO: [Constraints 18-11670] Building netlist checker database with flags, 0x8
Done building netlist checker database: Time (s): cpu = 00:00:00 ; elapsed = 00:00:00 . Memory (MB): peak = 2845.383 ; gain = 0.000 ; free physical = 6278 ; free virtual = 13212
Phase 5 Sweep | Checksum: 1caa20f03

Time (s): cpu = 00:00:01 ; elapsed = 00:00:01 . Memory (MB): peak = 2845.383 ; gain = 0.000 ; free physical = 6279 ; free virtual = 13213
Sweep | Checksum: 1caa20f03
INFO: [Opt 31-389] Phase Sweep created 0 cells and removed 16588 cells

Phase 6 BUFG optimization
Phase 6 BUFG optimization | Checksum: 1caa20f03

Time (s): cpu = 00:00:01 ; elapsed = 00:00:01 . Memory (MB): peak = 2877.398 ; gain = 32.016 ; free physical = 6279 ; free virtual = 13213
BUFG optimization | Checksum: 1caa20f03
INFO: [Opt 31-662] Phase BUFG optimization created 0 cells of which 0 are BUFGs and removed 0 cells.

Phase 7 Shift Register Optimization
INFO: [Opt 31-1064] SRL Remap converted 0 SRLs to 0 registers and converted 0 registers of register chains to 0 SRLs
Phase 7 Shift Register Optimization | Checksum: 1caa20f03

Time (s): cpu = 00:00:01 ; elapsed = 00:00:01 . Memory (MB): peak = 2877.398 ; gain = 32.016 ; free physical = 6279 ; free virtual = 13213
Shift Register Optimization | Checksum: 1caa20f03
INFO: [Opt 31-389] Phase Shift Register Optimization created 0 cells and removed 0 cells

Phase 8 Post Processing Netlist
Phase 8 Post Processing Netlist | Checksum: 1caa20f03

Time (s): cpu = 00:00:01 ; elapsed = 00:00:01 . Memory (MB): peak = 2877.398 ; gain = 32.016 ; free physical = 6279 ; free virtual = 13213
Post Processing Netlist | Checksum: 1caa20f03
INFO: [Opt 31-389] Phase Post Processing Netlist created 0 cells and removed 0 cells

Phase 9 Finalization

Phase 9.1 Finalizing Design Cores and Updating Shapes
Phase 9.1 Finalizing Design Cores and Updating Shapes | Checksum: 17dcc8633

Time (s): cpu = 00:00:01 ; elapsed = 00:00:01 . Memory (MB): peak = 2877.398 ; gain = 32.016 ; free physical = 6279 ; free virtual = 13213

Phase 9.2 Verifying Netlist Connectivity

Starting Connectivity Check Task

Time (s): cpu = 00:00:00 ; elapsed = 00:00:00 . Memory (MB): peak = 2877.398 ; gain = 0.000 ; free physical = 6279 ; free virtual = 13213
Phase 9.2 Verifying Netlist Connectivity | Checksum: 17dcc8633

Time (s): cpu = 00:00:01 ; elapsed = 00:00:01 . Memory (MB): peak = 2877.398 ; gain = 32.016 ; free physical = 6279 ; free virtual = 13213
Phase 9 Finalization | Checksum: 17dcc8633

Time (s): cpu = 00:00:01 ; elapsed = 00:00:01 . Memory (MB): peak = 2877.398 ; gain = 32.016 ; free physical = 6279 ; free virtual = 13213
Opt_design Change Summary
=========================


-------------------------------------------------------------------------------------------------------------------------
|  Phase                        |  #Cells created  |  #Cells Removed  |  #Constrained objects preventing optimizations  |
-------------------------------------------------------------------------------------------------------------------------
|  Retarget                     |               0  |               0  |                                              0  |
|  Constant propagation         |             392  |             558  |                                              0  |
|  Sweep                        |               0  |           16588  |                                              0  |
|  BUFG optimization            |               0  |               0  |                                              0  |
|  Shift Register Optimization  |               0  |               0  |                                              0  |
|  Post Processing Netlist      |               0  |               0  |                                              0  |
-------------------------------------------------------------------------------------------------------------------------


Ending Logic Optimization Task | Checksum: 17dcc8633

Time (s): cpu = 00:00:01 ; elapsed = 00:00:01 . Memory (MB): peak = 2877.398 ; gain = 32.016 ; free physical = 6279 ; free virtual = 13213

Starting Power Optimization Task
INFO: [Pwropt 34-132] Skipping clock gating for clocks with a period < 2.00 ns.
Ending Power Optimization Task | Checksum: 17dcc8633

Time (s): cpu = 00:00:00 ; elapsed = 00:00:00.04 . Memory (MB): peak = 2877.398 ; gain = 0.000 ; free physical = 6279 ; free virtual = 13213

Starting Final Cleanup Task
Ending Final Cleanup Task | Checksum: 17dcc8633

Time (s): cpu = 00:00:00 ; elapsed = 00:00:00 . Memory (MB): peak = 2877.398 ; gain = 0.000 ; free physical = 6279 ; free virtual = 13213

Starting Netlist Obfuscation Task
Netlist sorting complete. Time (s): cpu = 00:00:00 ; elapsed = 00:00:00 . Memory (MB): peak = 2877.398 ; gain = 0.000 ; free physical = 6279 ; free virtual = 13213
Ending Netlist Obfuscation Task | Checksum: 17dcc8633

Time (s): cpu = 00:00:00 ; elapsed = 00:00:00 . Memory (MB): peak = 2877.398 ; gain = 0.000 ; free physical = 6279 ; free virtual = 13213
INFO: [Common 17-83] Releasing license: Implementation
30 Infos, 64 Warnings, 64 Critical Warnings and 0 Errors encountered.
opt_design completed successfully
opt_design: Time (s): cpu = 00:00:08 ; elapsed = 00:00:10 . Memory (MB): peak = 2877.398 ; gain = 903.711 ; free physical = 6279 ; free virtual = 13213
INFO: [Vivado 12-24828] Executing command : report_drc -file CPU8051_drc_opted.rpt -pb CPU8051_drc_opted.pb -rpx CPU8051_drc_opted.rpx
Command: report_drc -file CPU8051_drc_opted.rpt -pb CPU8051_drc_opted.pb -rpx CPU8051_drc_opted.rpx
INFO: [IP_Flow 19-1839] IP Catalog is up to date.
INFO: [DRC 23-27] Running DRC with 8 threads
INFO: [Vivado_Tcl 2-168] The results of DRC are in file /home/viny/Desktop/Final_micro_sempipeline/Final_micro_sempipeline.runs/impl_1/CPU8051_drc_opted.rpt.
report_drc completed successfully
INFO: [Timing 38-480] Writing timing data to binary archive.
Write ShapeDB Complete: Time (s): cpu = 00:00:00 ; elapsed = 00:00:00 . Memory (MB): peak = 2877.398 ; gain = 0.000 ; free physical = 6274 ; free virtual = 13208
INFO: [Common 17-1381] The checkpoint '/home/viny/Desktop/Final_micro_sempipeline/Final_micro_sempipeline.runs/impl_1/CPU8051_opt.dcp' has been generated.
Command: place_design
Attempting to get a license for feature 'Implementation' and/or device 'xc7z010'
INFO: [Common 17-349] Got license for feature 'Implementation' and/or device 'xc7z010'
INFO: [Common 17-83] Releasing license: Implementation
INFO: [DRC 23-27] Running DRC with 8 threads
INFO: [Vivado_Tcl 4-198] DRC finished with 0 Errors
INFO: [Vivado_Tcl 4-199] Please refer to the DRC report (report_drc) for more information.
Running DRC as a precondition to command place_design
INFO: [DRC 23-27] Running DRC with 8 threads
INFO: [Vivado_Tcl 4-198] DRC finished with 0 Errors
INFO: [Vivado_Tcl 4-199] Please refer to the DRC report (report_drc) for more information.
INFO: [Place 30-611] Multithreading enabled for place_design using a maximum of 8 CPUs

Starting Placer Task

Phase 1 Placer Initialization

Phase 1.1 Placer Initialization Netlist Sorting
Netlist sorting complete. Time (s): cpu = 00:00:00 ; elapsed = 00:00:00 . Memory (MB): peak = 2877.398 ; gain = 0.000 ; free physical = 6269 ; free virtual = 13205
Phase 1.1 Placer Initialization Netlist Sorting | Checksum: 888bef09

Time (s): cpu = 00:00:00.01 ; elapsed = 00:00:00.38 . Memory (MB): peak = 2877.398 ; gain = 0.000 ; free physical = 6269 ; free virtual = 13205
Phase 1 Placer Initialization | Checksum: 888bef09

Time (s): cpu = 00:00:00.01 ; elapsed = 00:00:00.52 . Memory (MB): peak = 2877.398 ; gain = 0.000 ; free physical = 6269 ; free virtual = 13207
ERROR: [Place 30-494] The design is empty
Resolution: Check if opt_design has removed all the leaf cells of your design.  Check whether you have instantiated and connected all of the top level ports.
Ending Placer Task | Checksum: 888bef09

Time (s): cpu = 00:00:00.01 ; elapsed = 00:00:00.52 . Memory (MB): peak = 2877.398 ; gain = 0.000 ; free physical = 6269 ; free virtual = 13207
45 Infos, 64 Warnings, 64 Critical Warnings and 2 Errors encountered.
place_design failed
ERROR: [Common 17-69] Command failed: Placer could not place all instances
INFO: [Common 17-206] Exiting Vivado at Thu May  8 20:04:11 2025...
