Vivado Simulator v2024.2.0
Copyright 1986-2022 Xilinx, Inc. All Rights Reserved.
Copyright 2022-2024 Advanced Micro Devices, Inc. All Rights Reserved.
Running: /tools/Xilinx/Vivado/2024.2/bin/unwrapped/lnx64.o/xelab --incr --debug typical --relax --mt 8 -L xil_defaultlib -L blk_mem_gen_v8_4_8 -L dist_mem_gen_v8_0_15 -L unisims_ver -L unimacro_ver -L secureip -L xpm --snapshot CPU8051_tb_behav xil_defaultlib.CPU8051_tb xil_defaultlib.glbl -log elaborate.log 
Using 8 slave threads.
Starting static elaboration
Pass Through NonSizing Optimizer
WARNING: [VRFC 10-3091] actual bit length 1 differs from formal bit length 8 for port 'DPL' [/home/viny/Desktop/Final_micro_sempipeline/Final_micro_sempipeline.srcs/sources_1/new/CPU8051.v:119]
WARNING: [VRFC 10-3091] actual bit length 16 differs from formal bit length 1 for port 'PC' [/home/viny/Desktop/Final_micro_sempipeline/Final_micro_sempipeline.srcs/sources_1/new/CPU8051.v:135]
WARNING: [VRFC 10-3091] actual bit length 1 differs from formal bit length 8 for port 'DPL' [/home/viny/Desktop/Final_micro_sempipeline/Final_micro_sempipeline.srcs/sources_1/new/CPU8051.v:155]
WARNING: [VRFC 10-3705] select index 5 into 'pending' is out of bounds [/home/viny/Desktop/interrupt_control/8051-Pipeline/pipelinedV1/pipelinedV1.srcs/sources_1/new/Interrupt_Controler.v:75]
WARNING: [VRFC 10-3705] select index 5 into 'pending' is out of bounds [/home/viny/Desktop/interrupt_control/8051-Pipeline/pipelinedV1/pipelinedV1.srcs/sources_1/new/Interrupt_Controler.v:85]
WARNING: [VRFC 10-3705] select index 5 into 'pending' is out of bounds [/home/viny/Desktop/interrupt_control/8051-Pipeline/pipelinedV1/pipelinedV1.srcs/sources_1/new/Interrupt_Controler.v:93]
Completed static elaboration
Starting simulation data flow analysis
Completed simulation data flow analysis
Time Resolution for simulation is 1ps
Compiling module xil_defaultlib.Interrupt_Controler
Compiling module xil_defaultlib.cpu_fsm
Compiling module dist_mem_gen_v8_0_15.dist_mem_gen_v8_0_15(C_FAMILY="z...
Compiling module xil_defaultlib.dist_mem_gen_0
Compiling module xil_defaultlib.ROM
Compiling module xil_defaultlib.fetch
Compiling module xil_defaultlib.registers
Compiling module xil_defaultlib.sfr
Compiling module xil_defaultlib.decode
Compiling module xil_defaultlib.alu_unit
Compiling module xil_defaultlib.execute
Compiling module xil_defaultlib.program_counter
Compiling module blk_mem_gen_v8_4_8.blk_mem_gen_v8_4_8_output_stage(...
Compiling module blk_mem_gen_v8_4_8.blk_mem_gen_v8_4_8_softecc_outpu...
Compiling module blk_mem_gen_v8_4_8.blk_mem_gen_v8_4_8_mem_module(C_...
Compiling module blk_mem_gen_v8_4_8.blk_mem_gen_v8_4_8(C_FAMILY="zyn...
Compiling module xil_defaultlib.blk_mem_gen_0
Compiling module xil_defaultlib.RAM
Compiling module xil_defaultlib.CPU8051
Compiling module xil_defaultlib.CPU8051_tb
Compiling module xil_defaultlib.glbl
Built simulation snapshot CPU8051_tb_behav
