#
# An unexpected error has occurred (11)
#
Stack:
/tools/Xilinx/Vivado/2024.2/tps/lnx64/jre21.0.1_12/lib//server/libjvm.so(+0xe4f55c) [0x7a6777a4f55c]
/tools/Xilinx/Vivado/2024.2/tps/lnx64/jre21.0.1_12/lib//server/libjvm.so(JVM_handle_linux_signal+0x23e) [0x7a6777a5002e]
/lib/x86_64-linux-gnu/libc.so.6(+0x45330) [0x7a67b6645330]
/tools/Xilinx/Vivado/2024.2/lib/lnx64.o/libxv_wavedata.so(+0x382105) [0x7a6787182105]
/tools/Xilinx/Vivado/2024.2/lib/lnx64.o/libxv_wavedata.so(SimBridge::DataObjMgr::createDrawingBTree(std::vector<SimBridge::IDataObj const*, std::allocator<SimBridge::IDataObj const*> > const&, ISIM::IGuiStatus*, bool)+0x207) [0x7a67871826c7]
/tools/Xilinx/Vivado/2024.2/lib/lnx64.o/libxv_wavedata.so(SimBridge::DataReader::getTransitions(SimBridge::IDataObj const*, long long, long long, long long, SimBridge::ValueFormat const&, std::vector<SimBridge::Transition, std::allocator<SimBridge::Transition> >&) const+0x6f) [0x7a67871b846f]
/tools/Xilinx/Vivado/2024.2/lib/lnx64.o/libxv_wavedata.so(SG_Model::ModelImp::getTransitions(SimBridge::IDataObj const*, SG_Model::IDatabase*, long long, long long, long long, SimBridge::ValueFormat const&, bool, std::vector<SimBridge::Transition, std::allocator<SimBridge::Transition> >&) const+0xbd) [0x7a6787051e6d]
/tools/Xilinx/Vivado/2024.2/lib/lnx64.o/libxv_wavedata.so(SG_Model::Model::getTransitions(SG_Model::WVDataObject const*, long long, long long, long long, SimBridge::ValueFormat const&, bool, std::vector<SimBridge::Transition, std::allocator<SimBridge::Transition> >&) const+0x12c) [0x7a678705358c]
/tools/Xilinx/Vivado/2024.2/lib/lnx64.o/libxv_wavedata.so(+0x3ef2fa) [0x7a67871ef2fa]
/tools/Xilinx/Vivado/2024.2/lib/lnx64.o/libxv_wavedata.so(SG_Model::WaveformRender::render(SG_Model::WVDataObject const&)+0x294) [0x7a67871ebd74]
/tools/Xilinx/Vivado/2024.2/lib/lnx64.o/libxv_wavedata.so(WaveViewer::WVWaveformPanel::WaveformTraverser::drawWaveform(SG_Model::WVDataObject const*, int, int)+0x38e) [0x7a6787094c9e]
/tools/Xilinx/Vivado/2024.2/lib/lnx64.o/libxv_wavedata.so(WaveViewer::WVWaveformPanel::WaveformTraverser::handleItemSize(WaveViewer::WVTreeWVObjectModel::ITraverseHandler::TraverseItem const&)+0x52) [0x7a6787094f72]
/tools/Xilinx/Vivado/2024.2/lib/lnx64.o/libxv_wavedata.so(WaveViewer::WVTreeWVObjectModel::traverseYRange(SG_Model::WVDataObject const*, WaveViewer::WVTreeWVObjectModel::ITraverseHandler&, int, int, int&, int&) const+0x234) [0x7a678709c744]
/tools/Xilinx/Vivado/2024.2/lib/lnx64.o/libxv_wavedata.so(WaveViewer::WVTreeWVObjectModel::traverseYRange(SG_Model::WVDataObject const*, WaveViewer::WVTreeWVObjectModel::ITraverseHandler&, int, int, int&, int&) const+0x2be) [0x7a678709c7ce]
/tools/Xilinx/Vivado/2024.2/lib/lnx64.o/libxv_wavedata.so(WaveViewer::WVTreeWVObjectModel::traverseYRange(WaveViewer::WVTreeWVObjectModel::ITraverseHandler&, int, int) const+0x57) [0x7a678709c907]
/tools/Xilinx/Vivado/2024.2/lib/lnx64.o/libxv_wavedata.so(WaveViewer::WVWaveformPanel::getGraphics(HDGDStringStream&, long&)+0x3a9) [0x7a6787094299]
/tools/Xilinx/Vivado/2024.2/lib/lnx64.o/libxv_wavedata.so(WVExecutiveImp::getGraphicsDataSize()+0x9a) [0x7a67871041ea]
/tools/Xilinx/Vivado/2024.2/lib/lnx64.o/libxv_wavedata.so(WVExecutive::getGraphicsDataSize()+0xf) [0x7a678710466f]
/tools/Xilinx/Vivado/2024.2/lib/lnx64.o/libxv_wavedata.so(Java_ui_views_waveform_waveformi_WVExecutive_1getGraphicsDataSize+0x17) [0x7a67871706e7]
[0x7a6767ecce6a]
