Vivado Simulator v2024.2.0
Copyright 1986-2022 Xilinx, Inc. All Rights Reserved.
Copyright 2022-2024 Advanced Micro Devices, Inc. All Rights Reserved.
Running: /tools/Xilinx/Vivado/2024.2/bin/unwrapped/lnx64.o/xelab --incr --debug typical --relax --mt 8 -L xil_defaultlib -L fifo_generator_v13_2_11 -L dist_mem_gen_v8_0_15 -L blk_mem_gen_v8_4_9 -L unisims_ver -L unimacro_ver -L secureip -L xpm --snapshot top_tb_behav xil_defaultlib.top_tb xil_defaultlib.glbl -log elaborate.log 
Using 8 slave threads.
Starting static elaboration
Pass Through NonSizing Optimizer
WARNING: [VRFC 10-9543] actual bit length 1 differs from formal bit length 8 for port 'o_TH0' [/home/telmo/Desktop/Vivado/8051/custom_bus/custom_bus.srcs/sources_1/new/timer_wrapper.v:74]
WARNING: [VRFC 10-9543] actual bit length 1 differs from formal bit length 8 for port 'o_TL0' [/home/telmo/Desktop/Vivado/8051/custom_bus/custom_bus.srcs/sources_1/new/timer_wrapper.v:75]
WARNING: [VRFC 10-9543] actual bit length 16 differs from formal bit length 14 for port 'new_address' [/home/telmo/Desktop/Vivado/8051/custom_bus/custom_bus.srcs/sources_1/new/vga_controller.v:102]
WARNING: [VRFC 10-3129] assignment to input 'TimerOverflow' [/home/telmo/Desktop/Vivado/8051/custom_bus/custom_bus.srcs/sources_1/new/timer_wrapper.v:72]
WARNING: [VRFC 10-3129] assignment to input 'TimerOverflow_extra' [/home/telmo/Desktop/Vivado/8051/custom_bus/custom_bus.srcs/sources_1/new/timer_wrapper.v:73]
Completed static elaboration
Starting simulation data flow analysis
Completed simulation data flow analysis
Time Resolution for simulation is 1ps
Compiling module xil_defaultlib.custom_bus
Compiling module xil_defaultlib.dummy_peripheral1
Compiling module xil_defaultlib.BaudRateGenerator
Compiling module xil_defaultlib.UART_TX
Compiling module xil_defaultlib.UART_RX
Compiling module xil_defaultlib.UART
Compiling module xil_defaultlib.UART_Simple_Protocol_Wrapper
Compiling module xil_defaultlib.timer0
Compiling module xil_defaultlib.timer_wrapper
Compiling module unisims_ver.IBUF
Compiling module unisims_ver.MMCME2_ADV(CLKFBOUT_MULT_F=61.5,...
Compiling module unisims_ver.BUFG
Compiling module xil_defaultlib.clk_wiz_0_clk_wiz
Compiling module xil_defaultlib.clk_wiz_0
Compiling module xil_defaultlib.horizontal_counter
Compiling module xil_defaultlib.vertical_counter
Compiling module blk_mem_gen_v8_4_9.blk_mem_gen_v8_4_9_output_stage(...
Compiling module blk_mem_gen_v8_4_9.blk_mem_gen_v8_4_9_output_stage(...
Compiling module blk_mem_gen_v8_4_9.blk_mem_gen_v8_4_9_softecc_outpu...
Compiling module blk_mem_gen_v8_4_9.blk_mem_gen_v8_4_9_mem_module(C_...
Compiling module blk_mem_gen_v8_4_9.blk_mem_gen_v8_4_9(C_FAMILY="zyn...
Compiling module xil_defaultlib.blk_mem_gen_0
Compiling module dist_mem_gen_v8_0_15.dist_mem_gen_v8_0_15(C_FAMILY="z...
Compiling module xil_defaultlib.dist_mem_gen_0
Compiling module xil_defaultlib.image
Compiling module fifo_generator_v13_2_11.fifo_generator_v13_2_11_bhv_ver_...
Compiling module fifo_generator_v13_2_11.fifo_generator_v13_2_11_CONV_VER...
Compiling module fifo_generator_v13_2_11.fifo_generator_vlog_beh(C_COMMON...
Compiling module xil_defaultlib.fifo_generator_0
Compiling module dist_mem_gen_v8_0_15.dist_mem_gen_v8_0_15(C_FAMILY="z...
Compiling module xil_defaultlib.dist_mem_gen_1
Compiling module xil_defaultlib.text_mod
Compiling module xil_defaultlib.vga_controller(VGA_CONF_ADDR=8'b...
Compiling module xil_defaultlib.ps2_keyboard
Compiling module xil_defaultlib.ps2_peripheral
Compiling module xil_defaultlib.top
Compiling module xil_defaultlib.top_tb
Compiling module xil_defaultlib.glbl
Built simulation snapshot top_tb_behav
