Copyright 1986-2022 Xilinx, Inc. All Rights Reserved. Copyright 2022-2024 Advanced Micro Devices, Inc. All Rights Reserved.
---------------------------------------------------------------------------------------------------------------------------------------------
| Tool Version : Vivado v.2024.2 (lin64) Build 5239630 Fri Nov 08 22:34:34 MST 2024
| Date         : Mon Mar 24 14:33:28 2025
| Host         : diana running 64-bit Ubuntu 24.04.2 LTS
| Command      : upgrade_ip
| Device       : xc7z010clg400-1
---------------------------------------------------------------------------------------------------------------------------------------------

Upgrade Log for IP 'clk_wiz_0'

1. Summary
----------

SUCCESS in the upgrade of clk_wiz_0 (xilinx.com:ip:clk_wiz:6.0) from (Rev. 14) to (Rev. 15)






Copyright 1986-2022 Xilinx, Inc. All Rights Reserved. Copyright 2022-2024 Advanced Micro Devices, Inc. All Rights Reserved.
---------------------------------------------------------------------------------------------------------------------------------------------
| Tool Version : Vivado v.2024.2 (lin64) Build 5239630 Fri Nov 08 22:34:34 MST 2024
| Date         : Mon Mar 24 14:33:23 2025
| Host         : diana running 64-bit Ubuntu 24.04.2 LTS
| Command      : upgrade_ip
| Device       : xc7z010clg400-1
---------------------------------------------------------------------------------------------------------------------------------------------

Upgrade Log for IP 'blk_mem_gen_0'

1. Summary
----------

SUCCESS in the upgrade of blk_mem_gen_0 (xilinx.com:ip:blk_mem_gen:8.4) from (Rev. 8) to (Rev. 9)

