Vivado Simulator v2024.2.0
Copyright 1986-2022 Xilinx, Inc. All Rights Reserved.
Copyright 2022-2024 Advanced Micro Devices, Inc. All Rights Reserved.
Running: /tools/Vivado/2024.2/bin/unwrapped/lnx64.o/xelab --incr --debug typical --relax --mt 8 -L xil_defaultlib -L unisims_ver -L secureip --snapshot ps2bus_func_impl xil_defaultlib.ps2bus xil_defaultlib.glbl -log elaborate.log 
Using 8 slave threads.
Starting static elaboration
Pass Through NonSizing Optimizer
WARNING: [VRFC 10-3091] actual bit length 8 differs from formal bit length 1 for port 'ps2_data' [/home/diana/Downloads/PS2_keyboardbus/PS2_keyboard/project_1.srcs/sim_1/new/ps2bus.v:24]
Completed static elaboration
Starting simulation data flow analysis
Completed simulation data flow analysis
Time Resolution for simulation is 1ps
Compiling module unisims_ver.IBUF
Compiling module unisims_ver.LUT6
Compiling module unisims_ver.LUT4
Compiling module unisims_ver.LUT5
Compiling module unisims_ver.FDCE_default
Compiling module xil_defaultlib.custom_bus
Compiling module unisims_ver.BUFG
Compiling module unisims_ver.x_lut3_mux8
Compiling module unisims_ver.LUT3
Compiling module unisims_ver.x_lut2_mux4
Compiling module unisims_ver.LUT2
Compiling module unisims_ver.FDSE_default
Compiling module unisims_ver.x_lut1_mux2
Compiling module unisims_ver.LUT1
Compiling module unisims_ver.FDRE_default
Compiling module unisims_ver.RB18_INTERNAL_VLOG(RAM_MODE="SDP...
Compiling module unisims_ver.RAMB18E1(RAM_MODE="SDP",READ_WID...
Compiling module xil_defaultlib.fifo_generator_0
Compiling module xil_defaultlib.ps2_keyboard
Compiling module xil_defaultlib.ps2_peripheral
Compiling module unisims_ver.OBUF
Compiling module xil_defaultlib.ps2_peripherals_showcase
Compiling module xil_defaultlib.ps2bus
Compiling module xil_defaultlib.glbl
Built simulation snapshot ps2bus_func_impl
