Vivado Simulator v2024.2.0
Copyright 1986-2022 Xilinx, Inc. All Rights Reserved.
Copyright 2022-2024 Advanced Micro Devices, Inc. All Rights Reserved.
Running: /tools/Xilinx/Vivado/2024.2/bin/unwrapped/lnx64.o/xelab --incr --debug typical --relax --mt 8 -L xil_defaultlib -L unisims_ver -L secureip --snapshot CPU8051_tb_func_synth xil_defaultlib.CPU8051_tb xil_defaultlib.glbl -log elaborate.log 
Using 8 slave threads.
Starting static elaboration
Pass Through NonSizing Optimizer
Completed static elaboration
Starting simulation data flow analysis
Completed simulation data flow analysis
Time Resolution for simulation is 1ps
Compiling module unisims_ver.BUFG
Compiling module unisims_ver.IBUF
Compiling module unisims_ver.LUT4
Compiling module unisims_ver.x_lut2_mux4
Compiling module unisims_ver.LUT2
Compiling module unisims_ver.x_lut3_mux8
Compiling module unisims_ver.LUT3
Compiling module unisims_ver.LUT5
Compiling module unisims_ver.LUT6
Compiling module unisims_ver.FDCE_default
Compiling module unisims_ver.FDRE_default
Compiling module unisims_ver.latchsre_ldce
Compiling module unisims_ver.LDCE
Compiling module unisims_ver.MUXF7
Compiling module xil_defaultlib.registers
Compiling module unisims_ver.CARRY4
Compiling module unisims_ver.x_lut1_mux2
Compiling module unisims_ver.LUT1
Compiling module xil_defaultlib.sfr
Compiling module xil_defaultlib.decode
Compiling module unisims_ver.FDPE_default
Compiling module xil_defaultlib.alu_unit
Compiling module xil_defaultlib.execute
Compiling module unisims_ver.GND
Compiling module xil_defaultlib.dist_mem_gen_0
Compiling module xil_defaultlib.ROM
Compiling module xil_defaultlib.fetch
Compiling module xil_defaultlib.cpu_fsm
Compiling module xil_defaultlib.program_counter
Compiling module unisims_ver.RB18_INTERNAL_VLOG(READ_WIDTH_A=...
Compiling module unisims_ver.RAMB18E1(INIT_05=256'b01,READ_WI...
Compiling module xil_defaultlib.blk_mem_gen_0
Compiling module unisims_ver.MUXF8
Compiling module xil_defaultlib.RAM
Compiling module xil_defaultlib.CPU8051
Compiling module xil_defaultlib.CPU8051_tb
Compiling module xil_defaultlib.glbl
Built simulation snapshot CPU8051_tb_func_synth
