INFO: [VRFC 10-2263] Analyzing Verilog file "/home/telmo/Desktop/Vivado/8051/custom_bus/custom_bus.sim/sim_1/impl/timing/xsim/top_tb_time_impl.v" into library xil_defaultlib
INFO: [VRFC 10-311] analyzing module RAM64M_UNIQ_BASE_
INFO: [VRFC 10-311] analyzing module RAM64M_HD1408
INFO: [VRFC 10-311] analyzing module RAM64M_HD1409
INFO: [VRFC 10-311] analyzing module RAM64M_HD1410
INFO: [VRFC 10-311] analyzing module RAM64M_HD1411
INFO: [VRFC 10-311] analyzing module RAM64M_HD1412
INFO: [VRFC 10-311] analyzing module RAM64M_HD1413
INFO: [VRFC 10-311] analyzing module RAM64M_HD1414
INFO: [VRFC 10-311] analyzing module RAM64M_HD1415
INFO: [VRFC 10-311] analyzing module RAM64M_HD1416
INFO: [VRFC 10-311] analyzing module RAM64M_HD1417
INFO: [VRFC 10-311] analyzing module RAM64M_HD1418
INFO: [VRFC 10-311] analyzing module RAM64M_HD1419
INFO: [VRFC 10-311] analyzing module RAM64M_HD1420
INFO: [VRFC 10-311] analyzing module RAM64M_HD1421
INFO: [VRFC 10-311] analyzing module RAM64M_HD1422
INFO: [VRFC 10-311] analyzing module RAM64M_HD1423
INFO: [VRFC 10-311] analyzing module RAM64M_HD1424
INFO: [VRFC 10-311] analyzing module RAM64M_HD1425
INFO: [VRFC 10-311] analyzing module RAM64M_HD1426
INFO: [VRFC 10-311] analyzing module RAM64M_HD1427
INFO: [VRFC 10-311] analyzing module RAM64M_HD1428
INFO: [VRFC 10-311] analyzing module RAM64M_HD1429
INFO: [VRFC 10-311] analyzing module RAM64M_HD1430
INFO: [VRFC 10-311] analyzing module RAM64M_HD1431
INFO: [VRFC 10-311] analyzing module RAM64M_HD1432
INFO: [VRFC 10-311] analyzing module RAM64M_HD1433
INFO: [VRFC 10-311] analyzing module RAM64M_HD1434
INFO: [VRFC 10-311] analyzing module RAM64M_HD1435
INFO: [VRFC 10-311] analyzing module RAM64M_HD1436
INFO: [VRFC 10-311] analyzing module RAM64M_HD1437
INFO: [VRFC 10-311] analyzing module RAM64M_HD1438
INFO: [VRFC 10-311] analyzing module RAM64M_HD1439
INFO: [VRFC 10-311] analyzing module RAM64M_HD1440
INFO: [VRFC 10-311] analyzing module RAM64M_HD1441
INFO: [VRFC 10-311] analyzing module RAM64M_HD1442
INFO: [VRFC 10-311] analyzing module RAM64M_HD1443
INFO: [VRFC 10-311] analyzing module RAM64M_HD1444
INFO: [VRFC 10-311] analyzing module RAM64M_HD1445
INFO: [VRFC 10-311] analyzing module RAM64M_HD1446
INFO: [VRFC 10-311] analyzing module RAM64M_HD1447
INFO: [VRFC 10-311] analyzing module RAM64M_HD1448
INFO: [VRFC 10-311] analyzing module RAM64M_HD1449
INFO: [VRFC 10-311] analyzing module RAM64M_HD1450
INFO: [VRFC 10-311] analyzing module RAM64M_HD1451
INFO: [VRFC 10-311] analyzing module RAM64M_HD1452
INFO: [VRFC 10-311] analyzing module RAM64M_HD1453
INFO: [VRFC 10-311] analyzing module RAM64M_HD1454
INFO: [VRFC 10-311] analyzing module RAM64M_HD1455
INFO: [VRFC 10-311] analyzing module RAM64M_HD1456
INFO: [VRFC 10-311] analyzing module RAM64M_HD1457
INFO: [VRFC 10-311] analyzing module RAM64M_HD1458
INFO: [VRFC 10-311] analyzing module RAM64M_HD1459
INFO: [VRFC 10-311] analyzing module RAM64M_HD1460
INFO: [VRFC 10-311] analyzing module RAM64M_HD1461
INFO: [VRFC 10-311] analyzing module RAM64M_HD1462
INFO: [VRFC 10-311] analyzing module RAM64M_HD1463
INFO: [VRFC 10-311] analyzing module RAM64M_HD1464
INFO: [VRFC 10-311] analyzing module RAM64M_HD1465
INFO: [VRFC 10-311] analyzing module RAM64M_HD1466
INFO: [VRFC 10-311] analyzing module RAM64M_HD1467
INFO: [VRFC 10-311] analyzing module RAM64M_HD1468
INFO: [VRFC 10-311] analyzing module RAM64M_HD1469
INFO: [VRFC 10-311] analyzing module RAM64M_HD1470
INFO: [VRFC 10-311] analyzing module RAM64M_HD1471
INFO: [VRFC 10-311] analyzing module RAM64M_HD1472
INFO: [VRFC 10-311] analyzing module RAM64M_HD1473
INFO: [VRFC 10-311] analyzing module RAM64M_HD1474
INFO: [VRFC 10-311] analyzing module RAM64M_HD1475
INFO: [VRFC 10-311] analyzing module RAM64M_HD1476
INFO: [VRFC 10-311] analyzing module RAM64M_HD1477
INFO: [VRFC 10-311] analyzing module RAM64M_HD1478
INFO: [VRFC 10-311] analyzing module RAM64M_HD1479
INFO: [VRFC 10-311] analyzing module RAM64M_HD1480
INFO: [VRFC 10-311] analyzing module RAM64M_HD1481
INFO: [VRFC 10-311] analyzing module RAM64M_HD1482
INFO: [VRFC 10-311] analyzing module RAM64M_HD1483
INFO: [VRFC 10-311] analyzing module RAM64M_HD1484
INFO: [VRFC 10-311] analyzing module RAM64M_HD1485
INFO: [VRFC 10-311] analyzing module RAM64M_HD1486
INFO: [VRFC 10-311] analyzing module RAM64M_HD1487
INFO: [VRFC 10-311] analyzing module RAM64M_HD1488
INFO: [VRFC 10-311] analyzing module RAM64M_HD1489
INFO: [VRFC 10-311] analyzing module RAM64M_HD1490
INFO: [VRFC 10-311] analyzing module RAM64M_HD1491
INFO: [VRFC 10-311] analyzing module RAM64M_HD1492
INFO: [VRFC 10-311] analyzing module RAM64M_HD1493
INFO: [VRFC 10-311] analyzing module RAM64M_HD1494
INFO: [VRFC 10-311] analyzing module RAM64M_HD1495
INFO: [VRFC 10-311] analyzing module RAM64M_HD1496
INFO: [VRFC 10-311] analyzing module RAM64M_HD1497
INFO: [VRFC 10-311] analyzing module RAM64M_HD1498
INFO: [VRFC 10-311] analyzing module RAM64M_HD1499
INFO: [VRFC 10-311] analyzing module RAM64M_HD1500
INFO: [VRFC 10-311] analyzing module RAM64M_HD1501
INFO: [VRFC 10-311] analyzing module RAM64M_HD1502
INFO: [VRFC 10-311] analyzing module RAM64M_HD1503
INFO: [VRFC 10-311] analyzing module RAM64M_HD1504
INFO: [VRFC 10-311] analyzing module RAM64M_HD1505
INFO: [VRFC 10-311] analyzing module RAM64M_HD1506
INFO: [VRFC 10-311] analyzing module RAM64M_HD1507
INFO: [VRFC 10-311] analyzing module RAM64M_HD1508
INFO: [VRFC 10-311] analyzing module RAM64M_HD1509
INFO: [VRFC 10-311] analyzing module RAM64M_HD1510
INFO: [VRFC 10-311] analyzing module RAM64M_HD1511
INFO: [VRFC 10-311] analyzing module RAM64M_HD1512
INFO: [VRFC 10-311] analyzing module RAM64M_HD1513
INFO: [VRFC 10-311] analyzing module RAM64M_HD1514
INFO: [VRFC 10-311] analyzing module RAM64M_HD1515
INFO: [VRFC 10-311] analyzing module RAM64M_HD1516
INFO: [VRFC 10-311] analyzing module RAM64M_HD1517
INFO: [VRFC 10-311] analyzing module RAM64M_HD1518
INFO: [VRFC 10-311] analyzing module RAM64M_HD1519
INFO: [VRFC 10-311] analyzing module RAM64M_HD1520
INFO: [VRFC 10-311] analyzing module RAM64M_HD1521
INFO: [VRFC 10-311] analyzing module RAM64M_HD1522
INFO: [VRFC 10-311] analyzing module RAM64M_HD1523
INFO: [VRFC 10-311] analyzing module RAM64M_HD1524
INFO: [VRFC 10-311] analyzing module RAM64M_HD1525
INFO: [VRFC 10-311] analyzing module RAM64M_HD1526
INFO: [VRFC 10-311] analyzing module RAM64M_HD1527
INFO: [VRFC 10-311] analyzing module RAM64M_HD1528
INFO: [VRFC 10-311] analyzing module RAM64M_HD1529
INFO: [VRFC 10-311] analyzing module RAM64M_HD1530
INFO: [VRFC 10-311] analyzing module RAM64M_HD1531
INFO: [VRFC 10-311] analyzing module RAM64M_HD1532
INFO: [VRFC 10-311] analyzing module RAM64M_HD1533
INFO: [VRFC 10-311] analyzing module RAM64M_HD1534
INFO: [VRFC 10-311] analyzing module RAM64M_HD1535
INFO: [VRFC 10-311] analyzing module RAM64M_HD1536
INFO: [VRFC 10-311] analyzing module RAM64M_HD1537
INFO: [VRFC 10-311] analyzing module RAM64M_HD1538
INFO: [VRFC 10-311] analyzing module RAM64M_HD1539
INFO: [VRFC 10-311] analyzing module RAM64M_HD1540
INFO: [VRFC 10-311] analyzing module RAM64M_HD1541
INFO: [VRFC 10-311] analyzing module RAM64M_HD1542
INFO: [VRFC 10-311] analyzing module RAM64M_HD1543
INFO: [VRFC 10-311] analyzing module RAM64M_HD1544
INFO: [VRFC 10-311] analyzing module RAM64M_HD1545
INFO: [VRFC 10-311] analyzing module RAM64M_HD1546
INFO: [VRFC 10-311] analyzing module RAM64M_HD1547
INFO: [VRFC 10-311] analyzing module RAM64M_HD1548
INFO: [VRFC 10-311] analyzing module RAM64M_HD1549
INFO: [VRFC 10-311] analyzing module RAM64M_HD1550
INFO: [VRFC 10-311] analyzing module RAM64M_HD1551
INFO: [VRFC 10-311] analyzing module RAM64M_HD1552
INFO: [VRFC 10-311] analyzing module RAM64M_HD1553
INFO: [VRFC 10-311] analyzing module RAM64M_HD1554
INFO: [VRFC 10-311] analyzing module RAM64M_HD1555
INFO: [VRFC 10-311] analyzing module RAM64M_HD1556
INFO: [VRFC 10-311] analyzing module RAM64M_HD1557
INFO: [VRFC 10-311] analyzing module RAM64M_HD1558
INFO: [VRFC 10-311] analyzing module RAM64M_HD1559
INFO: [VRFC 10-311] analyzing module RAM64M_HD1560
INFO: [VRFC 10-311] analyzing module RAM64M_HD1561
INFO: [VRFC 10-311] analyzing module RAM64M_HD1562
INFO: [VRFC 10-311] analyzing module RAM64M_HD1563
INFO: [VRFC 10-311] analyzing module RAM64M_HD1564
INFO: [VRFC 10-311] analyzing module RAM64M_HD1565
INFO: [VRFC 10-311] analyzing module RAM64M_HD1566
INFO: [VRFC 10-311] analyzing module RAM64M_HD1567
INFO: [VRFC 10-311] analyzing module RAM64M_HD1568
INFO: [VRFC 10-311] analyzing module RAM64M_HD1569
INFO: [VRFC 10-311] analyzing module RAM64M_HD1570
INFO: [VRFC 10-311] analyzing module RAM64M_HD1571
INFO: [VRFC 10-311] analyzing module RAM64M_HD1572
INFO: [VRFC 10-311] analyzing module RAM64M_HD1573
INFO: [VRFC 10-311] analyzing module RAM64M_HD1574
INFO: [VRFC 10-311] analyzing module RAM64M_HD1575
INFO: [VRFC 10-311] analyzing module RAM64M_HD1576
INFO: [VRFC 10-311] analyzing module RAM64M_HD1577
INFO: [VRFC 10-311] analyzing module RAM64M_HD1578
INFO: [VRFC 10-311] analyzing module RAM64M_HD1579
INFO: [VRFC 10-311] analyzing module RAM64M_HD1580
INFO: [VRFC 10-311] analyzing module RAM64M_HD1581
INFO: [VRFC 10-311] analyzing module RAM64M_HD1582
INFO: [VRFC 10-311] analyzing module RAM64M_HD1583
INFO: [VRFC 10-311] analyzing module RAM64M_HD1584
INFO: [VRFC 10-311] analyzing module RAM64M_HD1585
INFO: [VRFC 10-311] analyzing module RAM64M_HD1586
INFO: [VRFC 10-311] analyzing module RAM64M_HD1587
INFO: [VRFC 10-311] analyzing module RAM64M_HD1588
INFO: [VRFC 10-311] analyzing module RAM64M_HD1589
INFO: [VRFC 10-311] analyzing module RAM64M_HD1590
INFO: [VRFC 10-311] analyzing module RAM64M_HD1591
INFO: [VRFC 10-311] analyzing module RAM64M_HD1592
INFO: [VRFC 10-311] analyzing module RAM64M_HD1593
INFO: [VRFC 10-311] analyzing module RAM64M_HD1594
INFO: [VRFC 10-311] analyzing module RAM64M_HD1595
INFO: [VRFC 10-311] analyzing module RAM64M_HD1596
INFO: [VRFC 10-311] analyzing module RAM64M_HD1597
INFO: [VRFC 10-311] analyzing module RAM64M_HD1598
INFO: [VRFC 10-311] analyzing module RAM64M_HD1599
INFO: [VRFC 10-311] analyzing module RAM64M_HD1600
INFO: [VRFC 10-311] analyzing module RAM64M_HD1601
INFO: [VRFC 10-311] analyzing module RAM64M_HD1602
INFO: [VRFC 10-311] analyzing module RAM64M_HD1603
INFO: [VRFC 10-311] analyzing module RAM64M_HD1604
INFO: [VRFC 10-311] analyzing module RAM64M_HD1605
INFO: [VRFC 10-311] analyzing module RAM64M_HD1606
INFO: [VRFC 10-311] analyzing module RAM64M_HD1607
INFO: [VRFC 10-311] analyzing module RAM64M_HD1608
INFO: [VRFC 10-311] analyzing module RAM64M_HD1609
INFO: [VRFC 10-311] analyzing module RAM64M_HD1610
INFO: [VRFC 10-311] analyzing module RAM64M_HD1611
INFO: [VRFC 10-311] analyzing module RAM64M_HD1612
INFO: [VRFC 10-311] analyzing module RAM64M_HD1613
INFO: [VRFC 10-311] analyzing module RAM64M_HD1614
INFO: [VRFC 10-311] analyzing module RAM64M_HD1615
INFO: [VRFC 10-311] analyzing module RAM64M_HD1616
INFO: [VRFC 10-311] analyzing module RAM64M_HD1617
INFO: [VRFC 10-311] analyzing module RAM64M_HD1618
INFO: [VRFC 10-311] analyzing module RAM64M_HD1619
INFO: [VRFC 10-311] analyzing module RAM64M_HD1620
INFO: [VRFC 10-311] analyzing module RAM64M_HD1621
INFO: [VRFC 10-311] analyzing module RAM64M_HD1622
INFO: [VRFC 10-311] analyzing module RAM64M_HD1623
INFO: [VRFC 10-311] analyzing module RAM64M_HD1624
INFO: [VRFC 10-311] analyzing module RAM64M_HD1625
INFO: [VRFC 10-311] analyzing module RAM64M_HD1626
INFO: [VRFC 10-311] analyzing module RAM64M_HD1627
INFO: [VRFC 10-311] analyzing module RAM64M_HD1628
INFO: [VRFC 10-311] analyzing module RAM64M_HD1629
INFO: [VRFC 10-311] analyzing module RAM64M_HD1630
INFO: [VRFC 10-311] analyzing module RAM64M_HD1631
INFO: [VRFC 10-311] analyzing module RAM64M_HD1632
INFO: [VRFC 10-311] analyzing module RAM64M_HD1633
INFO: [VRFC 10-311] analyzing module RAM64M_HD1634
INFO: [VRFC 10-311] analyzing module RAM64M_HD1635
INFO: [VRFC 10-311] analyzing module RAM64M_HD1636
INFO: [VRFC 10-311] analyzing module RAM64M_HD1637
INFO: [VRFC 10-311] analyzing module RAM64M_HD1638
INFO: [VRFC 10-311] analyzing module RAM64M_HD1639
INFO: [VRFC 10-311] analyzing module RAM64M_HD1640
INFO: [VRFC 10-311] analyzing module RAM64M_HD1641
INFO: [VRFC 10-311] analyzing module RAM64M_HD1642
INFO: [VRFC 10-311] analyzing module RAM64M_HD1643
INFO: [VRFC 10-311] analyzing module RAM64M_HD1644
INFO: [VRFC 10-311] analyzing module RAM64M_HD1645
INFO: [VRFC 10-311] analyzing module RAM64M_HD1646
INFO: [VRFC 10-311] analyzing module RAM64M_HD1647
INFO: [VRFC 10-311] analyzing module RAM64M_HD1648
INFO: [VRFC 10-311] analyzing module RAM64M_HD1649
INFO: [VRFC 10-311] analyzing module RAM64M_HD1650
INFO: [VRFC 10-311] analyzing module RAM64M_HD1651
INFO: [VRFC 10-311] analyzing module RAM64M_HD1652
INFO: [VRFC 10-311] analyzing module RAM64M_HD1653
INFO: [VRFC 10-311] analyzing module RAM64M_HD1654
INFO: [VRFC 10-311] analyzing module RAM64M_HD1655
INFO: [VRFC 10-311] analyzing module RAM64M_HD1656
INFO: [VRFC 10-311] analyzing module RAM64M_HD1657
INFO: [VRFC 10-311] analyzing module RAM64M_HD1658
INFO: [VRFC 10-311] analyzing module RAM64M_HD1659
INFO: [VRFC 10-311] analyzing module RAM64M_HD1660
INFO: [VRFC 10-311] analyzing module RAM64M_HD1661
INFO: [VRFC 10-311] analyzing module RAM64M_HD1662
INFO: [VRFC 10-311] analyzing module RAM64M_HD1663
INFO: [VRFC 10-311] analyzing module RAM64M_HD1664
INFO: [VRFC 10-311] analyzing module RAM64M_HD1665
INFO: [VRFC 10-311] analyzing module RAM64M_HD1666
INFO: [VRFC 10-311] analyzing module RAM64M_HD1667
INFO: [VRFC 10-311] analyzing module RAM64M_HD1668
INFO: [VRFC 10-311] analyzing module RAM64M_HD1669
INFO: [VRFC 10-311] analyzing module RAM64M_HD1670
INFO: [VRFC 10-311] analyzing module RAM64M_HD1671
INFO: [VRFC 10-311] analyzing module RAM64M_HD1672
INFO: [VRFC 10-311] analyzing module RAM64M_HD1673
INFO: [VRFC 10-311] analyzing module RAM64M_HD1674
INFO: [VRFC 10-311] analyzing module RAM64M_HD1675
INFO: [VRFC 10-311] analyzing module RAM64M_HD1676
INFO: [VRFC 10-311] analyzing module RAM64M_HD1677
INFO: [VRFC 10-311] analyzing module RAM64M_HD1678
INFO: [VRFC 10-311] analyzing module RAM64M_HD1679
INFO: [VRFC 10-311] analyzing module RAM64M_HD1680
INFO: [VRFC 10-311] analyzing module RAM64M_HD1681
INFO: [VRFC 10-311] analyzing module RAM64M_HD1682
INFO: [VRFC 10-311] analyzing module RAM64M_HD1683
INFO: [VRFC 10-311] analyzing module RAM64M_HD1684
INFO: [VRFC 10-311] analyzing module RAM64M_HD1685
INFO: [VRFC 10-311] analyzing module RAM64M_HD1686
INFO: [VRFC 10-311] analyzing module RAM64M_HD1687
INFO: [VRFC 10-311] analyzing module RAM64M_HD1688
INFO: [VRFC 10-311] analyzing module RAM64M_HD1689
INFO: [VRFC 10-311] analyzing module RAM64M_HD1690
INFO: [VRFC 10-311] analyzing module RAM64M_HD1691
INFO: [VRFC 10-311] analyzing module RAM64M_HD1692
INFO: [VRFC 10-311] analyzing module RAM64M_HD1693
INFO: [VRFC 10-311] analyzing module RAM64M_HD1694
INFO: [VRFC 10-311] analyzing module RAM64M_HD1695
INFO: [VRFC 10-311] analyzing module RAM64M_HD1696
INFO: [VRFC 10-311] analyzing module RAM64M_HD1697
INFO: [VRFC 10-311] analyzing module RAM64M_HD1698
INFO: [VRFC 10-311] analyzing module RAM64M_HD1699
INFO: [VRFC 10-311] analyzing module RAM64M_HD1700
INFO: [VRFC 10-311] analyzing module RAM64M_HD1701
INFO: [VRFC 10-311] analyzing module RAM64M_HD1702
INFO: [VRFC 10-311] analyzing module RAM64M_HD1703
INFO: [VRFC 10-311] analyzing module RAM64M_HD1704
INFO: [VRFC 10-311] analyzing module RAM64M_HD1705
INFO: [VRFC 10-311] analyzing module RAM64M_HD1706
INFO: [VRFC 10-311] analyzing module RAM64M_HD1707
INFO: [VRFC 10-311] analyzing module RAM64M_HD1708
INFO: [VRFC 10-311] analyzing module RAM64M_HD1709
INFO: [VRFC 10-311] analyzing module RAM64M_HD1710
INFO: [VRFC 10-311] analyzing module RAM64M_HD1711
INFO: [VRFC 10-311] analyzing module RAM64M_HD1712
INFO: [VRFC 10-311] analyzing module RAM64M_HD1713
INFO: [VRFC 10-311] analyzing module RAM64M_HD1714
INFO: [VRFC 10-311] analyzing module RAM64M_HD1715
INFO: [VRFC 10-311] analyzing module RAM64M_HD1716
INFO: [VRFC 10-311] analyzing module RAM64M_HD1717
INFO: [VRFC 10-311] analyzing module RAM64M_HD1718
INFO: [VRFC 10-311] analyzing module RAM64M_HD1719
INFO: [VRFC 10-311] analyzing module RAM64M_HD1720
INFO: [VRFC 10-311] analyzing module RAM64M_HD1721
INFO: [VRFC 10-311] analyzing module RAM64M_HD1722
INFO: [VRFC 10-311] analyzing module RAM64M_HD1723
INFO: [VRFC 10-311] analyzing module RAM64M_HD1724
INFO: [VRFC 10-311] analyzing module RAM64M_HD1725
INFO: [VRFC 10-311] analyzing module RAM64M_HD1726
INFO: [VRFC 10-311] analyzing module RAM64M_HD1727
INFO: [VRFC 10-311] analyzing module RAM64M_HD1728
INFO: [VRFC 10-311] analyzing module RAM64M_HD1729
INFO: [VRFC 10-311] analyzing module RAM64M_HD1730
INFO: [VRFC 10-311] analyzing module RAM64M_HD1731
INFO: [VRFC 10-311] analyzing module RAM64M_HD1732
INFO: [VRFC 10-311] analyzing module RAM64M_HD1733
INFO: [VRFC 10-311] analyzing module RAM64M_HD1734
INFO: [VRFC 10-311] analyzing module RAM64M_HD1735
INFO: [VRFC 10-311] analyzing module RAM64M_HD1736
INFO: [VRFC 10-311] analyzing module RAM64M_HD1737
INFO: [VRFC 10-311] analyzing module RAM64M_HD1738
INFO: [VRFC 10-311] analyzing module RAM64M_HD1739
INFO: [VRFC 10-311] analyzing module RAM64M_HD1740
INFO: [VRFC 10-311] analyzing module RAM64M_HD1741
INFO: [VRFC 10-311] analyzing module RAM64M_HD1742
INFO: [VRFC 10-311] analyzing module RAM64M_HD1743
INFO: [VRFC 10-311] analyzing module RAM64M_HD1744
INFO: [VRFC 10-311] analyzing module RAM64M_HD1745
INFO: [VRFC 10-311] analyzing module RAM64M_HD1746
INFO: [VRFC 10-311] analyzing module RAM64M_HD1747
INFO: [VRFC 10-311] analyzing module RAM64M_HD1748
INFO: [VRFC 10-311] analyzing module RAM64M_HD1749
INFO: [VRFC 10-311] analyzing module RAM64M_HD1750
INFO: [VRFC 10-311] analyzing module RAM64M_HD1751
INFO: [VRFC 10-311] analyzing module RAM64M_HD1752
INFO: [VRFC 10-311] analyzing module RAM64M_HD1753
INFO: [VRFC 10-311] analyzing module RAM64M_HD1754
INFO: [VRFC 10-311] analyzing module RAM64M_HD1755
INFO: [VRFC 10-311] analyzing module RAM64M_HD1756
INFO: [VRFC 10-311] analyzing module RAM64M_HD1757
INFO: [VRFC 10-311] analyzing module RAM64M_HD1758
INFO: [VRFC 10-311] analyzing module RAM64M_HD1759
INFO: [VRFC 10-311] analyzing module RAM64M_HD1760
INFO: [VRFC 10-311] analyzing module RAM64M_HD1761
INFO: [VRFC 10-311] analyzing module RAM64M_HD1762
INFO: [VRFC 10-311] analyzing module RAM64M_HD1763
INFO: [VRFC 10-311] analyzing module RAM64M_HD1764
INFO: [VRFC 10-311] analyzing module RAM64M_HD1765
INFO: [VRFC 10-311] analyzing module RAM64M_HD1766
INFO: [VRFC 10-311] analyzing module RAM64M_HD1767
INFO: [VRFC 10-311] analyzing module RAM64M_HD1768
INFO: [VRFC 10-311] analyzing module RAM64M_HD1769
INFO: [VRFC 10-311] analyzing module RAM64M_HD1770
INFO: [VRFC 10-311] analyzing module RAM64M_HD1771
INFO: [VRFC 10-311] analyzing module RAM64M_HD1772
INFO: [VRFC 10-311] analyzing module RAM64M_HD1773
INFO: [VRFC 10-311] analyzing module RAM64M_HD1774
INFO: [VRFC 10-311] analyzing module RAM64M_HD1775
INFO: [VRFC 10-311] analyzing module RAM64M_HD1776
INFO: [VRFC 10-311] analyzing module RAM64M_HD1777
INFO: [VRFC 10-311] analyzing module RAM64M_HD1778
INFO: [VRFC 10-311] analyzing module RAM64M_HD1779
INFO: [VRFC 10-311] analyzing module RAM64M_HD1780
INFO: [VRFC 10-311] analyzing module RAM64M_HD1781
INFO: [VRFC 10-311] analyzing module RAM64M_HD1782
INFO: [VRFC 10-311] analyzing module RAM64M_HD1783
INFO: [VRFC 10-311] analyzing module RAM64M_HD1784
INFO: [VRFC 10-311] analyzing module RAM64M_HD1785
INFO: [VRFC 10-311] analyzing module RAM64M_HD1786
INFO: [VRFC 10-311] analyzing module RAM64M_HD1787
INFO: [VRFC 10-311] analyzing module RAM64M_HD1788
INFO: [VRFC 10-311] analyzing module RAM64M_HD1789
INFO: [VRFC 10-311] analyzing module RAM64M_HD1790
INFO: [VRFC 10-311] analyzing module RAM64M_HD1791
INFO: [VRFC 10-311] analyzing module RAM64M_HD1792
INFO: [VRFC 10-311] analyzing module RAM64M_HD1793
INFO: [VRFC 10-311] analyzing module RAM64M_HD1794
INFO: [VRFC 10-311] analyzing module RAM64M_HD1795
INFO: [VRFC 10-311] analyzing module RAM64M_HD1796
INFO: [VRFC 10-311] analyzing module RAM64M_HD1797
INFO: [VRFC 10-311] analyzing module RAM64M_HD1798
INFO: [VRFC 10-311] analyzing module RAM64M_HD1799
INFO: [VRFC 10-311] analyzing module RAM64M_HD1800
INFO: [VRFC 10-311] analyzing module RAM64M_HD1801
INFO: [VRFC 10-311] analyzing module RAM64M_HD1802
INFO: [VRFC 10-311] analyzing module RAM64M_HD1803
INFO: [VRFC 10-311] analyzing module RAM64M_HD1804
INFO: [VRFC 10-311] analyzing module RAM64M_HD1805
INFO: [VRFC 10-311] analyzing module RAM64M_HD1806
INFO: [VRFC 10-311] analyzing module RAM64M_HD1807
INFO: [VRFC 10-311] analyzing module RAM64M_HD1808
INFO: [VRFC 10-311] analyzing module RAM64M_HD1809
INFO: [VRFC 10-311] analyzing module RAM64M_HD1810
INFO: [VRFC 10-311] analyzing module RAM64M_HD1811
INFO: [VRFC 10-311] analyzing module RAM64M_HD1812
INFO: [VRFC 10-311] analyzing module RAM64M_HD1813
INFO: [VRFC 10-311] analyzing module RAM64M_HD1814
INFO: [VRFC 10-311] analyzing module RAM64M_HD1815
INFO: [VRFC 10-311] analyzing module RAM64M_HD1816
INFO: [VRFC 10-311] analyzing module RAM64M_HD1817
INFO: [VRFC 10-311] analyzing module RAM64M_HD1818
INFO: [VRFC 10-311] analyzing module RAM64M_HD1819
INFO: [VRFC 10-311] analyzing module RAM64M_HD1820
INFO: [VRFC 10-311] analyzing module RAM64M_HD1821
INFO: [VRFC 10-311] analyzing module RAM64M_HD1822
INFO: [VRFC 10-311] analyzing module RAM64M_HD1823
INFO: [VRFC 10-311] analyzing module RAM64M_HD1824
INFO: [VRFC 10-311] analyzing module RAM64M_HD1825
INFO: [VRFC 10-311] analyzing module RAM64M_HD1826
INFO: [VRFC 10-311] analyzing module RAM64M_HD1827
INFO: [VRFC 10-311] analyzing module RAM64M_HD1828
INFO: [VRFC 10-311] analyzing module RAM64M_HD1829
INFO: [VRFC 10-311] analyzing module RAM64M_HD1830
INFO: [VRFC 10-311] analyzing module RAM64M_HD1831
INFO: [VRFC 10-311] analyzing module RAM64M_HD1832
INFO: [VRFC 10-311] analyzing module RAM64M_HD1833
INFO: [VRFC 10-311] analyzing module RAM64M_HD1834
INFO: [VRFC 10-311] analyzing module RAM64M_HD1835
INFO: [VRFC 10-311] analyzing module RAM64M_HD1836
INFO: [VRFC 10-311] analyzing module RAM64M_HD1837
INFO: [VRFC 10-311] analyzing module RAM64M_HD1838
INFO: [VRFC 10-311] analyzing module RAM64M_HD1839
INFO: [VRFC 10-311] analyzing module RAM64M_HD1840
INFO: [VRFC 10-311] analyzing module RAM64M_HD1841
INFO: [VRFC 10-311] analyzing module RAM64M_HD1842
INFO: [VRFC 10-311] analyzing module RAM64M_HD1843
INFO: [VRFC 10-311] analyzing module RAM64M_HD1844
INFO: [VRFC 10-311] analyzing module RAM64M_HD1845
INFO: [VRFC 10-311] analyzing module RAM64M_HD1846
INFO: [VRFC 10-311] analyzing module RAM64M_HD1847
INFO: [VRFC 10-311] analyzing module RAM64M_HD1848
INFO: [VRFC 10-311] analyzing module RAM64M_HD1849
INFO: [VRFC 10-311] analyzing module RAM64M_HD1850
INFO: [VRFC 10-311] analyzing module RAM64M_HD1851
INFO: [VRFC 10-311] analyzing module RAM64M_HD1852
INFO: [VRFC 10-311] analyzing module RAM64M_HD1853
INFO: [VRFC 10-311] analyzing module RAM64M_HD1854
INFO: [VRFC 10-311] analyzing module RAM64M_HD1855
INFO: [VRFC 10-311] analyzing module RAM64M_HD1856
INFO: [VRFC 10-311] analyzing module BaudRateGenerator
INFO: [VRFC 10-311] analyzing module UART
INFO: [VRFC 10-311] analyzing module UART_RX
INFO: [VRFC 10-311] analyzing module UART_Simple_Protocol_Wrapper
INFO: [VRFC 10-311] analyzing module UART_TX
INFO: [VRFC 10-311] analyzing module blk_mem_gen_0
INFO: [VRFC 10-311] analyzing module clk_wiz_0
INFO: [VRFC 10-311] analyzing module clk_wiz_0_clk_wiz
INFO: [VRFC 10-311] analyzing module dist_mem_gen_0
INFO: [VRFC 10-311] analyzing module dist_mem_gen_1
INFO: [VRFC 10-311] analyzing module dummy_peripheral1
INFO: [VRFC 10-311] analyzing module fifo_generator_0
INFO: [VRFC 10-311] analyzing module fifo_generator_0_HD2
INFO: [VRFC 10-311] analyzing module horizontal_counter
INFO: [VRFC 10-311] analyzing module image
INFO: [VRFC 10-311] analyzing module ps2_keyboard
INFO: [VRFC 10-311] analyzing module ps2_peripheral
INFO: [VRFC 10-311] analyzing module text_mod
INFO: [VRFC 10-311] analyzing module timer0
INFO: [VRFC 10-311] analyzing module timer_wrapper
INFO: [VRFC 10-311] analyzing module top
INFO: [VRFC 10-311] analyzing module vertical_counter
INFO: [VRFC 10-311] analyzing module vga_controller
INFO: [VRFC 10-311] analyzing module dist_mem_gen_0_dist_mem_gen_v8_0_15
INFO: [VRFC 10-311] analyzing module dist_mem_gen_0_dist_mem_gen_v8_0_15_synth
INFO: [VRFC 10-311] analyzing module dist_mem_gen_0_sdpram
INFO: [VRFC 10-311] analyzing module dist_mem_gen_1_dist_mem_gen_v8_0_15
INFO: [VRFC 10-311] analyzing module dist_mem_gen_1_dist_mem_gen_v8_0_15_synth
INFO: [VRFC 10-311] analyzing module dist_mem_gen_1_rom
INFO: [VRFC 10-311] analyzing module blk_mem_gen_0_bindec
INFO: [VRFC 10-311] analyzing module blk_mem_gen_0_blk_mem_gen_generic_cstr
INFO: [VRFC 10-311] analyzing module blk_mem_gen_0_blk_mem_gen_mux
INFO: [VRFC 10-311] analyzing module blk_mem_gen_0_blk_mem_gen_prim_width
INFO: [VRFC 10-311] analyzing module blk_mem_gen_0_blk_mem_gen_prim_width__parameterized0
INFO: [VRFC 10-311] analyzing module blk_mem_gen_0_blk_mem_gen_prim_width__parameterized1
INFO: [VRFC 10-311] analyzing module blk_mem_gen_0_blk_mem_gen_prim_width__parameterized2
INFO: [VRFC 10-311] analyzing module blk_mem_gen_0_blk_mem_gen_prim_width__parameterized3
INFO: [VRFC 10-311] analyzing module blk_mem_gen_0_blk_mem_gen_prim_width__parameterized4
INFO: [VRFC 10-311] analyzing module blk_mem_gen_0_blk_mem_gen_prim_width__parameterized5
INFO: [VRFC 10-311] analyzing module blk_mem_gen_0_blk_mem_gen_prim_width__parameterized6
INFO: [VRFC 10-311] analyzing module blk_mem_gen_0_blk_mem_gen_prim_width__parameterized7
INFO: [VRFC 10-311] analyzing module blk_mem_gen_0_blk_mem_gen_prim_width__parameterized8
INFO: [VRFC 10-311] analyzing module blk_mem_gen_0_blk_mem_gen_prim_wrapper_init
INFO: [VRFC 10-311] analyzing module blk_mem_gen_0_blk_mem_gen_prim_wrapper_init__parameterized0
INFO: [VRFC 10-311] analyzing module blk_mem_gen_0_blk_mem_gen_prim_wrapper_init__parameterized1
INFO: [VRFC 10-311] analyzing module blk_mem_gen_0_blk_mem_gen_prim_wrapper_init__parameterized2
INFO: [VRFC 10-311] analyzing module blk_mem_gen_0_blk_mem_gen_prim_wrapper_init__parameterized3
INFO: [VRFC 10-311] analyzing module blk_mem_gen_0_blk_mem_gen_prim_wrapper_init__parameterized4
INFO: [VRFC 10-311] analyzing module blk_mem_gen_0_blk_mem_gen_prim_wrapper_init__parameterized5
INFO: [VRFC 10-311] analyzing module blk_mem_gen_0_blk_mem_gen_prim_wrapper_init__parameterized6
INFO: [VRFC 10-311] analyzing module blk_mem_gen_0_blk_mem_gen_prim_wrapper_init__parameterized7
INFO: [VRFC 10-311] analyzing module blk_mem_gen_0_blk_mem_gen_prim_wrapper_init__parameterized8
INFO: [VRFC 10-311] analyzing module blk_mem_gen_0_blk_mem_gen_top
INFO: [VRFC 10-311] analyzing module blk_mem_gen_0_blk_mem_gen_v8_4_9
INFO: [VRFC 10-311] analyzing module blk_mem_gen_0_blk_mem_gen_v8_4_9_synth
INFO: [VRFC 10-311] analyzing module fifo_generator_0_blk_mem_gen_generic_cstr
INFO: [VRFC 10-311] analyzing module fifo_generator_0_blk_mem_gen_generic_cstr_HD17
INFO: [VRFC 10-311] analyzing module fifo_generator_0_blk_mem_gen_prim_width
INFO: [VRFC 10-311] analyzing module fifo_generator_0_blk_mem_gen_prim_width_HD18
INFO: [VRFC 10-311] analyzing module fifo_generator_0_blk_mem_gen_prim_wrapper
INFO: [VRFC 10-311] analyzing module fifo_generator_0_blk_mem_gen_prim_wrapper_HD19
INFO: [VRFC 10-311] analyzing module fifo_generator_0_blk_mem_gen_top
INFO: [VRFC 10-311] analyzing module fifo_generator_0_blk_mem_gen_top_HD16
INFO: [VRFC 10-311] analyzing module fifo_generator_0_blk_mem_gen_v8_4_9
INFO: [VRFC 10-311] analyzing module fifo_generator_0_blk_mem_gen_v8_4_9_HD14
INFO: [VRFC 10-311] analyzing module fifo_generator_0_blk_mem_gen_v8_4_9_synth
INFO: [VRFC 10-311] analyzing module fifo_generator_0_blk_mem_gen_v8_4_9_synth_HD15
INFO: [VRFC 10-311] analyzing module fifo_generator_0_fifo_generator_ramfifo
INFO: [VRFC 10-311] analyzing module fifo_generator_0_fifo_generator_ramfifo_HD6
INFO: [VRFC 10-311] analyzing module fifo_generator_0_fifo_generator_top
INFO: [VRFC 10-311] analyzing module fifo_generator_0_fifo_generator_top_HD5
INFO: [VRFC 10-311] analyzing module fifo_generator_0_fifo_generator_v13_2_11
INFO: [VRFC 10-311] analyzing module fifo_generator_0_fifo_generator_v13_2_11_HD3
INFO: [VRFC 10-311] analyzing module fifo_generator_0_fifo_generator_v13_2_11_synth
INFO: [VRFC 10-311] analyzing module fifo_generator_0_fifo_generator_v13_2_11_synth_HD4
INFO: [VRFC 10-311] analyzing module fifo_generator_0_memory
INFO: [VRFC 10-311] analyzing module fifo_generator_0_memory_HD13
INFO: [VRFC 10-311] analyzing module fifo_generator_0_rd_bin_cntr
INFO: [VRFC 10-311] analyzing module fifo_generator_0_rd_bin_cntr_HD9
INFO: [VRFC 10-311] analyzing module fifo_generator_0_rd_logic
INFO: [VRFC 10-311] analyzing module fifo_generator_0_rd_logic_HD7
INFO: [VRFC 10-311] analyzing module fifo_generator_0_rd_status_flags_ss
INFO: [VRFC 10-311] analyzing module fifo_generator_0_rd_status_flags_ss_HD8
INFO: [VRFC 10-311] analyzing module fifo_generator_0_wr_bin_cntr
INFO: [VRFC 10-311] analyzing module fifo_generator_0_wr_bin_cntr_HD12
INFO: [VRFC 10-311] analyzing module fifo_generator_0_wr_logic
INFO: [VRFC 10-311] analyzing module fifo_generator_0_wr_logic_HD10
INFO: [VRFC 10-311] analyzing module fifo_generator_0_wr_status_flags_ss
INFO: [VRFC 10-311] analyzing module fifo_generator_0_wr_status_flags_ss_HD11
INFO: [VRFC 10-311] analyzing module glbl
INFO: [VRFC 10-2263] Analyzing Verilog file "/home/telmo/Desktop/Vivado/8051/custom_bus/custom_bus.srcs/sim_1/new/top_tb.v" into library xil_defaultlib
INFO: [VRFC 10-311] analyzing module top_tb
