Vivado Simulator v2024.2.0
Copyright 1986-2022 Xilinx, Inc. All Rights Reserved.
Copyright 2022-2024 Advanced Micro Devices, Inc. All Rights Reserved.
Running: /tools/Xilinx/Vivado/2024.2/bin/unwrapped/lnx64.o/xelab --incr --debug typical --relax --mt 8 --maxdelay -L xil_defaultlib -L simprims_ver -L secureip --snapshot top_tb_time_impl -transport_int_delays -pulse_r 0 -pulse_int_r 0 -pulse_e 0 -pulse_int_e 0 xil_defaultlib.top_tb xil_defaultlib.glbl -log elaborate.log 
Using 8 slave threads.
Starting static elaboration
Pass Through NonSizing Optimizer
Completed static elaboration
Starting simulation data flow analysis
Completed simulation data flow analysis
INFO: [XSIM 43-3451] SDF backannotation process started with SDF file "top_tb_time_impl.sdf", for root module "top_tb/top_sim".
INFO: [XSIM 43-3452] SDF backannotation was successful for SDF file "top_tb_time_impl.sdf", for root module "top_tb/top_sim".
Time Resolution for simulation is 1ps
Compiling module simprims_ver.BUFG
Compiling module simprims_ver.IBUF
Compiling module simprims_ver.OBUF
Compiling module simprims_ver.LUT6
Compiling module simprims_ver.LUT5
Compiling module simprims_ver.FDCE_default
Compiling module simprims_ver.FDPE_default
Compiling module xil_defaultlib.dummy_peripheral1
Compiling module simprims_ver.x_lut3_mux8
Compiling module simprims_ver.LUT3
Compiling module simprims_ver.x_lut2_mux4
Compiling module simprims_ver.LUT2
Compiling module simprims_ver.FDSE_default
Compiling module simprims_ver.x_lut1_mux2
Compiling module simprims_ver.LUT1
Compiling module simprims_ver.LUT4
Compiling module simprims_ver.FDRE_default
Compiling module simprims_ver.RB18_INTERNAL_VLOG(RAM_MODE="SDP...
Compiling module simprims_ver.RAMB18E1(RAM_MODE="SDP",READ_WID...
Compiling module xil_defaultlib.fifo_generator_0
Compiling module xil_defaultlib.ps2_keyboard
Compiling module xil_defaultlib.ps2_peripheral
Compiling module simprims_ver.CARRY4
Compiling module xil_defaultlib.timer0
Compiling module xil_defaultlib.timer_wrapper
Compiling module simprims_ver.latchsre_ldce
Compiling module simprims_ver.LDCE
Compiling module xil_defaultlib.BaudRateGenerator
Compiling module xil_defaultlib.UART_RX
Compiling module xil_defaultlib.UART_TX
Compiling module xil_defaultlib.UART
Compiling module xil_defaultlib.UART_Simple_Protocol_Wrapper
Compiling module xil_defaultlib.horizontal_counter
Compiling module xil_defaultlib.vertical_counter
Compiling module simprims_ver.RB36_INTERNAL_VLOG(DOA_REG=1,RAM...
Compiling module simprims_ver.RAMB36E1(DOA_REG=1,INIT_00=256'b...
Compiling module simprims_ver.RB36_INTERNAL_VLOG(DOA_REG=1,RAM...
Compiling module simprims_ver.RAMB36E1(DOA_REG=1,INIT_00=256'b...
Compiling module simprims_ver.RB18_INTERNAL_VLOG(DOA_REG=1,RDA...
Compiling module simprims_ver.RAMB18E1(DOA_REG=1,INIT_00=256'b...
Compiling module simprims_ver.RB18_INTERNAL_VLOG(DOA_REG=1,RDA...
Compiling module simprims_ver.RAMB18E1(DOA_REG=1,INIT_00=256'b...
Compiling module simprims_ver.RB36_INTERNAL_VLOG(DOA_REG=1,RAM...
Compiling module simprims_ver.RAMB36E1(DOA_REG=1,INIT_00=256'b...
Compiling module simprims_ver.RB36_INTERNAL_VLOG(DOA_REG=1,RAM...
Compiling module simprims_ver.RAMB36E1(DOA_REG=1,INIT_00=256'b...
Compiling module simprims_ver.RB36_INTERNAL_VLOG(DOA_REG=1,RAM...
Compiling module simprims_ver.RAMB36E1(DOA_REG=1,INIT_00=256'b...
Compiling module simprims_ver.RB36_INTERNAL_VLOG(DOA_REG=1,RAM...
Compiling module simprims_ver.RAMB36E1(DOA_REG=1,INIT_00=256'b...
Compiling module simprims_ver.RB18_INTERNAL_VLOG(DOA_REG=1,RDA...
Compiling module simprims_ver.RAMB18E1(DOA_REG=1,INIT_00=256'b...
Compiling module simprims_ver.RB36_INTERNAL_VLOG(DOA_REG=1,RAM...
Compiling module simprims_ver.RAMB36E1(DOA_REG=1,INIT_00=256'b...
Compiling module simprims_ver.RB36_INTERNAL_VLOG(DOA_REG=1,RAM...
Compiling module simprims_ver.RAMB36E1(DOA_REG=1,INIT_00=256'b...
Compiling module simprims_ver.RB36_INTERNAL_VLOG(DOA_REG=1,RAM...
Compiling module simprims_ver.RAMB36E1(DOA_REG=1,INIT_00=256'b...
Compiling module simprims_ver.RB36_INTERNAL_VLOG(DOA_REG=1,RAM...
Compiling module simprims_ver.RAMB36E1(DOA_REG=1,INIT_00=256'b...
Compiling module simprims_ver.RB36_INTERNAL_VLOG(DOA_REG=1,RDA...
Compiling module simprims_ver.RAMB36E1(DOA_REG=1,INIT_00=256'b...
Compiling module simprims_ver.RB36_INTERNAL_VLOG(DOA_REG=1,RAM...
Compiling module simprims_ver.RAMB36E1(DOA_REG=1,INIT_00=256'b...
Compiling module simprims_ver.RB36_INTERNAL_VLOG(DOA_REG=1,RAM...
Compiling module simprims_ver.RAMB36E1(DOA_REG=1,INIT_00=256'b...
Compiling module xil_defaultlib.blk_mem_gen_0
Compiling module simprims_ver.MUXF8
Compiling module simprims_ver.MUXF7
Compiling module simprims_ver.RAMD64E
Compiling module xil_defaultlib.RAM64M_UNIQ_BASE_
Compiling module xil_defaultlib.RAM64M_HD1408
Compiling module xil_defaultlib.RAM64M_HD1409
Compiling module xil_defaultlib.RAM64M_HD1410
Compiling module xil_defaultlib.RAM64M_HD1411
Compiling module xil_defaultlib.RAM64M_HD1412
Compiling module xil_defaultlib.RAM64M_HD1413
Compiling module xil_defaultlib.RAM64M_HD1414
Compiling module xil_defaultlib.RAM64M_HD1415
Compiling module xil_defaultlib.RAM64M_HD1416
Compiling module xil_defaultlib.RAM64M_HD1417
Compiling module xil_defaultlib.RAM64M_HD1418
Compiling module xil_defaultlib.RAM64M_HD1419
Compiling module xil_defaultlib.RAM64M_HD1420
Compiling module xil_defaultlib.RAM64M_HD1421
Compiling module xil_defaultlib.RAM64M_HD1422
Compiling module xil_defaultlib.RAM64M_HD1423
Compiling module xil_defaultlib.RAM64M_HD1424
Compiling module xil_defaultlib.RAM64M_HD1425
Compiling module xil_defaultlib.RAM64M_HD1426
Compiling module xil_defaultlib.RAM64M_HD1427
Compiling module xil_defaultlib.RAM64M_HD1428
Compiling module xil_defaultlib.RAM64M_HD1429
Compiling module xil_defaultlib.RAM64M_HD1430
Compiling module xil_defaultlib.RAM64M_HD1431
Compiling module xil_defaultlib.RAM64M_HD1432
Compiling module xil_defaultlib.RAM64M_HD1433
Compiling module xil_defaultlib.RAM64M_HD1434
Compiling module xil_defaultlib.RAM64M_HD1435
Compiling module xil_defaultlib.RAM64M_HD1436
Compiling module xil_defaultlib.RAM64M_HD1437
Compiling module xil_defaultlib.RAM64M_HD1438
Compiling module xil_defaultlib.RAM64M_HD1439
Compiling module xil_defaultlib.RAM64M_HD1440
Compiling module xil_defaultlib.RAM64M_HD1441
Compiling module xil_defaultlib.RAM64M_HD1442
Compiling module xil_defaultlib.RAM64M_HD1443
Compiling module xil_defaultlib.RAM64M_HD1444
Compiling module xil_defaultlib.RAM64M_HD1445
Compiling module xil_defaultlib.RAM64M_HD1446
Compiling module xil_defaultlib.RAM64M_HD1447
Compiling module xil_defaultlib.RAM64M_HD1448
Compiling module xil_defaultlib.RAM64M_HD1449
Compiling module xil_defaultlib.RAM64M_HD1450
Compiling module xil_defaultlib.RAM64M_HD1451
Compiling module xil_defaultlib.RAM64M_HD1452
Compiling module xil_defaultlib.RAM64M_HD1453
Compiling module xil_defaultlib.RAM64M_HD1454
Compiling module xil_defaultlib.RAM64M_HD1455
Compiling module xil_defaultlib.RAM64M_HD1456
Compiling module xil_defaultlib.RAM64M_HD1457
Compiling module xil_defaultlib.RAM64M_HD1458
Compiling module xil_defaultlib.RAM64M_HD1459
Compiling module xil_defaultlib.RAM64M_HD1460
Compiling module xil_defaultlib.RAM64M_HD1461
Compiling module xil_defaultlib.RAM64M_HD1462
Compiling module xil_defaultlib.RAM64M_HD1463
Compiling module xil_defaultlib.RAM64M_HD1464
Compiling module xil_defaultlib.RAM64M_HD1465
Compiling module xil_defaultlib.RAM64M_HD1466
Compiling module xil_defaultlib.RAM64M_HD1467
Compiling module xil_defaultlib.RAM64M_HD1468
Compiling module xil_defaultlib.RAM64M_HD1469
Compiling module xil_defaultlib.RAM64M_HD1470
Compiling module xil_defaultlib.RAM64M_HD1471
Compiling module xil_defaultlib.RAM64M_HD1472
Compiling module xil_defaultlib.RAM64M_HD1473
Compiling module xil_defaultlib.RAM64M_HD1474
Compiling module xil_defaultlib.RAM64M_HD1475
Compiling module xil_defaultlib.RAM64M_HD1476
Compiling module xil_defaultlib.RAM64M_HD1477
Compiling module xil_defaultlib.RAM64M_HD1478
Compiling module xil_defaultlib.RAM64M_HD1479
Compiling module xil_defaultlib.RAM64M_HD1480
Compiling module xil_defaultlib.RAM64M_HD1481
Compiling module xil_defaultlib.RAM64M_HD1482
Compiling module xil_defaultlib.RAM64M_HD1483
Compiling module xil_defaultlib.RAM64M_HD1484
Compiling module xil_defaultlib.RAM64M_HD1485
Compiling module xil_defaultlib.RAM64M_HD1486
Compiling module xil_defaultlib.RAM64M_HD1487
Compiling module xil_defaultlib.RAM64M_HD1488
Compiling module xil_defaultlib.RAM64M_HD1489
Compiling module xil_defaultlib.RAM64M_HD1490
Compiling module xil_defaultlib.RAM64M_HD1491
Compiling module xil_defaultlib.RAM64M_HD1492
Compiling module xil_defaultlib.RAM64M_HD1493
Compiling module xil_defaultlib.RAM64M_HD1494
Compiling module xil_defaultlib.RAM64M_HD1495
Compiling module xil_defaultlib.RAM64M_HD1496
Compiling module xil_defaultlib.RAM64M_HD1497
Compiling module xil_defaultlib.RAM64M_HD1498
Compiling module xil_defaultlib.RAM64M_HD1499
Compiling module xil_defaultlib.RAM64M_HD1500
Compiling module xil_defaultlib.RAM64M_HD1501
Compiling module xil_defaultlib.RAM64M_HD1502
Compiling module xil_defaultlib.RAM64M_HD1503
Compiling module xil_defaultlib.RAM64M_HD1504
Compiling module xil_defaultlib.RAM64M_HD1505
Compiling module xil_defaultlib.RAM64M_HD1506
Compiling module xil_defaultlib.RAM64M_HD1507
Compiling module xil_defaultlib.RAM64M_HD1508
Compiling module xil_defaultlib.RAM64M_HD1509
Compiling module xil_defaultlib.RAM64M_HD1510
Compiling module xil_defaultlib.RAM64M_HD1511
Compiling module xil_defaultlib.RAM64M_HD1512
Compiling module xil_defaultlib.RAM64M_HD1513
Compiling module xil_defaultlib.RAM64M_HD1514
Compiling module xil_defaultlib.RAM64M_HD1515
Compiling module xil_defaultlib.RAM64M_HD1516
Compiling module xil_defaultlib.RAM64M_HD1517
Compiling module xil_defaultlib.RAM64M_HD1518
Compiling module xil_defaultlib.RAM64M_HD1519
Compiling module xil_defaultlib.RAM64M_HD1520
Compiling module xil_defaultlib.RAM64M_HD1521
Compiling module xil_defaultlib.RAM64M_HD1522
Compiling module xil_defaultlib.RAM64M_HD1523
Compiling module xil_defaultlib.RAM64M_HD1524
Compiling module xil_defaultlib.RAM64M_HD1525
Compiling module xil_defaultlib.RAM64M_HD1526
Compiling module xil_defaultlib.RAM64M_HD1527
Compiling module xil_defaultlib.RAM64M_HD1528
Compiling module xil_defaultlib.RAM64M_HD1529
Compiling module xil_defaultlib.RAM64M_HD1530
Compiling module xil_defaultlib.RAM64M_HD1531
Compiling module xil_defaultlib.RAM64M_HD1532
Compiling module xil_defaultlib.RAM64M_HD1533
Compiling module xil_defaultlib.RAM64M_HD1534
Compiling module xil_defaultlib.RAM64M_HD1535
Compiling module xil_defaultlib.RAM64M_HD1536
Compiling module xil_defaultlib.RAM64M_HD1537
Compiling module xil_defaultlib.RAM64M_HD1538
Compiling module xil_defaultlib.RAM64M_HD1539
Compiling module xil_defaultlib.RAM64M_HD1540
Compiling module xil_defaultlib.RAM64M_HD1541
Compiling module xil_defaultlib.RAM64M_HD1542
Compiling module xil_defaultlib.RAM64M_HD1543
Compiling module xil_defaultlib.RAM64M_HD1544
Compiling module xil_defaultlib.RAM64M_HD1545
Compiling module xil_defaultlib.RAM64M_HD1546
Compiling module xil_defaultlib.RAM64M_HD1547
Compiling module xil_defaultlib.RAM64M_HD1548
Compiling module xil_defaultlib.RAM64M_HD1549
Compiling module xil_defaultlib.RAM64M_HD1550
Compiling module xil_defaultlib.RAM64M_HD1551
Compiling module xil_defaultlib.RAM64M_HD1552
Compiling module xil_defaultlib.RAM64M_HD1553
Compiling module xil_defaultlib.RAM64M_HD1554
Compiling module xil_defaultlib.RAM64M_HD1555
Compiling module xil_defaultlib.RAM64M_HD1556
Compiling module xil_defaultlib.RAM64M_HD1557
Compiling module xil_defaultlib.RAM64M_HD1558
Compiling module xil_defaultlib.RAM64M_HD1559
Compiling module xil_defaultlib.RAM64M_HD1560
Compiling module xil_defaultlib.RAM64M_HD1561
Compiling module xil_defaultlib.RAM64M_HD1562
Compiling module xil_defaultlib.RAM64M_HD1563
Compiling module xil_defaultlib.RAM64M_HD1564
Compiling module xil_defaultlib.RAM64M_HD1565
Compiling module xil_defaultlib.RAM64M_HD1566
Compiling module xil_defaultlib.RAM64M_HD1567
Compiling module xil_defaultlib.RAM64M_HD1568
Compiling module xil_defaultlib.RAM64M_HD1569
Compiling module xil_defaultlib.RAM64M_HD1570
Compiling module xil_defaultlib.RAM64M_HD1571
Compiling module xil_defaultlib.RAM64M_HD1572
Compiling module xil_defaultlib.RAM64M_HD1573
Compiling module xil_defaultlib.RAM64M_HD1574
Compiling module xil_defaultlib.RAM64M_HD1575
Compiling module xil_defaultlib.RAM64M_HD1576
Compiling module xil_defaultlib.RAM64M_HD1577
Compiling module xil_defaultlib.RAM64M_HD1578
Compiling module xil_defaultlib.RAM64M_HD1579
Compiling module xil_defaultlib.RAM64M_HD1580
Compiling module xil_defaultlib.RAM64M_HD1581
Compiling module xil_defaultlib.RAM64M_HD1582
Compiling module xil_defaultlib.RAM64M_HD1583
Compiling module xil_defaultlib.RAM64M_HD1584
Compiling module xil_defaultlib.RAM64M_HD1585
Compiling module xil_defaultlib.RAM64M_HD1586
Compiling module xil_defaultlib.RAM64M_HD1587
Compiling module xil_defaultlib.RAM64M_HD1588
Compiling module xil_defaultlib.RAM64M_HD1589
Compiling module xil_defaultlib.RAM64M_HD1590
Compiling module xil_defaultlib.RAM64M_HD1591
Compiling module xil_defaultlib.RAM64M_HD1592
Compiling module xil_defaultlib.RAM64M_HD1593
Compiling module xil_defaultlib.RAM64M_HD1594
Compiling module xil_defaultlib.RAM64M_HD1595
Compiling module xil_defaultlib.RAM64M_HD1596
Compiling module xil_defaultlib.RAM64M_HD1597
Compiling module xil_defaultlib.RAM64M_HD1598
Compiling module xil_defaultlib.RAM64M_HD1599
Compiling module xil_defaultlib.RAM64M_HD1600
Compiling module xil_defaultlib.RAM64M_HD1601
Compiling module xil_defaultlib.RAM64M_HD1602
Compiling module xil_defaultlib.RAM64M_HD1603
Compiling module xil_defaultlib.RAM64M_HD1604
Compiling module xil_defaultlib.RAM64M_HD1605
Compiling module xil_defaultlib.RAM64M_HD1606
Compiling module xil_defaultlib.RAM64M_HD1607
Compiling module xil_defaultlib.RAM64M_HD1608
Compiling module xil_defaultlib.RAM64M_HD1609
Compiling module xil_defaultlib.RAM64M_HD1610
Compiling module xil_defaultlib.RAM64M_HD1611
Compiling module xil_defaultlib.RAM64M_HD1612
Compiling module xil_defaultlib.RAM64M_HD1613
Compiling module xil_defaultlib.RAM64M_HD1614
Compiling module xil_defaultlib.RAM64M_HD1615
Compiling module xil_defaultlib.RAM64M_HD1616
Compiling module xil_defaultlib.RAM64M_HD1617
Compiling module xil_defaultlib.RAM64M_HD1618
Compiling module xil_defaultlib.RAM64M_HD1619
Compiling module xil_defaultlib.RAM64M_HD1620
Compiling module xil_defaultlib.RAM64M_HD1621
Compiling module xil_defaultlib.RAM64M_HD1622
Compiling module xil_defaultlib.RAM64M_HD1623
Compiling module xil_defaultlib.RAM64M_HD1624
Compiling module xil_defaultlib.RAM64M_HD1625
Compiling module xil_defaultlib.RAM64M_HD1626
Compiling module xil_defaultlib.RAM64M_HD1627
Compiling module xil_defaultlib.RAM64M_HD1628
Compiling module xil_defaultlib.RAM64M_HD1629
Compiling module xil_defaultlib.RAM64M_HD1630
Compiling module xil_defaultlib.RAM64M_HD1631
Compiling module xil_defaultlib.RAM64M_HD1632
Compiling module xil_defaultlib.RAM64M_HD1633
Compiling module xil_defaultlib.RAM64M_HD1634
Compiling module xil_defaultlib.RAM64M_HD1635
Compiling module xil_defaultlib.RAM64M_HD1636
Compiling module xil_defaultlib.RAM64M_HD1637
Compiling module xil_defaultlib.RAM64M_HD1638
Compiling module xil_defaultlib.RAM64M_HD1639
Compiling module xil_defaultlib.RAM64M_HD1640
Compiling module xil_defaultlib.RAM64M_HD1641
Compiling module xil_defaultlib.RAM64M_HD1642
Compiling module xil_defaultlib.RAM64M_HD1643
Compiling module xil_defaultlib.RAM64M_HD1644
Compiling module xil_defaultlib.RAM64M_HD1645
Compiling module xil_defaultlib.RAM64M_HD1646
Compiling module xil_defaultlib.RAM64M_HD1647
Compiling module xil_defaultlib.RAM64M_HD1648
Compiling module xil_defaultlib.RAM64M_HD1649
Compiling module xil_defaultlib.RAM64M_HD1650
Compiling module xil_defaultlib.RAM64M_HD1651
Compiling module xil_defaultlib.RAM64M_HD1652
Compiling module xil_defaultlib.RAM64M_HD1653
Compiling module xil_defaultlib.RAM64M_HD1654
Compiling module xil_defaultlib.RAM64M_HD1655
Compiling module xil_defaultlib.RAM64M_HD1656
Compiling module xil_defaultlib.RAM64M_HD1657
Compiling module xil_defaultlib.RAM64M_HD1658
Compiling module xil_defaultlib.RAM64M_HD1659
Compiling module xil_defaultlib.RAM64M_HD1660
Compiling module xil_defaultlib.RAM64M_HD1661
Compiling module xil_defaultlib.RAM64M_HD1662
Compiling module xil_defaultlib.RAM64M_HD1663
Compiling module xil_defaultlib.RAM64M_HD1664
Compiling module xil_defaultlib.RAM64M_HD1665
Compiling module xil_defaultlib.RAM64M_HD1666
Compiling module xil_defaultlib.RAM64M_HD1667
Compiling module xil_defaultlib.RAM64M_HD1668
Compiling module xil_defaultlib.RAM64M_HD1669
Compiling module xil_defaultlib.RAM64M_HD1670
Compiling module xil_defaultlib.RAM64M_HD1671
Compiling module xil_defaultlib.RAM64M_HD1672
Compiling module xil_defaultlib.RAM64M_HD1673
Compiling module xil_defaultlib.RAM64M_HD1674
Compiling module xil_defaultlib.RAM64M_HD1675
Compiling module xil_defaultlib.RAM64M_HD1676
Compiling module xil_defaultlib.RAM64M_HD1677
Compiling module xil_defaultlib.RAM64M_HD1678
Compiling module xil_defaultlib.RAM64M_HD1679
Compiling module xil_defaultlib.RAM64M_HD1680
Compiling module xil_defaultlib.RAM64M_HD1681
Compiling module xil_defaultlib.RAM64M_HD1682
Compiling module xil_defaultlib.RAM64M_HD1683
Compiling module xil_defaultlib.RAM64M_HD1684
Compiling module xil_defaultlib.RAM64M_HD1685
Compiling module xil_defaultlib.RAM64M_HD1686
Compiling module xil_defaultlib.RAM64M_HD1687
Compiling module xil_defaultlib.RAM64M_HD1688
Compiling module xil_defaultlib.RAM64M_HD1689
Compiling module xil_defaultlib.RAM64M_HD1690
Compiling module xil_defaultlib.RAM64M_HD1691
Compiling module xil_defaultlib.RAM64M_HD1692
Compiling module xil_defaultlib.RAM64M_HD1693
Compiling module xil_defaultlib.RAM64M_HD1694
Compiling module xil_defaultlib.RAM64M_HD1695
Compiling module xil_defaultlib.RAM64M_HD1696
Compiling module xil_defaultlib.RAM64M_HD1697
Compiling module xil_defaultlib.RAM64M_HD1698
Compiling module xil_defaultlib.RAM64M_HD1699
Compiling module xil_defaultlib.RAM64M_HD1700
Compiling module xil_defaultlib.RAM64M_HD1701
Compiling module xil_defaultlib.RAM64M_HD1702
Compiling module xil_defaultlib.RAM64M_HD1703
Compiling module xil_defaultlib.RAM64M_HD1704
Compiling module xil_defaultlib.RAM64M_HD1705
Compiling module xil_defaultlib.RAM64M_HD1706
Compiling module xil_defaultlib.RAM64M_HD1707
Compiling module xil_defaultlib.RAM64M_HD1708
Compiling module xil_defaultlib.RAM64M_HD1709
Compiling module xil_defaultlib.RAM64M_HD1710
Compiling module xil_defaultlib.RAM64M_HD1711
Compiling module xil_defaultlib.RAM64M_HD1712
Compiling module xil_defaultlib.RAM64M_HD1713
Compiling module xil_defaultlib.RAM64M_HD1714
Compiling module xil_defaultlib.RAM64M_HD1715
Compiling module xil_defaultlib.RAM64M_HD1716
Compiling module xil_defaultlib.RAM64M_HD1717
Compiling module xil_defaultlib.RAM64M_HD1718
Compiling module xil_defaultlib.RAM64M_HD1719
Compiling module xil_defaultlib.RAM64M_HD1720
Compiling module xil_defaultlib.RAM64M_HD1721
Compiling module xil_defaultlib.RAM64M_HD1722
Compiling module xil_defaultlib.RAM64M_HD1723
Compiling module xil_defaultlib.RAM64M_HD1724
Compiling module xil_defaultlib.RAM64M_HD1725
Compiling module xil_defaultlib.RAM64M_HD1726
Compiling module xil_defaultlib.RAM64M_HD1727
Compiling module xil_defaultlib.RAM64M_HD1728
Compiling module xil_defaultlib.RAM64M_HD1729
Compiling module xil_defaultlib.RAM64M_HD1730
Compiling module xil_defaultlib.RAM64M_HD1731
Compiling module xil_defaultlib.RAM64M_HD1732
Compiling module xil_defaultlib.RAM64M_HD1733
Compiling module xil_defaultlib.RAM64M_HD1734
Compiling module xil_defaultlib.RAM64M_HD1735
Compiling module xil_defaultlib.RAM64M_HD1736
Compiling module xil_defaultlib.RAM64M_HD1737
Compiling module xil_defaultlib.RAM64M_HD1738
Compiling module xil_defaultlib.RAM64M_HD1739
Compiling module xil_defaultlib.RAM64M_HD1740
Compiling module xil_defaultlib.RAM64M_HD1741
Compiling module xil_defaultlib.RAM64M_HD1742
Compiling module xil_defaultlib.RAM64M_HD1743
Compiling module xil_defaultlib.RAM64M_HD1744
Compiling module xil_defaultlib.RAM64M_HD1745
Compiling module xil_defaultlib.RAM64M_HD1746
Compiling module xil_defaultlib.RAM64M_HD1747
Compiling module xil_defaultlib.RAM64M_HD1748
Compiling module xil_defaultlib.RAM64M_HD1749
Compiling module xil_defaultlib.RAM64M_HD1750
Compiling module xil_defaultlib.RAM64M_HD1751
Compiling module xil_defaultlib.RAM64M_HD1752
Compiling module xil_defaultlib.RAM64M_HD1753
Compiling module xil_defaultlib.RAM64M_HD1754
Compiling module xil_defaultlib.RAM64M_HD1755
Compiling module xil_defaultlib.RAM64M_HD1756
Compiling module xil_defaultlib.RAM64M_HD1757
Compiling module xil_defaultlib.RAM64M_HD1758
Compiling module xil_defaultlib.RAM64M_HD1759
Compiling module xil_defaultlib.RAM64M_HD1760
Compiling module xil_defaultlib.RAM64M_HD1761
Compiling module xil_defaultlib.RAM64M_HD1762
Compiling module xil_defaultlib.RAM64M_HD1763
Compiling module xil_defaultlib.RAM64M_HD1764
Compiling module xil_defaultlib.RAM64M_HD1765
Compiling module xil_defaultlib.RAM64M_HD1766
Compiling module xil_defaultlib.RAM64M_HD1767
Compiling module xil_defaultlib.RAM64M_HD1768
Compiling module xil_defaultlib.RAM64M_HD1769
Compiling module xil_defaultlib.RAM64M_HD1770
Compiling module xil_defaultlib.RAM64M_HD1771
Compiling module xil_defaultlib.RAM64M_HD1772
Compiling module xil_defaultlib.RAM64M_HD1773
Compiling module xil_defaultlib.RAM64M_HD1774
Compiling module xil_defaultlib.RAM64M_HD1775
Compiling module xil_defaultlib.RAM64M_HD1776
Compiling module xil_defaultlib.RAM64M_HD1777
Compiling module xil_defaultlib.RAM64M_HD1778
Compiling module xil_defaultlib.RAM64M_HD1779
Compiling module xil_defaultlib.RAM64M_HD1780
Compiling module xil_defaultlib.RAM64M_HD1781
Compiling module xil_defaultlib.RAM64M_HD1782
Compiling module xil_defaultlib.RAM64M_HD1783
Compiling module xil_defaultlib.RAM64M_HD1784
Compiling module xil_defaultlib.RAM64M_HD1785
Compiling module xil_defaultlib.RAM64M_HD1786
Compiling module xil_defaultlib.RAM64M_HD1787
Compiling module xil_defaultlib.RAM64M_HD1788
Compiling module xil_defaultlib.RAM64M_HD1789
Compiling module xil_defaultlib.RAM64M_HD1790
Compiling module xil_defaultlib.RAM64M_HD1791
Compiling module xil_defaultlib.RAM64M_HD1792
Compiling module xil_defaultlib.RAM64M_HD1793
Compiling module xil_defaultlib.RAM64M_HD1794
Compiling module xil_defaultlib.RAM64M_HD1795
Compiling module xil_defaultlib.RAM64M_HD1796
Compiling module xil_defaultlib.RAM64M_HD1797
Compiling module xil_defaultlib.RAM64M_HD1798
Compiling module xil_defaultlib.RAM64M_HD1799
Compiling module xil_defaultlib.RAM64M_HD1800
Compiling module xil_defaultlib.RAM64M_HD1801
Compiling module xil_defaultlib.RAM64M_HD1802
Compiling module xil_defaultlib.RAM64M_HD1803
Compiling module xil_defaultlib.RAM64M_HD1804
Compiling module xil_defaultlib.RAM64M_HD1805
Compiling module xil_defaultlib.RAM64M_HD1806
Compiling module xil_defaultlib.RAM64M_HD1807
Compiling module xil_defaultlib.RAM64M_HD1808
Compiling module xil_defaultlib.RAM64M_HD1809
Compiling module xil_defaultlib.RAM64M_HD1810
Compiling module xil_defaultlib.RAM64M_HD1811
Compiling module xil_defaultlib.RAM64M_HD1812
Compiling module xil_defaultlib.RAM64M_HD1813
Compiling module xil_defaultlib.RAM64M_HD1814
Compiling module xil_defaultlib.RAM64M_HD1815
Compiling module xil_defaultlib.RAM64M_HD1816
Compiling module xil_defaultlib.RAM64M_HD1817
Compiling module xil_defaultlib.RAM64M_HD1818
Compiling module xil_defaultlib.RAM64M_HD1819
Compiling module xil_defaultlib.RAM64M_HD1820
Compiling module xil_defaultlib.RAM64M_HD1821
Compiling module xil_defaultlib.RAM64M_HD1822
Compiling module xil_defaultlib.RAM64M_HD1823
Compiling module xil_defaultlib.RAM64M_HD1824
Compiling module xil_defaultlib.RAM64M_HD1825
Compiling module xil_defaultlib.RAM64M_HD1826
Compiling module xil_defaultlib.RAM64M_HD1827
Compiling module xil_defaultlib.RAM64M_HD1828
Compiling module xil_defaultlib.RAM64M_HD1829
Compiling module xil_defaultlib.RAM64M_HD1830
Compiling module xil_defaultlib.RAM64M_HD1831
Compiling module xil_defaultlib.RAM64M_HD1832
Compiling module xil_defaultlib.RAM64M_HD1833
Compiling module xil_defaultlib.RAM64M_HD1834
Compiling module xil_defaultlib.RAM64M_HD1835
Compiling module xil_defaultlib.RAM64M_HD1836
Compiling module xil_defaultlib.RAM64M_HD1837
Compiling module xil_defaultlib.RAM64M_HD1838
Compiling module xil_defaultlib.RAM64M_HD1839
Compiling module xil_defaultlib.RAM64M_HD1840
Compiling module xil_defaultlib.RAM64M_HD1841
Compiling module xil_defaultlib.RAM64M_HD1842
Compiling module xil_defaultlib.RAM64M_HD1843
Compiling module xil_defaultlib.RAM64M_HD1844
Compiling module xil_defaultlib.RAM64M_HD1845
Compiling module xil_defaultlib.RAM64M_HD1846
Compiling module xil_defaultlib.RAM64M_HD1847
Compiling module xil_defaultlib.RAM64M_HD1848
Compiling module xil_defaultlib.RAM64M_HD1849
Compiling module xil_defaultlib.RAM64M_HD1850
Compiling module xil_defaultlib.RAM64M_HD1851
Compiling module xil_defaultlib.RAM64M_HD1852
Compiling module xil_defaultlib.RAM64M_HD1853
Compiling module xil_defaultlib.RAM64M_HD1854
Compiling module xil_defaultlib.RAM64M_HD1855
Compiling module xil_defaultlib.RAM64M_HD1856
Compiling module xil_defaultlib.dist_mem_gen_0
Compiling module xil_defaultlib.image
Compiling module simprims_ver.MMCME2_ADV(CLKFBOUT_MULT_F=61.5,...
Compiling module xil_defaultlib.clk_wiz_0_clk_wiz
Compiling module xil_defaultlib.clk_wiz_0
Compiling module xil_defaultlib.dist_mem_gen_1
Compiling module xil_defaultlib.fifo_generator_0_HD2
Compiling module xil_defaultlib.text_mod
Compiling module xil_defaultlib.vga_controller
Compiling module xil_defaultlib.top
Compiling module xil_defaultlib.top_tb
Compiling module xil_defaultlib.glbl
Built simulation snapshot top_tb_time_impl
