Vivado Simulator v2024.2.0
Copyright 1986-2022 Xilinx, Inc. All Rights Reserved.
Copyright 2022-2024 Advanced Micro Devices, Inc. All Rights Reserved.
Running: /tools/Vivado/2024.2/bin/unwrapped/lnx64.o/xelab --incr --debug typical --relax --mt 8 --maxdelay -L xil_defaultlib -L simprims_ver -L secureip --snapshot ps2bus_time_synth -transport_int_delays -pulse_r 0 -pulse_int_r 0 -pulse_e 0 -pulse_int_e 0 xil_defaultlib.ps2bus xil_defaultlib.glbl -log elaborate.log 
Using 8 slave threads.
Starting static elaboration
Pass Through NonSizing Optimizer
WARNING: [VRFC 10-3091] actual bit length 8 differs from formal bit length 1 for port 'ps2_data' [/home/diana/Downloads/PS2_keyboardbus/PS2_keyboard/project_1.srcs/sim_1/new/ps2bus.v:24]
Completed static elaboration
Starting simulation data flow analysis
Completed simulation data flow analysis
INFO: [XSIM 43-3451] SDF backannotation process started with SDF file "ps2bus_time_synth.sdf", for root module "ps2bus/uut".
INFO: [XSIM 43-3452] SDF backannotation was successful for SDF file "ps2bus_time_synth.sdf", for root module "ps2bus/uut".
Time Resolution for simulation is 1ps
Compiling module simprims_ver.IBUF
Compiling module simprims_ver.LUT6
Compiling module simprims_ver.LUT4
Compiling module simprims_ver.LUT5
Compiling module simprims_ver.FDCE_default
Compiling module xil_defaultlib.custom_bus
Compiling module simprims_ver.BUFG
Compiling module simprims_ver.GND
Compiling module simprims_ver.x_lut3_mux8
Compiling module simprims_ver.LUT3
Compiling module simprims_ver.x_lut2_mux4
Compiling module simprims_ver.LUT2
Compiling module simprims_ver.FDSE_default
Compiling module simprims_ver.x_lut1_mux2
Compiling module simprims_ver.LUT1
Compiling module simprims_ver.FDRE_default
Compiling module simprims_ver.RB18_INTERNAL_VLOG(RAM_MODE="SDP...
Compiling module simprims_ver.RAMB18E1(RAM_MODE="SDP",READ_WID...
Compiling module xil_defaultlib.fifo_generator_0
Compiling module xil_defaultlib.ps2_keyboard
Compiling module xil_defaultlib.ps2_peripheral
Compiling module simprims_ver.OBUF
Compiling module xil_defaultlib.ps2_peripherals_showcase
Compiling module xil_defaultlib.ps2bus
Compiling module xil_defaultlib.glbl
Built simulation snapshot ps2bus_time_synth
