logic__1453: RAM__GB2, 
muxpart__154: RAM__GB3, 
case__108: RAM__GB1, 
reg__260: RAM__GB2, 
reg__295: RAM__GB2, 
reg__312: RAM__GB2, 
muxpart__91: CPU8051__GC0, 
muxpart__384: RAM__GB1, 
muxpart__294: RAM__GB3, 
muxpart__387: RAM__GB1, 
logic__1421: RAM__GB3, 
logic__25: CPU8051__GC0, 
reg__136: RAM__GB2, 
logic__2072: RAM__GB1, 
sfr: CPU8051__GC0, 
muxpart__167: RAM__GB3, 
logic__1273: RAM__GB2, 
case__189: RAM__GB2, 
case__187: RAM__GB3, 
muxpart__130: CPU8051__GC0, 
case__337: RAM__GB1, 
logic__1832: RAM__GB1, 
muxpart__594: RAM__GB4, 
muxpart__491: RAM__GB4, 
reg__234: RAM__GB2, 
muxpart__505: RAM__GB4, 
muxpart__190: RAM__GB1, 
reg__28: CPU8051__GC0, 
logic__1241: RAM__GB3, 
muxpart__407: RAM__GB1, 
logic__198: CPU8051__GC0, 
reg__102: RAM__GB2, 
reg__159: RAM__GB2, 
logic__2098: RAM__GB3, 
muxpart__307: RAM__GB3, 
logic__2506: RAM__GB1, 
reg__273: RAM__GB2, 
reg__41: CPU8051__GC0, 
logic__1061: RAM__GB2, 
logic__2153: RAM__GB2, 
logic__348: CPU8051__GC0, 
logic__328: CPU8051__GC0, 
case__142: RAM__GB1, 
logic__1696: RAM__GB1, 
case__286: RAM__GB1, 
logic__1665: RAM__GB1, 
reg__318: RAM__GB2, 
muxpart__553: RAM__GB4, 
reg__218: RAM__GB2, 
reg__23: CPU8051__GC0, 
muxpart__12: CPU8051__GC0, 
case__73: RAM__GB2, 
muxpart__363: RAM__GB3, 
case__283: RAM__GB1, 
reg__342: RAM__GB2, 
muxpart__655: RAM__GB4, 
logic__1928: RAM__GB2, 
muxpart__27: CPU8051__GC0, 
muxpart__281: RAM__GB3, 
case__229: RAM__GB1, 
case__198: RAM__GB2, 
case__127: RAM__GB1, 
muxpart__119: CPU8051__GC0, 
muxpart__57: CPU8051__GC0, 
muxpart__621: RAM__GB4, 
logic__2473: RAM__GB2, 
muxpart__578: RAM__GB4, 
logic__1673: RAM__GB2, 
reg__141: RAM__GB2, 
reg__210: RAM__GB2, 
muxpart__406: RAM__GB2, 
logic__2541: RAM__GB1, 
logic__2087: RAM__GB3, 
reg__99: RAM__GB2, 
muxpart__402: RAM__GB2, 
logic__2621: RAM__GB4, 
muxpart__104: CPU8051__GC0, 
muxpart__287: RAM__GB3, 
logic__2045: RAM__GB2, 
reg__247: RAM__GB2, 
case__138: RAM__GB1, 
case__121: RAM__GB1, 
muxpart__442: RAM__GB4, 
case__416: RAM__GB3, 
case__275: RAM__GB1, 
muxpart__526: RAM__GB4, 
case__411: RAM__GB3, 
reg__4: CPU8051__GC0, 
logic__748: RAM__GB3, 
case__51: RAM__GB2, 
muxpart__177: RAM__GB3, 
case__195: RAM__GB1, 
muxpart__81: CPU8051__GC0, 
case: CPU8051__GC0, 
muxpart__290: RAM__GB3, 
reg__85: CPU8051__GC0, 
muxpart__10: CPU8051__GC0, 
muxpart__430: RAM__GB4, 
muxpart__80: CPU8051__GC0, 
muxpart__380: RAM__GB1, 
logic__1505: RAM__GB1, 
logic__1811: RAM__GB1, 
muxpart__378: RAM__GB1, 
logic__2160: RAM__GB1, 
logic__2449: RAM__GB1, 
logic__1445: RAM__GB3, 
case__61: RAM__GB1, 
muxpart__326: RAM__GB1, 
case__200: RAM__GB3, 
muxpart__574: RAM__GB4, 
case__48: CPU8051__GC0, 
logic__1941: RAM__GB2, 
muxpart__197: RAM__GB2, 
logic__401: CPU8051__GC0, 
muxpart__551: RAM__GB4, 
reg__335: RAM__GB2, 
case__29: CPU8051__GC0, 
logic__211: CPU8051__GC0, 
muxpart__34: CPU8051__GC0, 
case__21: CPU8051__GC0, 
muxpart__36: CPU8051__GC0, 
muxpart__619: RAM__GB4, 
logic__2143: RAM__GB1, 
logic__1141: RAM__GB3, 
muxpart__138: RAM__GB2, 
case__168: RAM__GB2, 
logic__396: CPU8051__GC0, 
case__361: RAM__GB1, 
reg__156: RAM__GB2, 
reg__272: RAM__GB2, 
case__87: RAM__GB1, 
logic__2509: RAM__GB2, 
reg__107: RAM__GB2, 
logic__1840: RAM__GB1, 
muxpart__280: RAM__GB1, 
reg__285: RAM__GB1, 
reg__111: RAM__GB2, 
case__205: RAM__GB2, 
muxpart__266: RAM__GB3, 
logic__2140: RAM__GB1, 
case__16: CPU8051__GC0, 
case__363: RAM__GB1, 
reg__321: RAM__GB2, 
logic__1086: RAM__GB3, 
muxpart__421: RAM__GB2, 
logic__1801: RAM__GB1, 
reg__72: CPU8051__GC0, 
logic__780: RAM__GB3, 
muxpart__391: RAM__GB1, 
muxpart__83: CPU8051__GC0, 
reg__327: RAM__GB2, 
reg__306: RAM__GB2, 
reg__91: RAM__GB2, 
logic__1045: RAM__GB3, 
logic__1589: RAM__GB3, 
logic__1309: RAM__GB3, 
logic__13: CPU8051__GC0, 
case__118: RAM__GB1, 
case__101: RAM__GB2, 
case__225: RAM__GB1, 
case__316: RAM__GB1, 
reg__345: RAM__GB3, 
logic__1536: RAM__GB1, 
logic__50: CPU8051__GC0, 
logic__1032: RAM__GB2, 
muxpart__143: RAM__GB3, 
case__163: RAM__GB1, 
logic__2411: RAM__GB1, 
muxpart__41: CPU8051__GC0, 
reg__48: CPU8051__GC0, 
blk_mem_gen_0: RAM__GB3, 
muxpart__297: RAM__GB3, 
logic__2179: RAM__GB2, 
logic__384: CPU8051__GC0, 
muxpart__590: RAM__GB4, 
muxpart__286: RAM__GB1, 
logic__1530: RAM__GB2, 
muxpart__644: RAM__GB4, 
reg__286: RAM__GB2, 
reg__332: RAM__GB2, 
reg__148: RAM__GB2, 
logic__2404: RAM__GB1, 
reg__339: RAM__GB2, 
muxpart__429: RAM__GB4, 
reg__323: RAM__GB2, 
reg__94: RAM__GB2, 
logic__2214: RAM__GB1, 
muxpart__292: RAM__GB1, 
muxpart__125: CPU8051__GC0, 
logic__2555: RAM__GB2, 
reg__30: CPU8051__GC0, 
case__408: RAM__GB3, 
logic__85: CPU8051__GC0, 
muxpart__331: RAM__GB3, 
reg__305: RAM__GB1, 
logic__2547: RAM__GB2, 
logic__2243: RAM__GB2, 
reg__20: CPU8051__GC0, 
reg__129: RAM__GB2, 
logic__1919: RAM__GB2, 
case__236: RAM__GB1, 
muxpart__414: RAM__GB2, 
case__91: RAM__GB2, 
case__304: RAM__GB1, 
muxpart__26: CPU8051__GC0, 
logic__1598: RAM__GB2, 
muxpart__591: RAM__GB4, 
reg__49: CPU8051__GC0, 
muxpart__576: RAM__GB4, 
muxpart__193: RAM__GB2, 
logic__1649: RAM__GB2, 
case__401: RAM__GB4, 
muxpart__73: CPU8051__GC0, 
muxpart__495: RAM__GB4, 
muxpart__255: RAM__GB3, 
muxpart__208: RAM__GB3, 
muxpart__237: RAM__GB1, 
muxpart__584: RAM__GB4, 
muxpart__239: RAM__GB2, 
logic__1150: RAM__GB2, 
case__212: RAM__GB2, 
reg__53: CPU8051__GC0, 
reg__132: RAM__GB2, 
muxpart__606: RAM__GB4, 
case__218: RAM__GB1, 
muxpart__245: RAM__GB3, 
logic__2537: RAM__GB1, 
logic__1200: RAM__GB2, 
case__235: RAM__GB1, 
logic__186: CPU8051__GC0, 
muxpart__555: RAM__GB4, 
reg__231: RAM__GB2, 
logic__1586: RAM__GB1, 
logic__2345: RAM__GB2, 
logic__426: CPU8051__GC0, 
case__281: RAM__GB2, 
case__153: RAM__GB1, 
datapath__10: CPU8051__GC0, 
logic__16: CPU8051__GC0, 
reg__229: RAM__GB2, 
reg__178: RAM__GB2, 
reg__8: CPU8051__GC0, 
muxpart__61: CPU8051__GC0, 
muxpart__373: RAM__GB3, 
muxpart__529: RAM__GB4, 
muxpart__144: RAM__GB2, 
muxpart__199: RAM__GB2, 
muxpart__106: CPU8051__GC0, 
muxpart__259: RAM__GB3, 
reg__75: CPU8051__GC0, 
reg__172: RAM__GB2, 
reg__337: RAM__GB2, 
reg__18: CPU8051__GC0, 
case__124: RAM__GB2, 
logic__1318: RAM__GB3, 
muxpart__324: RAM__GB3, 
muxpart__362: RAM__GB3, 
muxpart__438: RAM__GB4, 
reg__211: RAM__GB2, 
logic__251: CPU8051__GC0, 
case__148: RAM__GB3, 
case__60: RAM__GB1, 
logic__845: RAM__GB3, 
muxpart__141: RAM__GB2, 
case__329: RAM__GB2, 
case__162: RAM__GB1, 
case__385: RAM__GB1, 
reg__235: RAM__GB1, 
case__372: RAM__GB2, 
logic__79: CPU8051__GC0, 
logic__1624: RAM__GB2, 
logic__415: CPU8051__GC0, 
logic__102: CPU8051__GC0, 
case__220: RAM__GB2, 
logic__2294: RAM__GB1, 
reg__299: RAM__GB2, 
reg__46: CPU8051__GC0, 
logic__999: RAM__GB3, 
muxpart__210: RAM__GB3, 
logic__1187: RAM__GB2, 
logic__240: CPU8051__GC0, 
case__391: RAM__GB2, 
muxpart__302: RAM__GB1, 
reg__142: RAM__GB2, 
muxpart__243: RAM__GB1, 
case__66: RAM__GB2, 
logic__1218: RAM__GB3, 
case__133: RAM__GB1, 
reg__9: CPU8051__GC0, 
muxpart__481: RAM__GB4, 
reg__162: RAM__GB2, 
logic__292: CPU8051__GC0, 
muxpart__310: RAM__GB3, 
logic__1872: RAM__GB1, 
case__23: CPU8051__GC0, 
CPU8051__GC0: CPU8051__GC0, 
logic__1002: RAM__GB3, 
logic__2182: RAM__GB2, 
muxpart__48: CPU8051__GC0, 
logic__870: RAM__GB3, 
logic__2301: RAM__GB2, 
logic__1389: RAM__GB3, 
muxpart__345: RAM__GB1, 
muxpart__246: RAM__GB2, 
muxpart__269: RAM__GB3, 
logic__1126: RAM__GB2, 
reg__261: RAM__GB2, 
reg__184: RAM__GB1, 
logic__2289: RAM__GB1, 
reg__227: RAM__GB2, 
logic__1816: RAM__GB1, 
logic__307: CPU8051__GC0, 
muxpart__534: RAM__GB4, 
case__400: RAM__GB1, 
logic__433: RAM__GB3, 
logic__1949: RAM__GB2, 
case__256: RAM__GB1, 
muxpart__338: RAM__GB1, 
logic__1249: RAM__GB3, 
muxpart__556: RAM__GB4, 
logic__1618: RAM__GB2, 
muxpart__195: RAM__GB2, 
logic__1354: RAM__GB1, 
case__30: CPU8051__GC0, 
muxpart__212: RAM__GB2, 
muxpart__432: RAM__GB4, 
logic__1206: RAM__GB3, 
logic__2069: RAM__GB1, 
logic__2312: RAM__GB2, 
reg__38: CPU8051__GC0, 
muxpart__542: RAM__GB4, 
logic__1366: RAM__GB3, 
muxpart__82: CPU8051__GC0, 
case__102: RAM__GB2, 
logic__1168: RAM__GB3, 
muxpart__514: RAM__GB4, 
logic__1407: RAM__GB3, 
case__13: CPU8051__GC0, 
logic__815: RAM__GB3, 
reg__307: RAM__GB2, 
reg__331: RAM__GB2, 
reg__98: RAM__GB2, 
reg__164: RAM__GB2, 
logic__1319: RAM__GB3, 
reg__237: RAM__GB1, 
logic__147: CPU8051__GC0, 
muxpart__519: RAM__GB4, 
case__309: RAM__GB2, 
case__327: RAM__GB1, 
logic__880: RAM__GB2, 
muxpart__101: CPU8051__GC0, 
logic__250: CPU8051__GC0, 
logic__1927: RAM__GB1, 
muxpart__565: RAM__GB4, 
muxpart__211: RAM__GB2, 
logic__262: CPU8051__GC0, 
muxpart__643: RAM__GB4, 
case__369: RAM__GB3, 
muxpart__309: RAM__GB1, 
logic__342: CPU8051__GC0, 
case__345: RAM__GB1, 
logic__2003: RAM__GB2, 
muxpart__85: CPU8051__GC0, 
muxpart__573: RAM__GB4, 
muxpart__499: RAM__GB4, 
case__279: RAM__GB2, 
reg__114: RAM__GB2, 
logic__1887: RAM__GB2, 
reg__128: RAM__GB2, 
muxpart__189: RAM__GB3, 
logic__1297: RAM__GB3, 
muxpart__524: RAM__GB4, 
logic__1775: RAM__GB1, 
muxpart__395: RAM__GB2, 
logic__1357: RAM__GB3, 
logic__853: RAM__GB2, 
muxpart__65: CPU8051__GC0, 
muxpart__470: RAM__GB4, 
logic__1609: RAM__GB2, 
case__202: RAM__GB1, 
case__209: RAM__GB1, 
case__265: RAM__GB2, 
muxpart__642: RAM__GB4, 
case__407: RAM__GB3, 
reg__298: RAM__GB2, 
case__348: RAM__GB2, 
muxpart__631: RAM__GB4, 
muxpart__469: RAM__GB4, 
reg__249: RAM__GB1, 
muxpart__22: CPU8051__GC0, 
logic__1601: RAM__GB2, 
case__277: RAM__GB2, 
logic__2064: RAM__GB1, 
logic__1470: RAM__GB1, 
reg__255: RAM__GB2, 
logic__2235: RAM__GB2, 
muxpart__37: CPU8051__GC0, 
reg__283: RAM__GB2, 
logic__2574: RAM__GB2, 
muxpart__456: RAM__GB4, 
logic__937: RAM__GB3, 
case__62: RAM__GB2, 
muxpart__120: CPU8051__GC0, 
logic__1576: RAM__GB2, 
case__319: RAM__GB1, 
case__354: RAM__GB1, 
muxpart__485: RAM__GB4, 
logic__1076: RAM__GB2, 
reg__34: CPU8051__GC0, 
muxpart__453: RAM__GB4, 
reg__144: RAM__GB2, 
muxpart__579: RAM__GB4, 
muxpart__151: RAM__GB2, 
muxpart__63: CPU8051__GC0, 
RAM__GB3: RAM__GB3, 
case__185: RAM__GB1, 
muxpart__614: RAM__GB4, 
case__103: RAM__GB1, 
logic__230: CPU8051__GC0, 
case__49: RAM__GB3, 
reg__343: RAM__GB3, 
reg__287: RAM__GB1, 
muxpart__422: RAM__GB2, 
logic__770: RAM__GB3, 
reg__212: RAM__GB2, 
case__314: RAM__GB2, 
logic__2414: RAM__GB1, 
logic__1035: RAM__GB3, 
muxpart__341: RAM__GB3, 
logic__1958: RAM__GB2, 
case__308: RAM__GB1, 
logic__1193: RAM__GB3, 
logic__1182: RAM__GB2, 
case__44: CPU8051__GC0, 
case__301: RAM__GB1, 
case__24: CPU8051__GC0, 
muxpart__502: RAM__GB4, 
logic__2501: RAM__GB2, 
reg__37: CPU8051__GC0, 
reg__347: RAM__GB3, 
muxpart__540: RAM__GB4, 
reg__214: RAM__GB2, 
muxpart__284: RAM__GB1, 
reg__291: RAM__GB2, 
case__72: RAM__GB1, 
muxpart__24: CPU8051__GC0, 
logic__1444: RAM__GB3, 
logic__1282: RAM__GB3, 
logic__860: RAM__GB2, 
logic__2252: RAM__GB2, 
reg__253: RAM__GB2, 
reg__103: RAM__GB2, 
logic__751: RAM__GB3, 
logic__944: RAM__GB3, 
case__347: RAM__GB2, 
reg__109: RAM__GB2, 
logic__1100: RAM__GB3, 
logic__1481: RAM__GB2, 
muxpart__515: RAM__GB4, 
reg__197: RAM__GB2, 
case__97: RAM__GB1, 
logic__94: CPU8051__GC0, 
muxpart__15: CPU8051__GC0, 
case__213: RAM__GB1, 
case__164: RAM__GB1, 
muxpart__182: RAM__GB2, 
muxpart__439: RAM__GB4, 
muxpart__511: RAM__GB4, 
muxpart__289: RAM__GB3, 
muxpart__238: RAM__GB1, 
logic__180: CPU8051__GC0, 
case__320: RAM__GB2, 
case__397: RAM__GB1, 
case__250: RAM__GB1, 
reg__160: RAM__GB2, 
logic__1019: RAM__GB3, 
logic__1256: RAM__GB3, 
logic__1756: RAM__GB2, 
muxpart__634: RAM__GB4, 
case__414: RAM__GB3, 
reg__57: CPU8051__GC0, 
muxpart__652: RAM__GB4, 
logic__405: CPU8051__GC0, 
reg__205: RAM__GB2, 
muxpart__650: RAM__GB4, 
logic__923: RAM__GB3, 
reg__166: RAM__GB2, 
case__367: RAM__GB2, 
muxpart__522: RAM__GB4, 
logic__961: RAM__GB3, 
reg__105: RAM__GB2, 
reg__262: RAM__GB2, 
muxpart__165: RAM__GB2, 
muxpart__18: CPU8051__GC0, 
muxpart__530: RAM__GB4, 
case__284: RAM__GB1, 
muxpart__59: CPU8051__GC0, 
muxpart__175: RAM__GB3, 
reg__137: RAM__GB2, 
logic__369: CPU8051__GC0, 
datapath__3: CPU8051__GC0, 
logic__2502: RAM__GB1, 
logic__991: RAM__GB3, 
case__357: RAM__GB1, 
reg__26: CPU8051__GC0, 
logic__117: CPU8051__GC0, 
muxpart__603: RAM__GB4, 
muxpart__674: RAM__GB4, 
logic__1765: RAM__GB1, 
muxpart__168: RAM__GB2, 
muxpart__60: CPU8051__GC0, 
reg__19: CPU8051__GC0, 
logic__429: RAM__GB3, 
muxpart__347: RAM__GB3, 
logic__1908: RAM__GB3, 
muxpart__667: RAM__GB4, 
logic__1896: RAM__GB2, 
logic__1677: RAM__GB2, 
reg__147: RAM__GB2, 
case__295: RAM__GB1, 
case__252: RAM__GB1, 
case__191: RAM__GB1, 
muxpart__227: RAM__GB3, 
reg__13: CPU8051__GC0, 
logic__2577: RAM__GB3, 
logic__1161: RAM__GB3, 
reg__294: RAM__GB2, 
logic__2076: RAM__GB1, 
reg__325: RAM__GB2, 
reg__187: RAM__GB2, 
case__96: RAM__GB2, 
logic__714: RAM__GB3, 
muxpart__54: CPU8051__GC0, 
case__324: RAM__GB1, 
logic__1489: RAM__GB1, 
case__188: RAM__GB1, 
logic__2161: RAM__GB1, 
muxpart__78: CPU8051__GC0, 
logic__291: CPU8051__GC0, 
muxpart__484: RAM__GB4, 
logic__842: RAM__GB3, 
case__243: RAM__GB2, 
logic__263: CPU8051__GC0, 
logic__2019: RAM__GB1, 
logic__1780: RAM__GB1, 
muxpart__436: RAM__GB4, 
muxpart__672: RAM__GB4, 
reg__320: RAM__GB2, 
case__50: RAM__GB3, 
muxpart__282: RAM__GB3, 
muxpart__403: RAM__GB2, 
muxpart__607: RAM__GB4, 
reg__254: RAM__GB2, 
muxpart__466: RAM__GB4, 
logic__1302: RAM__GB3, 
muxpart__137: RAM__GB3, 
muxpart__329: RAM__GB3, 
muxpart__475: RAM__GB4, 
logic__958: RAM__GB2, 
muxpart__428: RAM__GB4, 
reg__266: RAM__GB2, 
logic__721: RAM__GB3, 
muxpart__390: RAM__GB1, 
muxpart__323: RAM__GB3, 
muxpart__214: RAM__GB1, 
logic__1567: RAM__GB1, 
muxpart__615: RAM__GB4, 
case__417: RAM__GB3, 
logic__2584: RAM__GB2, 
reg__296: RAM__GB2, 
case__174: RAM__GB1, 
logic__863: RAM__GB3, 
muxpart__592: RAM__GB4, 
logic__2618: RAM__GB3, 
logic__2249: RAM__GB1, 
case__56: RAM__GB1, 
logic__1104: RAM__GB3, 
logic__2323: RAM__GB2, 
muxpart__633: RAM__GB4, 
logic__1496: RAM__GB1, 
logic__1685: RAM__GB2, 
muxpart__680: RAM__GB4, 
muxpart__433: RAM__GB4, 
muxpart__157: RAM__GB2, 
reg__143: RAM__GB2, 
muxpart__121: CPU8051__GC0, 
reg__71: CPU8051__GC0, 
muxpart__74: CPU8051__GC0, 
case__178: RAM__GB1, 
case__17: CPU8051__GC0, 
logic__1132: RAM__GB2, 
muxpart__97: CPU8051__GC0, 
logic__1008: RAM__GB3, 
logic__2051: RAM__GB1, 
logic__1458: RAM__GB1, 
logic__2326: RAM__GB1, 
logic__68: CPU8051__GC0, 
logic__2106: RAM__GB3, 
case__100: RAM__GB1, 
logic__1901: RAM__GB2, 
muxpart__369: RAM__GB1, 
case__321: RAM__GB2, 
muxpart__337: RAM__GB1, 
muxpart__84: CPU8051__GC0, 
muxpart__516: RAM__GB4, 
reg__256: RAM__GB2, 
muxpart__53: CPU8051__GC0, 
logic__2378: RAM__GB3, 
muxpart__646: RAM__GB4, 
case__285: RAM__GB1, 
muxpart__112: CPU8051__GC0, 
logic__77: CPU8051__GC0, 
logic__2483: RAM__GB2, 
muxpart__486: RAM__GB4, 
case__328: RAM__GB2, 
reg__64: CPU8051__GC0, 
case__41: CPU8051__GC0, 
case__18: CPU8051__GC0, 
muxpart__675: RAM__GB4, 
muxpart__150: RAM__GB2, 
muxpart__541: RAM__GB4, 
muxpart__388: RAM__GB3, 
case__288: RAM__GB1, 
reg__47: CPU8051__GC0, 
case__395: RAM__GB2, 
muxpart__445: RAM__GB4, 
logic__757: RAM__GB3, 
logic__1995: RAM__GB3, 
muxpart__504: RAM__GB4, 
logic__1936: RAM__GB3, 
logic__947: RAM__GB3, 
case__334: RAM__GB2, 
muxpart__92: CPU8051__GC0, 
case__336: RAM__GB1, 
logic__1071: RAM__GB2, 
logic__2390: RAM__GB1, 
logic__2524: RAM__GB3, 
logic__164: CPU8051__GC0, 
logic__336: CPU8051__GC0, 
muxpart__490: RAM__GB4, 
muxpart__460: RAM__GB4, 
muxpart__260: RAM__GB1, 
logic__1713: RAM__GB2, 
logic__2270: RAM__GB2, 
muxpart__669: RAM__GB4, 
RAM__GB4: RAM__GB4, 
RAM__GB1: RAM__GB1, 
logic__886: RAM__GB2, 
logic__2186: RAM__GB2, 
logic__357: CPU8051__GC0, 
logic__1025: RAM__GB3, 
reg__302: RAM__GB2, 
muxpart__42: CPU8051__GC0, 
case__374: RAM__GB1, 
logic__2337: RAM__GB2, 
case__210: RAM__GB1, 
muxpart__501: RAM__GB4, 
case__180: RAM__GB1, 
muxpart__312: RAM__GB3, 
muxpart__352: RAM__GB3, 
muxpart__673: RAM__GB4, 
muxpart__416: RAM__GB1, 
logic__1594: RAM__GB2, 
muxpart__507: RAM__GB4, 
logic__2580: RAM__GB3, 
reg__97: RAM__GB2, 
muxpart__608: RAM__GB4, 
case__375: RAM__GB2, 
reg__230: RAM__GB2, 
logic__82: CPU8051__GC0, 
case__67: RAM__GB1, 
muxpart__580: RAM__GB4, 
muxpart__361: RAM__GB3, 
reg__269: RAM__GB2, 
logic__1580: RAM__GB2, 
case__27: CPU8051__GC0, 
reg__213: RAM__GB1, 
logic__1156: RAM__GB3, 
muxpart__17: CPU8051__GC0, 
muxpart__455: RAM__GB4, 
muxpart__654: RAM__GB4, 
reg__238: RAM__GB2, 
muxpart__678: RAM__GB4, 
muxpart__671: RAM__GB4, 
muxpart__547: RAM__GB4, 
reg__65: CPU8051__GC0, 
reg__35: CPU8051__GC0, 
muxpart__684: RAM__GB3, 
logic__1559: RAM__GB2, 
muxpart__87: CPU8051__GC0, 
muxpart__279: RAM__GB3, 
case__237: RAM__GB1, 
logic__1506: RAM__GB3, 
muxpart__261: RAM__GB2, 
reg__44: CPU8051__GC0, 
logic__2172: RAM__GB1, 
reg__193: RAM__GB2, 
reg__334: RAM__GB2, 
logic__1693: RAM__GB1, 
reg__258: RAM__GB2, 
case__203: RAM__GB2, 
case__125: RAM__GB1, 
case__99: RAM__GB2, 
logic__1436: RAM__GB2, 
reg__134: RAM__GB2, 
datapath__4: CPU8051__GC0, 
muxpart__315: RAM__GB3, 
reg__228: RAM__GB2, 
logic__273: CPU8051__GC0, 
muxpart__156: RAM__GB3, 
case__186: RAM__GB3, 
logic__2331: RAM__GB1, 
case__206: RAM__GB2, 
logic__1055: RAM__GB2, 
logic__916: RAM__GB3, 
muxpart__538: RAM__GB4, 
logic__1068: RAM__GB2, 
logic__1119: RAM__GB3, 
logic__2544: RAM__GB2, 
logic__901: RAM__GB3, 
case__86: RAM__GB1, 
logic__1373: RAM__GB3, 
reg__183: RAM__GB2, 
muxpart__351: RAM__GB1, 
case__75: RAM__GB1, 
case__270: RAM__GB2, 
case__350: RAM__GB1, 
logic__1398: RAM__GB3, 
case__89: RAM__GB1, 
case__151: RAM__GB1, 
logic__1361: RAM__GB3, 
muxpart__589: RAM__GB4, 
reg__21: CPU8051__GC0, 
muxpart__651: RAM__GB4, 
logic__2486: RAM__GB3, 
logic__1650: RAM__GB2, 
muxpart__236: RAM__GB2, 
muxpart__506: RAM__GB4, 
reg__177: RAM__GB2, 
muxpart__139: RAM__GB2, 
case__274: RAM__GB2, 
logic__378: CPU8051__GC0, 
logic__2437: RAM__GB1, 
case__410: RAM__GB3, 
muxpart__257: RAM__GB2, 
logic__165: CPU8051__GC0, 
muxpart__365: RAM__GB3, 
reg__100: RAM__GB2, 
case__305: RAM__GB1, 
reg__84: CPU8051__GC0, 
dist_mem_gen_0: CPU8051__GC0, 
muxpart__334: RAM__GB3, 
case__161: RAM__GB1, 
logic__1413: RAM__GB2, 
muxpart__419: RAM__GB1, 
logic__2463: RAM__GB1, 
logic__1179: RAM__GB2, 
muxpart__601: RAM__GB4, 
logic__1292: RAM__GB3, 
muxpart__629: RAM__GB4, 
muxpart__318: RAM__GB1, 
logic__88: CPU8051__GC0, 
muxpart__451: RAM__GB4, 
muxpart__659: RAM__GB4, 
reg__108: RAM__GB2, 
reg__59: CPU8051__GC0, 
logic__2605: RAM__GB3, 
muxpart__124: CPU8051__GC0, 
logic__366: CPU8051__GC0, 
muxpart__635: RAM__GB4, 
reg__66: CPU8051__GC0, 
logic__1349: RAM__GB1, 
reg__224: RAM__GB2, 
logic__733: RAM__GB2, 
muxpart__253: RAM__GB2, 
reg__67: CPU8051__GC0, 
muxpart__66: CPU8051__GC0, 
muxpart__52: CPU8051__GC0, 
muxpart__240: RAM__GB3, 
logic__762: RAM__GB3, 
logic__1972: RAM__GB2, 
logic__1376: RAM__GB3, 
muxpart__599: RAM__GB4, 
logic__1979: RAM__GB2, 
case__402: RAM__GB2, 
case__65: RAM__GB2, 
case__90: RAM__GB2, 
case__232: RAM__GB1, 
logic__2306: RAM__GB2, 
case__157: RAM__GB2, 
muxpart__648: RAM__GB4, 
reg__146: RAM__GB2, 
logic__2128: RAM__GB2, 
logic__1026: RAM__GB2, 
case__192: RAM__GB1, 
logic__2288: RAM__GB2, 
muxpart__179: RAM__GB2, 
case__399: RAM__GB1, 
logic__2220: RAM__GB1, 
muxpart__321: RAM__GB3, 
logic__2183: RAM__GB2, 
logic__221: CPU8051__GC0, 
reg__150: RAM__GB2, 
muxpart__218: RAM__GB3, 
logic__1238: RAM__GB3, 
muxpart__136: RAM__GB3, 
logic__1826: RAM__GB2, 
case__358: RAM__GB2, 
reg__236: RAM__GB2, 
muxpart__479: RAM__GB4, 
case__392: RAM__GB2, 
case__387: RAM__GB2, 
logic__321: CPU8051__GC0, 
case__98: RAM__GB2, 
reg__174: RAM__GB2, 
muxpart__68: CPU8051__GC0, 
case__85: RAM__GB2, 
logic__1343: RAM__GB3, 
muxpart__367: RAM__GB1, 
reg__90: RAM__GB2, 
muxpart__301: RAM__GB1, 
logic__893: RAM__GB3, 
reg__27: CPU8051__GC0, 
muxpart__544: RAM__GB4, 
logic__938: RAM__GB3, 
muxpart__593: RAM__GB4, 
case__119: RAM__GB1, 
reg__10: CPU8051__GC0, 
muxpart__32: CPU8051__GC0, 
case__247: RAM__GB1, 
logic__374: CPU8051__GC0, 
reg__203: RAM__GB2, 
logic__1397: RAM__GB3, 
logic__1759: RAM__GB1, 
reg__163: RAM__GB2, 
reg__176: RAM__GB2, 
muxpart__411: RAM__GB2, 
logic__973: RAM__GB2, 
muxpart__123: CPU8051__GC0, 
muxpart__457: RAM__GB4, 
case__404: RAM__GB3, 
muxpart__163: RAM__GB2, 
logic__2357: RAM__GB2, 
logic__2381: RAM__GB3, 
logic__1573: RAM__GB3, 
reg__55: CPU8051__GC0, 
logic__2617: RAM__GB3, 
logic__1961: RAM__GB2, 
logic__791: RAM__GB2, 
case__204: RAM__GB1, 
logic__1040: RAM__GB3, 
reg__77: CPU8051__GC0, 
muxpart__76: CPU8051__GC0, 
muxpart__31: CPU8051__GC0, 
muxpart__666: RAM__GB4, 
muxpart__200: RAM__GB3, 
case__171: RAM__GB1, 
reg__39: CPU8051__GC0, 
muxpart__7: CPU8051__GC0, 
muxpart__609: RAM__GB4, 
muxpart__181: RAM__GB3, 
logic__1642: RAM__GB2, 
logic__274: CPU8051__GC0, 
muxpart__272: RAM__GB3, 
reg__289: RAM__GB2, 
reg__88: RAM__GB2, 
muxpart__468: RAM__GB4, 
logic__1766: RAM__GB1, 
reg__135: RAM__GB2, 
muxpart__45: CPU8051__GC0, 
logic__2365: RAM__GB1, 
reg__175: RAM__GB2, 
logic__120: CPU8051__GC0, 
muxpart__283: RAM__GB1, 
case__226: RAM__GB2, 
muxpart__386: RAM__GB1, 
reg__314: RAM__GB2, 
case__177: RAM__GB1, 
case__359: RAM__GB2, 
muxpart__623: RAM__GB4, 
case__216: RAM__GB2, 
case__55: RAM__GB2, 
muxpart__340: RAM__GB1, 
case__74: RAM__GB2, 
muxpart__512: RAM__GB4, 
logic__1615: RAM__GB2, 
reg__268: RAM__GB2, 
muxpart__77: CPU8051__GC0, 
logic__290: CPU8051__GC0, 
muxpart__431: RAM__GB4, 
reg__124: RAM__GB2, 
reg__190: RAM__GB2, 
reg__223: RAM__GB2, 
muxpart__483: RAM__GB4, 
reg__340: RAM__GB2, 
logic__269: CPU8051__GC0, 
case__170: RAM__GB2, 
logic__829: RAM__GB1, 
case__81: RAM__GB1, 
muxpart__645: RAM__GB4, 
muxpart__598: RAM__GB4, 
logic__2340: RAM__GB1, 
logic__1739: RAM__GB3, 
muxpart__533: RAM__GB4, 
muxpart__166: RAM__GB2, 
logic__2063: RAM__GB1, 
reg__60: CPU8051__GC0, 
case__145: RAM__GB1, 
logic__1699: RAM__GB1, 
case__68: RAM__GB2, 
muxpart__582: RAM__GB4, 
reg__131: RAM__GB2, 
case__269: RAM__GB1, 
muxpart__624: RAM__GB4, 
muxpart__618: RAM__GB4, 
reg__43: CPU8051__GC0, 
case__413: RAM__GB3, 
logic__1881: RAM__GB2, 
case__381: RAM__GB2, 
muxpart__96: CPU8051__GC0, 
reg__126: RAM__GB2, 
muxpart__498: RAM__GB4, 
muxpart__153: RAM__GB1, 
case__114: RAM__GB1, 
reg__280: RAM__GB2, 
muxpart__424_RAM: muxpart__424_RAM, 
reg__22: CPU8051__GC0, 
muxpart__595: RAM__GB4, 
datapath__1: CPU8051__GC0, 
case__120: RAM__GB1, 
logic__1188: RAM__GB3, 
logic__1946: RAM__GB2, 
logic__2027: RAM__GB2, 
case__211: RAM__GB2, 
case__292: RAM__GB1, 
logic: CPU8051__GC0, 
muxpart__613: RAM__GB4, 
muxpart__216: RAM__GB3, 
muxpart__536: RAM__GB4, 
datapath__5: CPU8051__GC0, 
case__299: RAM__GB2, 
muxpart__482: RAM__GB4, 
logic__2587: RAM__GB2, 
muxpart__102: CPU8051__GC0, 
muxpart__51: CPU8051__GC0, 
case__326: RAM__GB2, 
reg__127: RAM__GB2, 
muxpart__64: CPU8051__GC0, 
case__137: RAM__GB3, 
muxpart__408: RAM__GB1, 
logic__2470: RAM__GB2, 
muxpart__105: CPU8051__GC0, 
reg__202: RAM__GB2, 
logic__351: CPU8051__GC0, 
muxpart__224: RAM__GB1, 
muxpart__86: CPU8051__GC0, 
logic__1334: RAM__GB2, 
muxpart__656: RAM__GB4, 
logic__1688: RAM__GB2, 
muxpart__568: RAM__GB4, 
case__298: RAM__GB2, 
muxpart__441: RAM__GB4, 
reg__118: RAM__GB2, 
case__405: RAM__GB3, 
case__330: RAM__GB1, 
logic__2513: RAM__GB1, 
muxpart__226: RAM__GB2, 
RAM__GB2: RAM__GB2, 
execute: CPU8051__GC0, 
logic__2132: RAM__GB2, 
muxpart__89: CPU8051__GC0, 
muxpart__434: RAM__GB4, 
datapath__11: RAM__GB3, 
logic__2552: RAM__GB3, 
muxpart__187: RAM__GB3, 
case__388: RAM__GB1, 
logic__1392: RAM__GB3, 
datapath__2: CPU8051__GC0, 
logic__932: RAM__GB3, 
muxpart__379: RAM__GB1, 
logic__360: CPU8051__GC0, 
muxpart__523: RAM__GB4, 
case__255: RAM__GB2, 
muxpart__43: CPU8051__GC0, 
logic__1209: RAM__GB3, 
muxpart__336: RAM__GB3, 
reg__259: RAM__GB1, 
muxpart__394: RAM__GB2, 
muxpart__612: RAM__GB4, 
logic__2498: RAM__GB2, 
reg__279: RAM__GB2, 
muxpart__389: RAM__GB1, 
muxpart__131: CPU8051__GC0, 
muxpart: CPU8051__GC0, 
muxpart__311: RAM__GB3, 
muxpart__23: CPU8051__GC0, 
logic__834: RAM__GB3, 
muxpart__116: CPU8051__GC0, 
logic__1544: RAM__GB1, 
muxpart__611: RAM__GB4, 
reg__182: RAM__GB2, 
muxpart__444: RAM__GB4, 
case__227: RAM__GB2, 
case__356: RAM__GB1, 
case__131: RAM__GB2, 
muxpart__327: RAM__GB3, 
case__254: RAM__GB2, 
case__194: RAM__GB1, 
logic__2317: RAM__GB2, 
case__291: RAM__GB1, 
muxpart__134: CPU8051__GC0, 
reg: CPU8051__GC0, 
logic__2462: RAM__GB2, 
case__349: RAM__GB1, 
muxpart__520: RAM__GB4, 
logic__312: CPU8051__GC0, 
muxpart__597: RAM__GB4, 
reg__79: CPU8051__GC0, 
logic__2010: RAM__GB2, 
case__343: RAM__GB2, 
case__306: RAM__GB1, 
logic__114: CPU8051__GC0, 
case__57: RAM__GB1, 
logic__1535: RAM__GB2, 
reg__284: RAM__GB2, 
muxpart__44: CPU8051__GC0, 
reg__180: RAM__GB2, 
reg__6: CPU8051__GC0, 
muxpart__122: CPU8051__GC0, 
logic__1463: RAM__GB1, 
logic__239: CPU8051__GC0, 
muxpart__464: RAM__GB4, 
muxpart__508: RAM__GB4, 
case__45: CPU8051__GC0, 
reg__290: RAM__GB2, 
case__181: RAM__GB2, 
reg__92: RAM__GB2, 
logic__33: CPU8051__GC0, 
reg__341: RAM__GB1, 
logic__2396: RAM__GB1, 
logic__2176: RAM__GB1, 
logic__1348: RAM__GB3, 
reg__199: RAM__GB2, 
muxpart__571: RAM__GB4, 
muxpart__207: RAM__GB3, 
case__241: RAM__GB1, 
logic__2238: RAM__GB2, 
muxpart__454: RAM__GB4, 
logic__149: CPU8051__GC0, 
logic__2386: RAM__GB1, 
muxpart__435: RAM__GB4, 
logic__1657: RAM__GB2, 
reg__208: RAM__GB2, 
case__398: RAM__GB1, 
datapath__9: CPU8051__GC0, 
muxpart__38: CPU8051__GC0, 
muxpart__277: RAM__GB3, 
case__251: RAM__GB1, 
case__26: CPU8051__GC0, 
muxpart__67: CPU8051__GC0, 
reg__70: CPU8051__GC0, 
muxpart__462: RAM__GB4, 
muxpart__333: RAM__GB3, 
reg__309: RAM__GB2, 
muxpart__250: RAM__GB3, 
logic__356: CPU8051__GC0, 
muxpart__293: RAM__GB1, 
logic__2407: RAM__GB1, 
logic__287: CPU8051__GC0, 
logic__913: RAM__GB2, 
logic__1439: RAM__GB3, 
muxpart__129: CPU8051__GC0, 
logic__1091: RAM__GB3, 
case__352: RAM__GB1, 
case__267: RAM__GB1, 
case__70: RAM__GB1, 
logic__195: CPU8051__GC0, 
logic__100: CPU8051__GC0, 
reg__196: RAM__GB2, 
reg__24: CPU8051__GC0, 
logic__2081: RAM__GB2, 
muxpart__559: RAM__GB4, 
logic__1383: RAM__GB3, 
logic__1731: RAM__GB2, 
muxpart__161: RAM__GB2, 
muxpart__426: RAM__GB4, 
muxpart__28: CPU8051__GC0, 
reg__104: RAM__GB2, 
case__317: RAM__GB1, 
case__222: RAM__GB1, 
muxpart__349: RAM__GB3, 
reg__317: RAM__GB2, 
logic__2431: RAM__GB2, 
logic__170: CPU8051__GC0, 
muxpart__40: CPU8051__GC0, 
muxpart__354: RAM__GB3, 
logic__1266: RAM__GB2, 
muxpart__20: CPU8051__GC0, 
muxpart__535: RAM__GB4, 
muxpart__344: RAM__GB3, 
muxpart__617: RAM__GB4, 
muxpart__488: RAM__GB4, 
muxpart__461: RAM__GB4, 
logic__14: CPU8051__GC0, 
logic__2548: RAM__GB3, 
logic__1645: RAM__GB2, 
logic__906: RAM__GB2, 
logic__1109: RAM__GB2, 
muxpart__118: CPU8051__GC0, 
reg__267: RAM__GB1, 
logic__2562: RAM__GB2, 
logic__2558: RAM__GB2, 
logic__1998: RAM__GB2, 
reg__303: RAM__GB2, 
muxpart__681: RAM__GB3, 
reg__330: RAM__GB2, 
logic__1450: RAM__GB3, 
muxpart__304: RAM__GB1, 
reg__110: RAM__GB2, 
muxpart__19: CPU8051__GC0, 
muxpart__463: RAM__GB4, 
cpu_fsm: CPU8051__GC0, 
muxpart__164: RAM__GB2, 
case__144: RAM__GB1, 
logic__2393: RAM__GB1, 
reg__158: RAM__GB2, 
muxpart__585: RAM__GB4, 
case__135: RAM__GB1, 
logic__1164: RAM__GB3, 
case__115: RAM__GB2, 
muxpart__377: RAM__GB3, 
muxpart__6: CPU8051__GC0, 
muxpart__220: RAM__GB2, 
case__190: RAM__GB2, 
reg__186: RAM__GB2, 
case__201: RAM__GB3, 
reg__173: RAM__GB2, 
logic__2107: RAM__GB1, 
muxpart__109: CPU8051__GC0, 
muxpart__427: RAM__GB4, 
case__215: RAM__GB1, 
logic__331: CPU8051__GC0, 
logic__1953: RAM__GB2, 
reg__11: CPU8051__GC0, 
muxpart__471: RAM__GB4, 
muxpart__221: RAM__GB3, 
case__94: RAM__GB1, 
muxpart__30: CPU8051__GC0, 
reg__122: RAM__GB2, 
case__71: RAM__GB1, 
muxpart__459: RAM__GB4, 
reg__16: CPU8051__GC0, 
case__257: RAM__GB2, 
logic__235: CPU8051__GC0, 
case__28: CPU8051__GC0, 
muxpart__171: RAM__GB2, 
muxpart__152: RAM__GB2, 
muxpart__16: CPU8051__GC0, 
logic__821: RAM__GB3, 
muxpart__270: RAM__GB3, 
reg__293: RAM__GB2, 
reg__310: RAM__GB2, 
muxpart__677: RAM__GB4, 
logic__1895: RAM__GB2, 
logic__324: CPU8051__GC0, 
muxpart__241: RAM__GB2, 
case__383: RAM__GB2, 
muxpart__604: RAM__GB4, 
case__290: RAM__GB2, 
logic__2137: RAM__GB2, 
case__193: RAM__GB1, 
logic__2297: RAM__GB2, 
logic__392: CPU8051__GC0, 
muxpart__664: RAM__GB4, 
case__129: RAM__GB2, 
logic__1116: RAM__GB2, 
muxpart__385: RAM__GB1, 
reg__139: RAM__GB2, 
logic__1817: RAM__GB2, 
logic__132: CPU8051__GC0, 
muxpart__201: RAM__GB2, 
reg__315: RAM__GB2, 
case__176: RAM__GB2, 
logic__1521: RAM__GB1, 
case__273: RAM__GB2, 
logic__97: CPU8051__GC0, 
muxpart__531: RAM__GB4, 
reg__73: CPU8051__GC0, 
logic__105: CPU8051__GC0, 
muxpart__176: RAM__GB3, 
logic__877: RAM__GB3, 
case__365: RAM__GB2, 
case__122: RAM__GB1, 
logic__2042: RAM__GB1, 
muxpart__550: RAM__GB4, 
muxpart__174: RAM__GB1, 
muxpart__628: RAM__GB4, 
muxpart__392: RAM__GB1, 
logic__2570: RAM__GB2, 
muxpart__198: RAM__GB1, 
muxpart__630: RAM__GB4, 
logic__781: RAM__GB3, 
logic__1623: RAM__GB2, 
reg__281: RAM__GB1, 
muxpart__412: RAM__GB2, 
muxpart__146: RAM__GB2, 
muxpart__413: RAM__GB2, 
case__263: RAM__GB1, 
muxpart__178: RAM__GB2, 
case__368: RAM__GB1, 
reg__195: RAM__GB1, 
case__208: RAM__GB1, 
muxpart__477: RAM__GB4, 
reg__271: RAM__GB2, 
reg__86: CPU8051__GC0, 
reg__80: CPU8051__GC0, 
muxpart__539: RAM__GB4, 
reg__161: RAM__GB2, 
case__155: RAM__GB1, 
logic__1173: RAM__GB2, 
case__53: RAM__GB3, 
logic__2197: RAM__GB2, 
muxpart__70: CPU8051__GC0, 
muxpart__410: RAM__GB2, 
reg__2: CPU8051__GC0, 
muxpart__29: CPU8051__GC0, 
logic__1515: RAM__GB3, 
case__104: RAM__GB3, 
case__58: RAM__GB1, 
case__382: RAM__GB1, 
logic__2401: RAM__GB3, 
reg__251: RAM__GB2, 
muxpart__135: CPU8051__GC0, 
muxpart__370: RAM__GB1, 
muxpart__276: RAM__GB1, 
logic__2332: RAM__GB2, 
logic__393: CPU8051__GC0, 
reg__7: CPU8051__GC0, 
logic__1844: RAM__GB1, 
logic__2119: RAM__GB1, 
case__123: RAM__GB2, 
logic__2276: RAM__GB2, 
logic__1859: RAM__GB3, 
muxpart__114: CPU8051__GC0, 
logic__227: CPU8051__GC0, 
muxpart__206: RAM__GB1, 
muxpart__543: RAM__GB4, 
logic__123: CPU8051__GC0, 
muxpart__640: RAM__GB4, 
muxpart__155: RAM__GB3, 
muxpart__13: CPU8051__GC0, 
reg__181: RAM__GB2, 
muxpart__581: RAM__GB4, 
reg__204: RAM__GB2, 
logic__1772: RAM__GB1, 
muxpart__632: RAM__GB4, 
muxpart__371: RAM__GB1, 
reg__113: RAM__GB2, 
logic__1404: RAM__GB3, 
logic__2490: RAM__GB3, 
muxpart__346: RAM__GB3, 
logic__1541: RAM__GB1, 
logic__2207: RAM__GB2, 
logic__1135: RAM__GB3, 
reg__152: RAM__GB2, 
logic__91: CPU8051__GC0, 
logic__2385: RAM__GB3, 
reg__25: CPU8051__GC0, 
muxpart__620: RAM__GB4, 
logic__992: RAM__GB3, 
case__152: RAM__GB1, 
logic__2018: RAM__GB2, 
reg__198: RAM__GB2, 
muxpart__425: RAM__GB4, 
reg__250: RAM__GB2, 
logic__2275: RAM__GB2, 
reg__51: CPU8051__GC0, 
muxpart__381: RAM__GB1, 
muxpart__230: RAM__GB2, 
logic__711: RAM__GB3, 
logic__808: RAM__GB3, 
case__355: RAM__GB1, 
case__346: RAM__GB1, 
logic__703: RAM__GB3, 
muxpart__267: RAM__GB2, 
reg__241: RAM__GB1, 
logic__1092: RAM__GB3, 
muxpart__215: RAM__GB2, 
case__95: RAM__GB2, 
reg__246: RAM__GB2, 
muxpart__314: RAM__GB3, 
reg__155: RAM__GB2, 
muxpart__127: CPU8051__GC0, 
datapath__7: CPU8051__GC0, 
logic__1125: RAM__GB3, 
muxpart__113: CPU8051__GC0, 
muxpart__203: RAM__GB3, 
muxpart__232: RAM__GB3, 
reg__263: RAM__GB2, 
logic__1221: RAM__GB3, 
muxpart__274: RAM__GB2, 
reg__338: RAM__GB2, 
logic__2344: RAM__GB1, 
muxpart__219: RAM__GB3, 
logic__1213: RAM__GB3, 
case__390: RAM__GB1, 
reg__288: RAM__GB2, 
reg__121: RAM__GB2, 
logic__2478: RAM__GB2, 
logic__1009: RAM__GB3, 
logic__2228: RAM__GB2, 
muxpart__251: RAM__GB3, 
case__412: RAM__GB3, 
logic__1527: RAM__GB1, 
logic__984: RAM__GB3, 
muxpart__258: RAM__GB2, 
fetch: CPU8051__GC0, 
muxpart__518: RAM__GB4, 
reg__93: RAM__GB2, 
muxpart__192: RAM__GB3, 
logic__1259: RAM__GB3, 
logic__2223: RAM__GB2, 
logic__1140: RAM__GB3, 
reg__216: RAM__GB2, 
muxpart__209: RAM__GB2, 
logic__1904: RAM__GB3, 
reg__120: RAM__GB2, 
logic__2156: RAM__GB1, 
logic__1201: RAM__GB3, 
logic__1982: RAM__GB3, 
muxpart__417: RAM__GB2, 
logic__1382: RAM__GB3, 
case__35: CPU8051__GC0, 
logic__135: CPU8051__GC0, 
case__379: RAM__GB3, 
reg__220: RAM__GB2, 
case__342: RAM__GB2, 
logic__2595: RAM__GB1, 
muxpart__88: CPU8051__GC0, 
logic__42: CPU8051__GC0, 
reg__322: RAM__GB2, 
reg__17: CPU8051__GC0, 
case__158: RAM__GB1, 
muxpart__356: RAM__GB1, 
logic__1988: RAM__GB3, 
reg__316: RAM__GB2, 
logic__2229: RAM__GB2, 
logic__1678: RAM__GB3, 
case__366: RAM__GB1, 
decode: CPU8051__GC0, 
muxpart__472: RAM__GB4, 
case__207: RAM__GB1, 
logic__2267: RAM__GB2, 
case__233: RAM__GB1, 
reg__232: RAM__GB2, 
muxpart__298: RAM__GB1, 
logic__2084: RAM__GB3, 
logic__208: CPU8051__GC0, 
muxpart__147: RAM__GB3, 
muxpart__587: RAM__GB4, 
reg__326: RAM__GB2, 
logic__953: RAM__GB2, 
muxpart__265: RAM__GB2, 
case__362: RAM__GB1, 
logic__2529: RAM__GB3, 
case__242: RAM__GB1, 
logic__2050: RAM__GB2, 
logic__383: CPU8051__GC0, 
reg__52: CPU8051__GC0, 
muxpart__93: CPU8051__GC0, 
logic__1248: RAM__GB3, 
case__111: RAM__GB1, 
logic__2056: RAM__GB1, 
muxpart__242: RAM__GB2, 
reg__151: RAM__GB2, 
muxpart__382: RAM__GB1, 
logic__2516: RAM__GB1, 
logic__1325: RAM__GB3, 
muxpart__8: CPU8051__GC0, 
counter: CPU8051__GC0, 
logic__1097: RAM__GB3, 
muxpart__676: RAM__GB4, 
muxpart__528: RAM__GB4, 
case__130: RAM__GB1, 
reg__82: CPU8051__GC0, 
logic__1283: RAM__GB3, 
case__234: RAM__GB1, 
logic__2436: RAM__GB2, 
logic__1418: RAM__GB2, 
reg__333: RAM__GB2, 
case__34: CPU8051__GC0, 
case__31: CPU8051__GC0, 
logic__1837: RAM__GB1, 
muxpart__554: RAM__GB4, 
reg__201: RAM__GB1, 
case__239: RAM__GB1, 
logic__1940: RAM__GB3, 
logic__2491: RAM__GB1, 
muxpart__247: RAM__GB1, 
logic__2125: RAM__GB1, 
reg__188: RAM__GB2, 
muxpart__368: RAM__GB1, 
muxpart__271: RAM__GB3, 
case__266: RAM__GB2, 
muxpart__353: RAM__GB1, 
case__384: RAM__GB2, 
reg__63: CPU8051__GC0, 
logic__144: CPU8051__GC0, 
logic__138: CPU8051__GC0, 
case__394: RAM__GB2, 
logic__1721: RAM__GB2, 
logic__2368: RAM__GB1, 
reg__68: CPU8051__GC0, 
muxpart__487: RAM__GB4, 
reg__222: RAM__GB2, 
muxpart__637: RAM__GB4, 
muxpart__396: RAM__GB3, 
logic__233: CPU8051__GC0, 
reg__56: CPU8051__GC0, 
muxpart__661: RAM__GB4, 
logic__965: RAM__GB3, 
muxpart__229: RAM__GB2, 
logic__245: CPU8051__GC0, 
muxpart__560: RAM__GB4, 
logic__1289: RAM__GB3, 
muxpart__202: RAM__GB3, 
case__59: RAM__GB3, 
logic__1083: RAM__GB3, 
reg__311: RAM__GB2, 
logic__2512: RAM__GB2, 
muxpart__575: RAM__GB4, 
case__136: RAM__GB1, 
muxpart__423: RAM__GB2, 
muxpart__110: CPU8051__GC0, 
logic__175: CPU8051__GC0, 
muxpart__332: RAM__GB1, 
case__248: RAM__GB2, 
muxpart__566: RAM__GB4, 
muxpart__339: RAM__GB3, 
logic__2077: RAM__GB2, 
muxpart__148: RAM__GB2, 
reg__133: RAM__GB2, 
logic__365: CPU8051__GC0, 
logic__922: RAM__GB3, 
muxpart__610: RAM__GB4, 
logic__2428: RAM__GB1, 
reg__76: CPU8051__GC0, 
logic__2373: RAM__GB3, 
muxpart__296: RAM__GB1, 
logic__159: CPU8051__GC0, 
case__92: RAM__GB1, 
muxpart__492: RAM__GB4, 
reg__101: RAM__GB2, 
case__302: RAM__GB1, 
muxpart__458: RAM__GB4, 
reg__240: RAM__GB2, 
muxpart__133: CPU8051__GC0, 
muxpart__350: RAM__GB3, 
muxpart__400: RAM__GB3, 
logic__2112: RAM__GB1, 
case__219: RAM__GB2, 
case__112: RAM__GB2, 
muxpart__235: RAM__GB3, 
reg__179: RAM__GB2, 
muxpart__132: CPU8051__GC0, 
muxpart__474: RAM__GB4, 
muxpart__420: RAM__GB2, 
muxpart__111: CPU8051__GC0, 
muxpart__320: RAM__GB3, 
muxpart__448: RAM__GB4, 
muxpart__305: RAM__GB3, 
logic__108: CPU8051__GC0, 
case__179: RAM__GB1, 
logic__148: CPU8051__GC0, 
muxpart__577: RAM__GB4, 
reg__1: CPU8051__GC0, 
reg__292: RAM__GB2, 
case__228: RAM__GB1, 
case__40: CPU8051__GC0, 
logic__1520: RAM__GB3, 
logic__293: CPU8051__GC0, 
reg__50: CPU8051__GC0, 
case__183: RAM__GB1, 
reg__300: RAM__GB2, 
logic__2165: RAM__GB1, 
case__264: RAM__GB1, 
case__159: RAM__GB3, 
case__262: RAM__GB1, 
case__300: RAM__GB1, 
logic__203: CPU8051__GC0, 
registers: CPU8051__GC0, 
reg__165: RAM__GB2, 
muxpart__564: RAM__GB4, 
logic__15: CPU8051__GC0, 
case__341: RAM__GB1, 
logic__2594: RAM__GB1, 
muxpart__525: RAM__GB4, 
logic__216: CPU8051__GC0, 
logic__740: RAM__GB2, 
muxpart__636: RAM__GB4, 
muxpart__397: RAM__GB2, 
case__323: RAM__GB1, 
case__311: RAM__GB1, 
reg__123: RAM__GB2, 
muxpart__328: RAM__GB1, 
case__371: RAM__GB1, 
muxpart__194: RAM__GB2, 
logic__2536: RAM__GB2, 
logic__1312: RAM__GB3, 
logic__2353: RAM__GB2, 
muxpart__285: RAM__GB1, 
muxpart__126: CPU8051__GC0, 
reg__344: RAM__GB3, 
case__340: RAM__GB1, 
muxpart__510: RAM__GB4, 
logic__722: RAM__GB3, 
logic__1340: RAM__GB2, 
case__42: CPU8051__GC0, 
muxpart__55: CPU8051__GC0, 
case__160: RAM__GB1, 
muxpart__537: RAM__GB4, 
muxpart__372: RAM__GB1, 
case__63: RAM__GB2, 
logic__2559: RAM__GB2, 
muxpart__622: RAM__GB4, 
reg__297: RAM__GB2, 
muxpart__49: CPU8051__GC0, 
logic__1802: RAM__GB1, 
reg__112: RAM__GB2, 
muxpart__665: RAM__GB4, 
muxpart__188: RAM__GB3, 
muxpart__398: RAM__GB3, 
logic__1562: RAM__GB1, 
case__22: CPU8051__GC0, 
logic__1742: RAM__GB1, 
case__322: RAM__GB1, 
logic__2422: RAM__GB1, 
muxpart__557: RAM__GB4, 
case__199: RAM__GB1, 
logic__852: RAM__GB3, 
reg__244: RAM__GB2, 
muxpart__94: CPU8051__GC0, 
reg__119: RAM__GB2, 
logic__1823: RAM__GB2, 
datapath__8: CPU8051__GC0, 
muxpart__496: RAM__GB4, 
reg__336: RAM__GB2, 
case__396: RAM__GB1, 
case__184: RAM__GB1, 
reg__274: RAM__GB2, 
muxpart__443: RAM__GB4, 
case__240: RAM__GB1, 
reg__29: CPU8051__GC0, 
muxpart__569: RAM__GB4, 
case__79: RAM__GB2, 
logic__1748: RAM__GB1, 
logic__2458: RAM__GB2, 
muxpart__100: CPU8051__GC0, 
muxpart__79: CPU8051__GC0, 
muxpart__660: RAM__GB4, 
reg__117: RAM__GB2, 
muxpart__657: RAM__GB4, 
case__378: RAM__GB2, 
case__315: RAM__GB2, 
logic__2350: RAM__GB2, 
muxpart__295: RAM__GB3, 
muxpart__319: RAM__GB3, 
logic__896: RAM__GB3, 
reg__78: CPU8051__GC0, 
case__260: RAM__GB1, 
case__167: RAM__GB2, 
case__287: RAM__GB1, 
reg__95: RAM__GB2, 
case__313: RAM__GB1, 
logic__1430: RAM__GB2, 
logic__2455: RAM__GB1, 
muxpart__647: RAM__GB4, 
reg__348: RAM__GB3, 
logic__2115: RAM__GB1, 
muxpart__159: RAM__GB2, 
logic__929: RAM__GB3, 
reg__242: RAM__GB2, 
case__12: CPU8051__GC0, 
muxpart__228: RAM__GB3, 
logic__1155: RAM__GB2, 
logic__2614: RAM__GB3, 
case__307: RAM__GB1, 
logic__2442: RAM__GB1, 
muxpart__467: RAM__GB4, 
logic__981: RAM__GB2, 
muxpart__639: RAM__GB4, 
case__332: RAM__GB2, 
case__39: CPU8051__GC0, 
case__126: RAM__GB3, 
muxpart__473: RAM__GB4, 
muxpart__668: RAM__GB4, 
case__280: RAM__GB1, 
logic__824: RAM__GB1, 
reg__233: RAM__GB2, 
muxpart__11: CPU8051__GC0, 
logic__1553: RAM__GB2, 
reg__45: CPU8051__GC0, 
case__80: RAM__GB2, 
logic__1568: RAM__GB3, 
muxpart__33: CPU8051__GC0, 
muxpart__625: RAM__GB4, 
reg__130: RAM__GB2, 
case__19: CPU8051__GC0, 
muxpart__494: RAM__GB4, 
logic__252: CPU8051__GC0, 
muxpart__393: RAM__GB2, 
case__289: RAM__GB1, 
reg__189: RAM__GB2, 
logic__2036: RAM__GB1, 
program_counter: CPU8051__GC0, 
muxpart__268: RAM__GB1, 
muxpart__128: CPU8051__GC0, 
case__370: RAM__GB3, 
muxpart__262: RAM__GB2, 
reg__215: RAM__GB2, 
logic__126: CPU8051__GC0, 
muxpart__56: CPU8051__GC0, 
muxpart__558: RAM__GB4, 
reg__170: RAM__GB2, 
datapath__6: CPU8051__GC0, 
muxpart__449: RAM__GB4, 
logic__805: RAM__GB3, 
logic__2408: RAM__GB1, 
muxpart__663: RAM__GB4, 
logic__1913: RAM__GB2, 
muxpart__145: RAM__GB3, 
case__351: RAM__GB1, 
reg__140: RAM__GB2, 
reg__206: RAM__GB2, 
muxpart__662: RAM__GB4, 
muxpart__325: RAM__GB1, 
muxpart__213: RAM__GB3, 
case__93: RAM__GB2, 
case__109: RAM__GB2, 
logic__2565: RAM__GB2, 
muxpart__561: RAM__GB4, 
case__84: RAM__GB2, 
case__268: RAM__GB2, 
muxpart__653: RAM__GB4, 
muxpart__596: RAM__GB4, 
muxpart__440: RAM__GB4, 
muxpart__217: RAM__GB3, 
logic__1412: RAM__GB3, 
logic__1077: RAM__GB3, 
reg__87: RAM__GB3, 
muxpart__234: RAM__GB3, 
muxpart__248: RAM__GB2, 
case__373: RAM__GB2, 
muxpart__335: RAM__GB1, 
logic__302: CPU8051__GC0, 
muxpart__489: RAM__GB4, 
logic__2445: RAM__GB1, 
case__389: RAM__GB2, 
muxpart__357: RAM__GB3, 
logic__2120: RAM__GB1, 
reg__329: RAM__GB1, 
muxpart__497: RAM__GB4, 
reg__245: RAM__GB2, 
muxpart__35: CPU8051__GC0, 
muxpart__316: RAM__GB1, 
muxpart__366: RAM__GB1, 
muxpart__25: CPU8051__GC0, 
logic__430: RAM__GB3, 
muxpart__513: RAM__GB4, 
logic__1478: RAM__GB2, 
logic__192: CPU8051__GC0, 
reg__5: CPU8051__GC0, 
reg__81: CPU8051__GC0, 
logic__1654: RAM__GB2, 
case__169: RAM__GB1, 
reg__58: CPU8051__GC0, 
case__244: RAM__GB2, 
case__139: RAM__GB1, 
muxpart__476: RAM__GB4, 
case__150: RAM__GB1, 
case__64: RAM__GB1, 
muxpart__360: RAM__GB3, 
logic__1593: RAM__GB3, 
logic__869: RAM__GB3, 
muxpart__69: CPU8051__GC0, 
logic__2171: RAM__GB1, 
reg__54: CPU8051__GC0, 
logic__1581: RAM__GB1, 
muxpart__107: CPU8051__GC0, 
muxpart__47: CPU8051__GC0, 
muxpart__627: RAM__GB4, 
muxpart__9: CPU8051__GC0, 
logic__2133: RAM__GB2, 
muxpart__183: RAM__GB2, 
case__78: RAM__GB1, 
logic__437: RAM__GB3, 
logic__2284: RAM__GB2, 
muxpart__308: RAM__GB3, 
logic__1637: RAM__GB2, 
reg__153: RAM__GB2, 
muxpart__169: RAM__GB2, 
muxpart__437: RAM__GB4, 
case__105: RAM__GB1, 
case__272: RAM__GB1, 
case__20: CPU8051__GC0, 
muxpart__450: RAM__GB4, 
case__297: RAM__GB1, 
muxpart__600: RAM__GB4, 
muxpart__605: RAM__GB4, 
logic__788: RAM__GB3, 
case__364: RAM__GB2, 
reg__346: RAM__GB3, 
muxpart__162: RAM__GB3, 
muxpart__602: RAM__GB4, 
logic__272: CPU8051__GC0, 
case__377: RAM__GB1, 
logic__1689: RAM__GB1, 
logic__2588: RAM__GB2, 
reg__116: RAM__GB2, 
case__245: RAM__GB1, 
case__166: RAM__GB1, 
logic__1865: RAM__GB3, 
muxpart__275: RAM__GB1, 
logic__2024: RAM__GB1, 
logic__2281: RAM__GB2, 
reg__36: CPU8051__GC0, 
case__406: RAM__GB3, 
case__46: CPU8051__GC0, 
logic__1499: RAM__GB1, 
reg__270: RAM__GB2, 
reg__319: RAM__GB1, 
reg__32: CPU8051__GC0, 
reg__40: CPU8051__GC0, 
muxpart__616: RAM__GB4, 
logic__1265: RAM__GB3, 
case__77: RAM__GB2, 
logic__2358: RAM__GB1, 
case__43: CPU8051__GC0, 
muxpart__75: CPU8051__GC0, 
muxpart__249: RAM__GB2, 
case__128: RAM__GB2, 
muxpart__649: RAM__GB4, 
muxpart__186: RAM__GB3, 
logic__1808: RAM__GB1, 
logic__1425: RAM__GB3, 
logic__189: CPU8051__GC0, 
logic__2256: RAM__GB2, 
muxpart__300: RAM__GB1, 
muxpart__291: RAM__GB1, 
case__338: RAM__GB1, 
muxpart__583: RAM__GB4, 
case__271: RAM__GB2, 
muxpart__552: RAM__GB4, 
muxpart__683: RAM__GB3, 
reg__265: RAM__GB2, 
muxpart__517: RAM__GB4, 
case__335: RAM__GB1, 
logic__1933: RAM__GB2, 
logic__1682: RAM__GB3, 
muxpart__263: RAM__GB3, 
case__76: RAM__GB2, 
reg__106: RAM__GB2, 
reg__169: RAM__GB2, 
case__223: RAM__GB1, 
case__134: RAM__GB1, 
logic__1475: RAM__GB2, 
reg__221: RAM__GB2, 
muxpart__205: RAM__GB2, 
muxpart__399: RAM__GB3, 
muxpart__447: RAM__GB4, 
reg__145: RAM__GB2, 
muxpart__509: RAM__GB4, 
case__172: RAM__GB3, 
logic__1785: RAM__GB2, 
case__54: RAM__GB2, 
muxpart__72: CPU8051__GC0, 
logic__129: CPU8051__GC0, 
logic__2532: RAM__GB2, 
logic__2261: RAM__GB2, 
logic__410: CPU8051__GC0, 
reg__157: RAM__GB1, 
muxpart__355: RAM__GB1, 
logic__2059: RAM__GB1, 
case__217: RAM__GB2, 
case__214: RAM__GB2, 
case__175: RAM__GB2, 
reg__275: RAM__GB1, 
reg__313: RAM__GB2, 
muxpart__303: RAM__GB3, 
case__293: RAM__GB1, 
logic__1328: RAM__GB3, 
case__331: RAM__GB2, 
muxpart__452: RAM__GB4, 
case__415: RAM__GB3, 
logic__2581: RAM__GB2, 
reg__83: CPU8051__GC0, 
muxpart__359: RAM__GB1, 
case__82: RAM__GB2, 
case__231: RAM__GB1, 
logic__1660: RAM__GB2, 
reg__62: CPU8051__GC0, 
muxpart__172: RAM__GB2, 
logic__730: RAM__GB3, 
logic__2168: RAM__GB1, 
reg__209: RAM__GB2, 
case__132: RAM__GB2, 
logic__1214: RAM__GB3, 
case__33: CPU8051__GC0, 
muxpart__222: RAM__GB3, 
case__197: RAM__GB2, 
muxpart__170: RAM__GB2, 
reg__304: RAM__GB2, 
muxpart__50: CPU8051__GC0, 
case__318: RAM__GB1, 
logic__297: CPU8051__GC0, 
logic__1749: RAM__GB2, 
reg__328: RAM__GB2, 
case__253: RAM__GB1, 
muxpart__233: RAM__GB2, 
reg__171: RAM__GB1, 
muxpart__115: CPU8051__GC0, 
muxpart__99: CPU8051__GC0, 
muxpart__679: RAM__GB4, 
logic__1147: RAM__GB3, 
muxpart__527: RAM__GB4, 
logic__1230: RAM__GB3, 
reg__248: RAM__GB2, 
muxpart__58: CPU8051__GC0, 
reg__96: RAM__GB2, 
case__278: RAM__GB1, 
reg__149: RAM__GB2, 
case__15: CPU8051__GC0, 
logic__2591: RAM__GB2, 
case__156: RAM__GB2, 
logic__814: RAM__GB3, 
case__294: RAM__GB1, 
reg__324: RAM__GB2, 
muxpart__418: RAM__GB1, 
case__333: RAM__GB1, 
reg__282: RAM__GB2, 
logic__1831: RAM__GB2, 
muxpart__401: RAM__GB3, 
logic__1466: RAM__GB1, 
logic__375: CPU8051__GC0, 
muxpart__376: RAM__GB1, 
logic__1471: RAM__GB2, 
reg__219: RAM__GB2, 
muxpart__225: RAM__GB2, 
logic__1922: RAM__GB1, 
logic__2213: RAM__GB2, 
case__110: RAM__GB2, 
logic__1954: RAM__GB2, 
muxpart__532: RAM__GB4, 
reg__217: RAM__GB2, 
case__344: RAM__GB1, 
muxpart__548: RAM__GB4, 
muxpart__273: RAM__GB1, 
muxpart__521: RAM__GB4, 
logic__183: CPU8051__GC0, 
muxpart__570: RAM__GB4, 
case__140: RAM__GB1, 
muxpart__404: RAM__GB1, 
reg__12: CPU8051__GC0, 
reg__15: CPU8051__GC0, 
muxpart__364: RAM__GB1, 
logic__1062: RAM__GB2, 
muxpart__342: RAM__GB1, 
reg__257: RAM__GB2, 
logic__1457: RAM__GB2, 
logic__2204: RAM__GB2, 
muxpart__330: RAM__GB3, 
muxpart__405: RAM__GB2, 
case__141: RAM__GB1, 
logic__1276: RAM__GB3, 
case__380: RAM__GB2, 
logic__111: CPU8051__GC0, 
logic__1512: RAM__GB3, 
logic__2495: RAM__GB1, 
case__246: RAM__GB1, 
reg__3: CPU8051__GC0, 
case__196: RAM__GB1, 
logic__1964: RAM__GB2, 
reg__191: RAM__GB2, 
muxpart__173: RAM__GB3, 
muxpart__191: RAM__GB3, 
logic__2309: RAM__GB2, 
case__14: CPU8051__GC0, 
reg__276: RAM__GB2, 
muxpart__184: RAM__GB3, 
case__147: RAM__GB1, 
logic__152: CPU8051__GC0, 
logic__387: CPU8051__GC0, 
muxpart__158: RAM__GB3, 
logic__1700: RAM__GB2, 
muxpart__358: RAM__GB3, 
muxpart__588: RAM__GB4, 
muxpart__71: CPU8051__GC0, 
muxpart__375: RAM__GB1, 
case__312: RAM__GB1, 
muxpart__641: RAM__GB4, 
logic__421: CPU8051__GC0, 
muxpart__503: RAM__GB4, 
logic__1604: RAM__GB2, 
muxpart__446: RAM__GB4, 
logic__2244: RAM__GB1, 
muxpart__231: RAM__GB3, 
case__69: RAM__GB2, 
case__32: CPU8051__GC0, 
logic__2101: RAM__GB3, 
muxpart__299: RAM__GB1, 
muxpart__682: RAM__GB3, 
case__339: RAM__GB1, 
logic__1880: RAM__GB1, 
case__259: RAM__GB1, 
case__88: RAM__GB1, 
reg__192: RAM__GB2, 
muxpart__196: RAM__GB3, 
muxpart__493: RAM__GB4, 
reg__200: RAM__GB2, 
logic__2467: RAM__GB1, 
case__353: RAM__GB1, 
reg__167: RAM__GB2, 
logic__1866: RAM__GB1, 
reg__89: RAM__GB2, 
case__11: CPU8051__GC0, 
logic__773: RAM__GB3, 
reg__278: RAM__GB2, 
case__224: RAM__GB1, 
logic__1548: RAM__GB1, 
logic__1875: RAM__GB1, 
case__249: RAM__GB2, 
reg__226: RAM__GB2, 
case__310: RAM__GB2, 
dsp48e1: CPU8051__GC0, 
reg__14: CPU8051__GC0, 
logic__1016: RAM__GB3, 
logic__1636: RAM__GB1, 
muxpart__14: CPU8051__GC0, 
case__47: CPU8051__GC0, 
muxpart__21: CPU8051__GC0, 
reg__308: RAM__GB2, 
reg__194: RAM__GB1, 
logic__2148: RAM__GB2, 
case__116: RAM__GB1, 
logic__1724: RAM__GB2, 
logic__702: RAM__GB3, 
logic__1632: RAM__GB1, 
reg__31: CPU8051__GC0, 
reg__239: RAM__GB2, 
muxpart__500: RAM__GB4, 
muxpart__204: RAM__GB3, 
logic__1732: RAM__GB3, 
muxpart__160: RAM__GB2, 
alu_unit: CPU8051__GC0, 
muxpart__563: RAM__GB4, 
case__360: RAM__GB1, 
muxpart__39: CPU8051__GC0, 
reg__301: RAM__GB1, 
case__282: RAM__GB2, 
muxpart__626: RAM__GB4, 
case__182: RAM__GB1, 
logic__2302: RAM__GB2, 
logic__1196: RAM__GB2, 
logic__1795: RAM__GB1, 
reg__252: RAM__GB2, 
muxpart__343: RAM__GB1, 
logic__339: CPU8051__GC0, 
reg__33: CPU8051__GC0, 
muxpart__383: RAM__GB1, 
logic__2004: RAM__GB2, 
case__154: RAM__GB1, 
muxpart__670: RAM__GB4, 
logic__2397: RAM__GB3, 
logic__2031: RAM__GB2, 
case__106: RAM__GB1, 
muxpart__306: RAM__GB3, 
muxpart__62: CPU8051__GC0, 
case__25: CPU8051__GC0, 
muxpart__415: RAM__GB2, 
case__303: RAM__GB1, 
case__325: RAM__GB2, 
muxpart__317: RAM__GB1, 
case__149: RAM__GB1, 
case__52: RAM__GB2, 
reg__61: CPU8051__GC0, 
logic__1856: RAM__GB3, 
case__107: RAM__GB1, 
muxpart__658: RAM__GB4, 
logic__2092: RAM__GB3, 
logic__347: CPU8051__GC0, 
ROM: CPU8051__GC0, 
muxpart__572: RAM__GB4, 
muxpart__264: RAM__GB2, 
reg__74: CPU8051__GC0, 
datapath: CPU8051__GC0, 
reg__125: RAM__GB2, 
logic__59: CPU8051__GC0, 
muxpart__256: RAM__GB3, 
reg__168: RAM__GB2, 
muxpart__223: RAM__GB2, 
logic__141: CPU8051__GC0, 
logic__741: RAM__GB3, 
case__386: RAM__GB2, 
muxpart__322: RAM__GB3, 
case__238: RAM__GB1, 
case__83: RAM__GB1, 
muxpart__142: RAM__GB3, 
muxpart__288: RAM__GB3, 
logic__1890: RAM__GB2, 
muxpart__348: RAM__GB3, 
reg__185: RAM__GB2, 
logic__1849: RAM__GB3, 
case__276: RAM__GB2, 
reg__115: RAM__GB2, 
logic__1989: RAM__GB3, 
muxpart__185: RAM__GB2, 
logic__224: CPU8051__GC0, 
muxpart__478: RAM__GB4, 
logic__952: RAM__GB3, 
case__393: RAM__GB1, 
reg__243: RAM__GB1, 
reg__138: RAM__GB2, 
logic__694: RAM__GB3, 
reg__42: CPU8051__GC0, 
muxpart__586: RAM__GB4, 
muxpart__545: RAM__GB4, 
logic__436: RAM__GB3, 
case__230: RAM__GB1, 
logic__1052: RAM__GB3, 
case__221: RAM__GB1, 
muxpart__103: CPU8051__GC0, 
logic__797: RAM__GB2, 
case__261: RAM__GB1, 
muxpart__638: RAM__GB4, 
reg__69: CPU8051__GC0, 
muxpart__46: CPU8051__GC0, 
logic__1792: RAM__GB2, 
logic__1670: RAM__GB1, 
muxpart__278: RAM__GB3, 
case__146: RAM__GB1, 
muxpart__149: RAM__GB2, 
muxpart__480: RAM__GB4, 
muxpart__546: RAM__GB4, 
case__113: RAM__GB2, 
case__403: RAM__GB3, 
logic__1703: RAM__GB2, 
muxpart__117: CPU8051__GC0, 
muxpart__108: CPU8051__GC0, 
case__376: RAM__GB2, 
reg__154: RAM__GB2, 
logic__1333: RAM__GB3, 
muxpart__252: RAM__GB2, 
logic__798: RAM__GB3, 
muxpart__374: RAM__GB1, 
case__296: RAM__GB1, 
case__258: RAM__GB1, 
muxpart__409: RAM__GB1, 
logic__2519: RAM__GB2, 
case__165: RAM__GB1, 
reg__264: RAM__GB2, 
muxpart__562: RAM__GB4, 
case__173: RAM__GB3, 
logic__2013: RAM__GB2, 
case__117: RAM__GB1, 
muxpart__549: RAM__GB4, 
logic__887: RAM__GB3, 
muxpart__180: RAM__GB2, 
case__143: RAM__GB1, 
muxpart__313: RAM__GB3, 
reg__225: RAM__GB1, 
reg__277: RAM__GB1, 
muxpart__140: RAM__GB2, 
logic__2450: RAM__GB1, 
muxpart__254: RAM__GB2, 
muxpart__90: CPU8051__GC0, 
reg__207: RAM__GB2, 
logic__1629: RAM__GB2, 
muxpart__244: RAM__GB3, 
muxpart__465: RAM__GB4, 
muxpart__567: RAM__GB4, 
logic__2362: RAM__GB1, 
