Copyright 1986-2022 Xilinx, Inc. All Rights Reserved. Copyright 2022-2024 Advanced Micro Devices, Inc. All Rights Reserved.
---------------------------------------------------------------------------------------------------------------------------------------------
| Tool Version : Vivado v.2024.2 (lin64) Build 5239630 Fri Nov 08 22:34:34 MST 2024
| Date         : Tue May 27 14:11:49 2025
| Host         : diana running 64-bit Ubuntu 24.04.2 LTS
| Command      : report_control_sets -verbose -file ps2_peripherals_showcase_control_sets_placed.rpt
| Design       : ps2_peripherals_showcase
| Device       : xc7z010
---------------------------------------------------------------------------------------------------------------------------------------------

Control Set Information

Table of Contents
-----------------
1. Summary
2. Histogram
3. Flip-Flop Distribution
4. Detailed Control Set Information

1. Summary
----------

+----------------------------------------------------------+-------+
|                          Status                          | Count |
+----------------------------------------------------------+-------+
| Total control sets                                       |     8 |
|    Minimum number of control sets                        |     8 |
|    Addition due to synthesis replication                 |     0 |
|    Addition due to physical synthesis replication        |     0 |
| Unused register locations in slices containing registers |    23 |
+----------------------------------------------------------+-------+
* Control sets can be merged at opt_design using control_set_merge or merge_equivalent_drivers
** Run report_qor_suggestions for automated merging and remapping suggestions


2. Histogram
------------

+--------------------+-------+
|       Fanout       | Count |
+--------------------+-------+
| Total control sets |     8 |
| >= 0 to < 4        |     0 |
| >= 4 to < 6        |     2 |
| >= 6 to < 8        |     0 |
| >= 8 to < 10       |     3 |
| >= 10 to < 12      |     3 |
| >= 12 to < 14      |     0 |
| >= 14 to < 16      |     0 |
| >= 16              |     0 |
+--------------------+-------+
* Control sets can be remapped at either synth_design or opt_design


3. Flip-Flop Distribution
-------------------------

+--------------+-----------------------+------------------------+-----------------+--------------+
| Clock Enable | Synchronous Set/Reset | Asynchronous Set/Reset | Total Registers | Total Slices |
+--------------+-----------------------+------------------------+-----------------+--------------+
| No           | No                    | No                     |               5 |            2 |
| No           | No                    | Yes                    |               0 |            0 |
| No           | Yes                   | No                     |               5 |            3 |
| Yes          | No                    | No                     |               0 |            0 |
| Yes          | No                    | Yes                    |              16 |            6 |
| Yes          | Yes                   | No                     |              39 |           11 |
+--------------+-----------------------+------------------------+-----------------+--------------+


4. Detailed Control Set Information
-----------------------------------

+----------------+-------------------------------------------------------------------------------------------------------+------------------+------------------+----------------+--------------+
|  Clock Signal  |                                             Enable Signal                                             | Set/Reset Signal | Slice Load Count | Bel Load Count | Bels / Slice |
+----------------+-------------------------------------------------------------------------------------------------------+------------------+------------------+----------------+--------------+
|  clk_IBUF_BUFG |                                                                                                       |                  |                2 |              5 |         2.50 |
|  clk_IBUF_BUFG |                                                                                                       | rst_IBUF         |                3 |              5 |         1.67 |
|  clk_IBUF_BUFG | ps2_peripheral_inst/ps2_keyboard_inst/ascii[7]_i_1_n_0                                                | rst_IBUF         |                1 |              8 |         8.00 |
|  clk_IBUF_BUFG | read_en_IBUF                                                                                          | rst_IBUF         |                4 |              8 |         2.00 |
|  clk_IBUF_BUFG | ps2_peripheral_inst/PS2_CONTROL0                                                                      | rst_IBUF         |                2 |              8 |         4.00 |
|  clk_IBUF_BUFG | ps2_peripheral_inst/fifo/U0/inst_fifo_gen/gconvfifo.rf/grf.rf/gntv_or_sync_fifo.gl0.rd/grss.rsts/E[0] | rst_IBUF         |                3 |             10 |         3.33 |
|  clk_IBUF_BUFG | ps2_peripheral_inst/fifo/U0/inst_fifo_gen/gconvfifo.rf/grf.rf/gntv_or_sync_fifo.gl0.wr/gwss.wsts/E[0] | rst_IBUF         |                3 |             10 |         3.33 |
|  clk_IBUF_BUFG | ps2_peripheral_inst/ps2_keyboard_inst/shift_reg                                                       | rst_IBUF         |                4 |             11 |         2.75 |
+----------------+-------------------------------------------------------------------------------------------------------+------------------+------------------+----------------+--------------+


