Copyright 1986-2022 Xilinx, Inc. All Rights Reserved. Copyright 2022-2024 Advanced Micro Devices, Inc. All Rights Reserved.
---------------------------------------------------------------------------------------------------------------------------------------------------------------------------------------------------------------------------------------------------------------------
| Tool Version : Vivado v.2024.2 (lin64) Build 5239630 Fri Nov 08 22:34:34 MST 2024
| Date         : Tue May 27 14:12:05 2025
| Host         : diana running 64-bit Ubuntu 24.04.2 LTS
| Command      : report_timing_summary -max_paths 10 -report_unconstrained -file ps2_peripherals_showcase_timing_summary_routed.rpt -pb ps2_peripherals_showcase_timing_summary_routed.pb -rpx ps2_peripherals_showcase_timing_summary_routed.rpx -warn_on_violation
| Design       : ps2_peripherals_showcase
| Device       : 7z010-clg400
| Speed File   : -1  PRODUCTION 1.12 2019-11-22
| Design State : Routed
---------------------------------------------------------------------------------------------------------------------------------------------------------------------------------------------------------------------------------------------------------------------

Timing Summary Report

------------------------------------------------------------------------------------------------
| Timer Settings
| --------------
------------------------------------------------------------------------------------------------

  Enable Multi Corner Analysis               :  Yes
  Enable Pessimism Removal                   :  Yes
  Pessimism Removal Resolution               :  Nearest Common Node
  Enable Input Delay Default Clock           :  No
  Enable Preset / Clear Arcs                 :  No
  Disable Flight Delays                      :  No
  Ignore I/O Paths                           :  No
  Timing Early Launch at Borrowing Latches   :  No
  Borrow Time for Max Delay Exceptions       :  Yes
  Merge Timing Exceptions                    :  Yes
  Inter-SLR Compensation                     :  Conservative

  Corner  Analyze    Analyze    
  Name    Max Paths  Min Paths  
  ------  ---------  ---------  
  Slow    Yes        Yes        
  Fast    Yes        Yes        


------------------------------------------------------------------------------------------------
| Report Methodology
| ------------------
------------------------------------------------------------------------------------------------

Rule       Severity          Description                  Violations  
---------  ----------------  ---------------------------  ----------  
TIMING-17  Critical Warning  Non-clocked sequential cell  67          

Note: This report is based on the most recent report_methodology run and may not be up-to-date. Run report_methodology on the current design for the latest report.



check_timing report

Table of Contents
-----------------
1. checking no_clock (67)
2. checking constant_clock (0)
3. checking pulse_width_clock (0)
4. checking unconstrained_internal_endpoints (205)
5. checking no_input_delay (21)
6. checking no_output_delay (8)
7. checking multiple_clock (0)
8. checking generated_clocks (0)
9. checking loops (0)
10. checking partial_input_delay (0)
11. checking partial_output_delay (0)
12. checking latch_loops (0)

1. checking no_clock (67)
-------------------------
 There are 67 register/latch pins with no clock driven by root clock pin: clk (HIGH)


2. checking constant_clock (0)
------------------------------
 There are 0 register/latch pins with constant_clock.


3. checking pulse_width_clock (0)
---------------------------------
 There are 0 register/latch pins which need pulse_width check


4. checking unconstrained_internal_endpoints (205)
--------------------------------------------------
 There are 205 pins that are not constrained for maximum delay. (HIGH)

 There are 0 pins that are not constrained for maximum delay due to constant clock.


5. checking no_input_delay (21)
-------------------------------
 There are 21 input ports with no input delay specified. (HIGH)

 There are 0 input ports with no input delay but user has a false path constraint.


6. checking no_output_delay (8)
-------------------------------
 There are 8 ports with no output delay specified. (HIGH)

 There are 0 ports with no output delay but user has a false path constraint

 There are 0 ports with no output delay but with a timing clock defined on it or propagating through it


7. checking multiple_clock (0)
------------------------------
 There are 0 register/latch pins with multiple clocks.


8. checking generated_clocks (0)
--------------------------------
 There are 0 generated clocks that are not connected to a clock source.


9. checking loops (0)
---------------------
 There are 0 combinational loops in the design.


10. checking partial_input_delay (0)
------------------------------------
 There are 0 input ports with partial input delay specified.


11. checking partial_output_delay (0)
-------------------------------------
 There are 0 ports with partial output delay specified.


12. checking latch_loops (0)
----------------------------
 There are 0 combinational latch loops in the design through latch input



------------------------------------------------------------------------------------------------
| Design Timing Summary
| ---------------------
------------------------------------------------------------------------------------------------

    WNS(ns)      TNS(ns)  TNS Failing Endpoints  TNS Total Endpoints      WHS(ns)      THS(ns)  THS Failing Endpoints  THS Total Endpoints     WPWS(ns)     TPWS(ns)  TPWS Failing Endpoints  TPWS Total Endpoints  
    -------      -------  ---------------------  -------------------      -------      -------  ---------------------  -------------------     --------     --------  ----------------------  --------------------  
        inf        0.000                      0                  213          inf        0.000                      0                  213           NA           NA                      NA                    NA  


There are no user specified timing constraints.


------------------------------------------------------------------------------------------------
| Clock Summary
| -------------
------------------------------------------------------------------------------------------------


------------------------------------------------------------------------------------------------
| Intra Clock Table
| -----------------
------------------------------------------------------------------------------------------------

Clock             WNS(ns)      TNS(ns)  TNS Failing Endpoints  TNS Total Endpoints      WHS(ns)      THS(ns)  THS Failing Endpoints  THS Total Endpoints     WPWS(ns)     TPWS(ns)  TPWS Failing Endpoints  TPWS Total Endpoints  
-----             -------      -------  ---------------------  -------------------      -------      -------  ---------------------  -------------------     --------     --------  ----------------------  --------------------  


------------------------------------------------------------------------------------------------
| Inter Clock Table
| -----------------
------------------------------------------------------------------------------------------------

From Clock    To Clock          WNS(ns)      TNS(ns)  TNS Failing Endpoints  TNS Total Endpoints      WHS(ns)      THS(ns)  THS Failing Endpoints  THS Total Endpoints  
----------    --------          -------      -------  ---------------------  -------------------      -------      -------  ---------------------  -------------------  


------------------------------------------------------------------------------------------------
| Other Path Groups Table
| -----------------------
------------------------------------------------------------------------------------------------

Path Group    From Clock    To Clock          WNS(ns)      TNS(ns)  TNS Failing Endpoints  TNS Total Endpoints      WHS(ns)      THS(ns)  THS Failing Endpoints  THS Total Endpoints  
----------    ----------    --------          -------      -------  ---------------------  -------------------      -------      -------  ---------------------  -------------------  


------------------------------------------------------------------------------------------------
| User Ignored Path Table
| -----------------------
------------------------------------------------------------------------------------------------

Path Group    From Clock    To Clock    
----------    ----------    --------    


------------------------------------------------------------------------------------------------
| Unconstrained Path Table
| ------------------------
------------------------------------------------------------------------------------------------

Path Group    From Clock    To Clock    
----------    ----------    --------    
(none)                                    


------------------------------------------------------------------------------------------------
| Timing Details
| --------------
------------------------------------------------------------------------------------------------


--------------------------------------------------------------------------------------
Path Group:  (none)
From Clock:  
  To Clock:  

Max Delay           213 Endpoints
Min Delay           213 Endpoints
--------------------------------------------------------------------------------------


Max Delay Paths
--------------------------------------------------------------------------------------
Slack:                    inf
  Source:                 read_en
                            (input port)
  Destination:            <hidden>
  Path Group:             (none)
  Path Type:              Max at Slow Process Corner
  Data Path Delay:        9.289ns  (logic 2.283ns (24.575%)  route 7.006ns (75.425%))
  Logic Levels:           4  (IBUF=1 LUT2=2 LUT4=1)

    Location             Delay type                Incr(ns)  Path(ns)    Netlist Resource(s)
  -------------------------------------------------------------------    -------------------
    G14                                               0.000     0.000 r  read_en (IN)
                         net (fo=0)                   0.000     0.000    read_en
    G14                  IBUF (Prop_ibuf_I_O)         1.431     1.431 r  read_en_IBUF_inst/O
                         net (fo=11, routed)          4.206     5.637    bus/read_en_IBUF
    SLICE_X43Y24         LUT4 (Prop_lut4_I1_O)        0.152     5.789 f  bus/fifo_i_2/O
                         net (fo=9, routed)           0.899     6.688    ps2_peripheral_inst/rdata_reg_reg[5]
    SLICE_X42Y26         LUT2 (Prop_lut2_I0_O)        0.352     7.040 r  ps2_peripheral_inst/fifo_i_1/O
                         net (fo=4, routed)           1.347     8.388    <hidden>
    SLICE_X33Y26         LUT2 (Prop_lut2_I0_O)        0.348     8.736 r  <hidden>
                         net (fo=10, routed)          0.553     9.289    <hidden>
    SLICE_X35Y25         FDRE                                         r  <hidden>
  -------------------------------------------------------------------    -------------------

Slack:                    inf
  Source:                 read_en
                            (input port)
  Destination:            <hidden>
  Path Group:             (none)
  Path Type:              Max at Slow Process Corner
  Data Path Delay:        9.289ns  (logic 2.283ns (24.575%)  route 7.006ns (75.425%))
  Logic Levels:           4  (IBUF=1 LUT2=2 LUT4=1)

    Location             Delay type                Incr(ns)  Path(ns)    Netlist Resource(s)
  -------------------------------------------------------------------    -------------------
    G14                                               0.000     0.000 r  read_en (IN)
                         net (fo=0)                   0.000     0.000    read_en
    G14                  IBUF (Prop_ibuf_I_O)         1.431     1.431 r  read_en_IBUF_inst/O
                         net (fo=11, routed)          4.206     5.637    bus/read_en_IBUF
    SLICE_X43Y24         LUT4 (Prop_lut4_I1_O)        0.152     5.789 f  bus/fifo_i_2/O
                         net (fo=9, routed)           0.899     6.688    ps2_peripheral_inst/rdata_reg_reg[5]
    SLICE_X42Y26         LUT2 (Prop_lut2_I0_O)        0.352     7.040 r  ps2_peripheral_inst/fifo_i_1/O
                         net (fo=4, routed)           1.347     8.388    <hidden>
    SLICE_X33Y26         LUT2 (Prop_lut2_I0_O)        0.348     8.736 r  <hidden>
                         net (fo=10, routed)          0.553     9.289    <hidden>
    SLICE_X35Y25         FDRE                                         r  <hidden>
  -------------------------------------------------------------------    -------------------

Slack:                    inf
  Source:                 read_en
                            (input port)
  Destination:            <hidden>
  Path Group:             (none)
  Path Type:              Max at Slow Process Corner
  Data Path Delay:        9.289ns  (logic 2.283ns (24.575%)  route 7.006ns (75.425%))
  Logic Levels:           4  (IBUF=1 LUT2=2 LUT4=1)

    Location             Delay type                Incr(ns)  Path(ns)    Netlist Resource(s)
  -------------------------------------------------------------------    -------------------
    G14                                               0.000     0.000 r  read_en (IN)
                         net (fo=0)                   0.000     0.000    read_en
    G14                  IBUF (Prop_ibuf_I_O)         1.431     1.431 r  read_en_IBUF_inst/O
                         net (fo=11, routed)          4.206     5.637    bus/read_en_IBUF
    SLICE_X43Y24         LUT4 (Prop_lut4_I1_O)        0.152     5.789 f  bus/fifo_i_2/O
                         net (fo=9, routed)           0.899     6.688    ps2_peripheral_inst/rdata_reg_reg[5]
    SLICE_X42Y26         LUT2 (Prop_lut2_I0_O)        0.352     7.040 r  ps2_peripheral_inst/fifo_i_1/O
                         net (fo=4, routed)           1.347     8.388    <hidden>
    SLICE_X33Y26         LUT2 (Prop_lut2_I0_O)        0.348     8.736 r  <hidden>
                         net (fo=10, routed)          0.553     9.289    <hidden>
    SLICE_X35Y25         FDRE                                         r  <hidden>
  -------------------------------------------------------------------    -------------------

Slack:                    inf
  Source:                 read_en
                            (input port)
  Destination:            <hidden>
  Path Group:             (none)
  Path Type:              Max at Slow Process Corner
  Data Path Delay:        9.289ns  (logic 2.283ns (24.575%)  route 7.006ns (75.425%))
  Logic Levels:           4  (IBUF=1 LUT2=2 LUT4=1)

    Location             Delay type                Incr(ns)  Path(ns)    Netlist Resource(s)
  -------------------------------------------------------------------    -------------------
    G14                                               0.000     0.000 r  read_en (IN)
                         net (fo=0)                   0.000     0.000    read_en
    G14                  IBUF (Prop_ibuf_I_O)         1.431     1.431 r  read_en_IBUF_inst/O
                         net (fo=11, routed)          4.206     5.637    bus/read_en_IBUF
    SLICE_X43Y24         LUT4 (Prop_lut4_I1_O)        0.152     5.789 f  bus/fifo_i_2/O
                         net (fo=9, routed)           0.899     6.688    ps2_peripheral_inst/rdata_reg_reg[5]
    SLICE_X42Y26         LUT2 (Prop_lut2_I0_O)        0.352     7.040 r  ps2_peripheral_inst/fifo_i_1/O
                         net (fo=4, routed)           1.347     8.388    <hidden>
    SLICE_X33Y26         LUT2 (Prop_lut2_I0_O)        0.348     8.736 r  <hidden>
                         net (fo=10, routed)          0.553     9.289    <hidden>
    SLICE_X35Y25         FDRE                                         r  <hidden>
  -------------------------------------------------------------------    -------------------

Slack:                    inf
  Source:                 read_en
                            (input port)
  Destination:            <hidden>
  Path Group:             (none)
  Path Type:              Max at Slow Process Corner
  Data Path Delay:        9.267ns  (logic 2.283ns (24.634%)  route 6.984ns (75.366%))
  Logic Levels:           4  (IBUF=1 LUT2=2 LUT4=1)

    Location             Delay type                Incr(ns)  Path(ns)    Netlist Resource(s)
  -------------------------------------------------------------------    -------------------
    G14                                               0.000     0.000 r  read_en (IN)
                         net (fo=0)                   0.000     0.000    read_en
    G14                  IBUF (Prop_ibuf_I_O)         1.431     1.431 r  read_en_IBUF_inst/O
                         net (fo=11, routed)          4.206     5.637    bus/read_en_IBUF
    SLICE_X43Y24         LUT4 (Prop_lut4_I1_O)        0.152     5.789 f  bus/fifo_i_2/O
                         net (fo=9, routed)           0.899     6.688    ps2_peripheral_inst/rdata_reg_reg[5]
    SLICE_X42Y26         LUT2 (Prop_lut2_I0_O)        0.352     7.040 r  ps2_peripheral_inst/fifo_i_1/O
                         net (fo=4, routed)           1.347     8.388    <hidden>
    SLICE_X33Y26         LUT2 (Prop_lut2_I0_O)        0.348     8.736 r  <hidden>
                         net (fo=10, routed)          0.531     9.267    <hidden>
    SLICE_X34Y24         FDRE                                         r  <hidden>
  -------------------------------------------------------------------    -------------------

Slack:                    inf
  Source:                 read_en
                            (input port)
  Destination:            <hidden>
  Path Group:             (none)
  Path Type:              Max at Slow Process Corner
  Data Path Delay:        9.267ns  (logic 2.283ns (24.634%)  route 6.984ns (75.366%))
  Logic Levels:           4  (IBUF=1 LUT2=2 LUT4=1)

    Location             Delay type                Incr(ns)  Path(ns)    Netlist Resource(s)
  -------------------------------------------------------------------    -------------------
    G14                                               0.000     0.000 r  read_en (IN)
                         net (fo=0)                   0.000     0.000    read_en
    G14                  IBUF (Prop_ibuf_I_O)         1.431     1.431 r  read_en_IBUF_inst/O
                         net (fo=11, routed)          4.206     5.637    bus/read_en_IBUF
    SLICE_X43Y24         LUT4 (Prop_lut4_I1_O)        0.152     5.789 f  bus/fifo_i_2/O
                         net (fo=9, routed)           0.899     6.688    ps2_peripheral_inst/rdata_reg_reg[5]
    SLICE_X42Y26         LUT2 (Prop_lut2_I0_O)        0.352     7.040 r  ps2_peripheral_inst/fifo_i_1/O
                         net (fo=4, routed)           1.347     8.388    <hidden>
    SLICE_X33Y26         LUT2 (Prop_lut2_I0_O)        0.348     8.736 r  <hidden>
                         net (fo=10, routed)          0.531     9.267    <hidden>
    SLICE_X34Y24         FDRE                                         r  <hidden>
  -------------------------------------------------------------------    -------------------

Slack:                    inf
  Source:                 read_en
                            (input port)
  Destination:            <hidden>
  Path Group:             (none)
  Path Type:              Max at Slow Process Corner
  Data Path Delay:        9.099ns  (logic 2.283ns (25.086%)  route 6.817ns (74.914%))
  Logic Levels:           4  (IBUF=1 LUT2=2 LUT4=1)

    Location             Delay type                Incr(ns)  Path(ns)    Netlist Resource(s)
  -------------------------------------------------------------------    -------------------
    G14                                               0.000     0.000 r  read_en (IN)
                         net (fo=0)                   0.000     0.000    read_en
    G14                  IBUF (Prop_ibuf_I_O)         1.431     1.431 r  read_en_IBUF_inst/O
                         net (fo=11, routed)          4.206     5.637    bus/read_en_IBUF
    SLICE_X43Y24         LUT4 (Prop_lut4_I1_O)        0.152     5.789 f  bus/fifo_i_2/O
                         net (fo=9, routed)           0.899     6.688    ps2_peripheral_inst/rdata_reg_reg[5]
    SLICE_X42Y26         LUT2 (Prop_lut2_I0_O)        0.352     7.040 r  ps2_peripheral_inst/fifo_i_1/O
                         net (fo=4, routed)           1.347     8.388    <hidden>
    SLICE_X33Y26         LUT2 (Prop_lut2_I0_O)        0.348     8.736 r  <hidden>
                         net (fo=10, routed)          0.363     9.099    <hidden>
    SLICE_X34Y25         FDRE                                         r  <hidden>
  -------------------------------------------------------------------    -------------------

Slack:                    inf
  Source:                 read_en
                            (input port)
  Destination:            <hidden>
  Path Group:             (none)
  Path Type:              Max at Slow Process Corner
  Data Path Delay:        9.099ns  (logic 2.283ns (25.086%)  route 6.817ns (74.914%))
  Logic Levels:           4  (IBUF=1 LUT2=2 LUT4=1)

    Location             Delay type                Incr(ns)  Path(ns)    Netlist Resource(s)
  -------------------------------------------------------------------    -------------------
    G14                                               0.000     0.000 r  read_en (IN)
                         net (fo=0)                   0.000     0.000    read_en
    G14                  IBUF (Prop_ibuf_I_O)         1.431     1.431 r  read_en_IBUF_inst/O
                         net (fo=11, routed)          4.206     5.637    bus/read_en_IBUF
    SLICE_X43Y24         LUT4 (Prop_lut4_I1_O)        0.152     5.789 f  bus/fifo_i_2/O
                         net (fo=9, routed)           0.899     6.688    ps2_peripheral_inst/rdata_reg_reg[5]
    SLICE_X42Y26         LUT2 (Prop_lut2_I0_O)        0.352     7.040 r  ps2_peripheral_inst/fifo_i_1/O
                         net (fo=4, routed)           1.347     8.388    <hidden>
    SLICE_X33Y26         LUT2 (Prop_lut2_I0_O)        0.348     8.736 r  <hidden>
                         net (fo=10, routed)          0.363     9.099    <hidden>
    SLICE_X34Y25         FDSE                                         r  <hidden>
  -------------------------------------------------------------------    -------------------

Slack:                    inf
  Source:                 read_en
                            (input port)
  Destination:            <hidden>
  Path Group:             (none)
  Path Type:              Max at Slow Process Corner
  Data Path Delay:        9.099ns  (logic 2.283ns (25.086%)  route 6.817ns (74.914%))
  Logic Levels:           4  (IBUF=1 LUT2=2 LUT4=1)

    Location             Delay type                Incr(ns)  Path(ns)    Netlist Resource(s)
  -------------------------------------------------------------------    -------------------
    G14                                               0.000     0.000 r  read_en (IN)
                         net (fo=0)                   0.000     0.000    read_en
    G14                  IBUF (Prop_ibuf_I_O)         1.431     1.431 r  read_en_IBUF_inst/O
                         net (fo=11, routed)          4.206     5.637    bus/read_en_IBUF
    SLICE_X43Y24         LUT4 (Prop_lut4_I1_O)        0.152     5.789 f  bus/fifo_i_2/O
                         net (fo=9, routed)           0.899     6.688    ps2_peripheral_inst/rdata_reg_reg[5]
    SLICE_X42Y26         LUT2 (Prop_lut2_I0_O)        0.352     7.040 r  ps2_peripheral_inst/fifo_i_1/O
                         net (fo=4, routed)           1.347     8.388    <hidden>
    SLICE_X33Y26         LUT2 (Prop_lut2_I0_O)        0.348     8.736 r  <hidden>
                         net (fo=10, routed)          0.363     9.099    <hidden>
    SLICE_X34Y25         FDRE                                         r  <hidden>
  -------------------------------------------------------------------    -------------------

Slack:                    inf
  Source:                 read_en
                            (input port)
  Destination:            <hidden>
  Path Group:             (none)
  Path Type:              Max at Slow Process Corner
  Data Path Delay:        9.099ns  (logic 2.283ns (25.086%)  route 6.817ns (74.914%))
  Logic Levels:           4  (IBUF=1 LUT2=2 LUT4=1)

    Location             Delay type                Incr(ns)  Path(ns)    Netlist Resource(s)
  -------------------------------------------------------------------    -------------------
    G14                                               0.000     0.000 r  read_en (IN)
                         net (fo=0)                   0.000     0.000    read_en
    G14                  IBUF (Prop_ibuf_I_O)         1.431     1.431 r  read_en_IBUF_inst/O
                         net (fo=11, routed)          4.206     5.637    bus/read_en_IBUF
    SLICE_X43Y24         LUT4 (Prop_lut4_I1_O)        0.152     5.789 f  bus/fifo_i_2/O
                         net (fo=9, routed)           0.899     6.688    ps2_peripheral_inst/rdata_reg_reg[5]
    SLICE_X42Y26         LUT2 (Prop_lut2_I0_O)        0.352     7.040 r  ps2_peripheral_inst/fifo_i_1/O
                         net (fo=4, routed)           1.347     8.388    <hidden>
    SLICE_X33Y26         LUT2 (Prop_lut2_I0_O)        0.348     8.736 r  <hidden>
                         net (fo=10, routed)          0.363     9.099    <hidden>
    SLICE_X34Y25         FDRE                                         r  <hidden>
  -------------------------------------------------------------------    -------------------





Min Delay Paths
--------------------------------------------------------------------------------------
Slack:                    inf
  Source:                 <hidden>
                            (rising edge-triggered cell FDRE)
  Destination:            <hidden>
  Path Group:             (none)
  Path Type:              Min at Fast Process Corner
  Data Path Delay:        0.270ns  (logic 0.128ns (47.320%)  route 0.142ns (52.680%))
  Logic Levels:           1  (FDRE=1)

    Location             Delay type                Incr(ns)  Path(ns)    Netlist Resource(s)
  -------------------------------------------------------------------    -------------------
    SLICE_X35Y26         FDRE                         0.000     0.000 r  <hidden>
    SLICE_X35Y26         FDRE (Prop_fdre_C_Q)         0.128     0.128 r  <hidden>
                         net (fo=3, routed)           0.142     0.270    <hidden>
    SLICE_X35Y26         FDRE                                         r  <hidden>
  -------------------------------------------------------------------    -------------------

Slack:                    inf
  Source:                 <hidden>
                            (rising edge-triggered cell FDRE)
  Destination:            <hidden>
  Path Group:             (none)
  Path Type:              Min at Fast Process Corner
  Data Path Delay:        0.289ns  (logic 0.141ns (48.797%)  route 0.148ns (51.203%))
  Logic Levels:           1  (FDRE=1)

    Location             Delay type                Incr(ns)  Path(ns)    Netlist Resource(s)
  -------------------------------------------------------------------    -------------------
    SLICE_X33Y26         FDRE                         0.000     0.000 r  <hidden>
    SLICE_X33Y26         FDRE (Prop_fdre_C_Q)         0.141     0.141 r  <hidden>
                         net (fo=5, routed)           0.148     0.289    <hidden>
    SLICE_X34Y26         FDRE                                         r  <hidden>
  -------------------------------------------------------------------    -------------------

Slack:                    inf
  Source:                 ps2_peripheral_inst/ps2_keyboard_inst/wr_reg/C
                            (rising edge-triggered cell FDRE)
  Destination:            <hidden>
  Path Group:             (none)
  Path Type:              Min at Fast Process Corner
  Data Path Delay:        0.305ns  (logic 0.186ns (60.969%)  route 0.119ns (39.031%))
  Logic Levels:           2  (FDRE=1 LUT6=1)

    Location             Delay type                Incr(ns)  Path(ns)    Netlist Resource(s)
  -------------------------------------------------------------------    -------------------
    SLICE_X37Y26         FDRE                         0.000     0.000 r  ps2_peripheral_inst/ps2_keyboard_inst/wr_reg/C
    SLICE_X37Y26         FDRE (Prop_fdre_C_Q)         0.141     0.141 f  ps2_peripheral_inst/ps2_keyboard_inst/wr_reg/Q
                         net (fo=3, routed)           0.119     0.260    <hidden>
    SLICE_X36Y26         LUT6 (Prop_lut6_I4_O)        0.045     0.305 r  <hidden>
                         net (fo=2, routed)           0.000     0.305    <hidden>
    SLICE_X36Y26         FDSE                                         r  <hidden>
  -------------------------------------------------------------------    -------------------

Slack:                    inf
  Source:                 ps2_peripheral_inst/ps2_keyboard_inst/wr_flag_reg/C
                            (rising edge-triggered cell FDRE)
  Destination:            ps2_peripheral_inst/ps2_keyboard_inst/wr_reg/D
  Path Group:             (none)
  Path Type:              Min at Fast Process Corner
  Data Path Delay:        0.305ns  (logic 0.209ns (68.432%)  route 0.096ns (31.568%))
  Logic Levels:           2  (FDRE=1 LUT2=1)

    Location             Delay type                Incr(ns)  Path(ns)    Netlist Resource(s)
  -------------------------------------------------------------------    -------------------
    SLICE_X38Y25         FDRE                         0.000     0.000 r  ps2_peripheral_inst/ps2_keyboard_inst/wr_flag_reg/C
    SLICE_X38Y25         FDRE (Prop_fdre_C_Q)         0.164     0.164 r  ps2_peripheral_inst/ps2_keyboard_inst/wr_flag_reg/Q
                         net (fo=1, routed)           0.096     0.260    ps2_peripheral_inst/ps2_keyboard_inst/wr_flag
    SLICE_X37Y26         LUT2 (Prop_lut2_I0_O)        0.045     0.305 r  ps2_peripheral_inst/ps2_keyboard_inst/wr_i_1/O
                         net (fo=1, routed)           0.000     0.305    ps2_peripheral_inst/ps2_keyboard_inst/wr_i_1_n_0
    SLICE_X37Y26         FDRE                                         r  ps2_peripheral_inst/ps2_keyboard_inst/wr_reg/D
  -------------------------------------------------------------------    -------------------

Slack:                    inf
  Source:                 ps2_peripheral_inst/ps2_keyboard_inst/wr_reg/C
                            (rising edge-triggered cell FDRE)
  Destination:            <hidden>
  Path Group:             (none)
  Path Type:              Min at Fast Process Corner
  Data Path Delay:        0.306ns  (logic 0.186ns (60.769%)  route 0.120ns (39.231%))
  Logic Levels:           2  (FDRE=1 LUT6=1)

    Location             Delay type                Incr(ns)  Path(ns)    Netlist Resource(s)
  -------------------------------------------------------------------    -------------------
    SLICE_X37Y26         FDRE                         0.000     0.000 r  ps2_peripheral_inst/ps2_keyboard_inst/wr_reg/C
    SLICE_X37Y26         FDRE (Prop_fdre_C_Q)         0.141     0.141 r  ps2_peripheral_inst/ps2_keyboard_inst/wr_reg/Q
                         net (fo=3, routed)           0.120     0.261    <hidden>
    SLICE_X36Y26         LUT6 (Prop_lut6_I0_O)        0.045     0.306 r  <hidden>
                         net (fo=2, routed)           0.000     0.306    <hidden>
    SLICE_X36Y26         FDRE                                         r  <hidden>
  -------------------------------------------------------------------    -------------------

Slack:                    inf
  Source:                 <hidden>
                            (rising edge-triggered cell FDRE)
  Destination:            <hidden>
  Path Group:             (none)
  Path Type:              Min at Fast Process Corner
  Data Path Delay:        0.308ns  (logic 0.164ns (53.198%)  route 0.144ns (46.802%))
  Logic Levels:           1  (FDRE=1)

    Location             Delay type                Incr(ns)  Path(ns)    Netlist Resource(s)
  -------------------------------------------------------------------    -------------------
    SLICE_X34Y26         FDRE                         0.000     0.000 r  <hidden>
    SLICE_X34Y26         FDRE (Prop_fdre_C_Q)         0.164     0.164 r  <hidden>
                         net (fo=6, routed)           0.144     0.308    <hidden>
    SLICE_X34Y26         FDRE                                         r  <hidden>
  -------------------------------------------------------------------    -------------------

Slack:                    inf
  Source:                 ps2_peripheral_inst/ps2_keyboard_inst/shift_reg_reg[4]/C
                            (rising edge-triggered cell FDRE)
  Destination:            ps2_peripheral_inst/ps2_keyboard_inst/ascii_reg[3]/D
  Path Group:             (none)
  Path Type:              Min at Fast Process Corner
  Data Path Delay:        0.312ns  (logic 0.190ns (60.871%)  route 0.122ns (39.129%))
  Logic Levels:           2  (FDRE=1 LUT3=1)

    Location             Delay type                Incr(ns)  Path(ns)    Netlist Resource(s)
  -------------------------------------------------------------------    -------------------
    SLICE_X37Y25         FDRE                         0.000     0.000 r  ps2_peripheral_inst/ps2_keyboard_inst/shift_reg_reg[4]/C
    SLICE_X37Y25         FDRE (Prop_fdre_C_Q)         0.141     0.141 r  ps2_peripheral_inst/ps2_keyboard_inst/shift_reg_reg[4]/Q
                         net (fo=3, routed)           0.122     0.263    ps2_peripheral_inst/ps2_keyboard_inst/p_0_in0_in[3]
    SLICE_X36Y25         LUT3 (Prop_lut3_I0_O)        0.049     0.312 r  ps2_peripheral_inst/ps2_keyboard_inst/ascii[3]_i_1/O
                         net (fo=1, routed)           0.000     0.312    ps2_peripheral_inst/ps2_keyboard_inst/ascii[3]_i_1_n_0
    SLICE_X36Y25         FDRE                                         r  ps2_peripheral_inst/ps2_keyboard_inst/ascii_reg[3]/D
  -------------------------------------------------------------------    -------------------

Slack:                    inf
  Source:                 <hidden>
                            (rising edge-triggered cell FDRE)
  Destination:            <hidden>
  Path Group:             (none)
  Path Type:              Min at Fast Process Corner
  Data Path Delay:        0.312ns  (logic 0.141ns (45.161%)  route 0.171ns (54.839%))
  Logic Levels:           1  (FDRE=1)

    Location             Delay type                Incr(ns)  Path(ns)    Netlist Resource(s)
  -------------------------------------------------------------------    -------------------
    SLICE_X35Y26         FDRE                         0.000     0.000 r  <hidden>
    SLICE_X35Y26         FDRE (Prop_fdre_C_Q)         0.141     0.141 r  <hidden>
                         net (fo=3, routed)           0.171     0.312    <hidden>
    RAMB18_X2Y10         RAMB18E1                                     r  <hidden>
  -------------------------------------------------------------------    -------------------

Slack:                    inf
  Source:                 <hidden>
                            (rising edge-triggered cell FDRE)
  Destination:            <hidden>
  Path Group:             (none)
  Path Type:              Min at Fast Process Corner
  Data Path Delay:        0.315ns  (logic 0.141ns (44.789%)  route 0.174ns (55.211%))
  Logic Levels:           1  (FDRE=1)

    Location             Delay type                Incr(ns)  Path(ns)    Netlist Resource(s)
  -------------------------------------------------------------------    -------------------
    SLICE_X35Y25         FDRE                         0.000     0.000 r  <hidden>
    SLICE_X35Y25         FDRE (Prop_fdre_C_Q)         0.141     0.141 r  <hidden>
                         net (fo=3, routed)           0.174     0.315    <hidden>
    RAMB18_X2Y10         RAMB18E1                                     r  <hidden>
  -------------------------------------------------------------------    -------------------

Slack:                    inf
  Source:                 <hidden>
                            (rising edge-triggered cell FDRE)
  Destination:            <hidden>
  Path Group:             (none)
  Path Type:              Min at Fast Process Corner
  Data Path Delay:        0.316ns  (logic 0.148ns (46.886%)  route 0.168ns (53.114%))
  Logic Levels:           1  (FDRE=1)

    Location             Delay type                Incr(ns)  Path(ns)    Netlist Resource(s)
  -------------------------------------------------------------------    -------------------
    SLICE_X34Y24         FDRE                         0.000     0.000 r  <hidden>
    SLICE_X34Y24         FDRE (Prop_fdre_C_Q)         0.148     0.148 r  <hidden>
                         net (fo=5, routed)           0.168     0.316    <hidden>
    SLICE_X35Y25         FDRE                                         r  <hidden>
  -------------------------------------------------------------------    -------------------





