
*** Running vivado
    with args -log ps2_peripherals_showcase.vdi -applog -m64 -product Vivado -messageDb vivado.pb -mode batch -source ps2_peripherals_showcase.tcl -notrace


****** Vivado v2024.2 (64-bit)
  **** SW Build 5239630 on Fri Nov 08 22:34:34 MST 2024
  **** IP Build 5239520 on Sun Nov 10 16:12:51 MST 2024
  **** SharedData Build 5239561 on Fri Nov 08 14:39:27 MST 2024
  **** Start of session at: Tue May 27 14:11:18 2025
    ** Copyright 1986-2022 Xilinx, Inc. All Rights Reserved.
    ** Copyright 2022-2024 Advanced Micro Devices, Inc. All Rights Reserved.

source ps2_peripherals_showcase.tcl -notrace
create_project: Time (s): cpu = 00:00:09 ; elapsed = 00:00:09 . Memory (MB): peak = 1513.902 ; gain = 73.840 ; free physical = 3526 ; free virtual = 13963
Command: link_design -top ps2_peripherals_showcase -part xc7z010clg400-1
Design is defaulting to srcset: sources_1
Design is defaulting to constrset: constrs_1
INFO: [Device 21-403] Loading part xc7z010clg400-1
INFO: [Project 1-454] Reading design checkpoint '/home/diana/Downloads/PS2_keyboardbus/PS2_keyboard/project_1.gen/sources_1/ip/fifo_generator_0/fifo_generator_0.dcp' for cell 'ps2_peripheral_inst/fifo'
Netlist sorting complete. Time (s): cpu = 00:00:00 ; elapsed = 00:00:00 . Memory (MB): peak = 1741.113 ; gain = 0.000 ; free physical = 3328 ; free virtual = 13765
INFO: [Netlist 29-17] Analyzing 1 Unisim elements for replacement
INFO: [Netlist 29-28] Unisim Transformation completed in 0 CPU seconds
INFO: [Project 1-479] Netlist was created with Vivado 2024.2
INFO: [Project 1-570] Preparing netlist for logic optimization
Parsing XDC File [/home/diana/Downloads/PS2_keyboardbus/PS2_keyboard/project_1.gen/sources_1/ip/fifo_generator_0/fifo_generator_0.xdc] for cell 'ps2_peripheral_inst/fifo/U0'
Finished Parsing XDC File [/home/diana/Downloads/PS2_keyboardbus/PS2_keyboard/project_1.gen/sources_1/ip/fifo_generator_0/fifo_generator_0.xdc] for cell 'ps2_peripheral_inst/fifo/U0'
Parsing XDC File [/home/diana/Downloads/PS2_keyboardbus/PS2_keyboard/project_1.srcs/constrs_1_1/imports/new/zybo_constraints.xdc]
Finished Parsing XDC File [/home/diana/Downloads/PS2_keyboardbus/PS2_keyboard/project_1.srcs/constrs_1_1/imports/new/zybo_constraints.xdc]
INFO: [Opt 31-138] Pushed 0 inverter(s) to 0 load pin(s).
Netlist sorting complete. Time (s): cpu = 00:00:00 ; elapsed = 00:00:00 . Memory (MB): peak = 1947.828 ; gain = 0.000 ; free physical = 3236 ; free virtual = 13673
INFO: [Project 1-111] Unisim Transformation Summary:
No Unisim elements were transformed.

8 Infos, 0 Warnings, 0 Critical Warnings and 0 Errors encountered.
link_design completed successfully
Command: opt_design
Attempting to get a license for feature 'Implementation' and/or device 'xc7z010'
INFO: [Common 17-349] Got license for feature 'Implementation' and/or device 'xc7z010'
Running DRC as a precondition to command opt_design

Starting DRC Task
INFO: [DRC 23-27] Running DRC with 8 threads
INFO: [Project 1-461] DRC finished with 0 Errors
INFO: [Project 1-462] Please refer to the DRC report (report_drc) for more information.

Time (s): cpu = 00:00:04 ; elapsed = 00:00:00.94 . Memory (MB): peak = 2037.875 ; gain = 90.047 ; free physical = 3154 ; free virtual = 13592

Starting Cache Timing Information Task
INFO: [Timing 38-35] Done setting XDC timing constraints.
Ending Cache Timing Information Task | Checksum: 19294db77

Time (s): cpu = 00:00:06 ; elapsed = 00:00:06 . Memory (MB): peak = 2449.703 ; gain = 411.828 ; free physical = 2763 ; free virtual = 13201

Starting Logic Optimization Task

Phase 1 Initialization

Phase 1.1 Core Generation And Design Setup
Phase 1.1 Core Generation And Design Setup | Checksum: 19294db77

Time (s): cpu = 00:00:00.01 ; elapsed = 00:00:00 . Memory (MB): peak = 2787.477 ; gain = 0.000 ; free physical = 2428 ; free virtual = 12865

Phase 1.2 Setup Constraints And Sort Netlist
Phase 1.2 Setup Constraints And Sort Netlist | Checksum: 19294db77

Time (s): cpu = 00:00:00.01 ; elapsed = 00:00:00 . Memory (MB): peak = 2787.477 ; gain = 0.000 ; free physical = 2428 ; free virtual = 12865
Phase 1 Initialization | Checksum: 19294db77

Time (s): cpu = 00:00:00.01 ; elapsed = 00:00:00 . Memory (MB): peak = 2787.477 ; gain = 0.000 ; free physical = 2428 ; free virtual = 12865

Phase 2 Timer Update And Timing Data Collection

Phase 2.1 Timer Update
Phase 2.1 Timer Update | Checksum: 19294db77

Time (s): cpu = 00:00:00.02 ; elapsed = 00:00:00.01 . Memory (MB): peak = 2787.477 ; gain = 0.000 ; free physical = 2428 ; free virtual = 12865

Phase 2.2 Timing Data Collection
Phase 2.2 Timing Data Collection | Checksum: 19294db77

Time (s): cpu = 00:00:00.02 ; elapsed = 00:00:00.01 . Memory (MB): peak = 2787.477 ; gain = 0.000 ; free physical = 2420 ; free virtual = 12858
Phase 2 Timer Update And Timing Data Collection | Checksum: 19294db77

Time (s): cpu = 00:00:00.02 ; elapsed = 00:00:00.01 . Memory (MB): peak = 2787.477 ; gain = 0.000 ; free physical = 2420 ; free virtual = 12858

Phase 3 Retarget
INFO: [Opt 31-1851] Number of loadless carry chains removed were: 0
INFO: [Opt 31-1834] Total Chains To Be Transformed Were: 0 AND Number of Transformed insts Created are: 0
INFO: [Opt 31-138] Pushed 0 inverter(s) to 0 load pin(s).
INFO: [Opt 31-49] Retargeted 0 cell(s).
Phase 3 Retarget | Checksum: 1b4f12bab

Time (s): cpu = 00:00:00.03 ; elapsed = 00:00:00.03 . Memory (MB): peak = 2787.477 ; gain = 0.000 ; free physical = 2420 ; free virtual = 12858
Retarget | Checksum: 1b4f12bab
INFO: [Opt 31-389] Phase Retarget created 0 cells and removed 1 cells
INFO: [Opt 31-1021] In phase Retarget, 2 netlist objects are constrained preventing optimization. Please run opt_design with -debug_log to get more detail. 

Phase 4 Constant propagation
INFO: [Opt 31-138] Pushed 0 inverter(s) to 0 load pin(s).
Phase 4 Constant propagation | Checksum: 1b4f12bab

Time (s): cpu = 00:00:00.04 ; elapsed = 00:00:00.03 . Memory (MB): peak = 2787.477 ; gain = 0.000 ; free physical = 2420 ; free virtual = 12858
Constant propagation | Checksum: 1b4f12bab
INFO: [Opt 31-389] Phase Constant propagation created 0 cells and removed 0 cells
INFO: [Opt 31-1021] In phase Constant propagation, 2 netlist objects are constrained preventing optimization. Please run opt_design with -debug_log to get more detail. 

Phase 5 Sweep
INFO: [Constraints 18-11670] Building netlist checker database with flags, 0x8
Done building netlist checker database: Time (s): cpu = 00:00:00 ; elapsed = 00:00:00.01 . Memory (MB): peak = 2787.477 ; gain = 0.000 ; free physical = 2420 ; free virtual = 12858
INFO: [Constraints 18-11670] Building netlist checker database with flags, 0x8
Done building netlist checker database: Time (s): cpu = 00:00:00 ; elapsed = 00:00:00 . Memory (MB): peak = 2787.477 ; gain = 0.000 ; free physical = 2420 ; free virtual = 12858
Phase 5 Sweep | Checksum: 1d1a9380d

Time (s): cpu = 00:00:00.04 ; elapsed = 00:00:00.04 . Memory (MB): peak = 2787.477 ; gain = 0.000 ; free physical = 2420 ; free virtual = 12858
Sweep | Checksum: 1d1a9380d
INFO: [Opt 31-389] Phase Sweep created 0 cells and removed 1 cells
INFO: [Opt 31-1021] In phase Sweep, 10 netlist objects are constrained preventing optimization. Please run opt_design with -debug_log to get more detail. 

Phase 6 BUFG optimization
Phase 6 BUFG optimization | Checksum: 1d1a9380d

Time (s): cpu = 00:00:00.05 ; elapsed = 00:00:00.05 . Memory (MB): peak = 2819.492 ; gain = 32.016 ; free physical = 2420 ; free virtual = 12858
BUFG optimization | Checksum: 1d1a9380d
INFO: [Opt 31-662] Phase BUFG optimization created 0 cells of which 0 are BUFGs and removed 0 cells.

Phase 7 Shift Register Optimization
INFO: [Opt 31-1064] SRL Remap converted 0 SRLs to 0 registers and converted 0 registers of register chains to 0 SRLs
Phase 7 Shift Register Optimization | Checksum: 1d1a9380d

Time (s): cpu = 00:00:00.05 ; elapsed = 00:00:00.05 . Memory (MB): peak = 2819.492 ; gain = 32.016 ; free physical = 2420 ; free virtual = 12858
Shift Register Optimization | Checksum: 1d1a9380d
INFO: [Opt 31-389] Phase Shift Register Optimization created 0 cells and removed 0 cells

Phase 8 Post Processing Netlist
Phase 8 Post Processing Netlist | Checksum: 1d1a9380d

Time (s): cpu = 00:00:00.06 ; elapsed = 00:00:00.05 . Memory (MB): peak = 2819.492 ; gain = 32.016 ; free physical = 2420 ; free virtual = 12858
Post Processing Netlist | Checksum: 1d1a9380d
INFO: [Opt 31-389] Phase Post Processing Netlist created 0 cells and removed 0 cells
INFO: [Opt 31-1021] In phase Post Processing Netlist, 2 netlist objects are constrained preventing optimization. Please run opt_design with -debug_log to get more detail. 

Phase 9 Finalization

Phase 9.1 Finalizing Design Cores and Updating Shapes
Phase 9.1 Finalizing Design Cores and Updating Shapes | Checksum: 26b66f2af

Time (s): cpu = 00:00:00.06 ; elapsed = 00:00:00.05 . Memory (MB): peak = 2819.492 ; gain = 32.016 ; free physical = 2420 ; free virtual = 12858

Phase 9.2 Verifying Netlist Connectivity

Starting Connectivity Check Task

Time (s): cpu = 00:00:00 ; elapsed = 00:00:00.01 . Memory (MB): peak = 2819.492 ; gain = 0.000 ; free physical = 2420 ; free virtual = 12858
Phase 9.2 Verifying Netlist Connectivity | Checksum: 26b66f2af

Time (s): cpu = 00:00:00.06 ; elapsed = 00:00:00.06 . Memory (MB): peak = 2819.492 ; gain = 32.016 ; free physical = 2420 ; free virtual = 12858
Phase 9 Finalization | Checksum: 26b66f2af

Time (s): cpu = 00:00:00.06 ; elapsed = 00:00:00.06 . Memory (MB): peak = 2819.492 ; gain = 32.016 ; free physical = 2420 ; free virtual = 12858
Opt_design Change Summary
=========================


-------------------------------------------------------------------------------------------------------------------------
|  Phase                        |  #Cells created  |  #Cells Removed  |  #Constrained objects preventing optimizations  |
-------------------------------------------------------------------------------------------------------------------------
|  Retarget                     |               0  |               1  |                                              2  |
|  Constant propagation         |               0  |               0  |                                              2  |
|  Sweep                        |               0  |               1  |                                             10  |
|  BUFG optimization            |               0  |               0  |                                              0  |
|  Shift Register Optimization  |               0  |               0  |                                              0  |
|  Post Processing Netlist      |               0  |               0  |                                              2  |
-------------------------------------------------------------------------------------------------------------------------


Ending Logic Optimization Task | Checksum: 26b66f2af

Time (s): cpu = 00:00:00.06 ; elapsed = 00:00:00.06 . Memory (MB): peak = 2819.492 ; gain = 32.016 ; free physical = 2420 ; free virtual = 12858

Starting Power Optimization Task
INFO: [Pwropt 34-132] Skipping clock gating for clocks with a period < 2.00 ns.
INFO: [Pwropt 34-9] Applying IDT optimizations ...
INFO: [Pwropt 34-10] Applying ODC optimizations ...
INFO: [Timing 38-35] Done setting XDC timing constraints.
WARNING: [Power 33-232] No user defined clocks were found in the design! Power estimation will be inaccurate until this is corrected.
Resolution: Please specify clocks using create_clock/create_generated_clock for sequential elements. For pure combinatorial circuits, please specify a virtual clock, otherwise the vectorless estimation might be inaccurate
Running Vector-less Activity Propagation...

Finished Running Vector-less Activity Propagation


Starting PowerOpt Patch Enables Task
INFO: [Pwropt 34-162] WRITE_MODE attribute of 0 BRAM(s) out of a total of 1 has been updated to save power. Run report_power_opt to get a complete listing of the BRAMs updated.
INFO: [Pwropt 34-201] Structural ODC has moved 0 WE to EN ports
Number of BRAM Ports augmented: 0 newly gated: 0 Total Ports: 2
Ending PowerOpt Patch Enables Task | Checksum: 26b66f2af

Time (s): cpu = 00:00:00.01 ; elapsed = 00:00:00.01 . Memory (MB): peak = 3060.375 ; gain = 0.000 ; free physical = 2341 ; free virtual = 12778
Ending Power Optimization Task | Checksum: 26b66f2af

Time (s): cpu = 00:00:00.44 ; elapsed = 00:00:00.38 . Memory (MB): peak = 3060.375 ; gain = 240.883 ; free physical = 2341 ; free virtual = 12778

Starting Final Cleanup Task
Ending Final Cleanup Task | Checksum: 26b66f2af

Time (s): cpu = 00:00:00 ; elapsed = 00:00:00 . Memory (MB): peak = 3060.375 ; gain = 0.000 ; free physical = 2341 ; free virtual = 12778

Starting Netlist Obfuscation Task
Netlist sorting complete. Time (s): cpu = 00:00:00 ; elapsed = 00:00:00 . Memory (MB): peak = 3060.375 ; gain = 0.000 ; free physical = 2341 ; free virtual = 12778
Ending Netlist Obfuscation Task | Checksum: 26b66f2af

Time (s): cpu = 00:00:00 ; elapsed = 00:00:00 . Memory (MB): peak = 3060.375 ; gain = 0.000 ; free physical = 2341 ; free virtual = 12778
INFO: [Common 17-83] Releasing license: Implementation
38 Infos, 1 Warnings, 0 Critical Warnings and 0 Errors encountered.
opt_design completed successfully
opt_design: Time (s): cpu = 00:00:13 ; elapsed = 00:00:10 . Memory (MB): peak = 3060.375 ; gain = 1112.547 ; free physical = 2341 ; free virtual = 12778
INFO: [Vivado 12-24828] Executing command : report_drc -file ps2_peripherals_showcase_drc_opted.rpt -pb ps2_peripherals_showcase_drc_opted.pb -rpx ps2_peripherals_showcase_drc_opted.rpx
Command: report_drc -file ps2_peripherals_showcase_drc_opted.rpt -pb ps2_peripherals_showcase_drc_opted.pb -rpx ps2_peripherals_showcase_drc_opted.rpx
INFO: [IP_Flow 19-1839] IP Catalog is up to date.
INFO: [DRC 23-27] Running DRC with 8 threads
INFO: [Vivado_Tcl 2-168] The results of DRC are in file /home/diana/Downloads/PS2_keyboardbus/PS2_keyboard/project_1.runs/impl_1/ps2_peripherals_showcase_drc_opted.rpt.
report_drc completed successfully
INFO: [Timing 38-480] Writing timing data to binary archive.
Write ShapeDB Complete: Time (s): cpu = 00:00:00.01 ; elapsed = 00:00:00 . Memory (MB): peak = 3060.375 ; gain = 0.000 ; free physical = 2309 ; free virtual = 12747
Wrote PlaceDB: Time (s): cpu = 00:00:00 ; elapsed = 00:00:00.01 . Memory (MB): peak = 3060.375 ; gain = 0.000 ; free physical = 2309 ; free virtual = 12747
Wrote PulsedLatchDB: Time (s): cpu = 00:00:00 ; elapsed = 00:00:00 . Memory (MB): peak = 3060.375 ; gain = 0.000 ; free physical = 2309 ; free virtual = 12747
Writing XDEF routing.
Writing XDEF routing logical nets.
Writing XDEF routing special nets.
Wrote RouteStorage: Time (s): cpu = 00:00:00.07 ; elapsed = 00:00:00.02 . Memory (MB): peak = 3060.375 ; gain = 0.000 ; free physical = 2309 ; free virtual = 12747
Wrote Netlist Cache: Time (s): cpu = 00:00:00 ; elapsed = 00:00:00 . Memory (MB): peak = 3060.375 ; gain = 0.000 ; free physical = 2309 ; free virtual = 12747
Wrote Device Cache: Time (s): cpu = 00:00:00.02 ; elapsed = 00:00:00.01 . Memory (MB): peak = 3060.375 ; gain = 0.000 ; free physical = 2308 ; free virtual = 12747
Write Physdb Complete: Time (s): cpu = 00:00:00.1 ; elapsed = 00:00:00.04 . Memory (MB): peak = 3060.375 ; gain = 0.000 ; free physical = 2308 ; free virtual = 12747
INFO: [Common 17-1381] The checkpoint '/home/diana/Downloads/PS2_keyboardbus/PS2_keyboard/project_1.runs/impl_1/ps2_peripherals_showcase_opt.dcp' has been generated.
Command: place_design
Attempting to get a license for feature 'Implementation' and/or device 'xc7z010'
INFO: [Common 17-349] Got license for feature 'Implementation' and/or device 'xc7z010'
INFO: [Common 17-83] Releasing license: Implementation
INFO: [DRC 23-27] Running DRC with 8 threads
INFO: [Vivado_Tcl 4-198] DRC finished with 0 Errors
INFO: [Vivado_Tcl 4-199] Please refer to the DRC report (report_drc) for more information.
Running DRC as a precondition to command place_design
INFO: [DRC 23-27] Running DRC with 8 threads
INFO: [Vivado_Tcl 4-198] DRC finished with 0 Errors
INFO: [Vivado_Tcl 4-199] Please refer to the DRC report (report_drc) for more information.
INFO: [Place 30-611] Multithreading enabled for place_design using a maximum of 8 CPUs

Starting Placer Task

Phase 1 Placer Initialization

Phase 1.1 Placer Initialization Netlist Sorting
Netlist sorting complete. Time (s): cpu = 00:00:00 ; elapsed = 00:00:00 . Memory (MB): peak = 3060.375 ; gain = 0.000 ; free physical = 2283 ; free virtual = 12721
Phase 1.1 Placer Initialization Netlist Sorting | Checksum: 16ed3cce7

Time (s): cpu = 00:00:00 ; elapsed = 00:00:00 . Memory (MB): peak = 3060.375 ; gain = 0.000 ; free physical = 2283 ; free virtual = 12721
Netlist sorting complete. Time (s): cpu = 00:00:00 ; elapsed = 00:00:00 . Memory (MB): peak = 3060.375 ; gain = 0.000 ; free physical = 2283 ; free virtual = 12721

Phase 1.2 IO Placement/ Clock Placement/ Build Placer Device
INFO: [Timing 38-35] Done setting XDC timing constraints.
Phase 1.2 IO Placement/ Clock Placement/ Build Placer Device | Checksum: 1e6cb3278

Time (s): cpu = 00:00:00.4 ; elapsed = 00:00:00.14 . Memory (MB): peak = 3060.375 ; gain = 0.000 ; free physical = 2279 ; free virtual = 12717

Phase 1.3 Build Placer Netlist Model
Phase 1.3 Build Placer Netlist Model | Checksum: 2cee0e64a

Time (s): cpu = 00:00:00.57 ; elapsed = 00:00:00.17 . Memory (MB): peak = 3060.375 ; gain = 0.000 ; free physical = 2279 ; free virtual = 12717

Phase 1.4 Constrain Clocks/Macros
Phase 1.4 Constrain Clocks/Macros | Checksum: 2cee0e64a

Time (s): cpu = 00:00:00.57 ; elapsed = 00:00:00.18 . Memory (MB): peak = 3060.375 ; gain = 0.000 ; free physical = 2279 ; free virtual = 12717
Phase 1 Placer Initialization | Checksum: 2cee0e64a

Time (s): cpu = 00:00:00.58 ; elapsed = 00:00:00.18 . Memory (MB): peak = 3060.375 ; gain = 0.000 ; free physical = 2279 ; free virtual = 12717

Phase 2 Global Placement

Phase 2.1 Floorplanning
Phase 2.1 Floorplanning | Checksum: 2cee0e64a

Time (s): cpu = 00:00:00.58 ; elapsed = 00:00:00.18 . Memory (MB): peak = 3060.375 ; gain = 0.000 ; free physical = 2279 ; free virtual = 12717

Phase 2.2 Update Timing before SLR Path Opt
Phase 2.2 Update Timing before SLR Path Opt | Checksum: 2cee0e64a

Time (s): cpu = 00:00:00.58 ; elapsed = 00:00:00.18 . Memory (MB): peak = 3060.375 ; gain = 0.000 ; free physical = 2279 ; free virtual = 12717

Phase 2.3 Post-Processing in Floorplanning
Phase 2.3 Post-Processing in Floorplanning | Checksum: 2cee0e64a

Time (s): cpu = 00:00:00.59 ; elapsed = 00:00:00.18 . Memory (MB): peak = 3060.375 ; gain = 0.000 ; free physical = 2279 ; free virtual = 12717

Phase 2.4 Global Place Phase1
Phase 2.4 Global Place Phase1 | Checksum: 21eb31d9e

Time (s): cpu = 00:00:02 ; elapsed = 00:00:00.45 . Memory (MB): peak = 3060.375 ; gain = 0.000 ; free physical = 2310 ; free virtual = 12747

Phase 2.5 Global Place Phase2
WARNING: [Place 46-29] Timing had been disabled during Placer and, therefore, physical synthesis in Placer will be skipped.
Phase 2.5 Global Place Phase2 | Checksum: 216a2895b

Time (s): cpu = 00:00:02 ; elapsed = 00:00:00.5 . Memory (MB): peak = 3060.375 ; gain = 0.000 ; free physical = 2309 ; free virtual = 12747
Phase 2 Global Placement | Checksum: 216a2895b

Time (s): cpu = 00:00:02 ; elapsed = 00:00:00.5 . Memory (MB): peak = 3060.375 ; gain = 0.000 ; free physical = 2309 ; free virtual = 12747

Phase 3 Detail Placement

Phase 3.1 Commit Multi Column Macros
Phase 3.1 Commit Multi Column Macros | Checksum: 216a2895b

Time (s): cpu = 00:00:02 ; elapsed = 00:00:00.5 . Memory (MB): peak = 3060.375 ; gain = 0.000 ; free physical = 2309 ; free virtual = 12747

Phase 3.2 Commit Most Macros & LUTRAMs
Phase 3.2 Commit Most Macros & LUTRAMs | Checksum: 21f88311a

Time (s): cpu = 00:00:02 ; elapsed = 00:00:00.51 . Memory (MB): peak = 3060.375 ; gain = 0.000 ; free physical = 2309 ; free virtual = 12747

Phase 3.3 Area Swap Optimization
Phase 3.3 Area Swap Optimization | Checksum: 1e673cbfa

Time (s): cpu = 00:00:02 ; elapsed = 00:00:00.51 . Memory (MB): peak = 3060.375 ; gain = 0.000 ; free physical = 2309 ; free virtual = 12747

Phase 3.4 Pipeline Register Optimization
Phase 3.4 Pipeline Register Optimization | Checksum: 1e673cbfa

Time (s): cpu = 00:00:02 ; elapsed = 00:00:00.51 . Memory (MB): peak = 3060.375 ; gain = 0.000 ; free physical = 2309 ; free virtual = 12747

Phase 3.5 Small Shape Detail Placement
Phase 3.5 Small Shape Detail Placement | Checksum: 1f68ee36d

Time (s): cpu = 00:00:03 ; elapsed = 00:00:00.6 . Memory (MB): peak = 3060.375 ; gain = 0.000 ; free physical = 2307 ; free virtual = 12745

Phase 3.6 Re-assign LUT pins
Phase 3.6 Re-assign LUT pins | Checksum: 1f68ee36d

Time (s): cpu = 00:00:03 ; elapsed = 00:00:00.61 . Memory (MB): peak = 3060.375 ; gain = 0.000 ; free physical = 2307 ; free virtual = 12745

Phase 3.7 Pipeline Register Optimization
Phase 3.7 Pipeline Register Optimization | Checksum: 1f68ee36d

Time (s): cpu = 00:00:03 ; elapsed = 00:00:00.61 . Memory (MB): peak = 3060.375 ; gain = 0.000 ; free physical = 2307 ; free virtual = 12745
Phase 3 Detail Placement | Checksum: 1f68ee36d

Time (s): cpu = 00:00:03 ; elapsed = 00:00:00.61 . Memory (MB): peak = 3060.375 ; gain = 0.000 ; free physical = 2307 ; free virtual = 12745

Phase 4 Post Placement Optimization and Clean-Up

Phase 4.1 Post Commit Optimization
Phase 4.1 Post Commit Optimization | Checksum: 1f68ee36d

Time (s): cpu = 00:00:03 ; elapsed = 00:00:00.63 . Memory (MB): peak = 3060.375 ; gain = 0.000 ; free physical = 2307 ; free virtual = 12745

Phase 4.2 Post Placement Cleanup
Phase 4.2 Post Placement Cleanup | Checksum: 1f68ee36d

Time (s): cpu = 00:00:03 ; elapsed = 00:00:00.64 . Memory (MB): peak = 3060.375 ; gain = 0.000 ; free physical = 2307 ; free virtual = 12745

Phase 4.3 Placer Reporting

Phase 4.3.1 Print Estimated Congestion
INFO: [Place 30-612] Post-Placement Estimated Congestion 
 ____________________________________________________
|           | Global Congestion | Short Congestion  |
| Direction | Region Size       | Region Size       |
|___________|___________________|___________________|
|      North|                1x1|                1x1|
|___________|___________________|___________________|
|      South|                1x1|                1x1|
|___________|___________________|___________________|
|       East|                1x1|                1x1|
|___________|___________________|___________________|
|       West|                1x1|                1x1|
|___________|___________________|___________________|

Phase 4.3.1 Print Estimated Congestion | Checksum: 1f68ee36d

Time (s): cpu = 00:00:03 ; elapsed = 00:00:00.64 . Memory (MB): peak = 3060.375 ; gain = 0.000 ; free physical = 2307 ; free virtual = 12745
Phase 4.3 Placer Reporting | Checksum: 1f68ee36d

Time (s): cpu = 00:00:03 ; elapsed = 00:00:00.65 . Memory (MB): peak = 3060.375 ; gain = 0.000 ; free physical = 2307 ; free virtual = 12745

Phase 4.4 Final Placement Cleanup
Netlist sorting complete. Time (s): cpu = 00:00:00 ; elapsed = 00:00:00 . Memory (MB): peak = 3060.375 ; gain = 0.000 ; free physical = 2307 ; free virtual = 12745

Time (s): cpu = 00:00:03 ; elapsed = 00:00:00.65 . Memory (MB): peak = 3060.375 ; gain = 0.000 ; free physical = 2307 ; free virtual = 12745
Phase 4 Post Placement Optimization and Clean-Up | Checksum: 1ca02ae49

Time (s): cpu = 00:00:03 ; elapsed = 00:00:00.65 . Memory (MB): peak = 3060.375 ; gain = 0.000 ; free physical = 2307 ; free virtual = 12745
Ending Placer Task | Checksum: 14bb74495

Time (s): cpu = 00:00:03 ; elapsed = 00:00:00.65 . Memory (MB): peak = 3060.375 ; gain = 0.000 ; free physical = 2307 ; free virtual = 12745
55 Infos, 2 Warnings, 0 Critical Warnings and 0 Errors encountered.
place_design completed successfully
INFO: [Vivado 12-24838] Running report commands "report_control_sets, report_io, report_utilization" in parallel.
Running report generation with 3 threads.
INFO: [Vivado 12-24828] Executing command : report_utilization -file ps2_peripherals_showcase_utilization_placed.rpt -pb ps2_peripherals_showcase_utilization_placed.pb
INFO: [Vivado 12-24828] Executing command : report_control_sets -verbose -file ps2_peripherals_showcase_control_sets_placed.rpt
report_control_sets: Time (s): cpu = 00:00:00.07 ; elapsed = 00:00:00.11 . Memory (MB): peak = 3060.375 ; gain = 0.000 ; free physical = 2287 ; free virtual = 12725
INFO: [Vivado 12-24828] Executing command : report_io -file ps2_peripherals_showcase_io_placed.rpt
report_io: Time (s): cpu = 00:00:00.21 ; elapsed = 00:00:00.24 . Memory (MB): peak = 3060.375 ; gain = 0.000 ; free physical = 2279 ; free virtual = 12717
INFO: [Timing 38-480] Writing timing data to binary archive.
Write ShapeDB Complete: Time (s): cpu = 00:00:00.01 ; elapsed = 00:00:00 . Memory (MB): peak = 3060.375 ; gain = 0.000 ; free physical = 2279 ; free virtual = 12717
Wrote PlaceDB: Time (s): cpu = 00:00:00.04 ; elapsed = 00:00:00.01 . Memory (MB): peak = 3060.375 ; gain = 0.000 ; free physical = 2279 ; free virtual = 12717
Wrote PulsedLatchDB: Time (s): cpu = 00:00:00 ; elapsed = 00:00:00 . Memory (MB): peak = 3060.375 ; gain = 0.000 ; free physical = 2279 ; free virtual = 12717
Writing XDEF routing.
Writing XDEF routing logical nets.
Writing XDEF routing special nets.
Wrote RouteStorage: Time (s): cpu = 00:00:00.04 ; elapsed = 00:00:00.02 . Memory (MB): peak = 3060.375 ; gain = 0.000 ; free physical = 2279 ; free virtual = 12717
Wrote Netlist Cache: Time (s): cpu = 00:00:00 ; elapsed = 00:00:00 . Memory (MB): peak = 3060.375 ; gain = 0.000 ; free physical = 2279 ; free virtual = 12717
Wrote Device Cache: Time (s): cpu = 00:00:00.01 ; elapsed = 00:00:00 . Memory (MB): peak = 3060.375 ; gain = 0.000 ; free physical = 2278 ; free virtual = 12717
Write Physdb Complete: Time (s): cpu = 00:00:00.11 ; elapsed = 00:00:00.04 . Memory (MB): peak = 3060.375 ; gain = 0.000 ; free physical = 2278 ; free virtual = 12717
INFO: [Common 17-1381] The checkpoint '/home/diana/Downloads/PS2_keyboardbus/PS2_keyboard/project_1.runs/impl_1/ps2_peripherals_showcase_placed.dcp' has been generated.
Command: phys_opt_design
Attempting to get a license for feature 'Implementation' and/or device 'xc7z010'
INFO: [Common 17-349] Got license for feature 'Implementation' and/or device 'xc7z010'

Starting Initial Update Timing Task

Time (s): cpu = 00:00:00.02 ; elapsed = 00:00:00.02 . Memory (MB): peak = 3060.375 ; gain = 0.000 ; free physical = 2273 ; free virtual = 12712
INFO: [Vivado_Tcl 4-235] No timing constraint found. The netlist was not modified.
INFO: [Common 17-83] Releasing license: Implementation
64 Infos, 2 Warnings, 0 Critical Warnings and 0 Errors encountered.
phys_opt_design completed successfully
INFO: [Timing 38-480] Writing timing data to binary archive.
Write ShapeDB Complete: Time (s): cpu = 00:00:00.01 ; elapsed = 00:00:00.01 . Memory (MB): peak = 3060.375 ; gain = 0.000 ; free physical = 2273 ; free virtual = 12712
Wrote PlaceDB: Time (s): cpu = 00:00:00.03 ; elapsed = 00:00:00.01 . Memory (MB): peak = 3060.375 ; gain = 0.000 ; free physical = 2273 ; free virtual = 12712
Wrote PulsedLatchDB: Time (s): cpu = 00:00:00 ; elapsed = 00:00:00 . Memory (MB): peak = 3060.375 ; gain = 0.000 ; free physical = 2273 ; free virtual = 12712
Writing XDEF routing.
Writing XDEF routing logical nets.
Writing XDEF routing special nets.
Wrote RouteStorage: Time (s): cpu = 00:00:00.06 ; elapsed = 00:00:00.02 . Memory (MB): peak = 3060.375 ; gain = 0.000 ; free physical = 2268 ; free virtual = 12707
Wrote Netlist Cache: Time (s): cpu = 00:00:00 ; elapsed = 00:00:00 . Memory (MB): peak = 3060.375 ; gain = 0.000 ; free physical = 2268 ; free virtual = 12707
Wrote Device Cache: Time (s): cpu = 00:00:00.01 ; elapsed = 00:00:00.01 . Memory (MB): peak = 3060.375 ; gain = 0.000 ; free physical = 2267 ; free virtual = 12707
Write Physdb Complete: Time (s): cpu = 00:00:00.11 ; elapsed = 00:00:00.04 . Memory (MB): peak = 3060.375 ; gain = 0.000 ; free physical = 2267 ; free virtual = 12707
INFO: [Common 17-1381] The checkpoint '/home/diana/Downloads/PS2_keyboardbus/PS2_keyboard/project_1.runs/impl_1/ps2_peripherals_showcase_physopt.dcp' has been generated.
Command: route_design
Attempting to get a license for feature 'Implementation' and/or device 'xc7z010'
INFO: [Common 17-349] Got license for feature 'Implementation' and/or device 'xc7z010'


Starting Routing Task
INFO: [Route 35-254] Multithreading enabled for route_design using a maximum of 8 CPUs

Phase 1 Build RT Design
Checksum: PlaceDB: 5ebe0067 ConstDB: 0 ShapeSum: 8360ed03 RouteDB: 6998572b
Post Restoration Checksum: NetGraph: ff8baed7 | NumContArr: 11245222 | Constraints: c2a8fa9d | Timing: c2a8fa9d
Phase 1 Build RT Design | Checksum: 29601f633

Time (s): cpu = 00:00:11 ; elapsed = 00:00:09 . Memory (MB): peak = 3060.375 ; gain = 0.000 ; free physical = 2238 ; free virtual = 12677

Phase 2 Router Initialization
INFO: [Route 35-64] No timing constraints were detected. The router will operate in resource-optimization mode.

Phase 2.1 Fix Topology Constraints
Phase 2.1 Fix Topology Constraints | Checksum: 29601f633

Time (s): cpu = 00:00:11 ; elapsed = 00:00:09 . Memory (MB): peak = 3060.375 ; gain = 0.000 ; free physical = 2223 ; free virtual = 12662

Phase 2.2 Pre Route Cleanup
Phase 2.2 Pre Route Cleanup | Checksum: 29601f633

Time (s): cpu = 00:00:11 ; elapsed = 00:00:09 . Memory (MB): peak = 3060.375 ; gain = 0.000 ; free physical = 2223 ; free virtual = 12662
 Number of Nodes with overlaps = 0

Router Utilization Summary
  Global Vertical Routing Utilization    = 0 %
  Global Horizontal Routing Utilization  = 0 %
  Routable Net Status*
  *Does not include unroutable nets such as driverless and loadless.
  Run report_route_status for detailed report.
  Number of Failed Nets               = 123
    (Failed Nets is the sum of unrouted and partially routed nets)
  Number of Unrouted Nets             = 123
  Number of Partially Routed Nets     = 0
  Number of Node Overlaps             = 0

Phase 2 Router Initialization | Checksum: 23f2ce16e

Time (s): cpu = 00:00:11 ; elapsed = 00:00:10 . Memory (MB): peak = 3060.375 ; gain = 0.000 ; free physical = 2222 ; free virtual = 12661

Phase 3 Global Routing
Phase 3 Global Routing | Checksum: 23f2ce16e

Time (s): cpu = 00:00:11 ; elapsed = 00:00:10 . Memory (MB): peak = 3060.375 ; gain = 0.000 ; free physical = 2222 ; free virtual = 12661

Phase 4 Initial Routing

Phase 4.1 Initial Net Routing Pass
Phase 4.1 Initial Net Routing Pass | Checksum: 1c0e00d8c

Time (s): cpu = 00:00:11 ; elapsed = 00:00:10 . Memory (MB): peak = 3060.375 ; gain = 0.000 ; free physical = 2224 ; free virtual = 12662
Phase 4 Initial Routing | Checksum: 1c0e00d8c

Time (s): cpu = 00:00:11 ; elapsed = 00:00:10 . Memory (MB): peak = 3060.375 ; gain = 0.000 ; free physical = 2224 ; free virtual = 12662

Phase 5 Rip-up And Reroute

Phase 5.1 Global Iteration 0
 Number of Nodes with overlaps = 4
 Number of Nodes with overlaps = 0
Phase 5.1 Global Iteration 0 | Checksum: 2ad89aa84

Time (s): cpu = 00:00:11 ; elapsed = 00:00:10 . Memory (MB): peak = 3060.375 ; gain = 0.000 ; free physical = 2224 ; free virtual = 12663
Phase 5 Rip-up And Reroute | Checksum: 2ad89aa84

Time (s): cpu = 00:00:11 ; elapsed = 00:00:10 . Memory (MB): peak = 3060.375 ; gain = 0.000 ; free physical = 2224 ; free virtual = 12663

Phase 6 Delay and Skew Optimization
Phase 6 Delay and Skew Optimization | Checksum: 2ad89aa84

Time (s): cpu = 00:00:11 ; elapsed = 00:00:10 . Memory (MB): peak = 3060.375 ; gain = 0.000 ; free physical = 2224 ; free virtual = 12663

Phase 7 Post Hold Fix

Phase 7.1 Hold Fix Iter
Phase 7.1 Hold Fix Iter | Checksum: 2ad89aa84

Time (s): cpu = 00:00:11 ; elapsed = 00:00:10 . Memory (MB): peak = 3060.375 ; gain = 0.000 ; free physical = 2224 ; free virtual = 12663
Phase 7 Post Hold Fix | Checksum: 2ad89aa84

Time (s): cpu = 00:00:11 ; elapsed = 00:00:10 . Memory (MB): peak = 3060.375 ; gain = 0.000 ; free physical = 2224 ; free virtual = 12663

Phase 8 Route finalize

Router Utilization Summary
  Global Vertical Routing Utilization    = 0.0681306 %
  Global Horizontal Routing Utilization  = 0.0512408 %
  Routable Net Status*
  *Does not include unroutable nets such as driverless and loadless.
  Run report_route_status for detailed report.
  Number of Failed Nets               = 0
    (Failed Nets is the sum of unrouted and partially routed nets)
  Number of Unrouted Nets             = 0
  Number of Partially Routed Nets     = 0
  Number of Node Overlaps             = 0


--GLOBAL Congestion:
Utilization threshold used for congestion level computation: 0.85
Congestion Report
North Dir 1x1 Area, Max Cong = 9.00901%, No Congested Regions.
South Dir 1x1 Area, Max Cong = 21.6216%, No Congested Regions.
East Dir 1x1 Area, Max Cong = 17.6471%, No Congested Regions.
West Dir 1x1 Area, Max Cong = 11.7647%, No Congested Regions.

------------------------------
Reporting congestion hotspots
------------------------------
Direction: North
----------------
Congested clusters found at Level 0
Effective congestion level: 0 Aspect Ratio: 1 Sparse Ratio: 0
Direction: South
----------------
Congested clusters found at Level 0
Effective congestion level: 0 Aspect Ratio: 1 Sparse Ratio: 0
Direction: East
----------------
Congested clusters found at Level 0
Effective congestion level: 0 Aspect Ratio: 1 Sparse Ratio: 0
Direction: West
----------------
Congested clusters found at Level 0
Effective congestion level: 0 Aspect Ratio: 1 Sparse Ratio: 0

Phase 8 Route finalize | Checksum: 2ad89aa84

Time (s): cpu = 00:00:11 ; elapsed = 00:00:10 . Memory (MB): peak = 3060.375 ; gain = 0.000 ; free physical = 2223 ; free virtual = 12662

Phase 9 Verifying routed nets

 Verification completed successfully
Phase 9 Verifying routed nets | Checksum: 2ad89aa84

Time (s): cpu = 00:00:11 ; elapsed = 00:00:10 . Memory (MB): peak = 3060.375 ; gain = 0.000 ; free physical = 2223 ; free virtual = 12662

Phase 10 Depositing Routes
Phase 10 Depositing Routes | Checksum: 228f5f833

Time (s): cpu = 00:00:11 ; elapsed = 00:00:10 . Memory (MB): peak = 3060.375 ; gain = 0.000 ; free physical = 2223 ; free virtual = 12662

Phase 11 Post Process Routing
Phase 11 Post Process Routing | Checksum: 228f5f833

Time (s): cpu = 00:00:11 ; elapsed = 00:00:10 . Memory (MB): peak = 3060.375 ; gain = 0.000 ; free physical = 2223 ; free virtual = 12662
Total Elapsed time in route_design: 9.71 secs

Phase 12 Post-Route Event Processing
Phase 12 Post-Route Event Processing | Checksum: 17b7a91e9

Time (s): cpu = 00:00:11 ; elapsed = 00:00:10 . Memory (MB): peak = 3060.375 ; gain = 0.000 ; free physical = 2223 ; free virtual = 12662
INFO: [Route 35-16] Router Completed Successfully
Ending Routing Task | Checksum: 17b7a91e9

Time (s): cpu = 00:00:11 ; elapsed = 00:00:10 . Memory (MB): peak = 3060.375 ; gain = 0.000 ; free physical = 2223 ; free virtual = 12662

Routing Is Done.
INFO: [Common 17-83] Releasing license: Implementation
71 Infos, 2 Warnings, 0 Critical Warnings and 0 Errors encountered.
route_design completed successfully
route_design: Time (s): cpu = 00:00:11 ; elapsed = 00:00:10 . Memory (MB): peak = 3060.375 ; gain = 0.000 ; free physical = 2223 ; free virtual = 12662
INFO: [Vivado 12-24828] Executing command : report_drc -file ps2_peripherals_showcase_drc_routed.rpt -pb ps2_peripherals_showcase_drc_routed.pb -rpx ps2_peripherals_showcase_drc_routed.rpx
Command: report_drc -file ps2_peripherals_showcase_drc_routed.rpt -pb ps2_peripherals_showcase_drc_routed.pb -rpx ps2_peripherals_showcase_drc_routed.rpx
INFO: [IP_Flow 19-1839] IP Catalog is up to date.
INFO: [DRC 23-27] Running DRC with 8 threads
INFO: [Vivado_Tcl 2-168] The results of DRC are in file /home/diana/Downloads/PS2_keyboardbus/PS2_keyboard/project_1.runs/impl_1/ps2_peripherals_showcase_drc_routed.rpt.
report_drc completed successfully
INFO: [Vivado 12-24828] Executing command : report_methodology -file ps2_peripherals_showcase_methodology_drc_routed.rpt -pb ps2_peripherals_showcase_methodology_drc_routed.pb -rpx ps2_peripherals_showcase_methodology_drc_routed.rpx
Command: report_methodology -file ps2_peripherals_showcase_methodology_drc_routed.rpt -pb ps2_peripherals_showcase_methodology_drc_routed.pb -rpx ps2_peripherals_showcase_methodology_drc_routed.rpx
INFO: [Timing 38-35] Done setting XDC timing constraints.
INFO: [DRC 23-133] Running Methodology with 8 threads
INFO: [Vivado_Tcl 2-1520] The results of Report Methodology are in file /home/diana/Downloads/PS2_keyboardbus/PS2_keyboard/project_1.runs/impl_1/ps2_peripherals_showcase_methodology_drc_routed.rpt.
report_methodology completed successfully
INFO: [Vivado 12-24828] Executing command : report_timing_summary -max_paths 10 -report_unconstrained -file ps2_peripherals_showcase_timing_summary_routed.rpt -pb ps2_peripherals_showcase_timing_summary_routed.pb -rpx ps2_peripherals_showcase_timing_summary_routed.rpx -warn_on_violation 
INFO: [Timing 38-35] Done setting XDC timing constraints.
INFO: [Timing 38-91] UpdateTimingParams: Speed grade: -1, Delay Type: min_max.
INFO: [Timing 38-191] Multithreading enabled for timing update using a maximum of 8 CPUs
WARNING: [Timing 38-313] There are no user specified timing constraints. Timing constraints are needed for proper timing analysis.
INFO: [Vivado 12-24838] Running report commands "report_bus_skew, report_incremental_reuse, report_route_status" in parallel.
Running report generation with 3 threads.
INFO: [Vivado 12-24828] Executing command : report_route_status -file ps2_peripherals_showcase_route_status.rpt -pb ps2_peripherals_showcase_route_status.pb
INFO: [Vivado 12-24828] Executing command : report_incremental_reuse -file ps2_peripherals_showcase_incremental_reuse_routed.rpt
INFO: [Vivado_Tcl 4-1062] Incremental flow is disabled. No incremental reuse Info to report.
INFO: [Vivado 12-24828] Executing command : report_bus_skew -warn_on_violation -file ps2_peripherals_showcase_bus_skew_routed.rpt -pb ps2_peripherals_showcase_bus_skew_routed.pb -rpx ps2_peripherals_showcase_bus_skew_routed.rpx
INFO: [Timing 38-91] UpdateTimingParams: Speed grade: -1, Delay Type: min_max.
INFO: [Timing 38-191] Multithreading enabled for timing update using a maximum of 8 CPUs
INFO: [Vivado 12-24828] Executing command : report_power -file ps2_peripherals_showcase_power_routed.rpt -pb ps2_peripherals_showcase_power_summary_routed.pb -rpx ps2_peripherals_showcase_power_routed.rpx
Command: report_power -file ps2_peripherals_showcase_power_routed.rpt -pb ps2_peripherals_showcase_power_summary_routed.pb -rpx ps2_peripherals_showcase_power_routed.rpx
WARNING: [Power 33-232] No user defined clocks were found in the design! Power estimation will be inaccurate until this is corrected.
Resolution: Please specify clocks using create_clock/create_generated_clock for sequential elements. For pure combinatorial circuits, please specify a virtual clock, otherwise the vectorless estimation might be inaccurate
Running Vector-less Activity Propagation...

Finished Running Vector-less Activity Propagation
91 Infos, 4 Warnings, 0 Critical Warnings and 0 Errors encountered.
report_power completed successfully
INFO: [Vivado 12-24828] Executing command : report_clock_utilization -file ps2_peripherals_showcase_clock_utilization_routed.rpt
generate_parallel_reports: Time (s): cpu = 00:00:31 ; elapsed = 00:00:06 . Memory (MB): peak = 3122.309 ; gain = 61.934 ; free physical = 2104 ; free virtual = 12543
INFO: [Timing 38-480] Writing timing data to binary archive.
Write ShapeDB Complete: Time (s): cpu = 00:00:00 ; elapsed = 00:00:00 . Memory (MB): peak = 3122.309 ; gain = 0.000 ; free physical = 2104 ; free virtual = 12543
Wrote PlaceDB: Time (s): cpu = 00:00:00.03 ; elapsed = 00:00:00 . Memory (MB): peak = 3122.309 ; gain = 0.000 ; free physical = 2104 ; free virtual = 12543
Wrote PulsedLatchDB: Time (s): cpu = 00:00:00 ; elapsed = 00:00:00 . Memory (MB): peak = 3122.309 ; gain = 0.000 ; free physical = 2104 ; free virtual = 12543
Writing XDEF routing.
Writing XDEF routing logical nets.
Writing XDEF routing special nets.
Wrote RouteStorage: Time (s): cpu = 00:00:00.06 ; elapsed = 00:00:00.03 . Memory (MB): peak = 3122.309 ; gain = 0.000 ; free physical = 2104 ; free virtual = 12544
Wrote Netlist Cache: Time (s): cpu = 00:00:00 ; elapsed = 00:00:00 . Memory (MB): peak = 3122.309 ; gain = 0.000 ; free physical = 2104 ; free virtual = 12544
Wrote Device Cache: Time (s): cpu = 00:00:00.02 ; elapsed = 00:00:00.01 . Memory (MB): peak = 3122.309 ; gain = 0.000 ; free physical = 2104 ; free virtual = 12544
Write Physdb Complete: Time (s): cpu = 00:00:00.12 ; elapsed = 00:00:00.05 . Memory (MB): peak = 3122.309 ; gain = 0.000 ; free physical = 2104 ; free virtual = 12544
INFO: [Common 17-1381] The checkpoint '/home/diana/Downloads/PS2_keyboardbus/PS2_keyboard/project_1.runs/impl_1/ps2_peripherals_showcase_routed.dcp' has been generated.
INFO: [Common 17-206] Exiting Vivado at Tue May 27 14:12:06 2025...
