
*** Running vivado
    with args -log top.vdi -applog -m64 -product Vivado -messageDb vivado.pb -mode batch -source top.tcl -notrace


****** Vivado v2024.2 (64-bit)
  **** SW Build 5239630 on Fri Nov 08 22:34:34 MST 2024
  **** IP Build 5239520 on Sun Nov 10 16:12:51 MST 2024
  **** SharedData Build 5239561 on Fri Nov 08 14:39:27 MST 2024
  **** Start of session at: Thu Jun 12 19:20:16 2025
    ** Copyright 1986-2022 Xilinx, Inc. All Rights Reserved.
    ** Copyright 2022-2024 Advanced Micro Devices, Inc. All Rights Reserved.

source top.tcl -notrace
Command: link_design -top top -part xc7z010clg400-1
Design is defaulting to srcset: sources_1
Design is defaulting to constrset: constrs_1
INFO: [Device 21-403] Loading part xc7z010clg400-1
INFO: [Project 1-454] Reading design checkpoint '/home/telmo/Desktop/Vivado/8051/custom_bus/PLLtest.gen/sources_1/ip/fifo_generator_0/fifo_generator_0.dcp' for cell 'ps2/fifo'
INFO: [Project 1-454] Reading design checkpoint '/home/telmo/Desktop/Vivado/8051/custom_bus/PLLtest.gen/sources_1/ip/clk_wiz_0/clk_wiz_0.dcp' for cell 'vga/pll_inst'
INFO: [Project 1-454] Reading design checkpoint '/home/telmo/Desktop/Vivado/8051/custom_bus/PLLtest.gen/sources_1/ip/blk_mem_gen_0/blk_mem_gen_0.dcp' for cell 'vga/img_mem/mem'
INFO: [Project 1-454] Reading design checkpoint '/home/telmo/Desktop/Vivado/8051/custom_bus/PLLtest.gen/sources_1/ip/dist_mem_gen_0/dist_mem_gen_0.dcp' for cell 'vga/img_mem/monoram'
INFO: [Project 1-454] Reading design checkpoint '/home/telmo/Desktop/Vivado/8051/custom_bus/PLLtest.gen/sources_1/ip/dist_mem_gen_1_1/dist_mem_gen_1.dcp' for cell 'vga/text_mod_inst/char_mem'
Netlist sorting complete. Time (s): cpu = 00:00:00.03 ; elapsed = 00:00:00.03 . Memory (MB): peak = 1549.488 ; gain = 0.000 ; free physical = 1809 ; free virtual = 9201
INFO: [Netlist 29-17] Analyzing 790 Unisim elements for replacement
INFO: [Netlist 29-28] Unisim Transformation completed in 0 CPU seconds
INFO: [Project 1-479] Netlist was created with Vivado 2024.2
INFO: [Project 1-570] Preparing netlist for logic optimization
WARNING: [Opt 31-35] Removing redundant IBUF, vga/pll_inst/inst/clkin1_ibufg, from the path connected to top-level port: clk 
Resolution: The tool has removed redundant IBUF. To resolve this warning, check for redundant IBUF in the input design.
WARNING: [Constraints 18-550] Could not create 'IBUF_LOW_PWR' constraint because net 'vga/pll_inst/clk_in1' is not directly connected to top level port. 'IBUF_LOW_PWR' is ignored for synthesis but preserved for implementation.
Parsing XDC File [/home/telmo/Desktop/Vivado/8051/custom_bus/PLLtest.gen/sources_1/ip/fifo_generator_0/fifo_generator_0.xdc] for cell 'ps2/fifo/U0'
Finished Parsing XDC File [/home/telmo/Desktop/Vivado/8051/custom_bus/PLLtest.gen/sources_1/ip/fifo_generator_0/fifo_generator_0.xdc] for cell 'ps2/fifo/U0'
Parsing XDC File [/home/telmo/Desktop/Vivado/8051/custom_bus/PLLtest.gen/sources_1/ip/fifo_generator_0/fifo_generator_0.xdc] for cell 'vga/text_mod_inst/fifo_inst/U0'
Finished Parsing XDC File [/home/telmo/Desktop/Vivado/8051/custom_bus/PLLtest.gen/sources_1/ip/fifo_generator_0/fifo_generator_0.xdc] for cell 'vga/text_mod_inst/fifo_inst/U0'
Parsing XDC File [/home/telmo/Desktop/Vivado/8051/custom_bus/PLLtest.gen/sources_1/ip/clk_wiz_0/clk_wiz_0_board.xdc] for cell 'vga/pll_inst/inst'
Finished Parsing XDC File [/home/telmo/Desktop/Vivado/8051/custom_bus/PLLtest.gen/sources_1/ip/clk_wiz_0/clk_wiz_0_board.xdc] for cell 'vga/pll_inst/inst'
Parsing XDC File [/home/telmo/Desktop/Vivado/8051/custom_bus/PLLtest.gen/sources_1/ip/clk_wiz_0/clk_wiz_0.xdc] for cell 'vga/pll_inst/inst'
INFO: [Timing 38-35] Done setting XDC timing constraints. [/home/telmo/Desktop/Vivado/8051/custom_bus/PLLtest.gen/sources_1/ip/clk_wiz_0/clk_wiz_0.xdc:54]
INFO: [Timing 38-2] Deriving generated clocks [/home/telmo/Desktop/Vivado/8051/custom_bus/PLLtest.gen/sources_1/ip/clk_wiz_0/clk_wiz_0.xdc:54]
get_clocks: Time (s): cpu = 00:00:07 ; elapsed = 00:00:07 . Memory (MB): peak = 2277.875 ; gain = 572.797 ; free physical = 1595 ; free virtual = 8982
Finished Parsing XDC File [/home/telmo/Desktop/Vivado/8051/custom_bus/PLLtest.gen/sources_1/ip/clk_wiz_0/clk_wiz_0.xdc] for cell 'vga/pll_inst/inst'
INFO: [Opt 31-138] Pushed 0 inverter(s) to 0 load pin(s).
Netlist sorting complete. Time (s): cpu = 00:00:00.01 ; elapsed = 00:00:00 . Memory (MB): peak = 2277.875 ; gain = 0.000 ; free physical = 1595 ; free virtual = 8982
INFO: [Project 1-111] Unisim Transformation Summary:
  A total of 450 instances were transformed.
  RAM64M => RAM64M (RAMD64E(x4)): 450 instances

14 Infos, 2 Warnings, 0 Critical Warnings and 0 Errors encountered.
link_design completed successfully
link_design: Time (s): cpu = 00:00:15 ; elapsed = 00:00:15 . Memory (MB): peak = 2277.875 ; gain = 808.699 ; free physical = 1595 ; free virtual = 8982
Command: opt_design
Attempting to get a license for feature 'Implementation' and/or device 'xc7z010'
INFO: [Common 17-349] Got license for feature 'Implementation' and/or device 'xc7z010'
Running DRC as a precondition to command opt_design

Starting DRC Task
INFO: [DRC 23-27] Running DRC with 8 threads
INFO: [Project 1-461] DRC finished with 0 Errors
INFO: [Project 1-462] Please refer to the DRC report (report_drc) for more information.

Time (s): cpu = 00:00:02 ; elapsed = 00:00:00.53 . Memory (MB): peak = 2339.031 ; gain = 61.156 ; free physical = 1515 ; free virtual = 8903

Starting Cache Timing Information Task
INFO: [Timing 38-35] Done setting XDC timing constraints.
Ending Cache Timing Information Task | Checksum: 19c64d6a0

Time (s): cpu = 00:00:00.56 ; elapsed = 00:00:00.22 . Memory (MB): peak = 2339.031 ; gain = 0.000 ; free physical = 1528 ; free virtual = 8915

Starting Logic Optimization Task

Phase 1 Initialization

Phase 1.1 Core Generation And Design Setup
Phase 1.1 Core Generation And Design Setup | Checksum: 19c64d6a0

Time (s): cpu = 00:00:00.01 ; elapsed = 00:00:00.01 . Memory (MB): peak = 2648.930 ; gain = 0.000 ; free physical = 1197 ; free virtual = 8585

Phase 1.2 Setup Constraints And Sort Netlist
Phase 1.2 Setup Constraints And Sort Netlist | Checksum: 19c64d6a0

Time (s): cpu = 00:00:00.02 ; elapsed = 00:00:00.02 . Memory (MB): peak = 2648.930 ; gain = 0.000 ; free physical = 1197 ; free virtual = 8585
Phase 1 Initialization | Checksum: 19c64d6a0

Time (s): cpu = 00:00:00.02 ; elapsed = 00:00:00.02 . Memory (MB): peak = 2648.930 ; gain = 0.000 ; free physical = 1197 ; free virtual = 8585

Phase 2 Timer Update And Timing Data Collection

Phase 2.1 Timer Update
Phase 2.1 Timer Update | Checksum: 19c64d6a0

Time (s): cpu = 00:00:00.25 ; elapsed = 00:00:00.11 . Memory (MB): peak = 2648.930 ; gain = 0.000 ; free physical = 1197 ; free virtual = 8585

Phase 2.2 Timing Data Collection
Phase 2.2 Timing Data Collection | Checksum: 19c64d6a0

Time (s): cpu = 00:00:00.26 ; elapsed = 00:00:00.12 . Memory (MB): peak = 2648.930 ; gain = 0.000 ; free physical = 1196 ; free virtual = 8585
Phase 2 Timer Update And Timing Data Collection | Checksum: 19c64d6a0

Time (s): cpu = 00:00:00.26 ; elapsed = 00:00:00.13 . Memory (MB): peak = 2648.930 ; gain = 0.000 ; free physical = 1196 ; free virtual = 8585

Phase 3 Retarget
INFO: [Opt 31-1851] Number of loadless carry chains removed were: 0
INFO: [Opt 31-1834] Total Chains To Be Transformed Were: 0 AND Number of Transformed insts Created are: 0
INFO: [Opt 31-138] Pushed 1 inverter(s) to 85 load pin(s).
INFO: [Opt 31-49] Retargeted 0 cell(s).
Phase 3 Retarget | Checksum: 1f6c46021

Time (s): cpu = 00:00:00.37 ; elapsed = 00:00:00.21 . Memory (MB): peak = 2648.930 ; gain = 0.000 ; free physical = 1193 ; free virtual = 8581
Retarget | Checksum: 1f6c46021
INFO: [Opt 31-389] Phase Retarget created 0 cells and removed 9 cells
INFO: [Opt 31-1021] In phase Retarget, 5 netlist objects are constrained preventing optimization. Please run opt_design with -debug_log to get more detail. 

Phase 4 Constant propagation
INFO: [Opt 31-138] Pushed 0 inverter(s) to 0 load pin(s).
Phase 4 Constant propagation | Checksum: 1ed566125

Time (s): cpu = 00:00:00.41 ; elapsed = 00:00:00.24 . Memory (MB): peak = 2648.930 ; gain = 0.000 ; free physical = 1175 ; free virtual = 8563
Constant propagation | Checksum: 1ed566125
INFO: [Opt 31-389] Phase Constant propagation created 21 cells and removed 28 cells
INFO: [Opt 31-1021] In phase Constant propagation, 4 netlist objects are constrained preventing optimization. Please run opt_design with -debug_log to get more detail. 

Phase 5 Sweep
INFO: [Constraints 18-11670] Building netlist checker database with flags, 0x8
Done building netlist checker database: Time (s): cpu = 00:00:00 ; elapsed = 00:00:00.01 . Memory (MB): peak = 2648.930 ; gain = 0.000 ; free physical = 1176 ; free virtual = 8564
INFO: [Constraints 18-11670] Building netlist checker database with flags, 0x8
Done building netlist checker database: Time (s): cpu = 00:00:00 ; elapsed = 00:00:00 . Memory (MB): peak = 2648.930 ; gain = 0.000 ; free physical = 1175 ; free virtual = 8564
Phase 5 Sweep | Checksum: 1b9022d7e

Time (s): cpu = 00:00:00.48 ; elapsed = 00:00:00.32 . Memory (MB): peak = 2648.930 ; gain = 0.000 ; free physical = 1175 ; free virtual = 8564
Sweep | Checksum: 1b9022d7e
INFO: [Opt 31-389] Phase Sweep created 0 cells and removed 8 cells
INFO: [Opt 31-1021] In phase Sweep, 21 netlist objects are constrained preventing optimization. Please run opt_design with -debug_log to get more detail. 

Phase 6 BUFG optimization
INFO: [Opt 31-194] Inserted BUFG clk_IBUF_BUFG_inst to drive 778 load(s) on clock net clk_IBUF_BUFG
INFO: [Opt 31-193] Inserted 1 BUFG(s) on clock nets
Phase 6 BUFG optimization | Checksum: 1e8dfa693

Time (s): cpu = 00:00:00.69 ; elapsed = 00:00:00.4 . Memory (MB): peak = 2680.945 ; gain = 32.016 ; free physical = 1191 ; free virtual = 8583
BUFG optimization | Checksum: 1e8dfa693
INFO: [Opt 31-662] Phase BUFG optimization created 1 cells of which 1 are BUFGs and removed 0 cells.

Phase 7 Shift Register Optimization
INFO: [Opt 31-1064] SRL Remap converted 0 SRLs to 0 registers and converted 0 registers of register chains to 0 SRLs
Phase 7 Shift Register Optimization | Checksum: 1e8dfa693

Time (s): cpu = 00:00:00.69 ; elapsed = 00:00:00.41 . Memory (MB): peak = 2680.945 ; gain = 32.016 ; free physical = 1192 ; free virtual = 8583
Shift Register Optimization | Checksum: 1e8dfa693
INFO: [Opt 31-389] Phase Shift Register Optimization created 0 cells and removed 0 cells

Phase 8 Post Processing Netlist
Phase 8 Post Processing Netlist | Checksum: 1e8dfa693

Time (s): cpu = 00:00:00.71 ; elapsed = 00:00:00.43 . Memory (MB): peak = 2680.945 ; gain = 32.016 ; free physical = 1193 ; free virtual = 8585
Post Processing Netlist | Checksum: 1e8dfa693
INFO: [Opt 31-389] Phase Post Processing Netlist created 0 cells and removed 0 cells
INFO: [Opt 31-1021] In phase Post Processing Netlist, 5 netlist objects are constrained preventing optimization. Please run opt_design with -debug_log to get more detail. 

Phase 9 Finalization

Phase 9.1 Finalizing Design Cores and Updating Shapes
Phase 9.1 Finalizing Design Cores and Updating Shapes | Checksum: e902a315

Time (s): cpu = 00:00:00.84 ; elapsed = 00:00:00.5 . Memory (MB): peak = 2680.945 ; gain = 32.016 ; free physical = 1193 ; free virtual = 8585

Phase 9.2 Verifying Netlist Connectivity

Starting Connectivity Check Task

Time (s): cpu = 00:00:00 ; elapsed = 00:00:00 . Memory (MB): peak = 2680.945 ; gain = 0.000 ; free physical = 1193 ; free virtual = 8585
Phase 9.2 Verifying Netlist Connectivity | Checksum: e902a315

Time (s): cpu = 00:00:00.84 ; elapsed = 00:00:00.51 . Memory (MB): peak = 2680.945 ; gain = 32.016 ; free physical = 1193 ; free virtual = 8585
Phase 9 Finalization | Checksum: e902a315

Time (s): cpu = 00:00:00.84 ; elapsed = 00:00:00.51 . Memory (MB): peak = 2680.945 ; gain = 32.016 ; free physical = 1193 ; free virtual = 8585
Opt_design Change Summary
=========================


-------------------------------------------------------------------------------------------------------------------------
|  Phase                        |  #Cells created  |  #Cells Removed  |  #Constrained objects preventing optimizations  |
-------------------------------------------------------------------------------------------------------------------------
|  Retarget                     |               0  |               9  |                                              5  |
|  Constant propagation         |              21  |              28  |                                              4  |
|  Sweep                        |               0  |               8  |                                             21  |
|  BUFG optimization            |               1  |               0  |                                              0  |
|  Shift Register Optimization  |               0  |               0  |                                              0  |
|  Post Processing Netlist      |               0  |               0  |                                              5  |
-------------------------------------------------------------------------------------------------------------------------


Ending Logic Optimization Task | Checksum: e902a315

Time (s): cpu = 00:00:00.85 ; elapsed = 00:00:00.51 . Memory (MB): peak = 2680.945 ; gain = 32.016 ; free physical = 1193 ; free virtual = 8585

Starting Power Optimization Task
INFO: [Pwropt 34-132] Skipping clock gating for clocks with a period < 2.00 ns.
INFO: [Timing 38-35] Done setting XDC timing constraints.
Running Vector-less Activity Propagation...

Finished Running Vector-less Activity Propagation
INFO: [Pwropt 34-9] Applying IDT optimizations ...
INFO: [Pwropt 34-10] Applying ODC optimizations ...


Starting PowerOpt Patch Enables Task
INFO: [Pwropt 34-162] WRITE_MODE attribute of 0 BRAM(s) out of a total of 18 has been updated to save power. Run report_power_opt to get a complete listing of the BRAMs updated.
INFO: [Pwropt 34-201] Structural ODC has moved 0 WE to EN ports
Number of BRAM Ports augmented: 0 newly gated: 0 Total Ports: 36
Ending PowerOpt Patch Enables Task | Checksum: e902a315

Time (s): cpu = 00:00:00.07 ; elapsed = 00:00:00.06 . Memory (MB): peak = 2961.906 ; gain = 0.000 ; free physical = 1102 ; free virtual = 8499
Ending Power Optimization Task | Checksum: e902a315

Time (s): cpu = 00:00:04 ; elapsed = 00:00:02 . Memory (MB): peak = 2961.906 ; gain = 280.961 ; free physical = 1102 ; free virtual = 8499

Starting Final Cleanup Task
Ending Final Cleanup Task | Checksum: e902a315

Time (s): cpu = 00:00:00 ; elapsed = 00:00:00 . Memory (MB): peak = 2961.906 ; gain = 0.000 ; free physical = 1102 ; free virtual = 8499

Starting Netlist Obfuscation Task
Netlist sorting complete. Time (s): cpu = 00:00:00 ; elapsed = 00:00:00 . Memory (MB): peak = 2961.906 ; gain = 0.000 ; free physical = 1102 ; free virtual = 8499
Ending Netlist Obfuscation Task | Checksum: e902a315

Time (s): cpu = 00:00:00 ; elapsed = 00:00:00.01 . Memory (MB): peak = 2961.906 ; gain = 0.000 ; free physical = 1102 ; free virtual = 8499
INFO: [Common 17-83] Releasing license: Implementation
46 Infos, 2 Warnings, 0 Critical Warnings and 0 Errors encountered.
opt_design completed successfully
opt_design: Time (s): cpu = 00:00:10 ; elapsed = 00:00:06 . Memory (MB): peak = 2961.906 ; gain = 684.031 ; free physical = 1102 ; free virtual = 8499
INFO: [Vivado 12-24828] Executing command : report_drc -file top_drc_opted.rpt -pb top_drc_opted.pb -rpx top_drc_opted.rpx
Command: report_drc -file top_drc_opted.rpt -pb top_drc_opted.pb -rpx top_drc_opted.rpx
INFO: [IP_Flow 19-1839] IP Catalog is up to date.
INFO: [DRC 23-27] Running DRC with 8 threads
INFO: [Vivado_Tcl 2-168] The results of DRC are in file /home/telmo/Desktop/Vivado/8051/custom_bus/custom_bus.runs/impl_1/top_drc_opted.rpt.
report_drc completed successfully
INFO: [Timing 38-35] Done setting XDC timing constraints.
INFO: [Timing 38-480] Writing timing data to binary archive.
Write ShapeDB Complete: Time (s): cpu = 00:00:00.03 ; elapsed = 00:00:00.01 . Memory (MB): peak = 2961.906 ; gain = 0.000 ; free physical = 1094 ; free virtual = 8492
INFO: [Common 17-1381] The checkpoint '/home/telmo/Desktop/Vivado/8051/custom_bus/custom_bus.runs/impl_1/top_opt.dcp' has been generated.
Command: place_design
Attempting to get a license for feature 'Implementation' and/or device 'xc7z010'
INFO: [Common 17-349] Got license for feature 'Implementation' and/or device 'xc7z010'
INFO: [Common 17-83] Releasing license: Implementation
INFO: [DRC 23-27] Running DRC with 8 threads
INFO: [Vivado_Tcl 4-198] DRC finished with 0 Errors
INFO: [Vivado_Tcl 4-199] Please refer to the DRC report (report_drc) for more information.
Running DRC as a precondition to command place_design
INFO: [DRC 23-27] Running DRC with 8 threads
INFO: [Vivado_Tcl 4-198] DRC finished with 0 Errors
INFO: [Vivado_Tcl 4-199] Please refer to the DRC report (report_drc) for more information.
INFO: [Place 30-611] Multithreading enabled for place_design using a maximum of 8 CPUs

Starting Placer Task

Phase 1 Placer Initialization

Phase 1.1 Placer Initialization Netlist Sorting
Netlist sorting complete. Time (s): cpu = 00:00:00 ; elapsed = 00:00:00 . Memory (MB): peak = 2961.906 ; gain = 0.000 ; free physical = 1039 ; free virtual = 8435
Phase 1.1 Placer Initialization Netlist Sorting | Checksum: 807ffcce

Time (s): cpu = 00:00:00 ; elapsed = 00:00:00 . Memory (MB): peak = 2961.906 ; gain = 0.000 ; free physical = 1039 ; free virtual = 8436
Netlist sorting complete. Time (s): cpu = 00:00:00 ; elapsed = 00:00:00.01 . Memory (MB): peak = 2961.906 ; gain = 0.000 ; free physical = 1039 ; free virtual = 8436

Phase 1.2 IO Placement/ Clock Placement/ Build Placer Device
Phase 1.2 IO Placement/ Clock Placement/ Build Placer Device | Checksum: 1c0dc5d66

Time (s): cpu = 00:00:00.85 ; elapsed = 00:00:00.41 . Memory (MB): peak = 2961.906 ; gain = 0.000 ; free physical = 1040 ; free virtual = 8440

Phase 1.3 Build Placer Netlist Model
Phase 1.3 Build Placer Netlist Model | Checksum: 295aef432

Time (s): cpu = 00:00:03 ; elapsed = 00:00:02 . Memory (MB): peak = 2961.906 ; gain = 0.000 ; free physical = 1030 ; free virtual = 8431

Phase 1.4 Constrain Clocks/Macros
Phase 1.4 Constrain Clocks/Macros | Checksum: 295aef432

Time (s): cpu = 00:00:03 ; elapsed = 00:00:02 . Memory (MB): peak = 2961.906 ; gain = 0.000 ; free physical = 1030 ; free virtual = 8431
Phase 1 Placer Initialization | Checksum: 295aef432

Time (s): cpu = 00:00:03 ; elapsed = 00:00:02 . Memory (MB): peak = 2961.906 ; gain = 0.000 ; free physical = 1030 ; free virtual = 8431

Phase 2 Global Placement

Phase 2.1 Floorplanning
Phase 2.1 Floorplanning | Checksum: 1df429c0b

Time (s): cpu = 00:00:04 ; elapsed = 00:00:02 . Memory (MB): peak = 2961.906 ; gain = 0.000 ; free physical = 1048 ; free virtual = 8450

Phase 2.2 Update Timing before SLR Path Opt
Phase 2.2 Update Timing before SLR Path Opt | Checksum: 270f8fef8

Time (s): cpu = 00:00:04 ; elapsed = 00:00:02 . Memory (MB): peak = 2961.906 ; gain = 0.000 ; free physical = 1051 ; free virtual = 8452

Phase 2.3 Post-Processing in Floorplanning
Phase 2.3 Post-Processing in Floorplanning | Checksum: 270f8fef8

Time (s): cpu = 00:00:04 ; elapsed = 00:00:02 . Memory (MB): peak = 2961.906 ; gain = 0.000 ; free physical = 1051 ; free virtual = 8453

Phase 2.4 Global Place Phase1
Phase 2.4 Global Place Phase1 | Checksum: 20d5f5e3e

Time (s): cpu = 00:00:10 ; elapsed = 00:00:04 . Memory (MB): peak = 2961.906 ; gain = 0.000 ; free physical = 1093 ; free virtual = 8496

Phase 2.5 Global Place Phase2

Phase 2.5.1 UpdateTiming Before Physical Synthesis
Phase 2.5.1 UpdateTiming Before Physical Synthesis | Checksum: 20d5f5e3e

Time (s): cpu = 00:00:11 ; elapsed = 00:00:04 . Memory (MB): peak = 2961.906 ; gain = 0.000 ; free physical = 1092 ; free virtual = 8495

Phase 2.5.2 Physical Synthesis In Placer
INFO: [Physopt 32-1035] Found 0 LUTNM shape to break, 91 LUT instances to create LUTNM shape
INFO: [Physopt 32-1044] Break lutnm for timing: one critical 0, two critical 0, total 0, new lutff created 0
INFO: [Physopt 32-1138] End 1 Pass. Optimized 38 nets or LUTs. Breaked 0 LUT, combined 38 existing LUTs and moved 0 existing LUT
INFO: [Physopt 32-65] No nets found for high-fanout optimization.
INFO: [Physopt 32-232] Optimized 0 net. Created 0 new instance.
INFO: [Physopt 32-775] End 1 Pass. Optimized 0 net or cell. Created 0 new cell, deleted 0 existing cell and moved 0 existing cell
INFO: [Physopt 32-670] No setup violation found.  DSP Register Optimization was not performed.
INFO: [Physopt 32-670] No setup violation found.  Shift Register to Pipeline Optimization was not performed.
INFO: [Physopt 32-670] No setup violation found.  Shift Register Optimization was not performed.
INFO: [Physopt 32-670] No setup violation found.  BRAM Register Optimization was not performed.
INFO: [Physopt 32-670] No setup violation found.  URAM Register Optimization was not performed.
INFO: [Physopt 32-949] No candidate nets found for dynamic/static region interface net replication
INFO: [Physopt 32-775] End 1 Pass. Optimized 0 net or cell. Created 0 new cell, deleted 0 existing cell and moved 0 existing cell
Netlist sorting complete. Time (s): cpu = 00:00:00.01 ; elapsed = 00:00:00 . Memory (MB): peak = 2961.906 ; gain = 0.000 ; free physical = 1090 ; free virtual = 8495

Summary of Physical Synthesis Optimizations
============================================


-----------------------------------------------------------------------------------------------------------------------------------------------------------
|  Optimization                                     |  Added Cells  |  Removed Cells  |  Optimized Cells/Nets  |  Dont Touch  |  Iterations  |  Elapsed   |
-----------------------------------------------------------------------------------------------------------------------------------------------------------
|  LUT Combining                                    |            0  |             38  |                    38  |           0  |           1  |  00:00:00  |
|  Retime                                           |            0  |              0  |                     0  |           0  |           1  |  00:00:00  |
|  Very High Fanout                                 |            0  |              0  |                     0  |           0  |           1  |  00:00:00  |
|  DSP Register                                     |            0  |              0  |                     0  |           0  |           0  |  00:00:00  |
|  Shift Register to Pipeline                       |            0  |              0  |                     0  |           0  |           0  |  00:00:00  |
|  Shift Register                                   |            0  |              0  |                     0  |           0  |           0  |  00:00:00  |
|  BRAM Register                                    |            0  |              0  |                     0  |           0  |           0  |  00:00:00  |
|  URAM Register                                    |            0  |              0  |                     0  |           0  |           0  |  00:00:00  |
|  Dynamic/Static Region Interface Net Replication  |            0  |              0  |                     0  |           0  |           1  |  00:00:00  |
|  Total                                            |            0  |             38  |                    38  |           0  |           4  |  00:00:00  |
-----------------------------------------------------------------------------------------------------------------------------------------------------------


Phase 2.5.2 Physical Synthesis In Placer | Checksum: 19b60f00b

Time (s): cpu = 00:00:12 ; elapsed = 00:00:05 . Memory (MB): peak = 2961.906 ; gain = 0.000 ; free physical = 1090 ; free virtual = 8495
Phase 2.5 Global Place Phase2 | Checksum: 15d6f4d12

Time (s): cpu = 00:00:12 ; elapsed = 00:00:05 . Memory (MB): peak = 2961.906 ; gain = 0.000 ; free physical = 1089 ; free virtual = 8495
Phase 2 Global Placement | Checksum: 15d6f4d12

Time (s): cpu = 00:00:12 ; elapsed = 00:00:05 . Memory (MB): peak = 2961.906 ; gain = 0.000 ; free physical = 1089 ; free virtual = 8495

Phase 3 Detail Placement

Phase 3.1 Commit Multi Column Macros
Phase 3.1 Commit Multi Column Macros | Checksum: 1ecd442a2

Time (s): cpu = 00:00:12 ; elapsed = 00:00:05 . Memory (MB): peak = 2961.906 ; gain = 0.000 ; free physical = 1088 ; free virtual = 8494

Phase 3.2 Commit Most Macros & LUTRAMs
Phase 3.2 Commit Most Macros & LUTRAMs | Checksum: 1f27a7e92

Time (s): cpu = 00:00:13 ; elapsed = 00:00:05 . Memory (MB): peak = 2961.906 ; gain = 0.000 ; free physical = 1095 ; free virtual = 8501

Phase 3.3 Area Swap Optimization
Phase 3.3 Area Swap Optimization | Checksum: 244046a03

Time (s): cpu = 00:00:13 ; elapsed = 00:00:06 . Memory (MB): peak = 2961.906 ; gain = 0.000 ; free physical = 1095 ; free virtual = 8501

Phase 3.4 Pipeline Register Optimization
Phase 3.4 Pipeline Register Optimization | Checksum: 23405b11c

Time (s): cpu = 00:00:13 ; elapsed = 00:00:06 . Memory (MB): peak = 2961.906 ; gain = 0.000 ; free physical = 1095 ; free virtual = 8501

Phase 3.5 Small Shape Detail Placement
Phase 3.5 Small Shape Detail Placement | Checksum: 1077f3b8e

Time (s): cpu = 00:00:14 ; elapsed = 00:00:06 . Memory (MB): peak = 2961.906 ; gain = 0.000 ; free physical = 1092 ; free virtual = 8498

Phase 3.6 Re-assign LUT pins
Phase 3.6 Re-assign LUT pins | Checksum: 18a9df439

Time (s): cpu = 00:00:14 ; elapsed = 00:00:06 . Memory (MB): peak = 2961.906 ; gain = 0.000 ; free physical = 1092 ; free virtual = 8498

Phase 3.7 Pipeline Register Optimization
Phase 3.7 Pipeline Register Optimization | Checksum: 17a973c80

Time (s): cpu = 00:00:14 ; elapsed = 00:00:06 . Memory (MB): peak = 2961.906 ; gain = 0.000 ; free physical = 1092 ; free virtual = 8498
Phase 3 Detail Placement | Checksum: 17a973c80

Time (s): cpu = 00:00:14 ; elapsed = 00:00:06 . Memory (MB): peak = 2961.906 ; gain = 0.000 ; free physical = 1092 ; free virtual = 8498

Phase 4 Post Placement Optimization and Clean-Up

Phase 4.1 Post Commit Optimization
INFO: [Timing 38-35] Done setting XDC timing constraints.

Phase 4.1.1 Post Placement Optimization
Post Placement Optimization Initialization | Checksum: 1e20b04ea

Phase 4.1.1.1 BUFG Insertion

Starting Physical Synthesis Task

Phase 1 Physical Synthesis Initialization
INFO: [Physopt 32-721] Multithreading enabled for phys_opt_design using a maximum of 8 CPUs
INFO: [Physopt 32-619] Estimated Timing Summary | WNS=31.860 | TNS=0.000 |
Phase 1 Physical Synthesis Initialization | Checksum: 134f251cb

Time (s): cpu = 00:00:00.26 ; elapsed = 00:00:00.09 . Memory (MB): peak = 2961.906 ; gain = 0.000 ; free physical = 1093 ; free virtual = 8499
INFO: [Place 46-56] BUFG insertion identified 0 candidate nets. Inserted BUFG: 0, Replicated BUFG Driver: 0, Skipped due to Placement/Routing Conflicts: 0, Skipped due to Timing Degradation: 0, Skipped due to netlist editing failed: 0.
Ending Physical Synthesis Task | Checksum: 23fd4700d

Time (s): cpu = 00:00:00.37 ; elapsed = 00:00:00.16 . Memory (MB): peak = 2961.906 ; gain = 0.000 ; free physical = 1093 ; free virtual = 8498
Phase 4.1.1.1 BUFG Insertion | Checksum: 1e20b04ea

Time (s): cpu = 00:00:17 ; elapsed = 00:00:07 . Memory (MB): peak = 2961.906 ; gain = 0.000 ; free physical = 1093 ; free virtual = 8498

Phase 4.1.1.2 Post Placement Timing Optimization
INFO: [Place 30-746] Post Placement Timing Summary WNS=31.860. For the most accurate timing information please run report_timing.
Phase 4.1.1.2 Post Placement Timing Optimization | Checksum: 1ea2bf41e

Time (s): cpu = 00:00:17 ; elapsed = 00:00:07 . Memory (MB): peak = 2961.906 ; gain = 0.000 ; free physical = 1093 ; free virtual = 8498

Time (s): cpu = 00:00:17 ; elapsed = 00:00:07 . Memory (MB): peak = 2961.906 ; gain = 0.000 ; free physical = 1093 ; free virtual = 8498
Phase 4.1 Post Commit Optimization | Checksum: 1ea2bf41e

Time (s): cpu = 00:00:17 ; elapsed = 00:00:07 . Memory (MB): peak = 2961.906 ; gain = 0.000 ; free physical = 1093 ; free virtual = 8498

Phase 4.2 Post Placement Cleanup
Phase 4.2 Post Placement Cleanup | Checksum: 1ea2bf41e

Time (s): cpu = 00:00:17 ; elapsed = 00:00:07 . Memory (MB): peak = 2961.906 ; gain = 0.000 ; free physical = 1093 ; free virtual = 8498

Phase 4.3 Placer Reporting

Phase 4.3.1 Print Estimated Congestion
INFO: [Place 30-612] Post-Placement Estimated Congestion 
 ____________________________________________________
|           | Global Congestion | Short Congestion  |
| Direction | Region Size       | Region Size       |
|___________|___________________|___________________|
|      North|                1x1|                2x2|
|___________|___________________|___________________|
|      South|                1x1|                1x1|
|___________|___________________|___________________|
|       East|                1x1|                1x1|
|___________|___________________|___________________|
|       West|                1x1|                1x1|
|___________|___________________|___________________|

Phase 4.3.1 Print Estimated Congestion | Checksum: 1ea2bf41e

Time (s): cpu = 00:00:17 ; elapsed = 00:00:07 . Memory (MB): peak = 2961.906 ; gain = 0.000 ; free physical = 1093 ; free virtual = 8498
Phase 4.3 Placer Reporting | Checksum: 1ea2bf41e

Time (s): cpu = 00:00:17 ; elapsed = 00:00:07 . Memory (MB): peak = 2961.906 ; gain = 0.000 ; free physical = 1093 ; free virtual = 8498

Phase 4.4 Final Placement Cleanup
Netlist sorting complete. Time (s): cpu = 00:00:00 ; elapsed = 00:00:00 . Memory (MB): peak = 2961.906 ; gain = 0.000 ; free physical = 1093 ; free virtual = 8498

Time (s): cpu = 00:00:17 ; elapsed = 00:00:07 . Memory (MB): peak = 2961.906 ; gain = 0.000 ; free physical = 1093 ; free virtual = 8498
Phase 4 Post Placement Optimization and Clean-Up | Checksum: 1fa2ec86a

Time (s): cpu = 00:00:17 ; elapsed = 00:00:07 . Memory (MB): peak = 2961.906 ; gain = 0.000 ; free physical = 1093 ; free virtual = 8498
Ending Placer Task | Checksum: 1e7549e12

Time (s): cpu = 00:00:17 ; elapsed = 00:00:07 . Memory (MB): peak = 2961.906 ; gain = 0.000 ; free physical = 1093 ; free virtual = 8498
81 Infos, 2 Warnings, 0 Critical Warnings and 0 Errors encountered.
place_design completed successfully
place_design: Time (s): cpu = 00:00:21 ; elapsed = 00:00:08 . Memory (MB): peak = 2961.906 ; gain = 0.000 ; free physical = 1093 ; free virtual = 8498
INFO: [Vivado 12-24838] Running report commands "report_control_sets, report_io, report_utilization" in parallel.
Running report generation with 3 threads.
INFO: [Vivado 12-24828] Executing command : report_control_sets -verbose -file top_control_sets_placed.rpt
report_control_sets: Time (s): cpu = 00:00:00.19 ; elapsed = 00:00:00.2 . Memory (MB): peak = 2961.906 ; gain = 0.000 ; free physical = 1043 ; free virtual = 8448
INFO: [Vivado 12-24828] Executing command : report_utilization -file top_utilization_placed.rpt -pb top_utilization_placed.pb
INFO: [Vivado 12-24828] Executing command : report_io -file top_io_placed.rpt
report_io: Time (s): cpu = 00:00:00.36 ; elapsed = 00:00:00.33 . Memory (MB): peak = 2961.906 ; gain = 0.000 ; free physical = 1034 ; free virtual = 8439
INFO: [Timing 38-480] Writing timing data to binary archive.
Write ShapeDB Complete: Time (s): cpu = 00:00:00.06 ; elapsed = 00:00:00.02 . Memory (MB): peak = 2961.906 ; gain = 0.000 ; free physical = 1032 ; free virtual = 8438
Wrote PlaceDB: Time (s): cpu = 00:00:00.72 ; elapsed = 00:00:00.31 . Memory (MB): peak = 2961.906 ; gain = 0.000 ; free physical = 1014 ; free virtual = 8425
Wrote PulsedLatchDB: Time (s): cpu = 00:00:00 ; elapsed = 00:00:00 . Memory (MB): peak = 2961.906 ; gain = 0.000 ; free physical = 1014 ; free virtual = 8425
Writing XDEF routing.
Writing XDEF routing logical nets.
Writing XDEF routing special nets.
Wrote RouteStorage: Time (s): cpu = 00:00:00.01 ; elapsed = 00:00:00.02 . Memory (MB): peak = 2961.906 ; gain = 0.000 ; free physical = 1014 ; free virtual = 8426
Wrote Netlist Cache: Time (s): cpu = 00:00:00.01 ; elapsed = 00:00:00 . Memory (MB): peak = 2961.906 ; gain = 0.000 ; free physical = 1014 ; free virtual = 8426
Wrote Device Cache: Time (s): cpu = 00:00:00 ; elapsed = 00:00:00.01 . Memory (MB): peak = 2961.906 ; gain = 0.000 ; free physical = 1014 ; free virtual = 8427
Write Physdb Complete: Time (s): cpu = 00:00:00.75 ; elapsed = 00:00:00.34 . Memory (MB): peak = 2961.906 ; gain = 0.000 ; free physical = 1014 ; free virtual = 8427
INFO: [Common 17-1381] The checkpoint '/home/telmo/Desktop/Vivado/8051/custom_bus/custom_bus.runs/impl_1/top_placed.dcp' has been generated.
Command: phys_opt_design
Attempting to get a license for feature 'Implementation' and/or device 'xc7z010'
INFO: [Common 17-349] Got license for feature 'Implementation' and/or device 'xc7z010'

Starting Initial Update Timing Task

Time (s): cpu = 00:00:02 ; elapsed = 00:00:00.76 . Memory (MB): peak = 2961.906 ; gain = 0.000 ; free physical = 1017 ; free virtual = 8425
INFO: [Vivado_Tcl 4-2279] Estimated Timing Summary | WNS= 31.860 | TNS= 0.000 | 
INFO: [Vivado_Tcl 4-383] Design worst setup slack (WNS) is greater than or equal to 0.000 ns. All physical synthesis setup optimizations will be skipped.
INFO: [Vivado_Tcl 4-232] No setup violation found. The netlist was not modified.
INFO: [Common 17-83] Releasing license: Implementation
92 Infos, 2 Warnings, 0 Critical Warnings and 0 Errors encountered.
phys_opt_design completed successfully
INFO: [Timing 38-480] Writing timing data to binary archive.
Write ShapeDB Complete: Time (s): cpu = 00:00:00.06 ; elapsed = 00:00:00.01 . Memory (MB): peak = 2961.906 ; gain = 0.000 ; free physical = 1015 ; free virtual = 8423
Wrote PlaceDB: Time (s): cpu = 00:00:00.72 ; elapsed = 00:00:00.31 . Memory (MB): peak = 2961.906 ; gain = 0.000 ; free physical = 993 ; free virtual = 8406
Wrote PulsedLatchDB: Time (s): cpu = 00:00:00 ; elapsed = 00:00:00 . Memory (MB): peak = 2961.906 ; gain = 0.000 ; free physical = 993 ; free virtual = 8406
Writing XDEF routing.
Writing XDEF routing logical nets.
Writing XDEF routing special nets.
Wrote RouteStorage: Time (s): cpu = 00:00:00.02 ; elapsed = 00:00:00.02 . Memory (MB): peak = 2961.906 ; gain = 0.000 ; free physical = 993 ; free virtual = 8406
Wrote Netlist Cache: Time (s): cpu = 00:00:00.01 ; elapsed = 00:00:00 . Memory (MB): peak = 2961.906 ; gain = 0.000 ; free physical = 993 ; free virtual = 8406
Wrote Device Cache: Time (s): cpu = 00:00:00.01 ; elapsed = 00:00:00.01 . Memory (MB): peak = 2961.906 ; gain = 0.000 ; free physical = 989 ; free virtual = 8404
Write Physdb Complete: Time (s): cpu = 00:00:00.77 ; elapsed = 00:00:00.35 . Memory (MB): peak = 2961.906 ; gain = 0.000 ; free physical = 989 ; free virtual = 8404
INFO: [Common 17-1381] The checkpoint '/home/telmo/Desktop/Vivado/8051/custom_bus/custom_bus.runs/impl_1/top_physopt.dcp' has been generated.
Command: route_design
Attempting to get a license for feature 'Implementation' and/or device 'xc7z010'
INFO: [Common 17-349] Got license for feature 'Implementation' and/or device 'xc7z010'


Starting Routing Task
INFO: [Route 35-254] Multithreading enabled for route_design using a maximum of 8 CPUs

Phase 1 Build RT Design
Checksum: PlaceDB: ac03023b ConstDB: 0 ShapeSum: d1b944ac RouteDB: 6998572b
Post Restoration Checksum: NetGraph: 94fbb736 | NumContArr: d92752 | Constraints: c2a8fa9d | Timing: c2a8fa9d
Phase 1 Build RT Design | Checksum: 21b26d3c2

Time (s): cpu = 00:00:13 ; elapsed = 00:00:10 . Memory (MB): peak = 2961.906 ; gain = 0.000 ; free physical = 975 ; free virtual = 8386

Phase 2 Router Initialization

Phase 2.1 Fix Topology Constraints
Phase 2.1 Fix Topology Constraints | Checksum: 21b26d3c2

Time (s): cpu = 00:00:13 ; elapsed = 00:00:10 . Memory (MB): peak = 2961.906 ; gain = 0.000 ; free physical = 975 ; free virtual = 8386

Phase 2.2 Pre Route Cleanup
Phase 2.2 Pre Route Cleanup | Checksum: 21b26d3c2

Time (s): cpu = 00:00:13 ; elapsed = 00:00:10 . Memory (MB): peak = 2961.906 ; gain = 0.000 ; free physical = 975 ; free virtual = 8386
 Number of Nodes with overlaps = 0

Phase 2.3 Update Timing
Phase 2.3 Update Timing | Checksum: 251774f2e

Time (s): cpu = 00:00:16 ; elapsed = 00:00:11 . Memory (MB): peak = 2961.906 ; gain = 0.000 ; free physical = 958 ; free virtual = 8370
INFO: [Route 35-416] Intermediate Timing Summary | WNS=31.976 | TNS=0.000  | WHS=-0.191 | THS=-2.639 |


Router Utilization Summary
  Global Vertical Routing Utilization    = 0.00253378 %
  Global Horizontal Routing Utilization  = 0.00275735 %
  Routable Net Status*
  *Does not include unroutable nets such as driverless and loadless.
  Run report_route_status for detailed report.
  Number of Failed Nets               = 2669
    (Failed Nets is the sum of unrouted and partially routed nets)
  Number of Unrouted Nets             = 2657
  Number of Partially Routed Nets     = 12
  Number of Node Overlaps             = 4

Phase 2 Router Initialization | Checksum: 2e1baa955

Time (s): cpu = 00:00:17 ; elapsed = 00:00:11 . Memory (MB): peak = 2961.906 ; gain = 0.000 ; free physical = 959 ; free virtual = 8370

Phase 3 Global Routing
Phase 3 Global Routing | Checksum: 2e1baa955

Time (s): cpu = 00:00:17 ; elapsed = 00:00:11 . Memory (MB): peak = 2961.906 ; gain = 0.000 ; free physical = 959 ; free virtual = 8370

Phase 4 Initial Routing

Phase 4.1 Initial Net Routing Pass
Phase 4.1 Initial Net Routing Pass | Checksum: 28807ecce

Time (s): cpu = 00:00:20 ; elapsed = 00:00:12 . Memory (MB): peak = 2961.906 ; gain = 0.000 ; free physical = 949 ; free virtual = 8361
Phase 4 Initial Routing | Checksum: 28807ecce

Time (s): cpu = 00:00:20 ; elapsed = 00:00:12 . Memory (MB): peak = 2961.906 ; gain = 0.000 ; free physical = 949 ; free virtual = 8361

Phase 5 Rip-up And Reroute

Phase 5.1 Global Iteration 0
 Number of Nodes with overlaps = 337
 Number of Nodes with overlaps = 0
INFO: [Route 35-416] Intermediate Timing Summary | WNS=20.615 | TNS=0.000  | WHS=N/A    | THS=N/A    |

Phase 5.1 Global Iteration 0 | Checksum: 2c063dafa

Time (s): cpu = 00:00:24 ; elapsed = 00:00:14 . Memory (MB): peak = 2961.906 ; gain = 0.000 ; free physical = 948 ; free virtual = 8360

Phase 5.2 Global Iteration 1
 Number of Nodes with overlaps = 0
INFO: [Route 35-416] Intermediate Timing Summary | WNS=20.615 | TNS=0.000  | WHS=N/A    | THS=N/A    |

Phase 5.2 Global Iteration 1 | Checksum: 2eb362b81

Time (s): cpu = 00:00:24 ; elapsed = 00:00:14 . Memory (MB): peak = 2961.906 ; gain = 0.000 ; free physical = 948 ; free virtual = 8360
Phase 5 Rip-up And Reroute | Checksum: 2eb362b81

Time (s): cpu = 00:00:24 ; elapsed = 00:00:14 . Memory (MB): peak = 2961.906 ; gain = 0.000 ; free physical = 948 ; free virtual = 8360

Phase 6 Delay and Skew Optimization

Phase 6.1 Delay CleanUp
Phase 6.1 Delay CleanUp | Checksum: 2eb362b81

Time (s): cpu = 00:00:24 ; elapsed = 00:00:14 . Memory (MB): peak = 2961.906 ; gain = 0.000 ; free physical = 948 ; free virtual = 8360

Phase 6.2 Clock Skew Optimization
Phase 6.2 Clock Skew Optimization | Checksum: 2eb362b81

Time (s): cpu = 00:00:24 ; elapsed = 00:00:14 . Memory (MB): peak = 2961.906 ; gain = 0.000 ; free physical = 948 ; free virtual = 8360
Phase 6 Delay and Skew Optimization | Checksum: 2eb362b81

Time (s): cpu = 00:00:24 ; elapsed = 00:00:14 . Memory (MB): peak = 2961.906 ; gain = 0.000 ; free physical = 948 ; free virtual = 8360

Phase 7 Post Hold Fix

Phase 7.1 Hold Fix Iter
INFO: [Route 35-416] Intermediate Timing Summary | WNS=20.628 | TNS=0.000  | WHS=0.084  | THS=0.000  |

Phase 7.1 Hold Fix Iter | Checksum: 32db012b8

Time (s): cpu = 00:00:25 ; elapsed = 00:00:14 . Memory (MB): peak = 2961.906 ; gain = 0.000 ; free physical = 948 ; free virtual = 8359
Phase 7 Post Hold Fix | Checksum: 32db012b8

Time (s): cpu = 00:00:25 ; elapsed = 00:00:14 . Memory (MB): peak = 2961.906 ; gain = 0.000 ; free physical = 948 ; free virtual = 8359

Phase 8 Route finalize

Router Utilization Summary
  Global Vertical Routing Utilization    = 3.48086 %
  Global Horizontal Routing Utilization  = 3.76356 %
  Routable Net Status*
  *Does not include unroutable nets such as driverless and loadless.
  Run report_route_status for detailed report.
  Number of Failed Nets               = 0
    (Failed Nets is the sum of unrouted and partially routed nets)
  Number of Unrouted Nets             = 0
  Number of Partially Routed Nets     = 0
  Number of Node Overlaps             = 0

Phase 8 Route finalize | Checksum: 32db012b8

Time (s): cpu = 00:00:25 ; elapsed = 00:00:14 . Memory (MB): peak = 2961.906 ; gain = 0.000 ; free physical = 948 ; free virtual = 8359

Phase 9 Verifying routed nets

 Verification completed successfully
Phase 9 Verifying routed nets | Checksum: 32db012b8

Time (s): cpu = 00:00:25 ; elapsed = 00:00:14 . Memory (MB): peak = 2961.906 ; gain = 0.000 ; free physical = 948 ; free virtual = 8359

Phase 10 Depositing Routes
Phase 10 Depositing Routes | Checksum: 28c69ba59

Time (s): cpu = 00:00:25 ; elapsed = 00:00:14 . Memory (MB): peak = 2961.906 ; gain = 0.000 ; free physical = 944 ; free virtual = 8356

Phase 11 Post Process Routing
Phase 11 Post Process Routing | Checksum: 28c69ba59

Time (s): cpu = 00:00:25 ; elapsed = 00:00:14 . Memory (MB): peak = 2961.906 ; gain = 0.000 ; free physical = 944 ; free virtual = 8356

Phase 12 Post Router Timing
INFO: [Route 35-57] Estimated Timing Summary | WNS=20.628 | TNS=0.000  | WHS=0.084  | THS=0.000  |

INFO: [Route 35-327] The final timing numbers are based on the router estimated timing analysis. For a complete and accurate timing signoff, please run report_timing_summary.
Phase 12 Post Router Timing | Checksum: 28c69ba59

Time (s): cpu = 00:00:25 ; elapsed = 00:00:14 . Memory (MB): peak = 2961.906 ; gain = 0.000 ; free physical = 944 ; free virtual = 8356
Total Elapsed time in route_design: 14.48 secs

Phase 13 Post-Route Event Processing
Phase 13 Post-Route Event Processing | Checksum: 21bb7e721

Time (s): cpu = 00:00:25 ; elapsed = 00:00:14 . Memory (MB): peak = 2961.906 ; gain = 0.000 ; free physical = 944 ; free virtual = 8356
INFO: [Route 35-16] Router Completed Successfully
Ending Routing Task | Checksum: 21bb7e721

Time (s): cpu = 00:00:26 ; elapsed = 00:00:15 . Memory (MB): peak = 2961.906 ; gain = 0.000 ; free physical = 944 ; free virtual = 8356

Routing Is Done.
INFO: [Common 17-83] Releasing license: Implementation
104 Infos, 2 Warnings, 0 Critical Warnings and 0 Errors encountered.
route_design completed successfully
route_design: Time (s): cpu = 00:00:26 ; elapsed = 00:00:15 . Memory (MB): peak = 2961.906 ; gain = 0.000 ; free physical = 944 ; free virtual = 8356
INFO: [Vivado 12-24828] Executing command : report_drc -file top_drc_routed.rpt -pb top_drc_routed.pb -rpx top_drc_routed.rpx
Command: report_drc -file top_drc_routed.rpt -pb top_drc_routed.pb -rpx top_drc_routed.rpx
INFO: [IP_Flow 19-1839] IP Catalog is up to date.
INFO: [DRC 23-27] Running DRC with 8 threads
INFO: [Vivado_Tcl 2-168] The results of DRC are in file /home/telmo/Desktop/Vivado/8051/custom_bus/custom_bus.runs/impl_1/top_drc_routed.rpt.
report_drc completed successfully
INFO: [Vivado 12-24828] Executing command : report_methodology -file top_methodology_drc_routed.rpt -pb top_methodology_drc_routed.pb -rpx top_methodology_drc_routed.rpx
Command: report_methodology -file top_methodology_drc_routed.rpt -pb top_methodology_drc_routed.pb -rpx top_methodology_drc_routed.rpx
INFO: [Timing 38-35] Done setting XDC timing constraints.
INFO: [DRC 23-133] Running Methodology with 8 threads
INFO: [Vivado_Tcl 2-1520] The results of Report Methodology are in file /home/telmo/Desktop/Vivado/8051/custom_bus/custom_bus.runs/impl_1/top_methodology_drc_routed.rpt.
report_methodology completed successfully
INFO: [Vivado 12-24828] Executing command : report_timing_summary -max_paths 10 -report_unconstrained -file top_timing_summary_routed.rpt -pb top_timing_summary_routed.pb -rpx top_timing_summary_routed.rpx -warn_on_violation 
INFO: [Timing 38-35] Done setting XDC timing constraints.
INFO: [Timing 38-91] UpdateTimingParams: Speed grade: -1, Delay Type: min_max.
INFO: [Timing 38-191] Multithreading enabled for timing update using a maximum of 8 CPUs
INFO: [Vivado 12-24838] Running report commands "report_bus_skew, report_incremental_reuse, report_route_status" in parallel.
Running report generation with 3 threads.
INFO: [Vivado 12-24828] Executing command : report_incremental_reuse -file top_incremental_reuse_routed.rpt
INFO: [Vivado_Tcl 4-1062] Incremental flow is disabled. No incremental reuse Info to report.
INFO: [Vivado 12-24828] Executing command : report_route_status -file top_route_status.rpt -pb top_route_status.pb
INFO: [Vivado 12-24828] Executing command : report_bus_skew -warn_on_violation -file top_bus_skew_routed.rpt -pb top_bus_skew_routed.pb -rpx top_bus_skew_routed.rpx
INFO: [Timing 38-91] UpdateTimingParams: Speed grade: -1, Delay Type: min_max.
INFO: [Timing 38-191] Multithreading enabled for timing update using a maximum of 8 CPUs
INFO: [Vivado 12-24828] Executing command : report_power -file top_power_routed.rpt -pb top_power_summary_routed.pb -rpx top_power_routed.rpx
Command: report_power -file top_power_routed.rpt -pb top_power_summary_routed.pb -rpx top_power_routed.rpx
Running Vector-less Activity Propagation...

Finished Running Vector-less Activity Propagation
124 Infos, 2 Warnings, 0 Critical Warnings and 0 Errors encountered.
report_power completed successfully
INFO: [Vivado 12-24828] Executing command : report_clock_utilization -file top_clock_utilization_routed.rpt
generate_parallel_reports: Time (s): cpu = 00:00:33 ; elapsed = 00:00:09 . Memory (MB): peak = 3007.855 ; gain = 45.949 ; free physical = 766 ; free virtual = 8187
INFO: [Timing 38-480] Writing timing data to binary archive.
Write ShapeDB Complete: Time (s): cpu = 00:00:00.09 ; elapsed = 00:00:00.02 . Memory (MB): peak = 3007.855 ; gain = 0.000 ; free physical = 766 ; free virtual = 8187
Wrote PlaceDB: Time (s): cpu = 00:00:00.8 ; elapsed = 00:00:00.31 . Memory (MB): peak = 3007.855 ; gain = 0.000 ; free physical = 755 ; free virtual = 8182
Wrote PulsedLatchDB: Time (s): cpu = 00:00:00 ; elapsed = 00:00:00 . Memory (MB): peak = 3007.855 ; gain = 0.000 ; free physical = 755 ; free virtual = 8182
Writing XDEF routing.
Writing XDEF routing logical nets.
Writing XDEF routing special nets.
Wrote RouteStorage: Time (s): cpu = 00:00:00.08 ; elapsed = 00:00:00.06 . Memory (MB): peak = 3007.855 ; gain = 0.000 ; free physical = 755 ; free virtual = 8183
Wrote Netlist Cache: Time (s): cpu = 00:00:00 ; elapsed = 00:00:00 . Memory (MB): peak = 3007.855 ; gain = 0.000 ; free physical = 755 ; free virtual = 8183
Wrote Device Cache: Time (s): cpu = 00:00:00 ; elapsed = 00:00:00.01 . Memory (MB): peak = 3007.855 ; gain = 0.000 ; free physical = 755 ; free virtual = 8184
Write Physdb Complete: Time (s): cpu = 00:00:00.9 ; elapsed = 00:00:00.38 . Memory (MB): peak = 3007.855 ; gain = 0.000 ; free physical = 755 ; free virtual = 8184
INFO: [Common 17-1381] The checkpoint '/home/telmo/Desktop/Vivado/8051/custom_bus/custom_bus.runs/impl_1/top_routed.dcp' has been generated.
INFO: [Common 17-206] Exiting Vivado at Thu Jun 12 19:21:22 2025...
