Copyright 1986-2022 Xilinx, Inc. All Rights Reserved. Copyright 2022-2024 Advanced Micro Devices, Inc. All Rights Reserved.
---------------------------------------------------------------------------------------------------------------------------------------------
| Tool Version : Vivado v.2024.2 (lin64) Build 5239630 Fri Nov 08 22:34:34 MST 2024
| Date         : Thu Jun 12 19:20:55 2025
| Host         : telmo-pc running 64-bit Ubuntu 22.04.5 LTS
| Command      : report_control_sets -verbose -file top_control_sets_placed.rpt
| Design       : top
| Device       : xc7z010
---------------------------------------------------------------------------------------------------------------------------------------------

Control Set Information

Table of Contents
-----------------
1. Summary
2. Histogram
3. Flip-Flop Distribution
4. Detailed Control Set Information

1. Summary
----------

+----------------------------------------------------------+-------+
|                          Status                          | Count |
+----------------------------------------------------------+-------+
| Total control sets                                       |   213 |
|    Minimum number of control sets                        |   213 |
|    Addition due to synthesis replication                 |     0 |
|    Addition due to physical synthesis replication        |     0 |
| Unused register locations in slices containing registers |   274 |
+----------------------------------------------------------+-------+
* Control sets can be merged at opt_design using control_set_merge or merge_equivalent_drivers
** Run report_qor_suggestions for automated merging and remapping suggestions


2. Histogram
------------

+--------------------+-------+
|       Fanout       | Count |
+--------------------+-------+
| Total control sets |   213 |
| >= 0 to < 4        |    27 |
| >= 4 to < 6        |     6 |
| >= 6 to < 8        |     1 |
| >= 8 to < 10       |    18 |
| >= 10 to < 12      |     4 |
| >= 12 to < 14      |   151 |
| >= 14 to < 16      |     1 |
| >= 16              |     5 |
+--------------------+-------+
* Control sets can be remapped at either synth_design or opt_design


3. Flip-Flop Distribution
-------------------------

+--------------+-----------------------+------------------------+-----------------+--------------+
| Clock Enable | Synchronous Set/Reset | Asynchronous Set/Reset | Total Registers | Total Slices |
+--------------+-----------------------+------------------------+-----------------+--------------+
| No           | No                    | No                     |              97 |           49 |
| No           | No                    | Yes                    |              32 |           15 |
| No           | Yes                   | No                     |              45 |           23 |
| Yes          | No                    | No                     |              43 |           13 |
| Yes          | No                    | Yes                    |              92 |           35 |
| Yes          | Yes                   | No                     |             153 |           61 |
+--------------+-----------------------+------------------------+-----------------+--------------+


4. Detailed Control Set Information
-----------------------------------

+-----------------------------------------------------+----------------------------------------------------------------------------------------------------------+----------------------------------------------------+------------------+----------------+--------------+
|                     Clock Signal                    |                                               Enable Signal                                              |                  Set/Reset Signal                  | Slice Load Count | Bel Load Count | Bels / Slice |
+-----------------------------------------------------+----------------------------------------------------------------------------------------------------------+----------------------------------------------------+------------------+----------------+--------------+
|  clk_IBUF_BUFG                                      | uart/uart_inst/baud_gen/TL1_OUT[7]_P_i_1_n_1                                                             | uart/uart_inst/baud_gen/TL1_OUT_reg[4]_LDC_i_1_n_1 |                1 |              1 |         1.00 |
|  clk_IBUF_BUFG                                      | uart/uart_inst/baud_gen/TL1_OUT[7]_P_i_1_n_1                                                             | uart/uart_inst/baud_gen/TL1_OUT_reg[1]_LDC_i_1_n_1 |                1 |              1 |         1.00 |
|  clk_IBUF_BUFG                                      | uart/uart_inst/baud_gen/TL1_OUT[7]_P_i_1_n_1                                                             | uart/uart_inst/baud_gen/TL1_OUT_reg[3]_LDC_i_1_n_1 |                1 |              1 |         1.00 |
|  clk_IBUF_BUFG                                      | uart/uart_inst/baud_gen/TL1_OUT[7]_P_i_1_n_1                                                             | uart/uart_inst/baud_gen/TL1_OUT_reg[2]_LDC_i_1_n_1 |                1 |              1 |         1.00 |
|  clk_IBUF_BUFG                                      | uart/uart_inst/baud_gen/TL1_OUT[7]_P_i_1_n_1                                                             | uart/uart_inst/baud_gen/TL1_OUT_reg[7]_LDC_i_1_n_1 |                1 |              1 |         1.00 |
|  uart_inst/baud_tick                                |                                                                                                          |                                                    |                1 |              1 |         1.00 |
|  clk_IBUF_BUFG                                      | uart/uart_inst/baud_gen/TL1_OUT[7]_P_i_1_n_1                                                             | uart/uart_inst/baud_gen/TL1_OUT_reg[6]_LDC_i_1_n_1 |                1 |              1 |         1.00 |
|  clk_IBUF_BUFG                                      | uart/uart_inst/baud_gen/TL1_OUT[7]_P_i_1_n_1                                                             | uart/uart_inst/baud_gen/TL1_OUT_reg[5]_LDC_i_1_n_1 |                1 |              1 |         1.00 |
|  clk_IBUF_BUFG                                      | uart/uart_inst/baud_gen/TL1_OUT[7]_P_i_1_n_1                                                             | uart/uart_inst/baud_gen/TL1_OUT_reg[0]_LDC_i_1_n_1 |                1 |              1 |         1.00 |
|  clk_IBUF_BUFG                                      |                                                                                                          | uart/uart_inst/baud_gen/TL1_OUT_reg[1]_LDC_i_2_n_1 |                1 |              1 |         1.00 |
|  clk_IBUF_BUFG                                      |                                                                                                          | uart/uart_inst/baud_gen/TL1_OUT_reg[7]_LDC_i_2_n_1 |                1 |              1 |         1.00 |
|  clk_IBUF_BUFG                                      |                                                                                                          | uart/uart_inst/baud_gen/TL1_OUT_reg[6]_LDC_i_2_n_1 |                1 |              1 |         1.00 |
|  clk_IBUF_BUFG                                      |                                                                                                          | uart/uart_inst/baud_gen/TL1_OUT_reg[5]_LDC_i_2_n_1 |                1 |              1 |         1.00 |
|  clk_IBUF_BUFG                                      |                                                                                                          | uart/uart_inst/baud_gen/TL1_OUT_reg[4]_LDC_i_2_n_1 |                1 |              1 |         1.00 |
|  clk_IBUF_BUFG                                      |                                                                                                          | uart/uart_inst/baud_gen/TL1_OUT_reg[3]_LDC_i_2_n_1 |                1 |              1 |         1.00 |
|  clk_IBUF_BUFG                                      |                                                                                                          | uart/uart_inst/baud_gen/TL1_OUT_reg[0]_LDC_i_2_n_1 |                1 |              1 |         1.00 |
|  uart_inst/baud_tick                                | uart/uart_inst/tx_unit/tx_i_1_n_1                                                                        | rst_IBUF                                           |                1 |              1 |         1.00 |
|  uart/uart_inst/baud_gen/TL1_OUT_reg[2]_LDC_i_1_n_1 |                                                                                                          | uart/uart_inst/baud_gen/TL1_OUT_reg[2]_LDC_i_2_n_1 |                1 |              1 |         1.00 |
|  uart/uart_inst/baud_gen/TL1_OUT_reg[3]_LDC_i_1_n_1 |                                                                                                          | uart/uart_inst/baud_gen/TL1_OUT_reg[3]_LDC_i_2_n_1 |                1 |              1 |         1.00 |
|  uart/uart_inst/baud_gen/TL1_OUT_reg[7]_LDC_i_1_n_1 |                                                                                                          | uart/uart_inst/baud_gen/TL1_OUT_reg[7]_LDC_i_2_n_1 |                1 |              1 |         1.00 |
|  uart/uart_inst/baud_gen/TL1_OUT_reg[6]_LDC_i_1_n_1 |                                                                                                          | uart/uart_inst/baud_gen/TL1_OUT_reg[6]_LDC_i_2_n_1 |                1 |              1 |         1.00 |
|  clk_IBUF_BUFG                                      |                                                                                                          | uart/uart_inst/baud_gen/TL1_OUT_reg[2]_LDC_i_2_n_1 |                1 |              1 |         1.00 |
|  uart/uart_inst/baud_gen/TL1_OUT_reg[5]_LDC_i_1_n_1 |                                                                                                          | uart/uart_inst/baud_gen/TL1_OUT_reg[5]_LDC_i_2_n_1 |                1 |              1 |         1.00 |
|  uart/uart_inst/baud_gen/TL1_OUT_reg[0]_LDC_i_1_n_1 |                                                                                                          | uart/uart_inst/baud_gen/TL1_OUT_reg[0]_LDC_i_2_n_1 |                1 |              1 |         1.00 |
|  uart/uart_inst/baud_gen/TL1_OUT_reg[1]_LDC_i_1_n_1 |                                                                                                          | uart/uart_inst/baud_gen/TL1_OUT_reg[1]_LDC_i_2_n_1 |                1 |              1 |         1.00 |
|  uart/uart_inst/baud_gen/TL1_OUT_reg[4]_LDC_i_1_n_1 |                                                                                                          | uart/uart_inst/baud_gen/TL1_OUT_reg[4]_LDC_i_2_n_1 |                1 |              1 |         1.00 |
|  n_0_592_BUFG                                       |                                                                                                          |                                                    |                2 |              3 |         1.50 |
|  uart_inst/baud_tick                                | uart/uart_inst/tx_unit/FSM_onehot_state[3]_i_1_n_1                                                       | rst_IBUF                                           |                1 |              4 |         4.00 |
|  uart_inst/baud_tick                                | uart/uart_inst/rx_unit/bit_count                                                                         | rst_IBUF                                           |                1 |              4 |         4.00 |
|  uart_inst/baud_tick                                | uart/uart_inst/tx_unit/bit_count                                                                         | rst_IBUF                                           |                1 |              4 |         4.00 |
|  clk_IBUF_BUFG                                      |                                                                                                          | t0/uut/r_ClkDiv121                                 |                1 |              4 |         4.00 |
|  uart_inst/baud_tick                                |                                                                                                          | rst_IBUF                                           |                2 |              5 |         2.50 |
|  clk_IBUF_BUFG                                      | t0/E[0]                                                                                                  | rst_IBUF                                           |                2 |              5 |         2.50 |
|  clk_IBUF_BUFG                                      |                                                                                                          | t0/uut/r_ClkDiv481                                 |                2 |              6 |         3.00 |
|  clk_IBUF_BUFG                                      | vga/text_mod_inst/fifo_inst/U0/inst_fifo_gen/gconvfifo.rf/grf.rf/gntv_or_sync_fifo.gl0.wr/gwss.wsts/E[0] | rst_IBUF                                           |                3 |              8 |         2.67 |
|  clk_IBUF_BUFG                                      | uart/uart_inst/rx_unit/E[0]                                                                              | rst_IBUF                                           |                4 |              8 |         2.00 |
|  clk_IBUF_BUFG                                      | ps2/ps2_keyboard_inst/ascii[7]_i_1_n_1                                                                   | rst_IBUF                                           |                2 |              8 |         4.00 |
|  clk_IBUF_BUFG                                      | uart/reg_SBUF0                                                                                           | rst_IBUF                                           |                2 |              8 |         4.00 |
|  clk_IBUF_BUFG                                      | uart/reg_TL1                                                                                             | rst_IBUF                                           |                1 |              8 |         8.00 |
|  clk_IBUF_BUFG                                      | uart/reg_TH1                                                                                             | rst_IBUF                                           |                2 |              8 |         4.00 |
|  clk_IBUF_BUFG                                      | vga/text_mod_inst/fifo_inst/U0/inst_fifo_gen/gconvfifo.rf/grf.rf/gntv_or_sync_fifo.gl0.rd/grss.rsts/E[0] | rst_IBUF                                           |                3 |              8 |         2.67 |
|  uart_inst/baud_tick                                | uart/uart_inst/rx_unit/data_out[7]_i_1_n_1                                                               |                                                    |                2 |              8 |         4.00 |
|  clk_IBUF_BUFG                                      | ps2/PS2_CONTROL_reg0                                                                                     | rst_IBUF                                           |                4 |              8 |         2.00 |
|  clk_IBUF_BUFG                                      | dummy2/P0[7]_i_1_n_1                                                                                     | rst_IBUF                                           |                2 |              8 |         4.00 |
|  clk_IBUF_BUFG                                      | ps2/fifo/U0/inst_fifo_gen/gconvfifo.rf/grf.rf/gntv_or_sync_fifo.gl0.rd/grss.rsts/E[0]                    | rst_IBUF                                           |                2 |              8 |         4.00 |
|  clk_IBUF_BUFG                                      | ps2/fifo/U0/inst_fifo_gen/gconvfifo.rf/grf.rf/gntv_or_sync_fifo.gl0.wr/gwss.wsts/E[0]                    | rst_IBUF                                           |                1 |              8 |         8.00 |
|  n_0_592_BUFG                                       | t0/uut/r_timer_8bit_extra[7]_i_1_n_1                                                                     | rst_IBUF                                           |                4 |              8 |         2.00 |
|  n_0_592_BUFG                                       | t0/uut/r_timer_8bit[7]_i_1_n_1                                                                           | rst_IBUF                                           |                5 |              8 |         1.60 |
|  clk_IBUF_BUFG                                      | uart/reg_TCON_reg_n_1_[6]                                                                                | rst_IBUF                                           |                3 |              9 |         3.00 |
|  uart_inst/baud_tick                                | uart/uart_inst/rx_unit/shift_reg[8]_i_1_n_1                                                              |                                                    |                2 |              9 |         4.50 |
|  uart_inst/baud_tick                                | uart/uart_inst/tx_unit/shift_reg_0                                                                       | rst_IBUF                                           |                3 |              9 |         3.00 |
|  vga/pll_inst/inst/clk_out1                         |                                                                                                          |                                                    |                4 |              9 |         2.25 |
|  vga/pll_inst/inst/clk_out1                         |                                                                                                          | vga/VGA_H/h_count[9]_i_1_n_1                       |                4 |             10 |         2.50 |
|  vga/pll_inst/inst/clk_out1                         | vga/pll_inst/inst/locked                                                                                 |                                                    |                4 |             10 |         2.50 |
|  vga/pll_inst/inst/clk_out1                         | vga/VGA_H/E[0]                                                                                           | vga/VGA_V/v_count[9]_i_1_n_1                       |                3 |             10 |         3.33 |
|  clk_IBUF_BUFG                                      | ps2/ps2_keyboard_inst/shift_reg                                                                          | rst_IBUF                                           |                2 |             11 |         5.50 |
|  clk_IBUF_BUFG                                      | vga/img_mem/monoram/U0/synth_options.dist_mem_inst/gen_sdp_ram.sdpram_inst/ram_reg_8768_8831_0_2_i_1_n_0 |                                                    |                3 |             12 |         4.00 |
|  clk_IBUF_BUFG                                      | vga/img_mem/monoram/U0/synth_options.dist_mem_inst/gen_sdp_ram.sdpram_inst/ram_reg_9344_9407_0_2_i_1_n_0 |                                                    |                3 |             12 |         4.00 |
|  clk_IBUF_BUFG                                      | vga/img_mem/monoram/U0/synth_options.dist_mem_inst/gen_sdp_ram.sdpram_inst/ram_reg_9280_9343_0_2_i_1_n_0 |                                                    |                3 |             12 |         4.00 |
|  clk_IBUF_BUFG                                      | vga/img_mem/monoram/U0/synth_options.dist_mem_inst/gen_sdp_ram.sdpram_inst/ram_reg_9216_9279_0_2_i_1_n_0 |                                                    |                3 |             12 |         4.00 |
|  clk_IBUF_BUFG                                      | vga/img_mem/monoram/U0/synth_options.dist_mem_inst/gen_sdp_ram.sdpram_inst/ram_reg_9152_9215_0_2_i_1_n_0 |                                                    |                3 |             12 |         4.00 |
|  clk_IBUF_BUFG                                      | vga/img_mem/monoram/U0/synth_options.dist_mem_inst/gen_sdp_ram.sdpram_inst/ram_reg_9088_9151_0_2_i_1_n_0 |                                                    |                3 |             12 |         4.00 |
|  clk_IBUF_BUFG                                      | vga/img_mem/monoram/U0/synth_options.dist_mem_inst/gen_sdp_ram.sdpram_inst/ram_reg_9024_9087_0_2_i_1_n_0 |                                                    |                3 |             12 |         4.00 |
|  clk_IBUF_BUFG                                      | vga/img_mem/monoram/U0/synth_options.dist_mem_inst/gen_sdp_ram.sdpram_inst/ram_reg_8960_9023_0_2_i_1_n_0 |                                                    |                3 |             12 |         4.00 |
|  clk_IBUF_BUFG                                      | vga/img_mem/monoram/U0/synth_options.dist_mem_inst/gen_sdp_ram.sdpram_inst/ram_reg_896_959_0_2_i_1_n_0   |                                                    |                3 |             12 |         4.00 |
|  clk_IBUF_BUFG                                      | vga/img_mem/monoram/U0/synth_options.dist_mem_inst/gen_sdp_ram.sdpram_inst/ram_reg_8896_8959_0_2_i_1_n_0 |                                                    |                3 |             12 |         4.00 |
|  clk_IBUF_BUFG                                      | vga/img_mem/monoram/U0/synth_options.dist_mem_inst/gen_sdp_ram.sdpram_inst/ram_reg_9408_9471_0_2_i_1_n_0 |                                                    |                3 |             12 |         4.00 |
|  clk_IBUF_BUFG                                      | vga/img_mem/monoram/U0/synth_options.dist_mem_inst/gen_sdp_ram.sdpram_inst/ram_reg_8832_8895_0_2_i_1_n_0 |                                                    |                3 |             12 |         4.00 |
|  clk_IBUF_BUFG                                      | vga/img_mem/monoram/U0/synth_options.dist_mem_inst/gen_sdp_ram.sdpram_inst/ram_reg_8704_8767_0_2_i_1_n_0 |                                                    |                3 |             12 |         4.00 |
|  clk_IBUF_BUFG                                      | vga/img_mem/monoram/U0/synth_options.dist_mem_inst/gen_sdp_ram.sdpram_inst/ram_reg_8640_8703_0_2_i_1_n_0 |                                                    |                3 |             12 |         4.00 |
|  clk_IBUF_BUFG                                      | vga/img_mem/monoram/U0/synth_options.dist_mem_inst/gen_sdp_ram.sdpram_inst/ram_reg_8576_8639_0_2_i_1_n_0 |                                                    |                3 |             12 |         4.00 |
|  clk_IBUF_BUFG                                      | vga/img_mem/monoram/U0/synth_options.dist_mem_inst/gen_sdp_ram.sdpram_inst/ram_reg_8448_8511_0_2_i_1_n_0 |                                                    |                3 |             12 |         4.00 |
|  clk_IBUF_BUFG                                      | vga/img_mem/monoram/U0/synth_options.dist_mem_inst/gen_sdp_ram.sdpram_inst/ram_reg_8512_8575_0_2_i_1_n_0 |                                                    |                3 |             12 |         4.00 |
|  clk_IBUF_BUFG                                      | vga/img_mem/monoram/U0/synth_options.dist_mem_inst/gen_sdp_ram.sdpram_inst/ram_reg_8384_8447_0_2_i_1_n_0 |                                                    |                3 |             12 |         4.00 |
|  clk_IBUF_BUFG                                      | vga/img_mem/monoram/U0/synth_options.dist_mem_inst/gen_sdp_ram.sdpram_inst/ram_reg_832_895_0_2_i_1_n_0   |                                                    |                3 |             12 |         4.00 |
|  clk_IBUF_BUFG                                      | vga/img_mem/monoram/U0/synth_options.dist_mem_inst/gen_sdp_ram.sdpram_inst/ram_reg_5824_5887_0_2_i_1_n_0 |                                                    |                3 |             12 |         4.00 |
|  clk_IBUF_BUFG                                      | vga/img_mem/monoram/U0/synth_options.dist_mem_inst/gen_sdp_ram.sdpram_inst/ram_reg_5504_5567_0_2_i_1_n_0 |                                                    |                3 |             12 |         4.00 |
|  clk_IBUF_BUFG                                      | vga/img_mem/monoram/U0/synth_options.dist_mem_inst/gen_sdp_ram.sdpram_inst/ram_reg_5440_5503_0_2_i_1_n_0 |                                                    |                3 |             12 |         4.00 |
|  clk_IBUF_BUFG                                      | vga/img_mem/monoram/U0/synth_options.dist_mem_inst/gen_sdp_ram.sdpram_inst/ram_reg_5312_5375_0_2_i_1_n_0 |                                                    |                3 |             12 |         4.00 |
|  clk_IBUF_BUFG                                      | vga/img_mem/monoram/U0/synth_options.dist_mem_inst/gen_sdp_ram.sdpram_inst/ram_reg_5568_5631_0_2_i_1_n_0 |                                                    |                3 |             12 |         4.00 |
|  clk_IBUF_BUFG                                      | vga/img_mem/monoram/U0/synth_options.dist_mem_inst/gen_sdp_ram.sdpram_inst/ram_reg_5632_5695_0_2_i_1_n_0 |                                                    |                3 |             12 |         4.00 |
|  clk_IBUF_BUFG                                      | vga/img_mem/monoram/U0/synth_options.dist_mem_inst/gen_sdp_ram.sdpram_inst/ram_reg_5696_5759_0_2_i_1_n_0 |                                                    |                3 |             12 |         4.00 |
|  clk_IBUF_BUFG                                      | vga/img_mem/monoram/U0/synth_options.dist_mem_inst/gen_sdp_ram.sdpram_inst/ram_reg_5760_5823_0_2_i_1_n_0 |                                                    |                3 |             12 |         4.00 |
|  clk_IBUF_BUFG                                      | vga/img_mem/monoram/U0/synth_options.dist_mem_inst/gen_sdp_ram.sdpram_inst/ram_reg_576_639_0_2_i_1_n_0   |                                                    |                3 |             12 |         4.00 |
|  clk_IBUF_BUFG                                      | vga/img_mem/monoram/U0/synth_options.dist_mem_inst/gen_sdp_ram.sdpram_inst/ram_reg_8320_8383_0_2_i_1_n_0 |                                                    |                3 |             12 |         4.00 |
|  clk_IBUF_BUFG                                      | vga/img_mem/monoram/U0/synth_options.dist_mem_inst/gen_sdp_ram.sdpram_inst/ram_reg_5952_6015_0_2_i_1_n_0 |                                                    |                3 |             12 |         4.00 |
|  clk_IBUF_BUFG                                      | vga/img_mem/monoram/U0/synth_options.dist_mem_inst/gen_sdp_ram.sdpram_inst/ram_reg_5888_5951_0_2_i_1_n_0 |                                                    |                3 |             12 |         4.00 |
|  clk_IBUF_BUFG                                      | vga/img_mem/monoram/U0/synth_options.dist_mem_inst/gen_sdp_ram.sdpram_inst/ram_reg_6080_6143_0_2_i_1_n_0 |                                                    |                3 |             12 |         4.00 |
|  clk_IBUF_BUFG                                      | vga/img_mem/monoram/U0/synth_options.dist_mem_inst/gen_sdp_ram.sdpram_inst/ram_reg_6016_6079_0_2_i_1_n_0 |                                                    |                3 |             12 |         4.00 |
|  clk_IBUF_BUFG                                      | vga/img_mem/monoram/U0/synth_options.dist_mem_inst/gen_sdp_ram.sdpram_inst/ram_reg_6144_6207_0_2_i_1_n_0 |                                                    |                3 |             12 |         4.00 |
|  clk_IBUF_BUFG                                      | vga/img_mem/monoram/U0/synth_options.dist_mem_inst/gen_sdp_ram.sdpram_inst/ram_reg_6208_6271_0_2_i_1_n_0 |                                                    |                3 |             12 |         4.00 |
|  clk_IBUF_BUFG                                      | vga/img_mem/monoram/U0/synth_options.dist_mem_inst/gen_sdp_ram.sdpram_inst/ram_reg_6272_6335_0_2_i_1_n_0 |                                                    |                3 |             12 |         4.00 |
|  clk_IBUF_BUFG                                      | vga/img_mem/monoram/U0/synth_options.dist_mem_inst/gen_sdp_ram.sdpram_inst/ram_reg_6400_6463_0_2_i_1_n_0 |                                                    |                3 |             12 |         4.00 |
|  clk_IBUF_BUFG                                      | vga/img_mem/monoram/U0/synth_options.dist_mem_inst/gen_sdp_ram.sdpram_inst/ram_reg_6464_6527_0_2_i_1_n_0 |                                                    |                3 |             12 |         4.00 |
|  clk_IBUF_BUFG                                      | vga/img_mem/monoram/U0/synth_options.dist_mem_inst/gen_sdp_ram.sdpram_inst/ram_reg_7168_7231_0_2_i_1_n_0 |                                                    |                3 |             12 |         4.00 |
|  clk_IBUF_BUFG                                      | vga/img_mem/monoram/U0/synth_options.dist_mem_inst/gen_sdp_ram.sdpram_inst/ram_reg_7104_7167_0_2_i_1_n_0 |                                                    |                3 |             12 |         4.00 |
|  clk_IBUF_BUFG                                      | vga/img_mem/monoram/U0/synth_options.dist_mem_inst/gen_sdp_ram.sdpram_inst/ram_reg_704_767_0_2_i_1_n_0   |                                                    |                3 |             12 |         4.00 |
|  clk_IBUF_BUFG                                      | vga/img_mem/monoram/U0/synth_options.dist_mem_inst/gen_sdp_ram.sdpram_inst/ram_reg_6336_6399_0_2_i_1_n_0 |                                                    |                3 |             12 |         4.00 |
|  clk_IBUF_BUFG                                      | vga/img_mem/monoram/U0/synth_options.dist_mem_inst/gen_sdp_ram.sdpram_inst/ram_reg_960_1023_0_2_i_1_n_0  |                                                    |                3 |             12 |         4.00 |
|  clk_IBUF_BUFG                                      | vga/img_mem/monoram/U0/synth_options.dist_mem_inst/gen_sdp_ram.sdpram_inst/ram_reg_9536_9599_0_2_i_1_n_0 |                                                    |                3 |             12 |         4.00 |
|  clk_IBUF_BUFG                                      | vga/img_mem/monoram/U0/synth_options.dist_mem_inst/gen_sdp_ram.sdpram_inst/ram_reg_9472_9535_0_2_i_1_n_0 |                                                    |                3 |             12 |         4.00 |
|  clk_IBUF_BUFG                                      | vga/img_mem/monoram/U0/synth_options.dist_mem_inst/gen_sdp_ram.sdpram_inst/ram_reg_640_703_0_2_i_1_n_0   |                                                    |                3 |             12 |         4.00 |
|  clk_IBUF_BUFG                                      | vga/img_mem/monoram/U0/synth_options.dist_mem_inst/gen_sdp_ram.sdpram_inst/ram_reg_64_127_0_2_i_1_n_0    |                                                    |                3 |             12 |         4.00 |
|  clk_IBUF_BUFG                                      | vga/img_mem/monoram/U0/synth_options.dist_mem_inst/gen_sdp_ram.sdpram_inst/ram_reg_7232_7295_0_2_i_1_n_0 |                                                    |                3 |             12 |         4.00 |
|  clk_IBUF_BUFG                                      | vga/img_mem/monoram/U0/synth_options.dist_mem_inst/gen_sdp_ram.sdpram_inst/ram_reg_6528_6591_0_2_i_1_n_0 |                                                    |                3 |             12 |         4.00 |
|  clk_IBUF_BUFG                                      | vga/img_mem/monoram/U0/synth_options.dist_mem_inst/gen_sdp_ram.sdpram_inst/ram_reg_6592_6655_0_2_i_1_n_0 |                                                    |                3 |             12 |         4.00 |
|  clk_IBUF_BUFG                                      | vga/img_mem/monoram/U0/synth_options.dist_mem_inst/gen_sdp_ram.sdpram_inst/ram_reg_6656_6719_0_2_i_1_n_0 |                                                    |                3 |             12 |         4.00 |
|  clk_IBUF_BUFG                                      | vga/img_mem/monoram/U0/synth_options.dist_mem_inst/gen_sdp_ram.sdpram_inst/ram_reg_6720_6783_0_2_i_1_n_0 |                                                    |                3 |             12 |         4.00 |
|  clk_IBUF_BUFG                                      | vga/img_mem/monoram/U0/synth_options.dist_mem_inst/gen_sdp_ram.sdpram_inst/ram_reg_6784_6847_0_2_i_1_n_0 |                                                    |                3 |             12 |         4.00 |
|  clk_IBUF_BUFG                                      | vga/img_mem/monoram/U0/synth_options.dist_mem_inst/gen_sdp_ram.sdpram_inst/ram_reg_6848_6911_0_2_i_1_n_0 |                                                    |                3 |             12 |         4.00 |
|  clk_IBUF_BUFG                                      | vga/img_mem/monoram/U0/synth_options.dist_mem_inst/gen_sdp_ram.sdpram_inst/ram_reg_6912_6975_0_2_i_1_n_0 |                                                    |                3 |             12 |         4.00 |
|  clk_IBUF_BUFG                                      | vga/img_mem/monoram/U0/synth_options.dist_mem_inst/gen_sdp_ram.sdpram_inst/ram_reg_6976_7039_0_2_i_1_n_0 |                                                    |                3 |             12 |         4.00 |
|  clk_IBUF_BUFG                                      | vga/img_mem/monoram/U0/synth_options.dist_mem_inst/gen_sdp_ram.sdpram_inst/ram_reg_7744_7807_0_2_i_1_n_0 |                                                    |                3 |             12 |         4.00 |
|  clk_IBUF_BUFG                                      | vga/img_mem/monoram/U0/synth_options.dist_mem_inst/gen_sdp_ram.sdpram_inst/ram_reg_8256_8319_0_2_i_1_n_0 |                                                    |                3 |             12 |         4.00 |
|  clk_IBUF_BUFG                                      | vga/img_mem/monoram/U0/synth_options.dist_mem_inst/gen_sdp_ram.sdpram_inst/ram_reg_8192_8255_0_2_i_1_n_0 |                                                    |                3 |             12 |         4.00 |
|  clk_IBUF_BUFG                                      | vga/img_mem/monoram/U0/synth_options.dist_mem_inst/gen_sdp_ram.sdpram_inst/ram_reg_8128_8191_0_2_i_1_n_0 |                                                    |                3 |             12 |         4.00 |
|  clk_IBUF_BUFG                                      | vga/img_mem/monoram/U0/synth_options.dist_mem_inst/gen_sdp_ram.sdpram_inst/ram_reg_8064_8127_0_2_i_1_n_0 |                                                    |                3 |             12 |         4.00 |
|  clk_IBUF_BUFG                                      | vga/img_mem/monoram/U0/synth_options.dist_mem_inst/gen_sdp_ram.sdpram_inst/ram_reg_8000_8063_0_2_i_1_n_0 |                                                    |                3 |             12 |         4.00 |
|  clk_IBUF_BUFG                                      | vga/img_mem/monoram/U0/synth_options.dist_mem_inst/gen_sdp_ram.sdpram_inst/ram_reg_7872_7935_0_2_i_1_n_0 |                                                    |                3 |             12 |         4.00 |
|  clk_IBUF_BUFG                                      | vga/img_mem/monoram/U0/synth_options.dist_mem_inst/gen_sdp_ram.sdpram_inst/ram_reg_7936_7999_0_2_i_1_n_0 |                                                    |                3 |             12 |         4.00 |
|  clk_IBUF_BUFG                                      | vga/img_mem/monoram/U0/synth_options.dist_mem_inst/gen_sdp_ram.sdpram_inst/ram_reg_7808_7871_0_2_i_1_n_0 |                                                    |                3 |             12 |         4.00 |
|  clk_IBUF_BUFG                                      | vga/img_mem/monoram/U0/synth_options.dist_mem_inst/gen_sdp_ram.sdpram_inst/ram_reg_7040_7103_0_2_i_1_n_0 |                                                    |                3 |             12 |         4.00 |
|  clk_IBUF_BUFG                                      | vga/img_mem/monoram/U0/synth_options.dist_mem_inst/gen_sdp_ram.sdpram_inst/ram_reg_768_831_0_2_i_1_n_0   |                                                    |                3 |             12 |         4.00 |
|  clk_IBUF_BUFG                                      | vga/img_mem/monoram/U0/synth_options.dist_mem_inst/gen_sdp_ram.sdpram_inst/ram_reg_7680_7743_0_2_i_1_n_0 |                                                    |                3 |             12 |         4.00 |
|  clk_IBUF_BUFG                                      | vga/img_mem/monoram/U0/synth_options.dist_mem_inst/gen_sdp_ram.sdpram_inst/ram_reg_7616_7679_0_2_i_1_n_0 |                                                    |                3 |             12 |         4.00 |
|  clk_IBUF_BUFG                                      | vga/img_mem/monoram/U0/synth_options.dist_mem_inst/gen_sdp_ram.sdpram_inst/ram_reg_7552_7615_0_2_i_1_n_0 |                                                    |                3 |             12 |         4.00 |
|  clk_IBUF_BUFG                                      | vga/img_mem/monoram/U0/synth_options.dist_mem_inst/gen_sdp_ram.sdpram_inst/ram_reg_7488_7551_0_2_i_1_n_0 |                                                    |                3 |             12 |         4.00 |
|  clk_IBUF_BUFG                                      | vga/img_mem/monoram/U0/synth_options.dist_mem_inst/gen_sdp_ram.sdpram_inst/ram_reg_7424_7487_0_2_i_1_n_0 |                                                    |                3 |             12 |         4.00 |
|  clk_IBUF_BUFG                                      | vga/img_mem/monoram/U0/synth_options.dist_mem_inst/gen_sdp_ram.sdpram_inst/ram_reg_7360_7423_0_2_i_1_n_0 |                                                    |                3 |             12 |         4.00 |
|  clk_IBUF_BUFG                                      | vga/img_mem/monoram/U0/synth_options.dist_mem_inst/gen_sdp_ram.sdpram_inst/ram_reg_7296_7359_0_2_i_1_n_0 |                                                    |                3 |             12 |         4.00 |
|  clk_IBUF_BUFG                                      | vga/img_mem/monoram/U0/synth_options.dist_mem_inst/gen_sdp_ram.sdpram_inst/ram_reg_3648_3711_0_2_i_1_n_0 |                                                    |                3 |             12 |         4.00 |
|  clk_IBUF_BUFG                                      | vga/img_mem/monoram/U0/synth_options.dist_mem_inst/gen_sdp_ram.sdpram_inst/ram_reg_4160_4223_0_2_i_1_n_0 |                                                    |                3 |             12 |         4.00 |
|  clk_IBUF_BUFG                                      | vga/img_mem/monoram/U0/synth_options.dist_mem_inst/gen_sdp_ram.sdpram_inst/ram_reg_4096_4159_0_2_i_1_n_0 |                                                    |                3 |             12 |         4.00 |
|  clk_IBUF_BUFG                                      | vga/img_mem/monoram/U0/synth_options.dist_mem_inst/gen_sdp_ram.sdpram_inst/ram_reg_4032_4095_0_2_i_1_n_0 |                                                    |                3 |             12 |         4.00 |
|  clk_IBUF_BUFG                                      | vga/img_mem/monoram/U0/synth_options.dist_mem_inst/gen_sdp_ram.sdpram_inst/ram_reg_3968_4031_0_2_i_1_n_0 |                                                    |                3 |             12 |         4.00 |
|  clk_IBUF_BUFG                                      | vga/img_mem/monoram/U0/synth_options.dist_mem_inst/gen_sdp_ram.sdpram_inst/ram_reg_384_447_0_2_i_1_n_0   |                                                    |                3 |             12 |         4.00 |
|  clk_IBUF_BUFG                                      | vga/img_mem/monoram/U0/synth_options.dist_mem_inst/gen_sdp_ram.sdpram_inst/ram_reg_3904_3967_0_2_i_1_n_0 |                                                    |                3 |             12 |         4.00 |
|  clk_IBUF_BUFG                                      | vga/img_mem/monoram/U0/synth_options.dist_mem_inst/gen_sdp_ram.sdpram_inst/ram_reg_3840_3903_0_2_i_1_n_0 |                                                    |                3 |             12 |         4.00 |
|  clk_IBUF_BUFG                                      | vga/img_mem/monoram/U0/synth_options.dist_mem_inst/gen_sdp_ram.sdpram_inst/ram_reg_3776_3839_0_2_i_1_n_0 |                                                    |                3 |             12 |         4.00 |
|  clk_IBUF_BUFG                                      | vga/img_mem/monoram/U0/synth_options.dist_mem_inst/gen_sdp_ram.sdpram_inst/ram_reg_3712_3775_0_2_i_1_n_0 |                                                    |                3 |             12 |         4.00 |
|  clk_IBUF_BUFG                                      | vga/img_mem/monoram/U0/synth_options.dist_mem_inst/gen_sdp_ram.sdpram_inst/ram_reg_4224_4287_0_2_i_1_n_0 |                                                    |                3 |             12 |         4.00 |
|  clk_IBUF_BUFG                                      | vga/img_mem/monoram/U0/synth_options.dist_mem_inst/gen_sdp_ram.sdpram_inst/ram_reg_3584_3647_0_2_i_1_n_0 |                                                    |                3 |             12 |         4.00 |
|  clk_IBUF_BUFG                                      | vga/img_mem/monoram/U0/synth_options.dist_mem_inst/gen_sdp_ram.sdpram_inst/ram_reg_3392_3455_0_2_i_1_n_0 |                                                    |                3 |             12 |         4.00 |
|  clk_IBUF_BUFG                                      | vga/img_mem/monoram/U0/synth_options.dist_mem_inst/gen_sdp_ram.sdpram_inst/ram_reg_3520_3583_0_2_i_1_n_0 |                                                    |                3 |             12 |         4.00 |
|  clk_IBUF_BUFG                                      | vga/img_mem/monoram/U0/synth_options.dist_mem_inst/gen_sdp_ram.sdpram_inst/ram_reg_3456_3519_0_2_i_1_n_0 |                                                    |                3 |             12 |         4.00 |
|  clk_IBUF_BUFG                                      | vga/img_mem/monoram/U0/synth_options.dist_mem_inst/gen_sdp_ram.sdpram_inst/ram_reg_3328_3391_0_2_i_1_n_0 |                                                    |                3 |             12 |         4.00 |
|  clk_IBUF_BUFG                                      | vga/img_mem/monoram/U0/synth_options.dist_mem_inst/gen_sdp_ram.sdpram_inst/ram_reg_320_383_0_2_i_1_n_0   |                                                    |                3 |             12 |         4.00 |
|  clk_IBUF_BUFG                                      | vga/img_mem/monoram/U0/synth_options.dist_mem_inst/gen_sdp_ram.sdpram_inst/ram_reg_3200_3263_0_2_i_1_n_0 |                                                    |                3 |             12 |         4.00 |
|  clk_IBUF_BUFG                                      | vga/img_mem/monoram/U0/synth_options.dist_mem_inst/gen_sdp_ram.sdpram_inst/ram_reg_3136_3199_0_2_i_1_n_0 |                                                    |                3 |             12 |         4.00 |
|  clk_IBUF_BUFG                                      | vga/img_mem/monoram/U0/synth_options.dist_mem_inst/gen_sdp_ram.sdpram_inst/ram_reg_4736_4799_0_2_i_1_n_0 |                                                    |                3 |             12 |         4.00 |
|  clk_IBUF_BUFG                                      | vga/img_mem/monoram/U0/synth_options.dist_mem_inst/gen_sdp_ram.sdpram_inst/ram_reg_5184_5247_0_2_i_1_n_0 |                                                    |                3 |             12 |         4.00 |
|  clk_IBUF_BUFG                                      | vga/img_mem/monoram/U0/synth_options.dist_mem_inst/gen_sdp_ram.sdpram_inst/ram_reg_5248_5311_0_2_i_1_n_0 |                                                    |                3 |             12 |         4.00 |
|  clk_IBUF_BUFG                                      | vga/img_mem/monoram/U0/synth_options.dist_mem_inst/gen_sdp_ram.sdpram_inst/ram_reg_512_575_0_2_i_1_n_0   |                                                    |                3 |             12 |         4.00 |
|  clk_IBUF_BUFG                                      | vga/img_mem/monoram/U0/synth_options.dist_mem_inst/gen_sdp_ram.sdpram_inst/ram_reg_5120_5183_0_2_i_1_n_0 |                                                    |                3 |             12 |         4.00 |
|  clk_IBUF_BUFG                                      | vga/img_mem/monoram/U0/synth_options.dist_mem_inst/gen_sdp_ram.sdpram_inst/ram_reg_5056_5119_0_2_i_1_n_0 |                                                    |                3 |             12 |         4.00 |
|  clk_IBUF_BUFG                                      | vga/img_mem/monoram/U0/synth_options.dist_mem_inst/gen_sdp_ram.sdpram_inst/ram_reg_4928_4991_0_2_i_1_n_0 |                                                    |                3 |             12 |         4.00 |
|  clk_IBUF_BUFG                                      | vga/img_mem/monoram/U0/synth_options.dist_mem_inst/gen_sdp_ram.sdpram_inst/ram_reg_4992_5055_0_2_i_1_n_0 |                                                    |                3 |             12 |         4.00 |
|  clk_IBUF_BUFG                                      | vga/img_mem/monoram/U0/synth_options.dist_mem_inst/gen_sdp_ram.sdpram_inst/ram_reg_4864_4927_0_2_i_1_n_0 |                                                    |                3 |             12 |         4.00 |
|  clk_IBUF_BUFG                                      | vga/img_mem/monoram/U0/synth_options.dist_mem_inst/gen_sdp_ram.sdpram_inst/ram_reg_4800_4863_0_2_i_1_n_0 |                                                    |                3 |             12 |         4.00 |
|  clk_IBUF_BUFG                                      | vga/img_mem/monoram/U0/synth_options.dist_mem_inst/gen_sdp_ram.sdpram_inst/ram_reg_3264_3327_0_2_i_1_n_0 |                                                    |                3 |             12 |         4.00 |
|  clk_IBUF_BUFG                                      | vga/img_mem/monoram/U0/synth_options.dist_mem_inst/gen_sdp_ram.sdpram_inst/ram_reg_4608_4671_0_2_i_1_n_0 |                                                    |                3 |             12 |         4.00 |
|  clk_IBUF_BUFG                                      | vga/img_mem/monoram/U0/synth_options.dist_mem_inst/gen_sdp_ram.sdpram_inst/ram_reg_4672_4735_0_2_i_1_n_0 |                                                    |                3 |             12 |         4.00 |
|  clk_IBUF_BUFG                                      | vga/img_mem/monoram/U0/synth_options.dist_mem_inst/gen_sdp_ram.sdpram_inst/ram_reg_4544_4607_0_2_i_1_n_0 |                                                    |                3 |             12 |         4.00 |
|  clk_IBUF_BUFG                                      | vga/img_mem/monoram/U0/synth_options.dist_mem_inst/gen_sdp_ram.sdpram_inst/ram_reg_448_511_0_2_i_1_n_0   |                                                    |                3 |             12 |         4.00 |
|  clk_IBUF_BUFG                                      | vga/img_mem/monoram/U0/synth_options.dist_mem_inst/gen_sdp_ram.sdpram_inst/ram_reg_4480_4543_0_2_i_1_n_0 |                                                    |                3 |             12 |         4.00 |
|  clk_IBUF_BUFG                                      | vga/img_mem/monoram/U0/synth_options.dist_mem_inst/gen_sdp_ram.sdpram_inst/ram_reg_4416_4479_0_2_i_1_n_0 |                                                    |                3 |             12 |         4.00 |
|  clk_IBUF_BUFG                                      | vga/img_mem/monoram/U0/synth_options.dist_mem_inst/gen_sdp_ram.sdpram_inst/ram_reg_4352_4415_0_2_i_1_n_0 |                                                    |                3 |             12 |         4.00 |
|  clk_IBUF_BUFG                                      | vga/img_mem/monoram/U0/synth_options.dist_mem_inst/gen_sdp_ram.sdpram_inst/ram_reg_4288_4351_0_2_i_1_n_0 |                                                    |                3 |             12 |         4.00 |
|  clk_IBUF_BUFG                                      | vga/img_mem/monoram/U0/synth_options.dist_mem_inst/gen_sdp_ram.sdpram_inst/ram_reg_0_63_0_2_i_1_n_0      |                                                    |                3 |             12 |         4.00 |
|  clk_IBUF_BUFG                                      | vga/img_mem/monoram/U0/synth_options.dist_mem_inst/gen_sdp_ram.sdpram_inst/ram_reg_192_255_0_2_i_1_n_0   |                                                    |                3 |             12 |         4.00 |
|  clk_IBUF_BUFG                                      | vga/img_mem/monoram/U0/synth_options.dist_mem_inst/gen_sdp_ram.sdpram_inst/ram_reg_1856_1919_0_2_i_1_n_0 |                                                    |                3 |             12 |         4.00 |
|  clk_IBUF_BUFG                                      | vga/img_mem/monoram/U0/synth_options.dist_mem_inst/gen_sdp_ram.sdpram_inst/ram_reg_3072_3135_0_2_i_1_n_0 |                                                    |                3 |             12 |         4.00 |
|  clk_IBUF_BUFG                                      | vga/img_mem/monoram/U0/synth_options.dist_mem_inst/gen_sdp_ram.sdpram_inst/ram_reg_1792_1855_0_2_i_1_n_0 |                                                    |                3 |             12 |         4.00 |
|  clk_IBUF_BUFG                                      | vga/img_mem/monoram/U0/synth_options.dist_mem_inst/gen_sdp_ram.sdpram_inst/ram_reg_1728_1791_0_2_i_1_n_0 |                                                    |                3 |             12 |         4.00 |
|  clk_IBUF_BUFG                                      | vga/img_mem/monoram/U0/synth_options.dist_mem_inst/gen_sdp_ram.sdpram_inst/ram_reg_1664_1727_0_2_i_1_n_0 |                                                    |                3 |             12 |         4.00 |
|  clk_IBUF_BUFG                                      | vga/img_mem/monoram/U0/synth_options.dist_mem_inst/gen_sdp_ram.sdpram_inst/ram_reg_1600_1663_0_2_i_1_n_0 |                                                    |                3 |             12 |         4.00 |
|  clk_IBUF_BUFG                                      | vga/img_mem/monoram/U0/synth_options.dist_mem_inst/gen_sdp_ram.sdpram_inst/ram_reg_1536_1599_0_2_i_1_n_0 |                                                    |                3 |             12 |         4.00 |
|  clk_IBUF_BUFG                                      | vga/img_mem/monoram/U0/synth_options.dist_mem_inst/gen_sdp_ram.sdpram_inst/ram_reg_1472_1535_0_2_i_1_n_0 |                                                    |                3 |             12 |         4.00 |
|  clk_IBUF_BUFG                                      | vga/img_mem/monoram/U0/synth_options.dist_mem_inst/gen_sdp_ram.sdpram_inst/ram_reg_1920_1983_0_2_i_1_n_0 |                                                    |                3 |             12 |         4.00 |
|  clk_IBUF_BUFG                                      | vga/img_mem/monoram/U0/synth_options.dist_mem_inst/gen_sdp_ram.sdpram_inst/ram_reg_1024_1087_0_2_i_1_n_0 |                                                    |                3 |             12 |         4.00 |
|  clk_IBUF_BUFG                                      | vga/img_mem/monoram/U0/synth_options.dist_mem_inst/gen_sdp_ram.sdpram_inst/ram_reg_1088_1151_0_2_i_1_n_0 |                                                    |                3 |             12 |         4.00 |
|  clk_IBUF_BUFG                                      | vga/img_mem/monoram/U0/synth_options.dist_mem_inst/gen_sdp_ram.sdpram_inst/ram_reg_1216_1279_0_2_i_1_n_0 |                                                    |                3 |             12 |         4.00 |
|  clk_IBUF_BUFG                                      | vga/img_mem/monoram/U0/synth_options.dist_mem_inst/gen_sdp_ram.sdpram_inst/ram_reg_1152_1215_0_2_i_1_n_0 |                                                    |                3 |             12 |         4.00 |
|  clk_IBUF_BUFG                                      | vga/img_mem/monoram/U0/synth_options.dist_mem_inst/gen_sdp_ram.sdpram_inst/ram_reg_1280_1343_0_2_i_1_n_0 |                                                    |                3 |             12 |         4.00 |
|  clk_IBUF_BUFG                                      | vga/img_mem/monoram/U0/synth_options.dist_mem_inst/gen_sdp_ram.sdpram_inst/ram_reg_128_191_0_2_i_1_n_0   |                                                    |                3 |             12 |         4.00 |
|  clk_IBUF_BUFG                                      | vga/img_mem/monoram/U0/synth_options.dist_mem_inst/gen_sdp_ram.sdpram_inst/ram_reg_1344_1407_0_2_i_1_n_0 |                                                    |                3 |             12 |         4.00 |
|  clk_IBUF_BUFG                                      | vga/img_mem/monoram/U0/synth_options.dist_mem_inst/gen_sdp_ram.sdpram_inst/ram_reg_1408_1471_0_2_i_1_n_0 |                                                    |                3 |             12 |         4.00 |
|  clk_IBUF_BUFG                                      | vga/img_mem/monoram/U0/synth_options.dist_mem_inst/gen_sdp_ram.sdpram_inst/ram_reg_5376_5439_0_2_i_1_n_0 |                                                    |                3 |             12 |         4.00 |
|  clk_IBUF_BUFG                                      | vga/img_mem/monoram/U0/synth_options.dist_mem_inst/gen_sdp_ram.sdpram_inst/ram_reg_2048_2111_0_2_i_1_n_0 |                                                    |                3 |             12 |         4.00 |
|  clk_IBUF_BUFG                                      | vga/img_mem/monoram/U0/synth_options.dist_mem_inst/gen_sdp_ram.sdpram_inst/ram_reg_3008_3071_0_2_i_1_n_0 |                                                    |                3 |             12 |         4.00 |
|  clk_IBUF_BUFG                                      | vga/img_mem/monoram/U0/synth_options.dist_mem_inst/gen_sdp_ram.sdpram_inst/ram_reg_2944_3007_0_2_i_1_n_0 |                                                    |                3 |             12 |         4.00 |
|  clk_IBUF_BUFG                                      | vga/img_mem/monoram/U0/synth_options.dist_mem_inst/gen_sdp_ram.sdpram_inst/ram_reg_2816_2879_0_2_i_1_n_0 |                                                    |                3 |             12 |         4.00 |
|  clk_IBUF_BUFG                                      | vga/img_mem/monoram/U0/synth_options.dist_mem_inst/gen_sdp_ram.sdpram_inst/ram_reg_2880_2943_0_2_i_1_n_0 |                                                    |                3 |             12 |         4.00 |
|  clk_IBUF_BUFG                                      | vga/img_mem/monoram/U0/synth_options.dist_mem_inst/gen_sdp_ram.sdpram_inst/ram_reg_2752_2815_0_2_i_1_n_0 |                                                    |                3 |             12 |         4.00 |
|  clk_IBUF_BUFG                                      | vga/img_mem/monoram/U0/synth_options.dist_mem_inst/gen_sdp_ram.sdpram_inst/ram_reg_2688_2751_0_2_i_1_n_0 |                                                    |                3 |             12 |         4.00 |
|  clk_IBUF_BUFG                                      | vga/img_mem/monoram/U0/synth_options.dist_mem_inst/gen_sdp_ram.sdpram_inst/ram_reg_2624_2687_0_2_i_1_n_0 |                                                    |                3 |             12 |         4.00 |
|  clk_IBUF_BUFG                                      | vga/img_mem/monoram/U0/synth_options.dist_mem_inst/gen_sdp_ram.sdpram_inst/ram_reg_2560_2623_0_2_i_1_n_0 |                                                    |                3 |             12 |         4.00 |
|  clk_IBUF_BUFG                                      | vga/img_mem/monoram/U0/synth_options.dist_mem_inst/gen_sdp_ram.sdpram_inst/ram_reg_256_319_0_2_i_1_n_0   |                                                    |                3 |             12 |         4.00 |
|  clk_IBUF_BUFG                                      | vga/img_mem/monoram/U0/synth_options.dist_mem_inst/gen_sdp_ram.sdpram_inst/ram_reg_2496_2559_0_2_i_1_n_0 |                                                    |                3 |             12 |         4.00 |
|  clk_IBUF_BUFG                                      | vga/img_mem/monoram/U0/synth_options.dist_mem_inst/gen_sdp_ram.sdpram_inst/ram_reg_2432_2495_0_2_i_1_n_0 |                                                    |                3 |             12 |         4.00 |
|  clk_IBUF_BUFG                                      | vga/img_mem/monoram/U0/synth_options.dist_mem_inst/gen_sdp_ram.sdpram_inst/ram_reg_2368_2431_0_2_i_1_n_0 |                                                    |                3 |             12 |         4.00 |
|  clk_IBUF_BUFG                                      | vga/img_mem/monoram/U0/synth_options.dist_mem_inst/gen_sdp_ram.sdpram_inst/ram_reg_2304_2367_0_2_i_1_n_0 |                                                    |                3 |             12 |         4.00 |
|  clk_IBUF_BUFG                                      | vga/img_mem/monoram/U0/synth_options.dist_mem_inst/gen_sdp_ram.sdpram_inst/ram_reg_2240_2303_0_2_i_1_n_0 |                                                    |                3 |             12 |         4.00 |
|  clk_IBUF_BUFG                                      | vga/img_mem/monoram/U0/synth_options.dist_mem_inst/gen_sdp_ram.sdpram_inst/ram_reg_2176_2239_0_2_i_1_n_0 |                                                    |                3 |             12 |         4.00 |
|  clk_IBUF_BUFG                                      | vga/img_mem/monoram/U0/synth_options.dist_mem_inst/gen_sdp_ram.sdpram_inst/ram_reg_2112_2175_0_2_i_1_n_0 |                                                    |                3 |             12 |         4.00 |
|  clk_IBUF_BUFG                                      | vga/img_mem/monoram/U0/synth_options.dist_mem_inst/gen_sdp_ram.sdpram_inst/ram_reg_1984_2047_0_2_i_1_n_0 |                                                    |                3 |             12 |         4.00 |
|  n_0_592_BUFG                                       | t0/uut/r_timer_13bit[12]_i_1_n_1                                                                         | rst_IBUF                                           |                7 |             13 |         1.86 |
|  clk_IBUF_BUFG                                      | vga/text_mod_inst/base_addr[13]_i_1_n_1                                                                  | rst_IBUF                                           |                5 |             15 |         3.00 |
|  n_0_592_BUFG                                       | t0/uut/r_timer_16bit[15]_i_1_n_1                                                                         | rst_IBUF                                           |                7 |             16 |         2.29 |
|  clk_IBUF_BUFG                                      | t0/E[0]                                                                                                  |                                                    |                5 |             16 |         3.20 |
|  clk_IBUF_BUFG                                      | we_IBUF                                                                                                  | rst_IBUF                                           |               17 |             32 |         1.88 |
|  clk_IBUF_BUFG                                      |                                                                                                          | rst_IBUF                                           |               13 |             36 |         2.77 |
|  clk_IBUF_BUFG                                      |                                                                                                          |                                                    |               42 |             84 |         2.00 |
+-----------------------------------------------------+----------------------------------------------------------------------------------------------------------+----------------------------------------------------+------------------+----------------+--------------+


