Vivado Simulator v2024.1
Copyright 1986-2022 Xilinx, Inc. All Rights Reserved.
Copyright 2022-2024 Advanced Micro Devices, Inc. All Rights Reserved.
Running: /home/diogo/VIVADO/Vivado/2024.1/bin/unwrapped/lnx64.o/xelab --incr --debug typical --relax --mt 8 --maxdelay -L xil_defaultlib -L simprims_ver -L secureip --snapshot CPU8051_tb_time_impl -transport_int_delays -pulse_r 0 -pulse_int_r 0 -pulse_e 0 -pulse_int_e 0 xil_defaultlib.CPU8051_tb xil_defaultlib.glbl -log elaborate.log 
Using 8 slave threads.
Starting static elaboration
Pass Through NonSizing Optimizer
Completed static elaboration
Starting simulation data flow analysis
Completed simulation data flow analysis
WARNING: [XSIM 43-3918] Unable to determine HDL language type of design hierarchy in SDF. Returning without back annotation.
Time Resolution for simulation is 1ps
Compiling module simprims_ver.OBUF
Compiling module simprims_ver.BUFG
Compiling module simprims_ver.IBUF
Compiling module simprims_ver.LUT6
Compiling module simprims_ver.LUT5
Compiling module simprims_ver.CARRY4
Compiling module simprims_ver.x_lut2_mux4
Compiling module simprims_ver.LUT2
Compiling module simprims_ver.x_lut3_mux8
Compiling module simprims_ver.LUT3
Compiling module simprims_ver.FDCE_default
Compiling module simprims_ver.FDRE_default
Compiling module simprims_ver.LUT4
Compiling module xil_defaultlib.registers
Compiling module simprims_ver.GND
Compiling module simprims_ver.x_lut1_mux2
Compiling module simprims_ver.LUT1
Compiling module simprims_ver.MUXF7
Compiling module xil_defaultlib.sfr
Compiling module xil_defaultlib.decode
Compiling module simprims_ver.FDPE_default
Compiling module simprims_ver.latchsre_ldce
Compiling module simprims_ver.LDCE
Compiling module xil_defaultlib.alu_unit
Compiling module xil_defaultlib.execute
Compiling module xil_defaultlib.dist_mem_gen_0
Compiling module xil_defaultlib.ROM
Compiling module xil_defaultlib.fetch
Compiling module xil_defaultlib.cpu_fsm
Compiling module xil_defaultlib.program_counter
Compiling module simprims_ver.MUXF8
Compiling module xil_defaultlib.RAM
Compiling module xil_defaultlib.CPU8051
Compiling module xil_defaultlib.CPU8051_tb
Compiling module xil_defaultlib.glbl
Built simulation snapshot CPU8051_tb_time_impl
